Archive member included to satisfy reference by file (symbol)

c:/program files (x86)/atollic/truestudio for arm 8.0.0/armtools/bin/../lib/gcc/arm-atollic-eabi/6.3.1/../../../../arm-atollic-eabi/lib/armv7e-m/fpu\libc_nano.a(lib_a-init.o)
                              startup\startup_stm32f334x8.o (__libc_init_array)
c:/program files (x86)/atollic/truestudio for arm 8.0.0/armtools/bin/../lib/gcc/arm-atollic-eabi/6.3.1/../../../../arm-atollic-eabi/lib/armv7e-m/fpu\libc_nano.a(lib_a-itoa.o)
                              Src\flash_memory.o (itoa)
c:/program files (x86)/atollic/truestudio for arm 8.0.0/armtools/bin/../lib/gcc/arm-atollic-eabi/6.3.1/../../../../arm-atollic-eabi/lib/armv7e-m/fpu\libc_nano.a(lib_a-malloc.o)
                              Src\initilize_peripherals.o (malloc)
c:/program files (x86)/atollic/truestudio for arm 8.0.0/armtools/bin/../lib/gcc/arm-atollic-eabi/6.3.1/../../../../arm-atollic-eabi/lib/armv7e-m/fpu\libc_nano.a(lib_a-memcpy-stub.o)
                              Src\flash_memory.o (memcpy)
c:/program files (x86)/atollic/truestudio for arm 8.0.0/armtools/bin/../lib/gcc/arm-atollic-eabi/6.3.1/../../../../arm-atollic-eabi/lib/armv7e-m/fpu\libc_nano.a(lib_a-memset.o)
                              Src\flash_memory.o (memset)
c:/program files (x86)/atollic/truestudio for arm 8.0.0/armtools/bin/../lib/gcc/arm-atollic-eabi/6.3.1/../../../../arm-atollic-eabi/lib/armv7e-m/fpu\libc_nano.a(lib_a-nano-freer.o)
                              c:/program files (x86)/atollic/truestudio for arm 8.0.0/armtools/bin/../lib/gcc/arm-atollic-eabi/6.3.1/../../../../arm-atollic-eabi/lib/armv7e-m/fpu\libc_nano.a(lib_a-malloc.o) (_free_r)
c:/program files (x86)/atollic/truestudio for arm 8.0.0/armtools/bin/../lib/gcc/arm-atollic-eabi/6.3.1/../../../../arm-atollic-eabi/lib/armv7e-m/fpu\libc_nano.a(lib_a-nano-mallocr.o)
                              c:/program files (x86)/atollic/truestudio for arm 8.0.0/armtools/bin/../lib/gcc/arm-atollic-eabi/6.3.1/../../../../arm-atollic-eabi/lib/armv7e-m/fpu\libc_nano.a(lib_a-malloc.o) (_malloc_r)
c:/program files (x86)/atollic/truestudio for arm 8.0.0/armtools/bin/../lib/gcc/arm-atollic-eabi/6.3.1/../../../../arm-atollic-eabi/lib/armv7e-m/fpu\libc_nano.a(lib_a-sbrkr.o)
                              c:/program files (x86)/atollic/truestudio for arm 8.0.0/armtools/bin/../lib/gcc/arm-atollic-eabi/6.3.1/../../../../arm-atollic-eabi/lib/armv7e-m/fpu\libc_nano.a(lib_a-nano-mallocr.o) (_sbrk_r)
c:/program files (x86)/atollic/truestudio for arm 8.0.0/armtools/bin/../lib/gcc/arm-atollic-eabi/6.3.1/../../../../arm-atollic-eabi/lib/armv7e-m/fpu\libc_nano.a(lib_a-sprintf.o)
                              Src\adc_comms.o (sprintf)
c:/program files (x86)/atollic/truestudio for arm 8.0.0/armtools/bin/../lib/gcc/arm-atollic-eabi/6.3.1/../../../../arm-atollic-eabi/lib/armv7e-m/fpu\libc_nano.a(lib_a-strlen.o)
                              Src\flash_memory.o (strlen)
c:/program files (x86)/atollic/truestudio for arm 8.0.0/armtools/bin/../lib/gcc/arm-atollic-eabi/6.3.1/../../../../arm-atollic-eabi/lib/armv7e-m/fpu\libc_nano.a(lib_a-strtok.o)
                              Src\uart_comms.o (strtok)
c:/program files (x86)/atollic/truestudio for arm 8.0.0/armtools/bin/../lib/gcc/arm-atollic-eabi/6.3.1/../../../../arm-atollic-eabi/lib/armv7e-m/fpu\libc_nano.a(lib_a-strtok_r.o)
                              c:/program files (x86)/atollic/truestudio for arm 8.0.0/armtools/bin/../lib/gcc/arm-atollic-eabi/6.3.1/../../../../arm-atollic-eabi/lib/armv7e-m/fpu\libc_nano.a(lib_a-strtok.o) (__strtok_r)
c:/program files (x86)/atollic/truestudio for arm 8.0.0/armtools/bin/../lib/gcc/arm-atollic-eabi/6.3.1/../../../../arm-atollic-eabi/lib/armv7e-m/fpu\libc_nano.a(lib_a-strtol.o)
                              Src\uart_comms.o (strtol)
c:/program files (x86)/atollic/truestudio for arm 8.0.0/armtools/bin/../lib/gcc/arm-atollic-eabi/6.3.1/../../../../arm-atollic-eabi/lib/armv7e-m/fpu\libc_nano.a(lib_a-utoa.o)
                              c:/program files (x86)/atollic/truestudio for arm 8.0.0/armtools/bin/../lib/gcc/arm-atollic-eabi/6.3.1/../../../../arm-atollic-eabi/lib/armv7e-m/fpu\libc_nano.a(lib_a-itoa.o) (__utoa)
c:/program files (x86)/atollic/truestudio for arm 8.0.0/armtools/bin/../lib/gcc/arm-atollic-eabi/6.3.1/../../../../arm-atollic-eabi/lib/armv7e-m/fpu\libc_nano.a(lib_a-impure.o)
                              c:/program files (x86)/atollic/truestudio for arm 8.0.0/armtools/bin/../lib/gcc/arm-atollic-eabi/6.3.1/../../../../arm-atollic-eabi/lib/armv7e-m/fpu\libc_nano.a(lib_a-malloc.o) (_impure_ptr)
c:/program files (x86)/atollic/truestudio for arm 8.0.0/armtools/bin/../lib/gcc/arm-atollic-eabi/6.3.1/../../../../arm-atollic-eabi/lib/armv7e-m/fpu\libc_nano.a(lib_a-locale.o)
[...]
Memory Configuration

Name             Origin             Length             Attributes
RAM              0x20000000         0x00003000         xrw
CCMRAM           0x10000000         0x00001000         rw
FLASH            0x08000000         0x00010000         xr
*default*        0x00000000         0xffffffff

Linker script and memory map

LOAD c:/program files (x86)/atollic/truestudio for arm 8.0.0/armtools/bin/../lib/gcc/arm-atollic-eabi/6.3.1/armv7e-m/fpu/crti.o
LOAD c:/program files (x86)/atollic/truestudio for arm 8.0.0/armtools/bin/../lib/gcc/arm-atollic-eabi/6.3.1/armv7e-m/fpu/crtbegin.o
LOAD Drivers\STM32F3xx_HAL_Driver\Src\stm32f3xx_hal.o
LOAD Drivers\STM32F3xx_HAL_Driver\Src\stm32f3xx_hal_adc.o
LOAD Drivers\STM32F3xx_HAL_Driver\Src\stm32f3xx_hal_adc_ex.o
LOAD Drivers\STM32F3xx_HAL_Driver\Src\stm32f3xx_hal_cortex.o
LOAD Drivers\STM32F3xx_HAL_Driver\Src\stm32f3xx_hal_dma.o
LOAD Drivers\STM32F3xx_HAL_Driver\Src\stm32f3xx_hal_flash.o
LOAD Drivers\STM32F3xx_HAL_Driver\Src\stm32f3xx_hal_flash_ex.o
LOAD Drivers\STM32F3xx_HAL_Driver\Src\stm32f3xx_hal_gpio.o
LOAD Drivers\STM32F3xx_HAL_Driver\Src\stm32f3xx_hal_i2c.o
LOAD Drivers\STM32F3xx_HAL_Driver\Src\stm32f3xx_hal_i2c_ex.o
LOAD Drivers\STM32F3xx_HAL_Driver\Src\stm32f3xx_hal_pwr.o
LOAD Drivers\STM32F3xx_HAL_Driver\Src\stm32f3xx_hal_pwr_ex.o
LOAD Drivers\STM32F3xx_HAL_Driver\Src\stm32f3xx_hal_rcc.o
LOAD Drivers\STM32F3xx_HAL_Driver\Src\stm32f3xx_hal_rcc_ex.o
LOAD Drivers\STM32F3xx_HAL_Driver\Src\stm32f3xx_hal_rtc.o
LOAD Drivers\STM32F3xx_HAL_Driver\Src\stm32f3xx_hal_rtc_ex.o
LOAD Drivers\STM32F3xx_HAL_Driver\Src\stm32f3xx_hal_tim.o
LOAD Drivers\STM32F3xx_HAL_Driver\Src\stm32f3xx_hal_tim_ex.o
LOAD Drivers\STM32F3xx_HAL_Driver\Src\stm32f3xx_hal_uart.o
LOAD Drivers\STM32F3xx_HAL_Driver\Src\stm32f3xx_hal_uart_ex.o
LOAD Src\adc_comms.o
LOAD Src\flash_memory.o
LOAD Src\functions.o
LOAD Src\heating_schedule.o
LOAD Src\init_iqs263.o
LOAD Src\initilize_peripherals.o
LOAD Src\liters_pumped.o
LOAD Src\main.o
LOAD Src\seven_segment.o
LOAD Src\seven_segment_display.o
LOAD Src\stm32f3xx_hal_msp.o
LOAD Src\stm32f3xx_it.o
LOAD Src\system_stm32f3xx.o
LOAD Src\uart_comms.o
LOAD Src\user_main.o
LOAD Src\variables.o
LOAD startup\startup_stm32f334x8.o
                0x00000080                malloc_getpagesize_P = 0x80
START GROUP
LOAD c:/program files (x86)/atollic/truestudio for arm 8.0.0/armtools/bin/../lib/gcc/arm-atollic-eabi/6.3.1/../../../../arm-atollic-eabi/lib/armv7e-m/fpu\libc_nano.a
LOAD c:/program files (x86)/atollic/truestudio for arm 8.0.0/armtools/bin/../lib/gcc/arm-atollic-eabi/6.3.1/../../../../arm-atollic-eabi/lib/armv7e-m/fpu\libm.a
END GROUP
START GROUP
LOAD c:/program files (x86)/atollic/truestudio for arm 8.0.0/armtools/bin/../lib/gcc/arm-atollic-eabi/6.3.1/armv7e-m/fpu\libgcc.a
LOAD c:/program files (x86)/atollic/truestudio for arm 8.0.0/armtools/bin/../lib/gcc/arm-atollic-eabi/6.3.1/../../../../arm-atollic-eabi/lib/armv7e-m/fpu\libc_nano.a
END GROUP
START GROUP
LOAD c:/program files (x86)/atollic/truestudio for arm 8.0.0/armtools/bin/../lib/gcc/arm-atollic-eabi/6.3.1/armv7e-m/fpu\libgcc.a
LOAD c:/program files (x86)/atollic/truestudio for arm 8.0.0/armtools/bin/../lib/gcc/arm-atollic-eabi/6.3.1/../../../../arm-atollic-eabi/lib/armv7e-m/fpu\libc_nano.a
LOAD c:/program files (x86)/atollic/truestudio for arm 8.0.0/armtools/bin/../lib/gcc/arm-atollic-eabi/6.3.1/../../../../arm-atollic-eabi/lib/armv7e-m/fpu\libnosys.a
END GROUP
START GROUP
LOAD c:/program files (x86)/atollic/truestudio for arm 8.0.0/armtools/bin/../lib/gcc/arm-atollic-eabi/6.3.1/armv7e-m/fpu\libgcc.a
LOAD c:/program files (x86)/atollic/truestudio for arm 8.0.0/armtools/bin/../lib/gcc/arm-atollic-eabi/6.3.1/../../../../arm-atollic-eabi/lib/armv7e-m/fpu\libc_nano.a
LOAD c:/program files (x86)/atollic/truestudio for arm 8.0.0/armtools/bin/../lib/gcc/arm-atollic-eabi/6.3.1/../../../../arm-atollic-eabi/lib/armv7e-m/fpu\libnosys.a
END GROUP
LOAD c:/program files (x86)/atollic/truestudio for arm 8.0.0/armtools/bin/../lib/gcc/arm-atollic-eabi/6.3.1/armv7e-m/fpu/crtend.o
LOAD c:/program files (x86)/atollic/truestudio for arm 8.0.0/armtools/bin/../lib/gcc/arm-atollic-eabi/6.3.1/armv7e-m/fpu/crtn.o
                0x20003000                _estack = 0x20003000
                0x00000200                _Min_Heap_Size = 0x200
                0x00000400                _Min_Stack_Size = 0x400

.isr_vector     0x08000000      0x188
                0x08000000                . = ALIGN (0x4)
 *(.isr_vector)
 .isr_vector    0x08000000      0x188 startup\startup_stm32f334x8.o
                0x08000000                g_pfnVectors
                0x08000188                . = ALIGN (0x4)

.text           0x08000190     0x79f0
                0x08000190                . = ALIGN (0x4)
 *(.text)
 .text          0x08000190       0x40 c:/program files (x86)/atollic/truestudio for arm 8.0.0/armtools/bin/../lib/gcc/arm-atollic-eabi/6.3.1/armv7e-m/fpu/crtbegin.o
 .text          0x080001d0       0x10 c:/program files (x86)/atollic/truestudio for arm 8.0.0/armtools/bin/../lib/gcc/arm-atollic-eabi/6.3.1/../../../../arm-atollic-eabi/lib/armv7e-m/fpu\libc_nano.a(lib_a-strlen.o)
                0x080001d0                strlen
 .text          0x080001e0       0xa0 c:/program files (x86)/atollic/truestudio for arm 8.0.0/armtools/bin/../lib/gcc/arm-atollic-eabi/6.3.1/../../../../arm-atollic-eabi/lib/armv7e-m/fpu\libc_nano.a(lib_a-memchr.o)
                0x080001e0                memchr
 .text          0x08000280      0x370 c:/program files (x86)/atollic/truestudio for arm 8.0.0/armtools/bin/../lib/gcc/arm-atollic-eabi/6.3.1/armv7e-m/fpu\libgcc.a(_arm_addsubdf3.o)
                0x08000280                __aeabi_drsub
                0x08000288                __aeabi_dsub
                0x08000288                __subdf3
                0x0800028c                __aeabi_dadd
                0x0800028c                __adddf3
                0x08000504                __floatunsidf
                0x08000504                __aeabi_ui2d
                0x08000524                __floatsidf
                0x08000524                __aeabi_i2d
                0x08000548                __aeabi_f2d
                0x08000548                __extendsfdf2
                0x08000584                __floatundidf
                0x08000584                __aeabi_ul2d
                0x08000594                __floatdidf
                0x08000594                __aeabi_l2d
 .text          0x080005f0      0x424 c:/program files (x86)/atollic/truestudio for arm 8.0.0/armtools/bin/../lib/gcc/arm-atollic-eabi/6.3.1/armv7e-m/fpu\libgcc.a(_arm_muldivdf3.o)
                0x080005f0                __aeabi_dmul
                0x080005f0                __muldf3
                0x08000844                __divdf3
                0x08000844                __aeabi_ddiv
 .text          0x08000a14      0x110 c:/program files (x86)/atollic/truestudio for arm 8.0.0/armtools/bin/../lib/gcc/arm-atollic-eabi/6.3.1/armv7e-m/fpu\libgcc.a(_arm_cmpdf2.o)
                0x08000a14                __gtdf2
                0x08000a14                __gedf2
                0x08000a1c                __ltdf2
                0x08000a1c                __ledf2
                0x08000a24                __nedf2
                0x08000a24                __eqdf2
                0x08000a24                __cmpdf2
                0x08000aa0                __aeabi_cdrcmple
                0x08000ab0                __aeabi_cdcmpeq
                0x08000ab0                __aeabi_cdcmple
                0x08000ac0                __aeabi_dcmpeq
                0x08000ad4                __aeabi_dcmplt
                0x08000ae8                __aeabi_dcmple
                0x08000afc                __aeabi_dcmpge
                0x08000b10                __aeabi_dcmpgt
 .text          0x08000b24       0x2c c:/program files (x86)/atollic/truestudio for arm 8.0.0/armtools/bin/../lib/gcc/arm-atollic-eabi/6.3.1/armv7e-m/fpu\libgcc.a(_arm_unorddf2.o)
                0x08000b24                __unorddf2
                0x08000b24                __aeabi_dcmpun
 .text          0x08000b50       0x40 c:/program files (x86)/atollic/truestudio for arm 8.0.0/armtools/bin/../lib/gcc/arm-atollic-eabi/6.3.1/armv7e-m/fpu\libgcc.a(_arm_fixunsdfsi.o)
                0x08000b50                __aeabi_d2uiz
                0x08000b50                __fixunsdfsi
 .text          0x08000b90      0x21c c:/program files (x86)/atollic/truestudio for arm 8.0.0/armtools/bin/../lib/gcc/arm-atollic-eabi/6.3.1/armv7e-m/fpu\libgcc.a(_arm_addsubsf3.o)
                0x08000b90                __aeabi_frsub
                0x08000b98                __subsf3
                0x08000b98                __aeabi_fsub
                0x08000b9c                __aeabi_fadd
                0x08000b9c                __addsf3
                0x08000cfc                __aeabi_ui2f
                0x08000cfc                __floatunsisf
                0x08000d04                __aeabi_i2f
                0x08000d04                __floatsisf
                0x08000d20                __aeabi_ul2f
                0x08000d20                __floatundisf
                0x08000d30                __aeabi_l2f
                0x08000d30                __floatdisf
 .text          0x08000dac       0x4c c:/program files (x86)/atollic/truestudio for arm 8.0.0/armtools/bin/../lib/gcc/arm-atollic-eabi/6.3.1/armv7e-m/fpu\libgcc.a(_fixunssfdi.o)
                0x08000dac                __fixunssfdi
                0x08000dac                __aeabi_f2ulz
 *(.text*)
 .text.HAL_InitTick
                0x08000df8       0x2c Drivers\STM32F3xx_HAL_Driver\Src\stm32f3xx_hal.o
                0x08000df8                HAL_InitTick
 .text.HAL_Init
                0x08000e24       0x24 Drivers\STM32F3xx_HAL_Driver\Src\stm32f3xx_hal.o
                0x08000e24                HAL_Init
 .text.HAL_IncTick
                0x08000e48       0x10 Drivers\STM32F3xx_HAL_Driver\Src\stm32f3xx_hal.o
                0x08000e48                HAL_IncTick
 .text.HAL_GetTick
                0x08000e58        0xc Drivers\STM32F3xx_HAL_Driver\Src\stm32f3xx_hal.o
                0x08000e58                HAL_GetTick
 .text.HAL_Delay
                0x08000e64       0x24 Drivers\STM32F3xx_HAL_Driver\Src\stm32f3xx_hal.o
                0x08000e64                HAL_Delay
 .text.HAL_ADC_ConvHalfCpltCallback
                0x08000e88        0x4 Drivers\STM32F3xx_HAL_Driver\Src\stm32f3xx_hal_adc.o
                0x08000e88                HAL_ADC_ConvHalfCpltCallback
 .text.HAL_ADC_ErrorCallback
                0x08000e8c        0x4 Drivers\STM32F3xx_HAL_Driver\Src\stm32f3xx_hal_adc.o
                0x08000e8c                HAL_ADC_ErrorCallback
 .text.ADC_Disable
                0x08000e90       0x74 Drivers\STM32F3xx_HAL_Driver\Src\stm32f3xx_hal_adc_ex.o
 .text.ADC_Enable
                0x08000f04       0x74 Drivers\STM32F3xx_HAL_Driver\Src\stm32f3xx_hal_adc_ex.o
 .text.ADC_DMAError
                0x08000f78       0x18 Drivers\STM32F3xx_HAL_Driver\Src\stm32f3xx_hal_adc_ex.o
 .text.ADC_DMAHalfConvCplt
                0x08000f90        0x8 Drivers\STM32F3xx_HAL_Driver\Src\stm32f3xx_hal_adc_ex.o
 .text.ADC_DMAConvCplt
                0x08000f98       0x44 Drivers\STM32F3xx_HAL_Driver\Src\stm32f3xx_hal_adc_ex.o
 .text.HAL_ADC_Init
                0x08000fdc      0x214 Drivers\STM32F3xx_HAL_Driver\Src\stm32f3xx_hal_adc_ex.o
                0x08000fdc                HAL_ADC_Init
 .text.HAL_ADC_Start_DMA
                0x080011f0      0x10c Drivers\STM32F3xx_HAL_Driver\Src\stm32f3xx_hal_adc_ex.o
                0x080011f0                HAL_ADC_Start_DMA
 .text.HAL_ADCEx_Calibration_Start
                0x080012fc       0x8c Drivers\STM32F3xx_HAL_Driver\Src\stm32f3xx_hal_adc_ex.o
                0x080012fc                HAL_ADCEx_Calibration_Start
 .text.HAL_ADC_ConfigChannel
                0x08001388      0x32c Drivers\STM32F3xx_HAL_Driver\Src\stm32f3xx_hal_adc_ex.o
                0x08001388                HAL_ADC_ConfigChannel
 .text.HAL_NVIC_SetPriorityGrouping
                0x080016b4       0x24 Drivers\STM32F3xx_HAL_Driver\Src\stm32f3xx_hal_cortex.o
                0x080016b4                HAL_NVIC_SetPriorityGrouping
 .text.HAL_NVIC_SetPriority
                0x080016d8       0x6c Drivers\STM32F3xx_HAL_Driver\Src\stm32f3xx_hal_cortex.o
                0x080016d8                HAL_NVIC_SetPriority
 .text.HAL_NVIC_EnableIRQ
                0x08001744       0x18 Drivers\STM32F3xx_HAL_Driver\Src\stm32f3xx_hal_cortex.o
                0x08001744                HAL_NVIC_EnableIRQ
 .text.HAL_SYSTICK_Config
                0x0800175c       0x34 Drivers\STM32F3xx_HAL_Driver\Src\stm32f3xx_hal_cortex.o
                0x0800175c                HAL_SYSTICK_Config
 .text.HAL_SYSTICK_CLKSourceConfig
                0x08001790       0x18 Drivers\STM32F3xx_HAL_Driver\Src\stm32f3xx_hal_cortex.o
                0x08001790                HAL_SYSTICK_CLKSourceConfig
 .text.HAL_SYSTICK_Callback
                0x080017a8        0x4 Drivers\STM32F3xx_HAL_Driver\Src\stm32f3xx_hal_cortex.o
                0x080017a8                HAL_SYSTICK_Callback
 .text.HAL_SYSTICK_IRQHandler
                0x080017ac        0x8 Drivers\STM32F3xx_HAL_Driver\Src\stm32f3xx_hal_cortex.o
                0x080017ac                HAL_SYSTICK_IRQHandler
 .text.HAL_DMA_Init
                0x080017b4       0x70 Drivers\STM32F3xx_HAL_Driver\Src\stm32f3xx_hal_dma.o
                0x080017b4                HAL_DMA_Init
 .text.HAL_DMA_Start_IT
                0x08001824       0x84 Drivers\STM32F3xx_HAL_Driver\Src\stm32f3xx_hal_dma.o
                0x08001824                HAL_DMA_Start_IT
 .text.HAL_DMA_Abort_IT
                0x080018a8       0x48 Drivers\STM32F3xx_HAL_Driver\Src\stm32f3xx_hal_dma.o
                0x080018a8                HAL_DMA_Abort_IT
 .text.HAL_DMA_IRQHandler
                0x080018f0       0x98 Drivers\STM32F3xx_HAL_Driver\Src\stm32f3xx_hal_dma.o
                0x080018f0                HAL_DMA_IRQHandler
 .text.FLASH_SetErrorCode
                0x08001988       0x3c Drivers\STM32F3xx_HAL_Driver\Src\stm32f3xx_hal_flash.o
 .text.HAL_FLASH_Unlock
                0x080019c4       0x24 Drivers\STM32F3xx_HAL_Driver\Src\stm32f3xx_hal_flash.o
                0x080019c4                HAL_FLASH_Unlock
 .text.HAL_FLASH_Lock
                0x080019e8       0x14 Drivers\STM32F3xx_HAL_Driver\Src\stm32f3xx_hal_flash.o
                0x080019e8                HAL_FLASH_Lock
 .text.FLASH_WaitForLastOperation
                0x080019fc       0x50 Drivers\STM32F3xx_HAL_Driver\Src\stm32f3xx_hal_flash.o
                0x080019fc                FLASH_WaitForLastOperation
 .text.HAL_FLASH_Program
                0x08001a4c       0xa8 Drivers\STM32F3xx_HAL_Driver\Src\stm32f3xx_hal_flash.o
                0x08001a4c                HAL_FLASH_Program
 .text.HAL_FLASHEx_Erase
                0x08001af4       0xc8 Drivers\STM32F3xx_HAL_Driver\Src\stm32f3xx_hal_flash_ex.o
                0x08001af4                HAL_FLASHEx_Erase
 .text.HAL_GPIO_Init
                0x08001bbc      0x1d4 Drivers\STM32F3xx_HAL_Driver\Src\stm32f3xx_hal_gpio.o
                0x08001bbc                HAL_GPIO_Init
 .text.HAL_GPIO_ReadPin
                0x08001d90        0xc Drivers\STM32F3xx_HAL_Driver\Src\stm32f3xx_hal_gpio.o
                0x08001d90                HAL_GPIO_ReadPin
 .text.HAL_GPIO_WritePin
                0x08001d9c        0xc Drivers\STM32F3xx_HAL_Driver\Src\stm32f3xx_hal_gpio.o
                0x08001d9c                HAL_GPIO_WritePin
 .text.HAL_GPIO_EXTI_IRQHandler
                0x08001da8       0x18 Drivers\STM32F3xx_HAL_Driver\Src\stm32f3xx_hal_gpio.o
                0x08001da8                HAL_GPIO_EXTI_IRQHandler
 .text.I2C_Disable_IRQ
                0x08001dc0       0x5c Drivers\STM32F3xx_HAL_Driver\Src\stm32f3xx_hal_i2c.o
 .text.I2C_WaitOnFlagUntilTimeout
                0x08001e1c       0x50 Drivers\STM32F3xx_HAL_Driver\Src\stm32f3xx_hal_i2c.o
 .text.I2C_IsAcknowledgeFailed.part.0
                0x08001e6c       0x7c Drivers\STM32F3xx_HAL_Driver\Src\stm32f3xx_hal_i2c.o
 .text.I2C_WaitOnTXISFlagUntilTimeout
                0x08001ee8       0x58 Drivers\STM32F3xx_HAL_Driver\Src\stm32f3xx_hal_i2c.o
 .text.I2C_RequestMemoryWrite
                0x08001f40       0x80 Drivers\STM32F3xx_HAL_Driver\Src\stm32f3xx_hal_i2c.o
 .text.I2C_RequestMemoryRead
                0x08001fc0       0x7c Drivers\STM32F3xx_HAL_Driver\Src\stm32f3xx_hal_i2c.o
 .text.I2C_WaitOnSTOPFlagUntilTimeout
                0x0800203c       0x54 Drivers\STM32F3xx_HAL_Driver\Src\stm32f3xx_hal_i2c.o
 .text.HAL_I2C_Init
                0x08002090       0xac Drivers\STM32F3xx_HAL_Driver\Src\stm32f3xx_hal_i2c.o
                0x08002090                HAL_I2C_Init
 .text.HAL_I2C_Mem_Write
                0x0800213c      0x1c4 Drivers\STM32F3xx_HAL_Driver\Src\stm32f3xx_hal_i2c.o
                0x0800213c                HAL_I2C_Mem_Write
 .text.HAL_I2C_Mem_Read
                0x08002300      0x1cc Drivers\STM32F3xx_HAL_Driver\Src\stm32f3xx_hal_i2c.o
                0x08002300                HAL_I2C_Mem_Read
 .text.HAL_I2C_Master_Sequential_Transmit_IT
                0x080024cc       0x9c Drivers\STM32F3xx_HAL_Driver\Src\stm32f3xx_hal_i2c.o
                0x080024cc                HAL_I2C_Master_Sequential_Transmit_IT
 .text.HAL_I2C_Master_Sequential_Receive_IT
                0x08002568       0x9c Drivers\STM32F3xx_HAL_Driver\Src\stm32f3xx_hal_i2c.o
                0x08002568                HAL_I2C_Master_Sequential_Receive_IT
 .text.HAL_I2C_EV_IRQHandler
                0x08002604       0x1c Drivers\STM32F3xx_HAL_Driver\Src\stm32f3xx_hal_i2c.o
                0x08002604                HAL_I2C_EV_IRQHandler
 .text.HAL_I2C_MasterTxCpltCallback
                0x08002620        0x4 Drivers\STM32F3xx_HAL_Driver\Src\stm32f3xx_hal_i2c.o
                0x08002620                HAL_I2C_MasterTxCpltCallback
 .text.I2C_ITMasterSequentialCplt
                0x08002624       0x50 Drivers\STM32F3xx_HAL_Driver\Src\stm32f3xx_hal_i2c.o
 .text.HAL_I2C_SlaveTxCpltCallback
                0x08002674        0x4 Drivers\STM32F3xx_HAL_Driver\Src\stm32f3xx_hal_i2c.o
                0x08002674                HAL_I2C_SlaveTxCpltCallback
 .text.HAL_I2C_SlaveRxCpltCallback
                0x08002678        0x4 Drivers\STM32F3xx_HAL_Driver\Src\stm32f3xx_hal_i2c.o
                0x08002678                HAL_I2C_SlaveRxCpltCallback
 .text.I2C_ITSlaveSequentialCplt
                0x0800267c       0x54 Drivers\STM32F3xx_HAL_Driver\Src\stm32f3xx_hal_i2c.o
 .text.HAL_I2C_AddrCallback
                0x080026d0        0x4 Drivers\STM32F3xx_HAL_Driver\Src\stm32f3xx_hal_i2c.o
                0x080026d0                HAL_I2C_AddrCallback
 .text.HAL_I2C_ListenCpltCallback
                0x080026d4        0x4 Drivers\STM32F3xx_HAL_Driver\Src\stm32f3xx_hal_i2c.o
                0x080026d4                HAL_I2C_ListenCpltCallback
 .text.I2C_ITListenCplt
                0x080026d8       0x60 Drivers\STM32F3xx_HAL_Driver\Src\stm32f3xx_hal_i2c.o
 .text.HAL_I2C_ErrorCallback
                0x08002738        0x4 Drivers\STM32F3xx_HAL_Driver\Src\stm32f3xx_hal_i2c.o
                0x08002738                HAL_I2C_ErrorCallback
 .text.HAL_I2C_AbortCpltCallback
                0x0800273c        0x4 Drivers\STM32F3xx_HAL_Driver\Src\stm32f3xx_hal_i2c.o
                0x0800273c                HAL_I2C_AbortCpltCallback
 .text.I2C_ITError
                0x08002740       0xf8 Drivers\STM32F3xx_HAL_Driver\Src\stm32f3xx_hal_i2c.o
 .text.I2C_ITSlaveCplt
                0x08002838      0x10c Drivers\STM32F3xx_HAL_Driver\Src\stm32f3xx_hal_i2c.o
 .text.I2C_Slave_ISR_IT
                0x08002944      0x1d8 Drivers\STM32F3xx_HAL_Driver\Src\stm32f3xx_hal_i2c.o
 .text.I2C_ITMasterCplt
                0x08002b1c       0xc8 Drivers\STM32F3xx_HAL_Driver\Src\stm32f3xx_hal_i2c.o
 .text.I2C_Master_ISR_IT
                0x08002be4      0x164 Drivers\STM32F3xx_HAL_Driver\Src\stm32f3xx_hal_i2c.o
 .text.HAL_I2C_ER_IRQHandler
                0x08002d48       0x80 Drivers\STM32F3xx_HAL_Driver\Src\stm32f3xx_hal_i2c.o
                0x08002d48                HAL_I2C_ER_IRQHandler
 .text.I2C_DMAAbort
                0x08002dc8       0x34 Drivers\STM32F3xx_HAL_Driver\Src\stm32f3xx_hal_i2c.o
 .text.HAL_I2C_GetState
                0x08002dfc        0x8 Drivers\STM32F3xx_HAL_Driver\Src\stm32f3xx_hal_i2c.o
                0x08002dfc                HAL_I2C_GetState
 .text.HAL_I2CEx_ConfigAnalogFilter
                0x08002e04       0x54 Drivers\STM32F3xx_HAL_Driver\Src\stm32f3xx_hal_i2c_ex.o
                0x08002e04                HAL_I2CEx_ConfigAnalogFilter
 .text.HAL_I2CEx_ConfigDigitalFilter
                0x08002e58       0x50 Drivers\STM32F3xx_HAL_Driver\Src\stm32f3xx_hal_i2c_ex.o
                0x08002e58                HAL_I2CEx_ConfigDigitalFilter
 .text.HAL_PWR_EnableBkUpAccess
                0x08002ea8       0x10 Drivers\STM32F3xx_HAL_Driver\Src\stm32f3xx_hal_pwr.o
                0x08002ea8                HAL_PWR_EnableBkUpAccess
 .text.HAL_RCC_OscConfig
                0x08002eb8      0x59c Drivers\STM32F3xx_HAL_Driver\Src\stm32f3xx_hal_rcc.o
                0x08002eb8                HAL_RCC_OscConfig
 .text.HAL_RCC_GetSysClockFreq
                0x08003454       0x68 Drivers\STM32F3xx_HAL_Driver\Src\stm32f3xx_hal_rcc.o
                0x08003454                HAL_RCC_GetSysClockFreq
 .text.HAL_RCC_ClockConfig
                0x080034bc      0x190 Drivers\STM32F3xx_HAL_Driver\Src\stm32f3xx_hal_rcc.o
                0x080034bc                HAL_RCC_ClockConfig
 .text.HAL_RCC_GetHCLKFreq
                0x0800364c        0xc Drivers\STM32F3xx_HAL_Driver\Src\stm32f3xx_hal_rcc.o
                0x0800364c                HAL_RCC_GetHCLKFreq
 .text.HAL_RCC_GetPCLK1Freq
                0x08003658       0x30 Drivers\STM32F3xx_HAL_Driver\Src\stm32f3xx_hal_rcc.o
                0x08003658                HAL_RCC_GetPCLK1Freq
 .text.HAL_RCC_GetPCLK2Freq
                0x08003688       0x30 Drivers\STM32F3xx_HAL_Driver\Src\stm32f3xx_hal_rcc.o
                0x08003688                HAL_RCC_GetPCLK2Freq
 .text.HAL_RCCEx_PeriphCLKConfig
                0x080036b8      0x184 Drivers\STM32F3xx_HAL_Driver\Src\stm32f3xx_hal_rcc_ex.o
                0x080036b8                HAL_RCCEx_PeriphCLKConfig
 .text.HAL_RTC_GetTime
                0x0800383c       0x6c Drivers\STM32F3xx_HAL_Driver\Src\stm32f3xx_hal_rtc.o
                0x0800383c                HAL_RTC_GetTime
 .text.HAL_RTC_GetDate
                0x080038a8       0x60 Drivers\STM32F3xx_HAL_Driver\Src\stm32f3xx_hal_rtc.o
                0x080038a8                HAL_RTC_GetDate
 .text.HAL_RTC_WaitForSynchro
                0x08003908       0x34 Drivers\STM32F3xx_HAL_Driver\Src\stm32f3xx_hal_rtc.o
                0x08003908                HAL_RTC_WaitForSynchro
 .text.RTC_EnterInitMode
                0x0800393c       0x34 Drivers\STM32F3xx_HAL_Driver\Src\stm32f3xx_hal_rtc.o
                0x0800393c                RTC_EnterInitMode
 .text.HAL_RTC_Init
                0x08003970       0xb0 Drivers\STM32F3xx_HAL_Driver\Src\stm32f3xx_hal_rtc.o
                0x08003970                HAL_RTC_Init
 .text.HAL_RTC_SetTime
                0x08003a20      0x140 Drivers\STM32F3xx_HAL_Driver\Src\stm32f3xx_hal_rtc.o
                0x08003a20                HAL_RTC_SetTime
 .text.HAL_RTC_SetDate
                0x08003b60      0x11c Drivers\STM32F3xx_HAL_Driver\Src\stm32f3xx_hal_rtc.o
                0x08003b60                HAL_RTC_SetDate
 .text.HAL_RTCEx_SetWakeUpTimer_IT
                0x08003c7c       0xec Drivers\STM32F3xx_HAL_Driver\Src\stm32f3xx_hal_rtc_ex.o
                0x08003c7c                HAL_RTCEx_SetWakeUpTimer_IT
 .text.HAL_RTCEx_WakeUpTimerIRQHandler
                0x08003d68       0x30 Drivers\STM32F3xx_HAL_Driver\Src\stm32f3xx_hal_rtc_ex.o
                0x08003d68                HAL_RTCEx_WakeUpTimerIRQHandler
 .text.HAL_RTCEx_BKUPWrite
                0x08003d98        0xc Drivers\STM32F3xx_HAL_Driver\Src\stm32f3xx_hal_rtc_ex.o
                0x08003d98                HAL_RTCEx_BKUPWrite
 .text.HAL_RTCEx_BKUPRead
                0x08003da4        0xc Drivers\STM32F3xx_HAL_Driver\Src\stm32f3xx_hal_rtc_ex.o
                0x08003da4                HAL_RTCEx_BKUPRead
 .text.HAL_UART_Transmit_IT
                0x08003db0       0x48 Drivers\STM32F3xx_HAL_Driver\Src\stm32f3xx_hal_uart.o
                0x08003db0                HAL_UART_Transmit_IT
 .text.HAL_UART_Receive_IT
                0x08003df8       0x94 Drivers\STM32F3xx_HAL_Driver\Src\stm32f3xx_hal_uart.o
                0x08003df8                HAL_UART_Receive_IT
 .text.HAL_UART_TxCpltCallback
                0x08003e8c        0x4 Drivers\STM32F3xx_HAL_Driver\Src\stm32f3xx_hal_uart.o
                0x08003e8c                HAL_UART_TxCpltCallback
 .text.HAL_UART_ErrorCallback
                0x08003e90        0x4 Drivers\STM32F3xx_HAL_Driver\Src\stm32f3xx_hal_uart.o
                0x08003e90                HAL_UART_ErrorCallback
 .text.UART_DMAAbortOnError
                0x08003e94       0x18 Drivers\STM32F3xx_HAL_Driver\Src\stm32f3xx_hal_uart.o
 .text.UART_SetConfig
                0x08003eac      0x1ac Drivers\STM32F3xx_HAL_Driver\Src\stm32f3xx_hal_uart.o
                0x08003eac                UART_SetConfig
 .text.UART_AdvFeatureConfig
                0x08004058       0xb0 Drivers\STM32F3xx_HAL_Driver\Src\stm32f3xx_hal_uart.o
                0x08004058                UART_AdvFeatureConfig
 .text.UART_WaitOnFlagUntilTimeout
                0x08004108       0x68 Drivers\STM32F3xx_HAL_Driver\Src\stm32f3xx_hal_uart.o
                0x08004108                UART_WaitOnFlagUntilTimeout
 .text.UART_CheckIdleState
                0x08004170       0x70 Drivers\STM32F3xx_HAL_Driver\Src\stm32f3xx_hal_uart.o
                0x08004170                UART_CheckIdleState
 .text.HAL_UART_Init
                0x080041e0       0x6c Drivers\STM32F3xx_HAL_Driver\Src\stm32f3xx_hal_uart.o
                0x080041e0                HAL_UART_Init
 .text.UART_Transmit_IT
                0x0800424c       0x68 Drivers\STM32F3xx_HAL_Driver\Src\stm32f3xx_hal_uart.o
                0x0800424c                UART_Transmit_IT
 .text.UART_Receive_IT
                0x080042b4       0x78 Drivers\STM32F3xx_HAL_Driver\Src\stm32f3xx_hal_uart.o
                0x080042b4                UART_Receive_IT
 .text.HAL_UART_IRQHandler
                0x0800432c      0x160 Drivers\STM32F3xx_HAL_Driver\Src\stm32f3xx_hal_uart.o
                0x0800432c                HAL_UART_IRQHandler
 .text.HAL_UARTEx_WakeupCallback
                0x0800448c        0x4 Drivers\STM32F3xx_HAL_Driver\Src\stm32f3xx_hal_uart_ex.o
                0x0800448c                HAL_UARTEx_WakeupCallback
 .text.adc_comms
                0x08004490      0x244 Src\adc_comms.o
                0x08004490                adc_comms
 .text.write2Flash
                0x080046d4      0x458 Src\flash_memory.o
                0x080046d4                write2Flash
 .text.logPosition
                0x08004b2c       0x38 Src\flash_memory.o
                0x08004b2c                logPosition
 .text.HAL_UART_RxCpltCallback
                0x08004b64       0x20 Src\functions.o
                0x08004b64                HAL_UART_RxCpltCallback
 .text.HAL_ADC_ConvCpltCallback
                0x08004b84        0x2 Src\functions.o
                0x08004b84                HAL_ADC_ConvCpltCallback
 *fill*         0x08004b86        0x2 
 .text.HAL_RTCEx_WakeUpTimerEventCallback
                0x08004b88        0xc Src\functions.o
                0x08004b88                HAL_RTCEx_WakeUpTimerEventCallback
 .text.HAL_I2C_MemTxCpltCallback
                0x08004b94        0xc Src\functions.o
                0x08004b94                HAL_I2C_MemTxCpltCallback
 .text.HAL_I2C_MemRxCpltCallback
                0x08004ba0        0xc Src\functions.o
                0x08004ba0                HAL_I2C_MemRxCpltCallback
 .text.HAL_I2C_MasterRxCpltCallback
                0x08004bac        0xc Src\functions.o
                0x08004bac                HAL_I2C_MasterRxCpltCallback
 .text.HAL_GPIO_EXTI_Callback
                0x08004bb8       0x14 Src\functions.o
                0x08004bb8                HAL_GPIO_EXTI_Callback
 .text.heating_control
                0x08004bcc       0x8c Src\heating_schedule.o
                0x08004bcc                heating_control
 .text.heating_scheduling
                0x08004c58      0x1ac Src\heating_schedule.o
                0x08004c58                heating_scheduling
 .text.init_iqs263
                0x08004e04      0x388 Src\init_iqs263.o
                0x08004e04                init_iqs263
 .text.handleEvents
                0x0800518c       0xb4 Src\init_iqs263.o
                0x0800518c                handleEvents
 .text.init_peripherals
                0x08005240      0x30c Src\initilize_peripherals.o
                0x08005240                init_peripherals
 .text.liters_pumped
                0x0800554c       0x40 Src\liters_pumped.o
                0x0800554c                liters_pumped
 .text.MX_GPIO_Init
                0x0800558c      0x174 Src\main.o
 .text.MX_DMA_Init
                0x08005700       0x34 Src\main.o
 .text._Error_Handler
                0x08005734        0x2 Src\main.o
                0x08005734                _Error_Handler
 *fill*         0x08005736        0x2 
 .text.MX_USART1_UART_Init
                0x08005738       0x40 Src\main.o
 .text.MX_ADC2_Init
                0x08005778       0xc8 Src\main.o
 .text.MX_RTC_Init
                0x08005840       0xc4 Src\main.o
 .text.MX_I2C1_Init
                0x08005904       0x68 Src\main.o
 .text.SystemClock_Config
                0x0800596c       0xc0 Src\main.o
                0x0800596c                SystemClock_Config
 .text.main     0x08005a2c       0xc4 Src\main.o
                0x08005a2c                main
 .text.seven_segment
                0x08005af0       0xf8 Src\seven_segment.o
                0x08005af0                seven_segment
 .text.seven_segment_display
                0x08005be8      0x3e0 Src\seven_segment_display.o
                0x08005be8                seven_segment_display
 .text.HAL_MspInit
                0x08005fc8       0x7c Src\stm32f3xx_hal_msp.o
                0x08005fc8                HAL_MspInit
 .text.HAL_ADC_MspInit
                0x08006044       0xa4 Src\stm32f3xx_hal_msp.o
                0x08006044                HAL_ADC_MspInit
 .text.HAL_I2C_MspInit
                0x080060e8       0x74 Src\stm32f3xx_hal_msp.o
                0x080060e8                HAL_I2C_MspInit
 .text.HAL_RTC_MspInit
                0x0800615c       0x40 Src\stm32f3xx_hal_msp.o
                0x0800615c                HAL_RTC_MspInit
 .text.HAL_UART_MspInit
                0x0800619c       0x5c Src\stm32f3xx_hal_msp.o
                0x0800619c                HAL_UART_MspInit
 .text.SVC_Handler
                0x080061f8        0x4 Src\stm32f3xx_it.o
                0x080061f8                SVC_Handler
 .text.PendSV_Handler
                0x080061fc        0x4 Src\stm32f3xx_it.o
                0x080061fc                PendSV_Handler
 .text.SysTick_Handler
                0x08006200       0x48 Src\stm32f3xx_it.o
                0x08006200                SysTick_Handler
 .text.RTC_WKUP_IRQHandler
                0x08006248        0xc Src\stm32f3xx_it.o
                0x08006248                RTC_WKUP_IRQHandler
 .text.EXTI0_IRQHandler
                0x08006254       0x14 Src\stm32f3xx_it.o
                0x08006254                EXTI0_IRQHandler
 .text.DMA1_Channel2_IRQHandler
                0x08006268        0xc Src\stm32f3xx_it.o
                0x08006268                DMA1_Channel2_IRQHandler
 .text.EXTI9_5_IRQHandler
                0x08006274       0x14 Src\stm32f3xx_it.o
                0x08006274                EXTI9_5_IRQHandler
 .text.I2C1_EV_IRQHandler
                0x08006288        0xc Src\stm32f3xx_it.o
                0x08006288                I2C1_EV_IRQHandler
 .text.I2C1_ER_IRQHandler
                0x08006294        0xc Src\stm32f3xx_it.o
                0x08006294                I2C1_ER_IRQHandler
 .text.USART1_IRQHandler
                0x080062a0        0xc Src\stm32f3xx_it.o
                0x080062a0                USART1_IRQHandler
 .text.SystemInit
                0x080062ac       0x70 Src\system_stm32f3xx.o
                0x080062ac                SystemInit
 .text.uart_comms
                0x0800631c      0x93c Src\uart_comms.o
                0x0800631c                uart_comms
 .text.mainLoop
                0x08006c58      0x110 Src\user_main.o
                0x08006c58                mainLoop
 .text.Reset_Handler
                0x08006d68       0x50 startup\startup_stm32f334x8.o
                0x08006d68                Reset_Handler
 .text.Default_Handler
                0x08006db8        0x2 startup\startup_stm32f334x8.o
                0x08006db8                RTC_Alarm_IRQHandler
                0x08006db8                HRTIM1_Master_IRQHandler
                0x08006db8                DebugMon_Handler
                0x08006db8                TIM1_CC_IRQHandler
                0x08006db8                HardFault_Handler
                0x08006db8                HRTIM1_FLT_IRQHandler
                0x08006db8                PVD_IRQHandler
                0x08006db8                HRTIM1_TIMD_IRQHandler
                0x08006db8                TAMP_STAMP_IRQHandler
                0x08006db8                NMI_Handler
                0x08006db8                EXTI3_IRQHandler
                0x08006db8                FPU_IRQHandler
                0x08006db8                CAN_TX_IRQHandler
                0x08006db8                TIM1_UP_TIM16_IRQHandler
                0x08006db8                UsageFault_Handler
                0x08006db8                ADC1_2_IRQHandler
                0x08006db8                HRTIM1_TIME_IRQHandler
                0x08006db8                SPI1_IRQHandler
                0x08006db8                CAN_SCE_IRQHandler
                0x08006db8                HRTIM1_TIMC_IRQHandler
                0x08006db8                DMA1_Channel4_IRQHandler
                0x08006db8                USART3_IRQHandler
                0x08006db8                DMA1_Channel7_IRQHandler
                0x08006db8                TIM7_DAC2_IRQHandler
                0x08006db8                CAN_RX1_IRQHandler
                0x08006db8                DMA1_Channel6_IRQHandler
                0x08006db8                TIM3_IRQHandler
                0x08006db8                RCC_IRQHandler
                0x08006db8                DMA1_Channel1_IRQHandler
                0x08006db8                Default_Handler
                0x08006db8                EXTI15_10_IRQHandler
                0x08006db8                COMP2_IRQHandler
                0x08006db8                HRTIM1_TIMA_IRQHandler
                0x08006db8                TIM6_DAC1_IRQHandler
                0x08006db8                MemManage_Handler
                0x08006db8                DMA1_Channel5_IRQHandler
                0x08006db8                EXTI4_IRQHandler
                0x08006db8                HRTIM1_TIMB_IRQHandler
                0x08006db8                TIM1_TRG_COM_TIM17_IRQHandler
                0x08006db8                DMA1_Channel3_IRQHandler
                0x08006db8                WWDG_IRQHandler
                0x08006db8                TIM2_IRQHandler
                0x08006db8                EXTI1_IRQHandler
                0x08006db8                COMP4_6_IRQHandler
                0x08006db8                USART2_IRQHandler
                0x08006db8                FLASH_IRQHandler
                0x08006db8                BusFault_Handler
                0x08006db8                CAN_RX0_IRQHandler
                0x08006db8                EXTI2_TSC_IRQHandler
                0x08006db8                TIM1_BRK_TIM15_IRQHandler
 *fill*         0x08006dba        0x2 
 .text.__libc_init_array
                0x08006dbc       0x48 c:/program files (x86)/atollic/truestudio for arm 8.0.0/armtools/bin/../lib/gcc/arm-atollic-eabi/6.3.1/../../../../arm-atollic-eabi/lib/armv7e-m/fpu\libc_nano.a(lib_a-init.o)
                0x08006dbc                __libc_init_array
 .text.__itoa   0x08006e04       0x30 c:/program files (x86)/atollic/truestudio for arm 8.0.0/armtools/bin/../lib/gcc/arm-atollic-eabi/6.3.1/../../../../arm-atollic-eabi/lib/armv7e-m/fpu\libc_nano.a(lib_a-itoa.o)
                0x08006e04                __itoa
 .text.itoa     0x08006e34        0x4 c:/program files (x86)/atollic/truestudio for arm 8.0.0/armtools/bin/../lib/gcc/arm-atollic-eabi/6.3.1/../../../../arm-atollic-eabi/lib/armv7e-m/fpu\libc_nano.a(lib_a-itoa.o)
                0x08006e34                itoa
 .text.malloc   0x08006e38       0x10 c:/program files (x86)/atollic/truestudio for arm 8.0.0/armtools/bin/../lib/gcc/arm-atollic-eabi/6.3.1/../../../../arm-atollic-eabi/lib/armv7e-m/fpu\libc_nano.a(lib_a-malloc.o)
                0x08006e38                malloc
 .text.memcpy   0x08006e48       0x16 c:/program files (x86)/atollic/truestudio for arm 8.0.0/armtools/bin/../lib/gcc/arm-atollic-eabi/6.3.1/../../../../arm-atollic-eabi/lib/armv7e-m/fpu\libc_nano.a(lib_a-memcpy-stub.o)
                0x08006e48                memcpy
 .text.memset   0x08006e5e       0x10 c:/program files (x86)/atollic/truestudio for arm 8.0.0/armtools/bin/../lib/gcc/arm-atollic-eabi/6.3.1/../../../../arm-atollic-eabi/lib/armv7e-m/fpu\libc_nano.a(lib_a-memset.o)
                0x08006e5e                memset
 *fill*         0x08006e6e        0x2 
 .text._free_r  0x08006e70       0x9c c:/program files (x86)/atollic/truestudio for arm 8.0.0/armtools/bin/../lib/gcc/arm-atollic-eabi/6.3.1/../../../../arm-atollic-eabi/lib/armv7e-m/fpu\libc_nano.a(lib_a-nano-freer.o)
                0x08006e70                _free_r
 .text._malloc_r
                0x08006f0c       0xbc c:/program files (x86)/atollic/truestudio for arm 8.0.0/armtools/bin/../lib/gcc/arm-atollic-eabi/6.3.1/../../../../arm-atollic-eabi/lib/armv7e-m/fpu\libc_nano.a(lib_a-nano-mallocr.o)
                0x08006f0c                _malloc_r
 .text._sbrk_r  0x08006fc8       0x20 c:/program files (x86)/atollic/truestudio for arm 8.0.0/armtools/bin/../lib/gcc/arm-atollic-eabi/6.3.1/../../../../arm-atollic-eabi/lib/armv7e-m/fpu\libc_nano.a(lib_a-sbrkr.o)
                0x08006fc8                _sbrk_r
 .text.sprintf  0x08006fe8       0x48 c:/program files (x86)/atollic/truestudio for arm 8.0.0/armtools/bin/../lib/gcc/arm-atollic-eabi/6.3.1/../../../../arm-atollic-eabi/lib/armv7e-m/fpu\libc_nano.a(lib_a-sprintf.o)
                0x08006fe8                siprintf
                0x08006fe8                sprintf
 .text.strtok   0x08007030       0x54 c:/program files (x86)/atollic/truestudio for arm 8.0.0/armtools/bin/../lib/gcc/arm-atollic-eabi/6.3.1/../../../../arm-atollic-eabi/lib/armv7e-m/fpu\libc_nano.a(lib_a-strtok.o)
                0x08007030                strtok
 .text.__strtok_r
                0x08007084       0x52 c:/program files (x86)/atollic/truestudio for arm 8.0.0/armtools/bin/../lib/gcc/arm-atollic-eabi/6.3.1/../../../../arm-atollic-eabi/lib/armv7e-m/fpu\libc_nano.a(lib_a-strtok_r.o)
                0x08007084                __strtok_r
 .text._strtol_l.isra.0
                0x080070d6      0x100 c:/program files (x86)/atollic/truestudio for arm 8.0.0/armtools/bin/../lib/gcc/arm-atollic-eabi/6.3.1/../../../../arm-atollic-eabi/lib/armv7e-m/fpu\libc_nano.a(lib_a-strtol.o)
 *fill*         0x080071d6        0x2 
 .text.strtol   0x080071d8       0x2c c:/program files (x86)/atollic/truestudio for arm 8.0.0/armtools/bin/../lib/gcc/arm-atollic-eabi/6.3.1/../../../../arm-atollic-eabi/lib/armv7e-m/fpu\libc_nano.a(lib_a-strtol.o)
                0x080071d8                strtol
 .text.__utoa   0x08007204       0x80 c:/program files (x86)/atollic/truestudio for arm 8.0.0/armtools/bin/../lib/gcc/arm-atollic-eabi/6.3.1/../../../../arm-atollic-eabi/lib/armv7e-m/fpu\libc_nano.a(lib_a-utoa.o)
                0x08007204                __utoa
 .text.__locale_ctype_ptr_l
                0x08007284        0x6 c:/program files (x86)/atollic/truestudio for arm 8.0.0/armtools/bin/../lib/gcc/arm-atollic-eabi/6.3.1/../../../../arm-atollic-eabi/lib/armv7e-m/fpu\libc_nano.a(lib_a-locale.o)
                0x08007284                __locale_ctype_ptr_l
 .text.__ascii_mbtowc
                0x0800728a       0x24 c:/program files (x86)/atollic/truestudio for arm 8.0.0/armtools/bin/../lib/gcc/arm-atollic-eabi/6.3.1/../../../../arm-atollic-eabi/lib/armv7e-m/fpu\libc_nano.a(lib_a-mbtowc_r.o)
                0x0800728a                __ascii_mbtowc
 .text.__malloc_lock
                0x080072ae        0x2 c:/program files (x86)/atollic/truestudio for arm 8.0.0/armtools/bin/../lib/gcc/arm-atollic-eabi/6.3.1/../../../../arm-atollic-eabi/lib/armv7e-m/fpu\libc_nano.a(lib_a-mlock.o)
                0x080072ae                __malloc_lock
 .text.__malloc_unlock
                0x080072b0        0x2 c:/program files (x86)/atollic/truestudio for arm 8.0.0/armtools/bin/../lib/gcc/arm-atollic-eabi/6.3.1/../../../../arm-atollic-eabi/lib/armv7e-m/fpu\libc_nano.a(lib_a-mlock.o)
                0x080072b0                __malloc_unlock
 .text.__ssputs_r
                0x080072b2       0xb6 c:/program files (x86)/atollic/truestudio for arm 8.0.0/armtools/bin/../lib/gcc/arm-atollic-eabi/6.3.1/../../../../arm-atollic-eabi/lib/armv7e-m/fpu\libc_nano.a(lib_a-nano-svfprintf.o)
                0x080072b2                __ssputs_r
 .text._svfprintf_r
                0x08007368      0x1e8 c:/program files (x86)/atollic/truestudio for arm 8.0.0/armtools/bin/../lib/gcc/arm-atollic-eabi/6.3.1/../../../../arm-atollic-eabi/lib/armv7e-m/fpu\libc_nano.a(lib_a-nano-svfprintf.o)
                0x08007368                _svfiprintf_r
                0x08007368                _svfprintf_r
 .text._printf_common
                0x08007550       0xec c:/program files (x86)/atollic/truestudio for arm 8.0.0/armtools/bin/../lib/gcc/arm-atollic-eabi/6.3.1/../../../../arm-atollic-eabi/lib/armv7e-m/fpu\libc_nano.a(lib_a-nano-vfprintf_i.o)
                0x08007550                _printf_common
 .text._printf_i
                0x0800763c      0x240 c:/program files (x86)/atollic/truestudio for arm 8.0.0/armtools/bin/../lib/gcc/arm-atollic-eabi/6.3.1/../../../../arm-atollic-eabi/lib/armv7e-m/fpu\libc_nano.a(lib_a-nano-vfprintf_i.o)
                0x0800763c                _printf_i
 .text.__ascii_wctomb
                0x0800787c       0x1a c:/program files (x86)/atollic/truestudio for arm 8.0.0/armtools/bin/../lib/gcc/arm-atollic-eabi/6.3.1/../../../../arm-atollic-eabi/lib/armv7e-m/fpu\libc_nano.a(lib_a-wctomb_r.o)
                0x0800787c                __ascii_wctomb
 .text.memmove  0x08007896       0x34 c:/program files (x86)/atollic/truestudio for arm 8.0.0/armtools/bin/../lib/gcc/arm-atollic-eabi/6.3.1/../../../../arm-atollic-eabi/lib/armv7e-m/fpu\libc_nano.a(lib_a-memmove.o)
                0x08007896                memmove
 .text._realloc_r
                0x080078ca       0x4c c:/program files (x86)/atollic/truestudio for arm 8.0.0/armtools/bin/../lib/gcc/arm-atollic-eabi/6.3.1/../../../../arm-atollic-eabi/lib/armv7e-m/fpu\libc_nano.a(lib_a-nano-reallocr.o)
                0x080078ca                _realloc_r
 .text._malloc_usable_size_r
                0x08007916       0x12 c:/program files (x86)/atollic/truestudio for arm 8.0.0/armtools/bin/../lib/gcc/arm-atollic-eabi/6.3.1/../../../../arm-atollic-eabi/lib/armv7e-m/fpu\libc_nano.a(lib_a-nano-msizer.o)
                0x08007916                _malloc_usable_size_r
 .text.sqrt     0x08007928       0xb4 c:/program files (x86)/atollic/truestudio for arm 8.0.0/armtools/bin/../lib/gcc/arm-atollic-eabi/6.3.1/../../../../arm-atollic-eabi/lib/armv7e-m/fpu\libm.a(lib_a-w_sqrt.o)
                0x08007928                sqrt
 .text.__ieee754_sqrt
                0x080079dc      0x160 c:/program files (x86)/atollic/truestudio for arm 8.0.0/armtools/bin/../lib/gcc/arm-atollic-eabi/6.3.1/../../../../arm-atollic-eabi/lib/armv7e-m/fpu\libm.a(lib_a-e_sqrt.o)
                0x080079dc                __ieee754_sqrt
 .text.matherr  0x08007b3c        0x4 c:/program files (x86)/atollic/truestudio for arm 8.0.0/armtools/bin/../lib/gcc/arm-atollic-eabi/6.3.1/../../../../arm-atollic-eabi/lib/armv7e-m/fpu\libm.a(lib_a-s_matherr.o)
                0x08007b3c                matherr
 .text.__errno  0x08007b40        0xc c:/program files (x86)/atollic/truestudio for arm 8.0.0/armtools/bin/../lib/gcc/arm-atollic-eabi/6.3.1/../../../../arm-atollic-eabi/lib/armv7e-m/fpu\libc_nano.a(lib_a-errno.o)
                0x08007b40                __errno
 .text._sbrk    0x08007b4c       0x1c c:/program files (x86)/atollic/truestudio for arm 8.0.0/armtools/bin/../lib/gcc/arm-atollic-eabi/6.3.1/../../../../arm-atollic-eabi/lib/armv7e-m/fpu\libnosys.a(sbrk.o)
                0x08007b4c                _sbrk
 *(.glue_7)
 .glue_7        0x08007b68        0x0 linker stubs
 *(.glue_7t)
 .glue_7t       0x08007b68        0x0 linker stubs
 *(.eh_frame)
 .eh_frame      0x08007b68        0x0 c:/program files (x86)/atollic/truestudio for arm 8.0.0/armtools/bin/../lib/gcc/arm-atollic-eabi/6.3.1/armv7e-m/fpu/crtbegin.o
 *(.init)
 .init          0x08007b68        0x4 c:/program files (x86)/atollic/truestudio for arm 8.0.0/armtools/bin/../lib/gcc/arm-atollic-eabi/6.3.1/armv7e-m/fpu/crti.o
                0x08007b68                _init
 .init          0x08007b6c        0x8 c:/program files (x86)/atollic/truestudio for arm 8.0.0/armtools/bin/../lib/gcc/arm-atollic-eabi/6.3.1/armv7e-m/fpu/crtn.o
 *(.fini)
 .fini          0x08007b74        0x4 c:/program files (x86)/atollic/truestudio for arm 8.0.0/armtools/bin/../lib/gcc/arm-atollic-eabi/6.3.1/armv7e-m/fpu/crti.o
                0x08007b74                _fini
 .fini          0x08007b78        0x8 c:/program files (x86)/atollic/truestudio for arm 8.0.0/armtools/bin/../lib/gcc/arm-atollic-eabi/6.3.1/armv7e-m/fpu/crtn.o
                0x08007b80                . = ALIGN (0x4)
                0x08007b80                _etext = .

.vfp11_veneer   0x08007b80        0x0
 .vfp11_veneer  0x08007b80        0x0 linker stubs

.v4_bx          0x08007b80        0x0
 .v4_bx         0x08007b80        0x0 linker stubs

.iplt           0x08007b80        0x0
 .iplt          0x08007b80        0x0 c:/program files (x86)/atollic/truestudio for arm 8.0.0/armtools/bin/../lib/gcc/arm-atollic-eabi/6.3.1/armv7e-m/fpu/crtbegin.o

.rodata         0x08007b80      0x1ec
                0x08007b80                . = ALIGN (0x4)
 *(.rodata)
 *(.rodata*)
 .rodata.aPLLMULFactorTable
                0x08007b80       0x10 Drivers\STM32F3xx_HAL_Driver\Src\stm32f3xx_hal_rcc.o
                0x08007b80                aPLLMULFactorTable
 .rodata.aPredivFactorTable
                0x08007b90       0x10 Drivers\STM32F3xx_HAL_Driver\Src\stm32f3xx_hal_rcc.o
                0x08007b90                aPredivFactorTable
 .rodata.CSWTCH.45
                0x08007ba0        0x4 Drivers\STM32F3xx_HAL_Driver\Src\stm32f3xx_hal_uart.o
 .rodata.adc_comms.str1.4
                0x08007ba4        0x8 Src\adc_comms.o
 .rodata.init_peripherals.str1.4
                0x08007bac        0x4 Src\initilize_peripherals.o
 .rodata.liters_pumped.str1.4
                0x08007bac        0x4 Src\liters_pumped.o
 .rodata.MX_USART1_UART_Init.str1.4
                0x08007bac        0xe Src\main.o
 *fill*         0x08007bba        0x2 
 .rodata.seven_segment.str1.4
                0x08007bbc        0x3 Src\seven_segment.o
 *fill*         0x08007bbf        0x1 
 .rodata.HAL_ADC_MspInit.str1.4
                0x08007bc0       0x1b Src\stm32f3xx_hal_msp.o
 *fill*         0x08007bdb        0x1 
 .rodata.AHBPrescTable
                0x08007bdc       0x10 Src\system_stm32f3xx.o
                0x08007bdc                AHBPrescTable
 .rodata.APBPrescTable
                0x08007bec        0x8 Src\system_stm32f3xx.o
                0x08007bec                APBPrescTable
 .rodata.uart_comms.str1.4
                0x08007bf4       0x10 Src\uart_comms.o
                                 0x13 (size before relaxing)
 .rodata.__utoa.str1.1
                0x08007c04       0x25 c:/program files (x86)/atollic/truestudio for arm 8.0.0/armtools/bin/../lib/gcc/arm-atollic-eabi/6.3.1/../../../../arm-atollic-eabi/lib/armv7e-m/fpu\libc_nano.a(lib_a-utoa.o)
 .rodata._setlocale_r.str1.1
                0x08007c29        0x8 c:/program files (x86)/atollic/truestudio for arm 8.0.0/armtools/bin/../lib/gcc/arm-atollic-eabi/6.3.1/../../../../arm-atollic-eabi/lib/armv7e-m/fpu\libc_nano.a(lib_a-locale.o)
                                  0x9 (size before relaxing)
 .rodata.str1.1
                0x08007c31        0x2 c:/program files (x86)/atollic/truestudio for arm 8.0.0/armtools/bin/../lib/gcc/arm-atollic-eabi/6.3.1/../../../../arm-atollic-eabi/lib/armv7e-m/fpu\libc_nano.a(lib_a-locale.o)
 .rodata._svfprintf_r.str1.1
                0x08007c33       0x11 c:/program files (x86)/atollic/truestudio for arm 8.0.0/armtools/bin/../lib/gcc/arm-atollic-eabi/6.3.1/../../../../arm-atollic-eabi/lib/armv7e-m/fpu\libc_nano.a(lib_a-nano-svfprintf.o)
 .rodata._printf_i.str1.1
                0x08007c44       0x22 c:/program files (x86)/atollic/truestudio for arm 8.0.0/armtools/bin/../lib/gcc/arm-atollic-eabi/6.3.1/../../../../arm-atollic-eabi/lib/armv7e-m/fpu\libc_nano.a(lib_a-nano-vfprintf_i.o)
 .rodata._ctype_
                0x08007c66      0x101 c:/program files (x86)/atollic/truestudio for arm 8.0.0/armtools/bin/../lib/gcc/arm-atollic-eabi/6.3.1/../../../../arm-atollic-eabi/lib/armv7e-m/fpu\libc_nano.a(lib_a-ctype_.o)
                0x08007c66                _ctype_
 .rodata.sqrt.str1.1
                0x08007d67        0x5 c:/program files (x86)/atollic/truestudio for arm 8.0.0/armtools/bin/../lib/gcc/arm-atollic-eabi/6.3.1/../../../../arm-atollic-eabi/lib/armv7e-m/fpu\libm.a(lib_a-w_sqrt.o)
                0x08007d6c                . = ALIGN (0x4)

.rel.dyn        0x08007d6c        0x0
 .rel.iplt      0x08007d6c        0x0 c:/program files (x86)/atollic/truestudio for arm 8.0.0/armtools/bin/../lib/gcc/arm-atollic-eabi/6.3.1/armv7e-m/fpu/crtbegin.o

.ARM.extab
 *(.ARM.extab* .gnu.linkonce.armextab.*)

.ARM            0x08007d6c        0x0
                0x08007d6c                __exidx_start = .
 *(.ARM.exidx*)
                0x08007d6c                __exidx_end = .

.preinit_array  0x08007d6c        0x0
                0x08007d6c                PROVIDE (__preinit_array_start, .)
 *(.preinit_array*)
                0x08007d6c                PROVIDE (__preinit_array_end, .)

.init_array     0x08007d6c        0x4
                0x08007d6c                PROVIDE (__init_array_start, .)
 *(SORT(.init_array.*))
 *(.init_array*)
 .init_array    0x08007d6c        0x4 c:/program files (x86)/atollic/truestudio for arm 8.0.0/armtools/bin/../lib/gcc/arm-atollic-eabi/6.3.1/armv7e-m/fpu/crtbegin.o
                0x08007d70                PROVIDE (__init_array_end, .)

.fini_array     0x08007d70        0x4
                [!provide]                PROVIDE (__fini_array_start, .)
 *(SORT(.fini_array.*))
 *(.fini_array*)
 .fini_array    0x08007d70        0x4 c:/program files (x86)/atollic/truestudio for arm 8.0.0/armtools/bin/../lib/gcc/arm-atollic-eabi/6.3.1/armv7e-m/fpu/crtbegin.o
                [!provide]                PROVIDE (__fini_array_end, .)
                0x08007d74                _sidata = LOADADDR (.data)

.data           0x20000000      0x22c load address 0x08007d74
                0x20000000                . = ALIGN (0x4)
                0x20000000                _sdata = .
 *(.data)
 *(.data*)
 .data.SystemCoreClock
                0x20000000        0x4 Src\system_stm32f3xx.o
                0x20000000                SystemCoreClock
 .data.comma    0x20000004        0x2 Src\variables.o
                0x20000004                comma
 *fill*         0x20000006        0x2 
 .data.endSimbol
                0x20000008        0x8 Src\variables.o
                0x20000008                endSimbol
 .data.flash_mem_start
                0x20000010        0x4 Src\variables.o
                0x20000010                flash_mem_start
 .data.heater_OFF
                0x20000014        0x3 Src\variables.o
                0x20000014                heater_OFF
 *fill*         0x20000017        0x1 
 .data.heater_ON
                0x20000018        0x2 Src\variables.o
                0x20000018                heater_ON
 .data.log_empty
                0x2000001a        0x1 Src\variables.o
                0x2000001a                log_empty
 *fill*         0x2000001b        0x1 
 .data.loggingIdentifier
                0x2000001c        0x2 Src\variables.o
                0x2000001c                loggingIdentifier
 *fill*         0x2000001e        0x2 
 .data.noLoggingData
                0x20000020       0x20 Src\variables.o
                0x20000020                noLoggingData
 .data.studentnumber1
                0x20000040        0x8 Src\variables.o
                0x20000040                studentnumber1
 .data.touch_bytes_buffer
                0x20000048        0x2 Src\variables.o
                0x20000048                touch_bytes_buffer
 *fill*         0x2000004a        0x2 
 .data.valve_CLOSE
                0x2000004c        0x6 Src\variables.o
                0x2000004c                valve_CLOSE
 *fill*         0x20000052        0x2 
 .data.valve_OPEN
                0x20000054        0x4 Src\variables.o
                0x20000054                valve_OPEN
 .data._impure_ptr
                0x20000058        0x4 c:/program files (x86)/atollic/truestudio for arm 8.0.0/armtools/bin/../lib/gcc/arm-atollic-eabi/6.3.1/../../../../arm-atollic-eabi/lib/armv7e-m/fpu\libc_nano.a(lib_a-impure.o)
                0x20000058                _impure_ptr
 .data.impure_data
                0x2000005c       0x60 c:/program files (x86)/atollic/truestudio for arm 8.0.0/armtools/bin/../lib/gcc/arm-atollic-eabi/6.3.1/../../../../arm-atollic-eabi/lib/armv7e-m/fpu\libc_nano.a(lib_a-impure.o)
 .data.__global_locale
                0x200000bc      0x16c c:/program files (x86)/atollic/truestudio for arm 8.0.0/armtools/bin/../lib/gcc/arm-atollic-eabi/6.3.1/../../../../arm-atollic-eabi/lib/armv7e-m/fpu\libc_nano.a(lib_a-locale.o)
                0x200000bc                __global_locale
 .data.__fdlib_version
                0x20000228        0x1 c:/program files (x86)/atollic/truestudio for arm 8.0.0/armtools/bin/../lib/gcc/arm-atollic-eabi/6.3.1/../../../../arm-atollic-eabi/lib/armv7e-m/fpu\libm.a(lib_a-s_lib_ver.o)
                0x20000228                __fdlib_version
                0x2000022c                . = ALIGN (0x4)
 *fill*         0x20000229        0x3 
                0x2000022c                _edata = .
                0x08007fa0                _siccmram = LOADADDR (.ccmram)

.igot.plt       0x2000022c        0x0 load address 0x08007fa0
 .igot.plt      0x2000022c        0x0 c:/program files (x86)/atollic/truestudio for arm 8.0.0/armtools/bin/../lib/gcc/arm-atollic-eabi/6.3.1/armv7e-m/fpu/crtbegin.o

.ccmram         0x10000000        0x0 load address 0x08007fa0
                0x10000000                . = ALIGN (0x4)
                0x10000000                _sccmram = .
 *(.ccmram)
 *(.ccmram*)
                0x10000000                . = ALIGN (0x4)
                0x10000000                _eccmram = .
                0x10000000                . = ALIGN (0x4)

.bss            0x20000230      0x3bc
                0x20000230                _sbss = .
                0x20000230                __bss_start__ = _sbss
 *(.bss)
 .bss           0x20000230       0x1c c:/program files (x86)/atollic/truestudio for arm 8.0.0/armtools/bin/../lib/gcc/arm-atollic-eabi/6.3.1/armv7e-m/fpu/crtbegin.o
 *(.bss*)
 .bss.ADC1_buffer
                0x2000024c        0x4 Src\variables.o
                0x2000024c                ADC1_buffer
 .bss.ADC2_buffer
                0x20000250        0x4 Src\variables.o
                0x20000250                ADC2_buffer
 .bss.RTC_timer_flag
                0x20000254        0x1 Src\variables.o
                0x20000254                RTC_timer_flag
 *fill*         0x20000255        0x3 
 .bss.adc_buffer_current
                0x20000258        0x8 Src\variables.o
                0x20000258                adc_buffer_current
 .bss.adc_buffer_voltage
                0x20000260        0x8 Src\variables.o
                0x20000260                adc_buffer_voltage
 .bss.adc_counter
                0x20000268        0x2 Src\variables.o
                0x20000268                adc_counter
 .bss.adc_flag  0x2000026a        0x1 Src\variables.o
                0x2000026a                adc_flag
 *fill*         0x2000026b        0x1 
 .bss.adc_raw_current
                0x2000026c        0x4 Src\variables.o
                0x2000026c                adc_raw_current
 .bss.adc_raw_voltage
                0x20000270        0x4 Src\variables.o
                0x20000270                adc_raw_voltage
 .bss.ambient_temp
                0x20000274        0x4 Src\variables.o
                0x20000274                ambient_temp
 .bss.auto_heating
                0x20000278        0x1 Src\variables.o
                0x20000278                auto_heating
 *fill*         0x20000279        0x3 
 .bss.current_int_rms
                0x2000027c        0x4 Src\variables.o
                0x2000027c                current_int_rms
 .bss.current_rms
                0x20000280        0x4 Src\variables.o
                0x20000280                current_rms
 .bss.date      0x20000284        0x4 Src\variables.o
                0x20000284                date
 .bss.display_set_temp
                0x20000288        0x1 Src\variables.o
                0x20000288                display_set_temp
 .bss.enableFlashLogging
                0x20000289        0x1 Src\variables.o
                0x20000289                enableFlashLogging
 .bss.fake_RTC_timer
                0x2000028a        0x2 Src\variables.o
                0x2000028a                fake_RTC_timer
 .bss.flash_counter
                0x2000028c        0x4 Src\variables.o
                0x2000028c                flash_counter
 .bss.flash_error
                0x20000290        0x4 Src\variables.o
                0x20000290                flash_error
 .bss.flash_flag
                0x20000294        0x1 Src\variables.o
                0x20000294                flash_flag
 *fill*         0x20000295        0x3 
 .bss.flash_stored
                0x20000298        0x4 Src\variables.o
                0x20000298                flash_stored
 .bss.geyser_temp
                0x2000029c        0x4 Src\variables.o
                0x2000029c                geyser_temp
 .bss.geyser_temp_int
                0x200002a0        0x1 Src\variables.o
                0x200002a0                geyser_temp_int
 *fill*         0x200002a1        0x3 
 .bss.heat_schedule1
                0x200002a4        0x4 Src\variables.o
                0x200002a4                heat_schedule1
 .bss.heat_schedule2
                0x200002a8        0x4 Src\variables.o
                0x200002a8                heat_schedule2
 .bss.heat_schedule3
                0x200002ac        0x4 Src\variables.o
                0x200002ac                heat_schedule3
 .bss.heater_state
                0x200002b0        0x4 Src\variables.o
                0x200002b0                heater_state
 .bss.heating_info
                0x200002b4        0x4 Src\variables.o
                0x200002b4                heating_info
 .bss.i2c_counter
                0x200002b8        0x4 Src\variables.o
                0x200002b8                i2c_counter
 .bss.log_counter
                0x200002bc        0x1 Src\variables.o
                0x200002bc                log_counter
 *fill*         0x200002bd        0x3 
 .bss.log_receiced_num
                0x200002c0        0x4 Src\variables.o
                0x200002c0                log_receiced_num
 .bss.new_time  0x200002c4        0x4 Src\variables.o
                0x200002c4                new_time
 .bss.pEraseInit
                0x200002c8        0x4 Src\variables.o
                0x200002c8                pEraseInit
 .bss.pump_flag
                0x200002cc        0x1 Src\variables.o
                0x200002cc                pump_flag
 *fill*         0x200002cd        0x3 
 .bss.raw_ambient_temp
                0x200002d0        0x4 Src\variables.o
                0x200002d0                raw_ambient_temp
 .bss.raw_geyser_temp
                0x200002d4        0x4 Src\variables.o
                0x200002d4                raw_geyser_temp
 .bss.return_value
                0x200002d8        0x4 Src\variables.o
                0x200002d8                return_value
 .bss.rtcSecFlag
                0x200002dc        0x1 Src\variables.o
                0x200002dc                rtcSecFlag
 .bss.rx_flag   0x200002dd        0x1 Src\variables.o
                0x200002dd                rx_flag
 .bss.segment_counter
                0x200002de        0x1 Src\variables.o
                0x200002de                segment_counter
 *fill*         0x200002df        0x1 
 .bss.segment_val
                0x200002e0        0x4 Src\variables.o
                0x200002e0                segment_val
 .bss.set_temp  0x200002e4        0x4 Src\variables.o
                0x200002e4                set_temp
 .bss.sizeOfTemp
                0x200002e8        0x1 Src\variables.o
                0x200002e8                sizeOfTemp
 .bss.systick_flag
                0x200002e9        0x1 Src\variables.o
                0x200002e9                systick_flag
 *fill*         0x200002ea        0x2 
 .bss.temp_time_var
                0x200002ec        0x4 Src\variables.o
                0x200002ec                temp_time_var
 .bss.temp_val  0x200002f0        0x4 Src\variables.o
                0x200002f0                temp_val
 .bss.time      0x200002f4        0x4 Src\variables.o
                0x200002f4                time
 .bss.total_water
                0x200002f8        0x4 Src\variables.o
                0x200002f8                total_water
 .bss.touch_flag
                0x200002fc        0x1 Src\variables.o
                0x200002fc                touch_flag
 *fill*         0x200002fd        0x3 
 .bss.uart_command
                0x20000300        0x4 Src\variables.o
                0x20000300                uart_command
 .bss.uart_command_copy
                0x20000304        0x4 Src\variables.o
                0x20000304                uart_command_copy
 .bss.uart_counter
                0x20000308        0x1 Src\variables.o
                0x20000308                uart_counter
 *fill*         0x20000309        0x3 
 .bss.valve_state
                0x2000030c        0x4 Src\variables.o
                0x2000030c                valve_state
 .bss.valve_timer
                0x20000310        0x1 Src\variables.o
                0x20000310                valve_timer
 *fill*         0x20000311        0x3 
 .bss.voltage_int_rms
                0x20000314        0x4 Src\variables.o
                0x20000314                voltage_int_rms
 .bss.voltage_rms
                0x20000318        0x4 Src\variables.o
                0x20000318                voltage_rms
 .bss.water_acc
                0x2000031c        0x4 Src\variables.o
                0x2000031c                water_acc
 .bss.__malloc_free_list
                0x20000320        0x4 c:/program files (x86)/atollic/truestudio for arm 8.0.0/armtools/bin/../lib/gcc/arm-atollic-eabi/6.3.1/../../../../arm-atollic-eabi/lib/armv7e-m/fpu\libc_nano.a(lib_a-nano-mallocr.o)
                0x20000320                __malloc_free_list
 .bss.__malloc_sbrk_start
                0x20000324        0x4 c:/program files (x86)/atollic/truestudio for arm 8.0.0/armtools/bin/../lib/gcc/arm-atollic-eabi/6.3.1/../../../../arm-atollic-eabi/lib/armv7e-m/fpu\libc_nano.a(lib_a-nano-mallocr.o)
                0x20000324                __malloc_sbrk_start
 .bss.heap_end.5239
                0x20000328        0x4 c:/program files (x86)/atollic/truestudio for arm 8.0.0/armtools/bin/../lib/gcc/arm-atollic-eabi/6.3.1/../../../../arm-atollic-eabi/lib/armv7e-m/fpu\libnosys.a(sbrk.o)
 *(COMMON)
 COMMON         0x2000032c        0x4 Drivers\STM32F3xx_HAL_Driver\Src\stm32f3xx_hal.o
                0x2000032c                uwTick
 COMMON         0x20000330       0x20 Drivers\STM32F3xx_HAL_Driver\Src\stm32f3xx_hal_flash.o
                0x20000330                pFlash
 COMMON         0x20000350      0x1d4 Src\main.o
                0x20000350                hadc2
                0x200003a4                hi2c1
                0x200003f0                Channel_3
                0x20000408                Channel_1
                0x20000420                Channel_4
                0x20000438                huart1
                0x200004a8                hrtc
                0x200004c8                Channel_2
                0x200004e0                hdma_adc2
 COMMON         0x20000524       0xc4 Src\variables.o
                0x20000524                sliderCoords
                0x20000528                heating_schedule
                0x200005a0                studentnumber
                0x200005a4                rx_buffer
                0x200005a8                recv_buffer
                0x200005b8                heating_time_size
                0x200005bc                data_buffer
                0x200005dc                heating_schedule_info
 COMMON         0x200005e8        0x4 c:/program files (x86)/atollic/truestudio for arm 8.0.0/armtools/bin/../lib/gcc/arm-atollic-eabi/6.3.1/../../../../arm-atollic-eabi/lib/armv7e-m/fpu\libc_nano.a(lib_a-reent.o)
                0x200005e8                errno
                0x200005ec                . = ALIGN (0x4)
                0x200005ec                _ebss = .
                0x200005ec                __bss_end__ = _ebss

._user_heap_stack
                0x200005ec      0x600
                0x200005ec                . = ALIGN (0x4)
                0x200005ec                PROVIDE (end, .)
                [!provide]                PROVIDE (_end, .)
                0x200007ec                . = (. + _Min_Heap_Size)
 *fill*         0x200005ec      0x200 
                0x20000bec                . = (. + _Min_Stack_Size)
 *fill*         0x200007ec      0x400 
                0x20000bec                . = ALIGN (0x4)

/DISCARD/
 libc.a(*)
 libm.a(*)
 libgcc.a(*)

.ARM.attributes
                0x00000000       0x30
 *(.ARM.attributes)
 .ARM.attributes
                0x00000000       0x22 c:/program files (x86)/atollic/truestudio for arm 8.0.0/armtools/bin/../lib/gcc/arm-atollic-eabi/6.3.1/armv7e-m/fpu/crti.o
 .ARM.attributes
                0x00000022       0x34 c:/program files (x86)/atollic/truestudio for arm 8.0.0/armtools/bin/../lib/gcc/arm-atollic-eabi/6.3.1/armv7e-m/fpu/crtbegin.o
 .ARM.attributes
                0x00000056       0x39 Drivers\STM32F3xx_HAL_Driver\Src\stm32f3xx_hal.o
 .ARM.attributes
                0x0000008f       0x39 Drivers\STM32F3xx_HAL_Driver\Src\stm32f3xx_hal_adc.o
 .ARM.attributes
                0x000000c8       0x39 Drivers\STM32F3xx_HAL_Driver\Src\stm32f3xx_hal_adc_ex.o
 .ARM.attributes
                0x00000101       0x39 Drivers\STM32F3xx_HAL_Driver\Src\stm32f3xx_hal_cortex.o
 .ARM.attributes
                0x0000013a       0x39 Drivers\STM32F3xx_HAL_Driver\Src\stm32f3xx_hal_dma.o
 .ARM.attributes
                0x00000173       0x39 Drivers\STM32F3xx_HAL_Driver\Src\stm32f3xx_hal_flash.o
 .ARM.attributes
                0x000001ac       0x39 Drivers\STM32F3xx_HAL_Driver\Src\stm32f3xx_hal_flash_ex.o
 .ARM.attributes
                0x000001e5       0x39 Drivers\STM32F3xx_HAL_Driver\Src\stm32f3xx_hal_gpio.o
 .ARM.attributes
                0x0000021e       0x39 Drivers\STM32F3xx_HAL_Driver\Src\stm32f3xx_hal_i2c.o
 .ARM.attributes
                0x00000257       0x39 Drivers\STM32F3xx_HAL_Driver\Src\stm32f3xx_hal_i2c_ex.o
 .ARM.attributes
                0x00000290       0x39 Drivers\STM32F3xx_HAL_Driver\Src\stm32f3xx_hal_pwr.o
 .ARM.attributes
                0x000002c9       0x39 Drivers\STM32F3xx_HAL_Driver\Src\stm32f3xx_hal_rcc.o
 .ARM.attributes
                0x00000302       0x39 Drivers\STM32F3xx_HAL_Driver\Src\stm32f3xx_hal_rcc_ex.o
 .ARM.attributes
                0x0000033b       0x39 Drivers\STM32F3xx_HAL_Driver\Src\stm32f3xx_hal_rtc.o
 .ARM.attributes
                0x00000374       0x39 Drivers\STM32F3xx_HAL_Driver\Src\stm32f3xx_hal_rtc_ex.o
 .ARM.attributes
                0x000003ad       0x39 Drivers\STM32F3xx_HAL_Driver\Src\stm32f3xx_hal_uart.o
 .ARM.attributes
                0x000003e6       0x39 Drivers\STM32F3xx_HAL_Driver\Src\stm32f3xx_hal_uart_ex.o
 .ARM.attributes
                0x0000041f       0x39 Src\adc_comms.o
 .ARM.attributes
                0x00000458       0x39 Src\flash_memory.o
 .ARM.attributes
                0x00000491       0x39 Src\functions.o
 .ARM.attributes
                0x000004ca       0x39 Src\heating_schedule.o
 .ARM.attributes
                0x00000503       0x39 Src\init_iqs263.o
 .ARM.attributes
                0x0000053c       0x39 Src\initilize_peripherals.o
 .ARM.attributes
                0x00000575       0x39 Src\liters_pumped.o
 .ARM.attributes
                0x000005ae       0x39 Src\main.o
 .ARM.attributes
                0x000005e7       0x39 Src\seven_segment.o
 .ARM.attributes
                0x00000620       0x39 Src\seven_segment_display.o
 .ARM.attributes
                0x00000659       0x39 Src\stm32f3xx_hal_msp.o
 .ARM.attributes
                0x00000692       0x39 Src\stm32f3xx_it.o
 .ARM.attributes
                0x000006cb       0x39 Src\system_stm32f3xx.o
 .ARM.attributes
                0x00000704       0x35 Src\uart_comms.o
 .ARM.attributes
                0x00000739       0x39 Src\user_main.o
 .ARM.attributes
                0x00000772       0x39 Src\variables.o
 .ARM.attributes
                0x000007ab       0x21 startup\startup_stm32f334x8.o
 .ARM.attributes
                0x000007cc       0x34 c:/program files (x86)/atollic/truestudio for arm 8.0.0/armtools/bin/../lib/gcc/arm-atollic-eabi/6.3.1/../../../../arm-atollic-eabi/lib/armv7e-m/fpu\libc_nano.a(lib_a-init.o)
 .ARM.attributes
                0x00000800       0x34 c:/program files (x86)/atollic/truestudio for arm 8.0.0/armtools/bin/../lib/gcc/arm-atollic-eabi/6.3.1/../../../../arm-atollic-eabi/lib/armv7e-m/fpu\libc_nano.a(lib_a-itoa.o)
 .ARM.attributes
                0x00000834       0x34 c:/program files (x86)/atollic/truestudio for arm 8.0.0/armtools/bin/../lib/gcc/arm-atollic-eabi/6.3.1/../../../../arm-atollic-eabi/lib/armv7e-m/fpu\libc_nano.a(lib_a-malloc.o)
 .ARM.attributes
                0x00000868       0x34 c:/program files (x86)/atollic/truestudio for arm 8.0.0/armtools/bin/../lib/gcc/arm-atollic-eabi/6.3.1/../../../../arm-atollic-eabi/lib/armv7e-m/fpu\libc_nano.a(lib_a-memcpy-stub.o)
 .ARM.attributes
                0x0000089c       0x34 c:/program files (x86)/atollic/truestudio for arm 8.0.0/armtools/bin/../lib/gcc/arm-atollic-eabi/6.3.1/../../../../arm-atollic-eabi/lib/armv7e-m/fpu\libc_nano.a(lib_a-memset.o)
 .ARM.attributes
                0x000008d0       0x34 c:/program files (x86)/atollic/truestudio for arm 8.0.0/armtools/bin/../lib/gcc/arm-atollic-eabi/6.3.1/../../../../arm-atollic-eabi/lib/armv7e-m/fpu\libc_nano.a(lib_a-nano-freer.o)
 .ARM.attributes
                0x00000904       0x34 c:/program files (x86)/atollic/truestudio for arm 8.0.0/armtools/bin/../lib/gcc/arm-atollic-eabi/6.3.1/../../../../arm-atollic-eabi/lib/armv7e-m/fpu\libc_nano.a(lib_a-nano-mallocr.o)
 .ARM.attributes
                0x00000938       0x34 c:/program files (x86)/atollic/truestudio for arm 8.0.0/armtools/bin/../lib/gcc/arm-atollic-eabi/6.3.1/../../../../arm-atollic-eabi/lib/armv7e-m/fpu\libc_nano.a(lib_a-sbrkr.o)
 .ARM.attributes
                0x0000096c       0x34 c:/program files (x86)/atollic/truestudio for arm 8.0.0/armtools/bin/../lib/gcc/arm-atollic-eabi/6.3.1/../../../../arm-atollic-eabi/lib/armv7e-m/fpu\libc_nano.a(lib_a-sprintf.o)
 .ARM.attributes
                0x000009a0       0x1b c:/program files (x86)/atollic/truestudio for arm 8.0.0/armtools/bin/../lib/gcc/arm-atollic-eabi/6.3.1/../../../../arm-atollic-eabi/lib/armv7e-m/fpu\libc_nano.a(lib_a-strlen.o)
 .ARM.attributes
                0x000009bb       0x34 c:/program files (x86)/atollic/truestudio for arm 8.0.0/armtools/bin/../lib/gcc/arm-atollic-eabi/6.3.1/../../../../arm-atollic-eabi/lib/armv7e-m/fpu\libc_nano.a(lib_a-strtok.o)
 .ARM.attributes
                0x000009ef       0x34 c:/program files (x86)/atollic/truestudio for arm 8.0.0/armtools/bin/../lib/gcc/arm-atollic-eabi/6.3.1/../../../../arm-atollic-eabi/lib/armv7e-m/fpu\libc_nano.a(lib_a-strtok_r.o)
 .ARM.attributes
                0x00000a23       0x34 c:/program files (x86)/atollic/truestudio for arm 8.0.0/armtools/bin/../lib/gcc/arm-atollic-eabi/6.3.1/../../../../arm-atollic-eabi/lib/armv7e-m/fpu\libc_nano.a(lib_a-strtol.o)
 .ARM.attributes
                0x00000a57       0x34 c:/program files (x86)/atollic/truestudio for arm 8.0.0/armtools/bin/../lib/gcc/arm-atollic-eabi/6.3.1/../../../../arm-atollic-eabi/lib/armv7e-m/fpu\libc_nano.a(lib_a-utoa.o)
 .ARM.attributes
                0x00000a8b       0x34 c:/program files (x86)/atollic/truestudio for arm 8.0.0/armtools/bin/../lib/gcc/arm-atollic-eabi/6.3.1/../../../../arm-atollic-eabi/lib/armv7e-m/fpu\libc_nano.a(lib_a-impure.o)
 .ARM.attributes
                0x00000abf       0x34 c:/program files (x86)/atollic/truestudio for arm 8.0.0/armtools/bin/../lib/gcc/arm-atollic-eabi/6.3.1/../../../../arm-atollic-eabi/lib/armv7e-m/fpu\libc_nano.a(lib_a-locale.o)
 .ARM.attributes
                0x00000af3       0x34 c:/program files (x86)/atollic/truestudio for arm 8.0.0/armtools/bin/../lib/gcc/arm-atollic-eabi/6.3.1/../../../../arm-atollic-eabi/lib/armv7e-m/fpu\libc_nano.a(lib_a-mbtowc_r.o)
 .ARM.attributes
                0x00000b27       0x34 c:/program files (x86)/atollic/truestudio for arm 8.0.0/armtools/bin/../lib/gcc/arm-atollic-eabi/6.3.1/../../../../arm-atollic-eabi/lib/armv7e-m/fpu\libc_nano.a(lib_a-mlock.o)
 .ARM.attributes
                0x00000b5b       0x34 c:/program files (x86)/atollic/truestudio for arm 8.0.0/armtools/bin/../lib/gcc/arm-atollic-eabi/6.3.1/../../../../arm-atollic-eabi/lib/armv7e-m/fpu\libc_nano.a(lib_a-nano-svfprintf.o)
 .ARM.attributes
                0x00000b8f       0x34 c:/program files (x86)/atollic/truestudio for arm 8.0.0/armtools/bin/../lib/gcc/arm-atollic-eabi/6.3.1/../../../../arm-atollic-eabi/lib/armv7e-m/fpu\libc_nano.a(lib_a-nano-vfprintf_i.o)
 .ARM.attributes
                0x00000bc3       0x34 c:/program files (x86)/atollic/truestudio for arm 8.0.0/armtools/bin/../lib/gcc/arm-atollic-eabi/6.3.1/../../../../arm-atollic-eabi/lib/armv7e-m/fpu\libc_nano.a(lib_a-reent.o)
 .ARM.attributes
                0x00000bf7       0x34 c:/program files (x86)/atollic/truestudio for arm 8.0.0/armtools/bin/../lib/gcc/arm-atollic-eabi/6.3.1/../../../../arm-atollic-eabi/lib/armv7e-m/fpu\libc_nano.a(lib_a-wctomb_r.o)
 .ARM.attributes
                0x00000c2b       0x34 c:/program files (x86)/atollic/truestudio for arm 8.0.0/armtools/bin/../lib/gcc/arm-atollic-eabi/6.3.1/../../../../arm-atollic-eabi/lib/armv7e-m/fpu\libc_nano.a(lib_a-ctype_.o)
 .ARM.attributes
                0x00000c5f       0x20 c:/program files (x86)/atollic/truestudio for arm 8.0.0/armtools/bin/../lib/gcc/arm-atollic-eabi/6.3.1/../../../../arm-atollic-eabi/lib/armv7e-m/fpu\libc_nano.a(lib_a-memchr.o)
 .ARM.attributes
                0x00000c7f       0x34 c:/program files (x86)/atollic/truestudio for arm 8.0.0/armtools/bin/../lib/gcc/arm-atollic-eabi/6.3.1/../../../../arm-atollic-eabi/lib/armv7e-m/fpu\libc_nano.a(lib_a-memmove.o)
 .ARM.attributes
                0x00000cb3       0x34 c:/program files (x86)/atollic/truestudio for arm 8.0.0/armtools/bin/../lib/gcc/arm-atollic-eabi/6.3.1/../../../../arm-atollic-eabi/lib/armv7e-m/fpu\libc_nano.a(lib_a-nano-reallocr.o)
 .ARM.attributes
                0x00000ce7       0x34 c:/program files (x86)/atollic/truestudio for arm 8.0.0/armtools/bin/../lib/gcc/arm-atollic-eabi/6.3.1/../../../../arm-atollic-eabi/lib/armv7e-m/fpu\libc_nano.a(lib_a-nano-msizer.o)
 .ARM.attributes
                0x00000d1b       0x34 c:/program files (x86)/atollic/truestudio for arm 8.0.0/armtools/bin/../lib/gcc/arm-atollic-eabi/6.3.1/../../../../arm-atollic-eabi/lib/armv7e-m/fpu\libm.a(lib_a-w_sqrt.o)
 .ARM.attributes
                0x00000d4f       0x34 c:/program files (x86)/atollic/truestudio for arm 8.0.0/armtools/bin/../lib/gcc/arm-atollic-eabi/6.3.1/../../../../arm-atollic-eabi/lib/armv7e-m/fpu\libm.a(lib_a-e_sqrt.o)
 .ARM.attributes
                0x00000d83       0x34 c:/program files (x86)/atollic/truestudio for arm 8.0.0/armtools/bin/../lib/gcc/arm-atollic-eabi/6.3.1/../../../../arm-atollic-eabi/lib/armv7e-m/fpu\libm.a(lib_a-s_lib_ver.o)
 .ARM.attributes
                0x00000db7       0x34 c:/program files (x86)/atollic/truestudio for arm 8.0.0/armtools/bin/../lib/gcc/arm-atollic-eabi/6.3.1/../../../../arm-atollic-eabi/lib/armv7e-m/fpu\libm.a(lib_a-s_matherr.o)
 .ARM.attributes
                0x00000deb       0x34 c:/program files (x86)/atollic/truestudio for arm 8.0.0/armtools/bin/../lib/gcc/arm-atollic-eabi/6.3.1/../../../../arm-atollic-eabi/lib/armv7e-m/fpu\libc_nano.a(lib_a-errno.o)
 .ARM.attributes
                0x00000e1f       0x22 c:/program files (x86)/atollic/truestudio for arm 8.0.0/armtools/bin/../lib/gcc/arm-atollic-eabi/6.3.1/armv7e-m/fpu\libgcc.a(_arm_addsubdf3.o)
 .ARM.attributes
                0x00000e41       0x22 c:/program files (x86)/atollic/truestudio for arm 8.0.0/armtools/bin/../lib/gcc/arm-atollic-eabi/6.3.1/armv7e-m/fpu\libgcc.a(_arm_muldivdf3.o)
 .ARM.attributes
                0x00000e63       0x22 c:/program files (x86)/atollic/truestudio for arm 8.0.0/armtools/bin/../lib/gcc/arm-atollic-eabi/6.3.1/armv7e-m/fpu\libgcc.a(_arm_cmpdf2.o)
 .ARM.attributes
                0x00000e85       0x22 c:/program files (x86)/atollic/truestudio for arm 8.0.0/armtools/bin/../lib/gcc/arm-atollic-eabi/6.3.1/armv7e-m/fpu\libgcc.a(_arm_unorddf2.o)
 .ARM.attributes
                0x00000ea7       0x22 c:/program files (x86)/atollic/truestudio for arm 8.0.0/armtools/bin/../lib/gcc/arm-atollic-eabi/6.3.1/armv7e-m/fpu\libgcc.a(_arm_fixunsdfsi.o)
 .ARM.attributes
                0x00000ec9       0x22 c:/program files (x86)/atollic/truestudio for arm 8.0.0/armtools/bin/../lib/gcc/arm-atollic-eabi/6.3.1/armv7e-m/fpu\libgcc.a(_arm_addsubsf3.o)
 .ARM.attributes
                0x00000eeb       0x34 c:/program files (x86)/atollic/truestudio for arm 8.0.0/armtools/bin/../lib/gcc/arm-atollic-eabi/6.3.1/armv7e-m/fpu\libgcc.a(_fixunssfdi.o)
 .ARM.attributes
                0x00000f1f       0x34 c:/program files (x86)/atollic/truestudio for arm 8.0.0/armtools/bin/../lib/gcc/arm-atollic-eabi/6.3.1/../../../../arm-atollic-eabi/lib/armv7e-m/fpu\libnosys.a(sbrk.o)
 .ARM.attributes
                0x00000f53       0x22 c:/program files (x86)/atollic/truestudio for arm 8.0.0/armtools/bin/../lib/gcc/arm-atollic-eabi/6.3.1/armv7e-m/fpu/crtn.o
OUTPUT(edesign19231865.elf elf32-littlearm)

.debug_info     0x00000000    0x35fa2
 .debug_info    0x00000000      0xf54 Drivers\STM32F3xx_HAL_Driver\Src\stm32f3xx_hal.o
 .debug_info    0x00000f54     0x12f2 Drivers\STM32F3xx_HAL_Driver\Src\stm32f3xx_hal_adc.o
 .debug_info    0x00002246     0x2291 Drivers\STM32F3xx_HAL_Driver\Src\stm32f3xx_hal_adc_ex.o
 .debug_info    0x000044d7     0x149c Drivers\STM32F3xx_HAL_Driver\Src\stm32f3xx_hal_cortex.o
 .debug_info    0x00005973     0x1046 Drivers\STM32F3xx_HAL_Driver\Src\stm32f3xx_hal_dma.o
 .debug_info    0x000069b9      0xe92 Drivers\STM32F3xx_HAL_Driver\Src\stm32f3xx_hal_flash.o
 .debug_info    0x0000784b     0x1330 Drivers\STM32F3xx_HAL_Driver\Src\stm32f3xx_hal_flash_ex.o
 .debug_info    0x00008b7b      0xf9e Drivers\STM32F3xx_HAL_Driver\Src\stm32f3xx_hal_gpio.o
 .debug_info    0x00009b19     0x44aa Drivers\STM32F3xx_HAL_Driver\Src\stm32f3xx_hal_i2c.o
 .debug_info    0x0000dfc3     0x1152 Drivers\STM32F3xx_HAL_Driver\Src\stm32f3xx_hal_i2c_ex.o
 .debug_info    0x0000f115      0xdcc Drivers\STM32F3xx_HAL_Driver\Src\stm32f3xx_hal_pwr.o
 .debug_info    0x0000fee1     0x1b46 Drivers\STM32F3xx_HAL_Driver\Src\stm32f3xx_hal_rcc.o
 .debug_info    0x00011a27      0xe93 Drivers\STM32F3xx_HAL_Driver\Src\stm32f3xx_hal_rcc_ex.o
 .debug_info    0x000128ba     0x18f6 Drivers\STM32F3xx_HAL_Driver\Src\stm32f3xx_hal_rtc.o
 .debug_info    0x000141b0     0x17ad Drivers\STM32F3xx_HAL_Driver\Src\stm32f3xx_hal_rtc_ex.o
 .debug_info    0x0001595d     0x227f Drivers\STM32F3xx_HAL_Driver\Src\stm32f3xx_hal_uart.o
 .debug_info    0x00017bdc     0x1137 Drivers\STM32F3xx_HAL_Driver\Src\stm32f3xx_hal_uart_ex.o
 .debug_info    0x00018d13     0x1804 Src\adc_comms.o
 .debug_info    0x0001a517     0x202a Src\flash_memory.o
 .debug_info    0x0001c541     0x1d70 Src\functions.o
 .debug_info    0x0001e2b1     0x1b27 Src\heating_schedule.o
 .debug_info    0x0001fdd8     0x24f2 Src\init_iqs263.o
 .debug_info    0x000222ca     0x1eb5 Src\initilize_peripherals.o
 .debug_info    0x0002417f     0x176d Src\liters_pumped.o
 .debug_info    0x000258ec     0x2cb9 Src\main.o
 .debug_info    0x000285a5     0x19c9 Src\seven_segment.o
 .debug_info    0x00029f6e     0x2162 Src\seven_segment_display.o
 .debug_info    0x0002c0d0     0x1fb6 Src\stm32f3xx_hal_msp.o
 .debug_info    0x0002e086     0x1aac Src\stm32f3xx_it.o
 .debug_info    0x0002fb32      0xc24 Src\system_stm32f3xx.o
 .debug_info    0x00030756     0x26d4 Src\uart_comms.o
 .debug_info    0x00032e2a     0x1dd2 Src\user_main.o
 .debug_info    0x00034bfc     0x1324 Src\variables.o
 .debug_info    0x00035f20       0x82 startup\startup_stm32f334x8.o

.debug_abbrev   0x00000000     0x552a
 .debug_abbrev  0x00000000      0x2b6 Drivers\STM32F3xx_HAL_Driver\Src\stm32f3xx_hal.o
 .debug_abbrev  0x000002b6      0x24f Drivers\STM32F3xx_HAL_Driver\Src\stm32f3xx_hal_adc.o
 .debug_abbrev  0x00000505      0x369 Drivers\STM32F3xx_HAL_Driver\Src\stm32f3xx_hal_adc_ex.o
 .debug_abbrev  0x0000086e      0x377 Drivers\STM32F3xx_HAL_Driver\Src\stm32f3xx_hal_cortex.o
 .debug_abbrev  0x00000be5      0x2b7 Drivers\STM32F3xx_HAL_Driver\Src\stm32f3xx_hal_dma.o
 .debug_abbrev  0x00000e9c      0x376 Drivers\STM32F3xx_HAL_Driver\Src\stm32f3xx_hal_flash.o
 .debug_abbrev  0x00001212      0x398 Drivers\STM32F3xx_HAL_Driver\Src\stm32f3xx_hal_flash_ex.o
 .debug_abbrev  0x000015aa      0x27a Drivers\STM32F3xx_HAL_Driver\Src\stm32f3xx_hal_gpio.o
 .debug_abbrev  0x00001824      0x3ed Drivers\STM32F3xx_HAL_Driver\Src\stm32f3xx_hal_i2c.o
 .debug_abbrev  0x00001c11      0x21b Drivers\STM32F3xx_HAL_Driver\Src\stm32f3xx_hal_i2c_ex.o
 .debug_abbrev  0x00001e2c      0x205 Drivers\STM32F3xx_HAL_Driver\Src\stm32f3xx_hal_pwr.o
 .debug_abbrev  0x00002031      0x357 Drivers\STM32F3xx_HAL_Driver\Src\stm32f3xx_hal_rcc.o
 .debug_abbrev  0x00002388      0x319 Drivers\STM32F3xx_HAL_Driver\Src\stm32f3xx_hal_rcc_ex.o
 .debug_abbrev  0x000026a1      0x34a Drivers\STM32F3xx_HAL_Driver\Src\stm32f3xx_hal_rtc.o
 .debug_abbrev  0x000029eb      0x2d8 Drivers\STM32F3xx_HAL_Driver\Src\stm32f3xx_hal_rtc_ex.o
 .debug_abbrev  0x00002cc3      0x3b5 Drivers\STM32F3xx_HAL_Driver\Src\stm32f3xx_hal_uart.o
 .debug_abbrev  0x00003078      0x28c Drivers\STM32F3xx_HAL_Driver\Src\stm32f3xx_hal_uart_ex.o
 .debug_abbrev  0x00003304      0x1ff Src\adc_comms.o
 .debug_abbrev  0x00003503      0x22c Src\flash_memory.o
 .debug_abbrev  0x0000372f      0x207 Src\functions.o
 .debug_abbrev  0x00003936      0x215 Src\heating_schedule.o
 .debug_abbrev  0x00003b4b      0x21f Src\init_iqs263.o
 .debug_abbrev  0x00003d6a      0x212 Src\initilize_peripherals.o
 .debug_abbrev  0x00003f7c      0x1ea Src\liters_pumped.o
 .debug_abbrev  0x00004166      0x2df Src\main.o
 .debug_abbrev  0x00004445      0x210 Src\seven_segment.o
 .debug_abbrev  0x00004655      0x220 Src\seven_segment_display.o
 .debug_abbrev  0x00004875      0x2c3 Src\stm32f3xx_hal_msp.o
 .debug_abbrev  0x00004b38      0x232 Src\stm32f3xx_it.o
 .debug_abbrev  0x00004d6a      0x1cd Src\system_stm32f3xx.o
 .debug_abbrev  0x00004f37      0x237 Src\uart_comms.o
 .debug_abbrev  0x0000516e      0x1fa Src\user_main.o
 .debug_abbrev  0x00005368      0x1b0 Src\variables.o
 .debug_abbrev  0x00005518       0x12 startup\startup_stm32f334x8.o

.debug_loc      0x00000000     0xd723
 .debug_loc     0x00000000       0x69 Drivers\STM32F3xx_HAL_Driver\Src\stm32f3xx_hal.o
 .debug_loc     0x00000069      0x108 Drivers\STM32F3xx_HAL_Driver\Src\stm32f3xx_hal_adc.o
 .debug_loc     0x00000171     0x1c3c Drivers\STM32F3xx_HAL_Driver\Src\stm32f3xx_hal_adc_ex.o
 .debug_loc     0x00001dad      0x619 Drivers\STM32F3xx_HAL_Driver\Src\stm32f3xx_hal_cortex.o
 .debug_loc     0x000023c6      0x65a Drivers\STM32F3xx_HAL_Driver\Src\stm32f3xx_hal_dma.o
 .debug_loc     0x00002a20      0x2ed Drivers\STM32F3xx_HAL_Driver\Src\stm32f3xx_hal_flash.o
 .debug_loc     0x00002d0d      0x675 Drivers\STM32F3xx_HAL_Driver\Src\stm32f3xx_hal_flash_ex.o
 .debug_loc     0x00003382      0x3ba Drivers\STM32F3xx_HAL_Driver\Src\stm32f3xx_hal_gpio.o
 .debug_loc     0x0000373c     0x533b Drivers\STM32F3xx_HAL_Driver\Src\stm32f3xx_hal_i2c.o
 .debug_loc     0x00008a77      0x196 Drivers\STM32F3xx_HAL_Driver\Src\stm32f3xx_hal_i2c_ex.o
 .debug_loc     0x00008c0d       0x8d Drivers\STM32F3xx_HAL_Driver\Src\stm32f3xx_hal_pwr.o
 .debug_loc     0x00008c9a      0x908 Drivers\STM32F3xx_HAL_Driver\Src\stm32f3xx_hal_rcc.o
 .debug_loc     0x000095a2      0x4dd Drivers\STM32F3xx_HAL_Driver\Src\stm32f3xx_hal_rcc_ex.o
 .debug_loc     0x00009a7f     0x1095 Drivers\STM32F3xx_HAL_Driver\Src\stm32f3xx_hal_rtc.o
 .debug_loc     0x0000ab14      0xd39 Drivers\STM32F3xx_HAL_Driver\Src\stm32f3xx_hal_rtc_ex.o
 .debug_loc     0x0000b84d     0x1770 Drivers\STM32F3xx_HAL_Driver\Src\stm32f3xx_hal_uart.o
 .debug_loc     0x0000cfbd      0x360 Drivers\STM32F3xx_HAL_Driver\Src\stm32f3xx_hal_uart_ex.o
 .debug_loc     0x0000d31d       0x48 Src\flash_memory.o
 .debug_loc     0x0000d365       0x21 Src\functions.o
 .debug_loc     0x0000d386       0x1e Src\main.o
 .debug_loc     0x0000d3a4      0x11b Src\seven_segment_display.o
 .debug_loc     0x0000d4bf      0x13c Src\stm32f3xx_hal_msp.o
 .debug_loc     0x0000d5fb      0x109 Src\system_stm32f3xx.o
 .debug_loc     0x0000d704       0x1f Src\uart_comms.o

.debug_aranges  0x00000000      0xeb8
 .debug_aranges
                0x00000000       0xc0 Drivers\STM32F3xx_HAL_Driver\Src\stm32f3xx_hal.o
 .debug_aranges
                0x000000c0       0x60 Drivers\STM32F3xx_HAL_Driver\Src\stm32f3xx_hal_adc.o
 .debug_aranges
                0x00000120      0x150 Drivers\STM32F3xx_HAL_Driver\Src\stm32f3xx_hal_adc_ex.o
 .debug_aranges
                0x00000270       0x90 Drivers\STM32F3xx_HAL_Driver\Src\stm32f3xx_hal_cortex.o
 .debug_aranges
                0x00000300       0x78 Drivers\STM32F3xx_HAL_Driver\Src\stm32f3xx_hal_dma.o
 .debug_aranges
                0x00000378       0x78 Drivers\STM32F3xx_HAL_Driver\Src\stm32f3xx_hal_flash.o
 .debug_aranges
                0x000003f0       0x58 Drivers\STM32F3xx_HAL_Driver\Src\stm32f3xx_hal_flash_ex.o
 .debug_aranges
                0x00000448       0x58 Drivers\STM32F3xx_HAL_Driver\Src\stm32f3xx_hal_gpio.o
 .debug_aranges
                0x000004a0      0x1e8 Drivers\STM32F3xx_HAL_Driver\Src\stm32f3xx_hal_i2c.o
 .debug_aranges
                0x00000688       0x48 Drivers\STM32F3xx_HAL_Driver\Src\stm32f3xx_hal_i2c_ex.o
 .debug_aranges
                0x000006d0       0x78 Drivers\STM32F3xx_HAL_Driver\Src\stm32f3xx_hal_pwr.o
 .debug_aranges
                0x00000748       0x88 Drivers\STM32F3xx_HAL_Driver\Src\stm32f3xx_hal_rcc.o
 .debug_aranges
                0x000007d0       0x30 Drivers\STM32F3xx_HAL_Driver\Src\stm32f3xx_hal_rcc_ex.o
 .debug_aranges
                0x00000800       0xa8 Drivers\STM32F3xx_HAL_Driver\Src\stm32f3xx_hal_rtc.o
 .debug_aranges
                0x000008a8      0x100 Drivers\STM32F3xx_HAL_Driver\Src\stm32f3xx_hal_rtc_ex.o
 .debug_aranges
                0x000009a8      0x198 Drivers\STM32F3xx_HAL_Driver\Src\stm32f3xx_hal_uart.o
 .debug_aranges
                0x00000b40       0x48 Drivers\STM32F3xx_HAL_Driver\Src\stm32f3xx_hal_uart_ex.o
 .debug_aranges
                0x00000b88       0x20 Src\adc_comms.o
 .debug_aranges
                0x00000ba8       0x28 Src\flash_memory.o
 .debug_aranges
                0x00000bd0       0x50 Src\functions.o
 .debug_aranges
                0x00000c20       0x28 Src\heating_schedule.o
 .debug_aranges
                0x00000c48       0x28 Src\init_iqs263.o
 .debug_aranges
                0x00000c70       0x20 Src\initilize_peripherals.o
 .debug_aranges
                0x00000c90       0x20 Src\liters_pumped.o
 .debug_aranges
                0x00000cb0       0x60 Src\main.o
 .debug_aranges
                0x00000d10       0x20 Src\seven_segment.o
 .debug_aranges
                0x00000d30       0x20 Src\seven_segment_display.o
 .debug_aranges
                0x00000d50       0x60 Src\stm32f3xx_hal_msp.o
 .debug_aranges
                0x00000db0       0x60 Src\stm32f3xx_it.o
 .debug_aranges
                0x00000e10       0x28 Src\system_stm32f3xx.o
 .debug_aranges
                0x00000e38       0x20 Src\uart_comms.o
 .debug_aranges
                0x00000e58       0x20 Src\user_main.o
 .debug_aranges
                0x00000e78       0x18 Src\variables.o
 .debug_aranges
                0x00000e90       0x28 startup\startup_stm32f334x8.o

.debug_ranges   0x00000000     0x1ef0
 .debug_ranges  0x00000000       0xb0 Drivers\STM32F3xx_HAL_Driver\Src\stm32f3xx_hal.o
 .debug_ranges  0x000000b0       0x50 Drivers\STM32F3xx_HAL_Driver\Src\stm32f3xx_hal_adc.o
 .debug_ranges  0x00000100      0x140 Drivers\STM32F3xx_HAL_Driver\Src\stm32f3xx_hal_adc_ex.o
 .debug_ranges  0x00000240      0x148 Drivers\STM32F3xx_HAL_Driver\Src\stm32f3xx_hal_cortex.o
 .debug_ranges  0x00000388      0x128 Drivers\STM32F3xx_HAL_Driver\Src\stm32f3xx_hal_dma.o
 .debug_ranges  0x000004b0       0xd8 Drivers\STM32F3xx_HAL_Driver\Src\stm32f3xx_hal_flash.o
 .debug_ranges  0x00000588      0x1b0 Drivers\STM32F3xx_HAL_Driver\Src\stm32f3xx_hal_flash_ex.o
 .debug_ranges  0x00000738       0x60 Drivers\STM32F3xx_HAL_Driver\Src\stm32f3xx_hal_gpio.o
 .debug_ranges  0x00000798      0xa40 Drivers\STM32F3xx_HAL_Driver\Src\stm32f3xx_hal_i2c.o
 .debug_ranges  0x000011d8       0x78 Drivers\STM32F3xx_HAL_Driver\Src\stm32f3xx_hal_i2c_ex.o
 .debug_ranges  0x00001250       0x68 Drivers\STM32F3xx_HAL_Driver\Src\stm32f3xx_hal_pwr.o
 .debug_ranges  0x000012b8      0x270 Drivers\STM32F3xx_HAL_Driver\Src\stm32f3xx_hal_rcc.o
 .debug_ranges  0x00001528       0xb0 Drivers\STM32F3xx_HAL_Driver\Src\stm32f3xx_hal_rcc_ex.o
 .debug_ranges  0x000015d8      0x380 Drivers\STM32F3xx_HAL_Driver\Src\stm32f3xx_hal_rtc.o
 .debug_ranges  0x00001958       0xf0 Drivers\STM32F3xx_HAL_Driver\Src\stm32f3xx_hal_rtc_ex.o
 .debug_ranges  0x00001a48      0x1a0 Drivers\STM32F3xx_HAL_Driver\Src\stm32f3xx_hal_uart.o
 .debug_ranges  0x00001be8       0x38 Drivers\STM32F3xx_HAL_Driver\Src\stm32f3xx_hal_uart_ex.o
 .debug_ranges  0x00001c20       0x10 Src\adc_comms.o
 .debug_ranges  0x00001c30       0x18 Src\flash_memory.o
 .debug_ranges  0x00001c48       0x40 Src\functions.o
 .debug_ranges  0x00001c88       0x18 Src\heating_schedule.o
 .debug_ranges  0x00001ca0       0x18 Src\init_iqs263.o
 .debug_ranges  0x00001cb8       0x10 Src\initilize_peripherals.o
 .debug_ranges  0x00001cc8       0x10 Src\liters_pumped.o
 .debug_ranges  0x00001cd8       0x50 Src\main.o
 .debug_ranges  0x00001d28       0x10 Src\seven_segment.o
 .debug_ranges  0x00001d38       0x10 Src\seven_segment_display.o
 .debug_ranges  0x00001d48      0x100 Src\stm32f3xx_hal_msp.o
 .debug_ranges  0x00001e48       0x50 Src\stm32f3xx_it.o
 .debug_ranges  0x00001e98       0x18 Src\system_stm32f3xx.o
 .debug_ranges  0x00001eb0       0x10 Src\uart_comms.o
 .debug_ranges  0x00001ec0       0x10 Src\user_main.o
 .debug_ranges  0x00001ed0       0x20 startup\startup_stm32f334x8.o

.debug_macro    0x00000000    0x22f4e
 .debug_macro   0x00000000      0x356 Drivers\STM32F3xx_HAL_Driver\Src\stm32f3xx_hal.o
 .debug_macro   0x00000356      0x8b6 Drivers\STM32F3xx_HAL_Driver\Src\stm32f3xx_hal.o
 .debug_macro   0x00000c0c      0x13c Drivers\STM32F3xx_HAL_Driver\Src\stm32f3xx_hal.o
 .debug_macro   0x00000d48       0xab Drivers\STM32F3xx_HAL_Driver\Src\stm32f3xx_hal.o
 .debug_macro   0x00000df3       0x2f Drivers\STM32F3xx_HAL_Driver\Src\stm32f3xx_hal.o
 .debug_macro   0x00000e22       0x28 Drivers\STM32F3xx_HAL_Driver\Src\stm32f3xx_hal.o