Archive member included to satisfy reference by file (symbol)

c:/program files (x86)/atollic/truestudio for arm 8.0.0/armtools/bin/../lib/gcc/arm-atollic-eabi/6.3.1/../../../../arm-atollic-eabi/lib/armv7e-m/fpu\libc_nano.a(lib_a-init.o)
                              startup\startup_stm32f334x8.o (__libc_init_array)
c:/program files (x86)/atollic/truestudio for arm 8.0.0/armtools/bin/../lib/gcc/arm-atollic-eabi/6.3.1/../../../../arm-atollic-eabi/lib/armv7e-m/fpu\libc_nano.a(lib_a-malloc.o)
                              Src\initilize_peripherals.o (malloc)
c:/program files (x86)/atollic/truestudio for arm 8.0.0/armtools/bin/../lib/gcc/arm-atollic-eabi/6.3.1/../../../../arm-atollic-eabi/lib/armv7e-m/fpu\libc_nano.a(lib_a-memcpy-stub.o)
                              Src\uart_comms.o (memcpy)
c:/program files (x86)/atollic/truestudio for arm 8.0.0/armtools/bin/../lib/gcc/arm-atollic-eabi/6.3.1/../../../../arm-atollic-eabi/lib/armv7e-m/fpu\libc_nano.a(lib_a-memset.o)
                              Src\initilize_peripherals.o (memset)
c:/program files (x86)/atollic/truestudio for arm 8.0.0/armtools/bin/../lib/gcc/arm-atollic-eabi/6.3.1/../../../../arm-atollic-eabi/lib/armv7e-m/fpu\libc_nano.a(lib_a-nano-freer.o)
                              c:/program files (x86)/atollic/truestudio for arm 8.0.0/armtools/bin/../lib/gcc/arm-atollic-eabi/6.3.1/../../../../arm-atollic-eabi/lib/armv7e-m/fpu\libc_nano.a(lib_a-malloc.o) (_free_r)
c:/program files (x86)/atollic/truestudio for arm 8.0.0/armtools/bin/../lib/gcc/arm-atollic-eabi/6.3.1/../../../../arm-atollic-eabi/lib/armv7e-m/fpu\libc_nano.a(lib_a-nano-mallocr.o)
                              c:/program files (x86)/atollic/truestudio for arm 8.0.0/armtools/bin/../lib/gcc/arm-atollic-eabi/6.3.1/../../../../arm-atollic-eabi/lib/armv7e-m/fpu\libc_nano.a(lib_a-malloc.o) (_malloc_r)
c:/program files (x86)/atollic/truestudio for arm 8.0.0/armtools/bin/../lib/gcc/arm-atollic-eabi/6.3.1/../../../../arm-atollic-eabi/lib/armv7e-m/fpu\libc_nano.a(lib_a-sbrkr.o)
                              c:/program files (x86)/atollic/truestudio for arm 8.0.0/armtools/bin/../lib/gcc/arm-atollic-eabi/6.3.1/../../../../arm-atollic-eabi/lib/armv7e-m/fpu\libc_nano.a(lib_a-nano-mallocr.o) (_sbrk_r)
c:/program files (x86)/atollic/truestudio for arm 8.0.0/armtools/bin/../lib/gcc/arm-atollic-eabi/6.3.1/../../../../arm-atollic-eabi/lib/armv7e-m/fpu\libc_nano.a(lib_a-sprintf.o)
                              Src\adc_comms.o (sprintf)
c:/program files (x86)/atollic/truestudio for arm 8.0.0/armtools/bin/../lib/gcc/arm-atollic-eabi/6.3.1/../../../../arm-atollic-eabi/lib/armv7e-m/fpu\libc_nano.a(lib_a-strlen.o)
                              Src\uart_comms.o (strlen)
c:/program files (x86)/atollic/truestudio for arm 8.0.0/armtools/bin/../lib/gcc/arm-atollic-eabi/6.3.1/../../../../arm-atollic-eabi/lib/armv7e-m/fpu\libc_nano.a(lib_a-strtok.o)
                              Src\uart_comms.o (strtok)
c:/program files (x86)/atollic/truestudio for arm 8.0.0/armtools/bin/../lib/gcc/arm-atollic-eabi/6.3.1/../../../../arm-atollic-eabi/lib/armv7e-m/fpu\libc_nano.a(lib_a-strtok_r.o)
                              c:/program files (x86)/atollic/truestudio for arm 8.0.0/armtools/bin/../lib/gcc/arm-atollic-eabi/6.3.1/../../../../arm-atollic-eabi/lib/armv7e-m/fpu\libc_nano.a(lib_a-strtok.o) (__strtok_r)
c:/program files (x86)/atollic/truestudio for arm 8.0.0/armtools/bin/../lib/gcc/arm-atollic-eabi/6.3.1/../../../../arm-atollic-eabi/lib/armv7e-m/fpu\libc_nano.a(lib_a-impure.o)
                              c:/program files (x86)/atollic/truestudio for arm 8.0.0/armtools/bin/../lib/gcc/arm-atollic-eabi/6.3.1/../../../../arm-atollic-eabi/lib/armv7e-m/fpu\libc_nano.a(lib_a-malloc.o) (_impure_ptr)
c:/program files (x86)/atollic/truestudio for arm 8.0.0/armtools/bin/../lib/gcc/arm-atollic-eabi/6.3.1/../../../../arm-atollic-eabi/lib/armv7e-m/fpu\libc_nano.a(lib_a-mlock.o)
                              c:/program files (x86)/atollic/truestudio for arm 8.0.0/armtools/bin/../lib/gcc/arm-atollic-eabi/6.3.1/../../../../arm-atollic-eabi/lib/armv7e-m/fpu\libc_nano.a(lib_a-nano-freer.o) (__malloc_lock)
c:/program files (x86)/atollic/truestudio for arm 8.0.0/armtools/bin/../lib/gcc/arm-atollic-eabi/6.3.1/../../../../arm-atollic-eabi/lib/armv7e-m/fpu\libc_nano.a(lib_a-nano-svfprintf.o)
                              c:/program files (x86)/atollic/truestudio for arm 8.0.0/armtools/bin/../lib/gcc/arm-atollic-eabi/6.3.1/../../../../arm-atollic-eabi/lib/armv7e-m/fpu\libc_nano.a(lib_a-sprintf.o) (_svfprintf_r)
c:/program files (x86)/atollic/truestudio for arm 8.0.0/armtools/bin/../lib/gcc/arm-atollic-eabi/6.3.1/../../../../arm-atollic-eabi/lib/armv7e-m/fpu\libc_nano.a(lib_a-nano-vfprintf_i.o)
                              c:/program files (x86)/atollic/truestudio for arm 8.0.0/armtools/bin/../lib/gcc/arm-atollic-eabi/6.3.1/../../../../arm-atollic-eabi/lib/armv7e-m/fpu\libc_nano.a(lib_a-nano-svfprintf.o) (_printf_i)
[...]
Memory Configuration

Name             Origin             Length             Attributes
RAM              0x20000000         0x00003000         xrw
CCMRAM           0x10000000         0x00001000         rw
FLASH            0x08000000         0x00010000         xr
*default*        0x00000000         0xffffffff

Linker script and memory map

LOAD c:/program files (x86)/atollic/truestudio for arm 8.0.0/armtools/bin/../lib/gcc/arm-atollic-eabi/6.3.1/armv7e-m/fpu/crti.o
LOAD c:/program files (x86)/atollic/truestudio for arm 8.0.0/armtools/bin/../lib/gcc/arm-atollic-eabi/6.3.1/armv7e-m/fpu/crtbegin.o
LOAD Drivers\STM32F3xx_HAL_Driver\Src\stm32f3xx_hal.o
LOAD Drivers\STM32F3xx_HAL_Driver\Src\stm32f3xx_hal_adc.o
LOAD Drivers\STM32F3xx_HAL_Driver\Src\stm32f3xx_hal_adc_ex.o
LOAD Drivers\STM32F3xx_HAL_Driver\Src\stm32f3xx_hal_cortex.o
LOAD Drivers\STM32F3xx_HAL_Driver\Src\stm32f3xx_hal_dma.o
LOAD Drivers\STM32F3xx_HAL_Driver\Src\stm32f3xx_hal_flash.o
LOAD Drivers\STM32F3xx_HAL_Driver\Src\stm32f3xx_hal_flash_ex.o
LOAD Drivers\STM32F3xx_HAL_Driver\Src\stm32f3xx_hal_gpio.o
LOAD Drivers\STM32F3xx_HAL_Driver\Src\stm32f3xx_hal_i2c.o
LOAD Drivers\STM32F3xx_HAL_Driver\Src\stm32f3xx_hal_i2c_ex.o
LOAD Drivers\STM32F3xx_HAL_Driver\Src\stm32f3xx_hal_pwr.o
LOAD Drivers\STM32F3xx_HAL_Driver\Src\stm32f3xx_hal_pwr_ex.o
LOAD Drivers\STM32F3xx_HAL_Driver\Src\stm32f3xx_hal_rcc.o
LOAD Drivers\STM32F3xx_HAL_Driver\Src\stm32f3xx_hal_rcc_ex.o
LOAD Drivers\STM32F3xx_HAL_Driver\Src\stm32f3xx_hal_tim.o
LOAD Drivers\STM32F3xx_HAL_Driver\Src\stm32f3xx_hal_tim_ex.o
LOAD Drivers\STM32F3xx_HAL_Driver\Src\stm32f3xx_hal_uart.o
LOAD Drivers\STM32F3xx_HAL_Driver\Src\stm32f3xx_hal_uart_ex.o
LOAD Src\adc_comms.o
LOAD Src\functions.o
LOAD Src\heating_schedule.o
LOAD Src\initilize_peripherals.o
LOAD Src\liters_pumped.o
LOAD Src\main.o
LOAD Src\seven_segment.o
LOAD Src\seven_segment_display.o
LOAD Src\stm32f3xx_hal_msp.o
LOAD Src\stm32f3xx_it.o
LOAD Src\system_stm32f3xx.o
LOAD Src\uart_comms.o
LOAD Src\variables.o
LOAD startup\startup_stm32f334x8.o
                0x00000080                malloc_getpagesize_P = 0x80
START GROUP
LOAD c:/program files (x86)/atollic/truestudio for arm 8.0.0/armtools/bin/../lib/gcc/arm-atollic-eabi/6.3.1/../../../../arm-atollic-eabi/lib/armv7e-m/fpu\libc_nano.a
LOAD c:/program files (x86)/atollic/truestudio for arm 8.0.0/armtools/bin/../lib/gcc/arm-atollic-eabi/6.3.1/../../../../arm-atollic-eabi/lib/armv7e-m/fpu\libm.a
END GROUP
START GROUP
LOAD c:/program files (x86)/atollic/truestudio for arm 8.0.0/armtools/bin/../lib/gcc/arm-atollic-eabi/6.3.1/armv7e-m/fpu\libgcc.a
LOAD c:/program files (x86)/atollic/truestudio for arm 8.0.0/armtools/bin/../lib/gcc/arm-atollic-eabi/6.3.1/../../../../arm-atollic-eabi/lib/armv7e-m/fpu\libc_nano.a
END GROUP
START GROUP
LOAD c:/program files (x86)/atollic/truestudio for arm 8.0.0/armtools/bin/../lib/gcc/arm-atollic-eabi/6.3.1/armv7e-m/fpu\libgcc.a
LOAD c:/program files (x86)/atollic/truestudio for arm 8.0.0/armtools/bin/../lib/gcc/arm-atollic-eabi/6.3.1/../../../../arm-atollic-eabi/lib/armv7e-m/fpu\libc_nano.a
LOAD c:/program files (x86)/atollic/truestudio for arm 8.0.0/armtools/bin/../lib/gcc/arm-atollic-eabi/6.3.1/../../../../arm-atollic-eabi/lib/armv7e-m/fpu\libnosys.a
END GROUP
START GROUP
LOAD c:/program files (x86)/atollic/truestudio for arm 8.0.0/armtools/bin/../lib/gcc/arm-atollic-eabi/6.3.1/armv7e-m/fpu\libgcc.a
LOAD c:/program files (x86)/atollic/truestudio for arm 8.0.0/armtools/bin/../lib/gcc/arm-atollic-eabi/6.3.1/../../../../arm-atollic-eabi/lib/armv7e-m/fpu\libc_nano.a
LOAD c:/program files (x86)/atollic/truestudio for arm 8.0.0/armtools/bin/../lib/gcc/arm-atollic-eabi/6.3.1/../../../../arm-atollic-eabi/lib/armv7e-m/fpu\libnosys.a
END GROUP
LOAD c:/program files (x86)/atollic/truestudio for arm 8.0.0/armtools/bin/../lib/gcc/arm-atollic-eabi/6.3.1/armv7e-m/fpu/crtend.o
LOAD c:/program files (x86)/atollic/truestudio for arm 8.0.0/armtools/bin/../lib/gcc/arm-atollic-eabi/6.3.1/armv7e-m/fpu/crtn.o
                0x20003000                _estack = 0x20003000
                0x00000200                _Min_Heap_Size = 0x200
                0x00000400                _Min_Stack_Size = 0x400

.isr_vector     0x08000000      0x188
                0x08000000                . = ALIGN (0x4)
 *(.isr_vector)
 .isr_vector    0x08000000      0x188 startup\startup_stm32f334x8.o
                0x08000000                g_pfnVectors
                0x08000188                . = ALIGN (0x4)

.text           0x08000190     0x55d0
                0x08000190                . = ALIGN (0x4)
 *(.text)
 .text          0x08000190       0x40 c:/program files (x86)/atollic/truestudio for arm 8.0.0/armtools/bin/../lib/gcc/arm-atollic-eabi/6.3.1/armv7e-m/fpu/crtbegin.o
 .text          0x080001d0       0x10 c:/program files (x86)/atollic/truestudio for arm 8.0.0/armtools/bin/../lib/gcc/arm-atollic-eabi/6.3.1/../../../../arm-atollic-eabi/lib/armv7e-m/fpu\libc_nano.a(lib_a-strlen.o)
                0x080001d0                strlen
 .text          0x080001e0       0xa0 c:/program files (x86)/atollic/truestudio for arm 8.0.0/armtools/bin/../lib/gcc/arm-atollic-eabi/6.3.1/../../../../arm-atollic-eabi/lib/armv7e-m/fpu\libc_nano.a(lib_a-memchr.o)
                0x080001e0                memchr
 .text          0x08000280      0x370 c:/program files (x86)/atollic/truestudio for arm 8.0.0/armtools/bin/../lib/gcc/arm-atollic-eabi/6.3.1/armv7e-m/fpu\libgcc.a(_arm_addsubdf3.o)
                0x08000280                __aeabi_drsub
                0x08000288                __aeabi_dsub
                0x08000288                __subdf3
                0x0800028c                __aeabi_dadd
                0x0800028c                __adddf3
                0x08000504                __floatunsidf
                0x08000504                __aeabi_ui2d
                0x08000524                __floatsidf
                0x08000524                __aeabi_i2d
                0x08000548                __aeabi_f2d
                0x08000548                __extendsfdf2
                0x08000584                __floatundidf
                0x08000584                __aeabi_ul2d
                0x08000594                __floatdidf
                0x08000594                __aeabi_l2d
 .text          0x080005f0      0x424 c:/program files (x86)/atollic/truestudio for arm 8.0.0/armtools/bin/../lib/gcc/arm-atollic-eabi/6.3.1/armv7e-m/fpu\libgcc.a(_arm_muldivdf3.o)
                0x080005f0                __aeabi_dmul
                0x080005f0                __muldf3
                0x08000844                __divdf3
                0x08000844                __aeabi_ddiv
 .text          0x08000a14      0x110 c:/program files (x86)/atollic/truestudio for arm 8.0.0/armtools/bin/../lib/gcc/arm-atollic-eabi/6.3.1/armv7e-m/fpu\libgcc.a(_arm_cmpdf2.o)
                0x08000a14                __gtdf2
                0x08000a14                __gedf2
                0x08000a1c                __ltdf2
                0x08000a1c                __ledf2
                0x08000a24                __nedf2
                0x08000a24                __eqdf2
                0x08000a24                __cmpdf2
                0x08000aa0                __aeabi_cdrcmple
                0x08000ab0                __aeabi_cdcmpeq
                0x08000ab0                __aeabi_cdcmple
                0x08000ac0                __aeabi_dcmpeq
                0x08000ad4                __aeabi_dcmplt
                0x08000ae8                __aeabi_dcmple
                0x08000afc                __aeabi_dcmpge
                0x08000b10                __aeabi_dcmpgt
 .text          0x08000b24       0x2c c:/program files (x86)/atollic/truestudio for arm 8.0.0/armtools/bin/../lib/gcc/arm-atollic-eabi/6.3.1/armv7e-m/fpu\libgcc.a(_arm_unorddf2.o)
                0x08000b24                __unorddf2
                0x08000b24                __aeabi_dcmpun
 .text          0x08000b50       0x40 c:/program files (x86)/atollic/truestudio for arm 8.0.0/armtools/bin/../lib/gcc/arm-atollic-eabi/6.3.1/armv7e-m/fpu\libgcc.a(_arm_fixunsdfsi.o)
                0x08000b50                __aeabi_d2uiz
                0x08000b50                __fixunsdfsi
 .text          0x08000b90       0x30 c:/program files (x86)/atollic/truestudio for arm 8.0.0/armtools/bin/../lib/gcc/arm-atollic-eabi/6.3.1/armv7e-m/fpu\libgcc.a(_aeabi_uldivmod.o)
                0x08000b90                __aeabi_uldivmod
 .text          0x08000bc0       0x48 c:/program files (x86)/atollic/truestudio for arm 8.0.0/armtools/bin/../lib/gcc/arm-atollic-eabi/6.3.1/armv7e-m/fpu\libgcc.a(_fixunsdfdi.o)
                0x08000bc0                __fixunsdfdi
                0x08000bc0                __aeabi_d2ulz
 .text          0x08000c08      0x2dc c:/program files (x86)/atollic/truestudio for arm 8.0.0/armtools/bin/../lib/gcc/arm-atollic-eabi/6.3.1/armv7e-m/fpu\libgcc.a(_udivmoddi4.o)
                0x08000c08                __udivmoddi4
 .text          0x08000ee4        0x4 c:/program files (x86)/atollic/truestudio for arm 8.0.0/armtools/bin/../lib/gcc/arm-atollic-eabi/6.3.1/armv7e-m/fpu\libgcc.a(_dvmd_tls.o)
                0x08000ee4                __aeabi_idiv0
                0x08000ee4                __aeabi_ldiv0
 *(.text*)
 .text.HAL_InitTick
                0x08000ee8       0x2c Drivers\STM32F3xx_HAL_Driver\Src\stm32f3xx_hal.o
                0x08000ee8                HAL_InitTick
 .text.HAL_Init
                0x08000f14       0x24 Drivers\STM32F3xx_HAL_Driver\Src\stm32f3xx_hal.o
                0x08000f14                HAL_Init
 .text.HAL_IncTick
                0x08000f38       0x10 Drivers\STM32F3xx_HAL_Driver\Src\stm32f3xx_hal.o
                0x08000f38                HAL_IncTick
 .text.HAL_GetTick
                0x08000f48        0xc Drivers\STM32F3xx_HAL_Driver\Src\stm32f3xx_hal.o
                0x08000f48                HAL_GetTick
 .text.HAL_ADC_ConvHalfCpltCallback
                0x08000f54        0x2 Drivers\STM32F3xx_HAL_Driver\Src\stm32f3xx_hal_adc.o
                0x08000f54                HAL_ADC_ConvHalfCpltCallback
 .text.HAL_ADC_ErrorCallback
                0x08000f56        0x2 Drivers\STM32F3xx_HAL_Driver\Src\stm32f3xx_hal_adc.o
                0x08000f56                HAL_ADC_ErrorCallback
 .text.ADC_Disable
                0x08000f58       0x88 Drivers\STM32F3xx_HAL_Driver\Src\stm32f3xx_hal_adc_ex.o
 .text.ADC_ConversionStop
                0x08000fe0       0xd8 Drivers\STM32F3xx_HAL_Driver\Src\stm32f3xx_hal_adc_ex.o
 .text.ADC_Enable
                0x080010b8       0x84 Drivers\STM32F3xx_HAL_Driver\Src\stm32f3xx_hal_adc_ex.o
 .text.ADC_DMAError
                0x0800113c       0x1a Drivers\STM32F3xx_HAL_Driver\Src\stm32f3xx_hal_adc_ex.o
 .text.ADC_DMAHalfConvCplt
                0x08001156        0xa Drivers\STM32F3xx_HAL_Driver\Src\stm32f3xx_hal_adc_ex.o
 .text.ADC_DMAConvCplt
                0x08001160       0x4a Drivers\STM32F3xx_HAL_Driver\Src\stm32f3xx_hal_adc_ex.o
 *fill*         0x080011aa        0x2 
 .text.HAL_ADC_Init
                0x080011ac      0x21c Drivers\STM32F3xx_HAL_Driver\Src\stm32f3xx_hal_adc_ex.o
                0x080011ac                HAL_ADC_Init
 .text.HAL_ADC_Start_DMA
                0x080013c8      0x130 Drivers\STM32F3xx_HAL_Driver\Src\stm32f3xx_hal_adc_ex.o
                0x080013c8                HAL_ADC_Start_DMA
 .text.HAL_ADC_Stop_DMA
                0x080014f8       0x78 Drivers\STM32F3xx_HAL_Driver\Src\stm32f3xx_hal_adc_ex.o
                0x080014f8                HAL_ADC_Stop_DMA
 .text.HAL_ADCEx_Calibration_Start
                0x08001570       0x8e Drivers\STM32F3xx_HAL_Driver\Src\stm32f3xx_hal_adc_ex.o
                0x08001570                HAL_ADCEx_Calibration_Start
 *fill*         0x080015fe        0x2 
 .text.HAL_ADC_ConfigChannel
                0x08001600      0x384 Drivers\STM32F3xx_HAL_Driver\Src\stm32f3xx_hal_adc_ex.o
                0x08001600                HAL_ADC_ConfigChannel
 .text.HAL_NVIC_SetPriorityGrouping
                0x08001984       0x24 Drivers\STM32F3xx_HAL_Driver\Src\stm32f3xx_hal_cortex.o
                0x08001984                HAL_NVIC_SetPriorityGrouping
 .text.HAL_NVIC_SetPriority
                0x080019a8       0x64 Drivers\STM32F3xx_HAL_Driver\Src\stm32f3xx_hal_cortex.o
                0x080019a8                HAL_NVIC_SetPriority
 .text.HAL_NVIC_EnableIRQ
                0x08001a0c       0x18 Drivers\STM32F3xx_HAL_Driver\Src\stm32f3xx_hal_cortex.o
                0x08001a0c                HAL_NVIC_EnableIRQ
 .text.HAL_SYSTICK_Config
                0x08001a24       0x2c Drivers\STM32F3xx_HAL_Driver\Src\stm32f3xx_hal_cortex.o
                0x08001a24                HAL_SYSTICK_Config
 .text.HAL_SYSTICK_CLKSourceConfig
                0x08001a50       0x20 Drivers\STM32F3xx_HAL_Driver\Src\stm32f3xx_hal_cortex.o
                0x08001a50                HAL_SYSTICK_CLKSourceConfig
 .text.HAL_SYSTICK_Callback
                0x08001a70        0x2 Drivers\STM32F3xx_HAL_Driver\Src\stm32f3xx_hal_cortex.o
                0x08001a70                HAL_SYSTICK_Callback
 .text.HAL_SYSTICK_IRQHandler
                0x08001a72        0x8 Drivers\STM32F3xx_HAL_Driver\Src\stm32f3xx_hal_cortex.o
                0x08001a72                HAL_SYSTICK_IRQHandler
 .text.DMA_SetConfig
                0x08001a7a       0x2c Drivers\STM32F3xx_HAL_Driver\Src\stm32f3xx_hal_dma.o
 *fill*         0x08001aa6        0x2 
 .text.DMA_CalcBaseAndBitshift
                0x08001aa8       0x24 Drivers\STM32F3xx_HAL_Driver\Src\stm32f3xx_hal_dma.o
 .text.HAL_DMA_Init
                0x08001acc       0x58 Drivers\STM32F3xx_HAL_Driver\Src\stm32f3xx_hal_dma.o
                0x08001acc                HAL_DMA_Init
 .text.HAL_DMA_Start_IT
                0x08001b24       0x74 Drivers\STM32F3xx_HAL_Driver\Src\stm32f3xx_hal_dma.o
                0x08001b24                HAL_DMA_Start_IT
 .text.HAL_DMA_Abort
                0x08001b98       0x2e Drivers\STM32F3xx_HAL_Driver\Src\stm32f3xx_hal_dma.o
                0x08001b98                HAL_DMA_Abort
 .text.HAL_DMA_Abort_IT
                0x08001bc6       0x4a Drivers\STM32F3xx_HAL_Driver\Src\stm32f3xx_hal_dma.o
                0x08001bc6                HAL_DMA_Abort_IT
 .text.HAL_DMA_IRQHandler
                0x08001c10       0xb2 Drivers\STM32F3xx_HAL_Driver\Src\stm32f3xx_hal_dma.o
                0x08001c10                HAL_DMA_IRQHandler
 *fill*         0x08001cc2        0x2 
 .text.HAL_GPIO_Init
                0x08001cc4      0x194 Drivers\STM32F3xx_HAL_Driver\Src\stm32f3xx_hal_gpio.o
                0x08001cc4                HAL_GPIO_Init
 .text.HAL_GPIO_WritePin
                0x08001e58        0xa Drivers\STM32F3xx_HAL_Driver\Src\stm32f3xx_hal_gpio.o
                0x08001e58                HAL_GPIO_WritePin
 .text.HAL_GPIO_EXTI_Callback
                0x08001e62        0x2 Drivers\STM32F3xx_HAL_Driver\Src\stm32f3xx_hal_gpio.o
                0x08001e62                HAL_GPIO_EXTI_Callback
 .text.HAL_GPIO_EXTI_IRQHandler
                0x08001e64       0x1c Drivers\STM32F3xx_HAL_Driver\Src\stm32f3xx_hal_gpio.o
                0x08001e64                HAL_GPIO_EXTI_IRQHandler
 .text.HAL_RCC_OscConfig
                0x08001e80      0x60c Drivers\STM32F3xx_HAL_Driver\Src\stm32f3xx_hal_rcc.o
                0x08001e80                HAL_RCC_OscConfig
 .text.HAL_RCC_GetSysClockFreq
                0x0800248c       0x70 Drivers\STM32F3xx_HAL_Driver\Src\stm32f3xx_hal_rcc.o
                0x0800248c                HAL_RCC_GetSysClockFreq
 .text.HAL_RCC_ClockConfig
                0x080024fc      0x1d4 Drivers\STM32F3xx_HAL_Driver\Src\stm32f3xx_hal_rcc.o
                0x080024fc                HAL_RCC_ClockConfig
 .text.HAL_RCC_GetHCLKFreq
                0x080026d0        0xc Drivers\STM32F3xx_HAL_Driver\Src\stm32f3xx_hal_rcc.o
                0x080026d0                HAL_RCC_GetHCLKFreq
 .text.HAL_RCC_GetPCLK1Freq
                0x080026dc       0x2c Drivers\STM32F3xx_HAL_Driver\Src\stm32f3xx_hal_rcc.o
                0x080026dc                HAL_RCC_GetPCLK1Freq
 .text.HAL_RCC_GetPCLK2Freq
                0x08002708       0x2c Drivers\STM32F3xx_HAL_Driver\Src\stm32f3xx_hal_rcc.o
                0x08002708                HAL_RCC_GetPCLK2Freq
 .text.HAL_RCCEx_PeriphCLKConfig
                0x08002734      0x1ac Drivers\STM32F3xx_HAL_Driver\Src\stm32f3xx_hal_rcc_ex.o
                0x08002734                HAL_RCCEx_PeriphCLKConfig
 .text.TIM_TI1_ConfigInputStage
                0x080028e0       0x26 Drivers\STM32F3xx_HAL_Driver\Src\stm32f3xx_hal_tim.o
 .text.TIM_TI2_ConfigInputStage
                0x08002906       0x28 Drivers\STM32F3xx_HAL_Driver\Src\stm32f3xx_hal_tim.o
 .text.TIM_ITRx_SetConfig
                0x0800292e       0x10 Drivers\STM32F3xx_HAL_Driver\Src\stm32f3xx_hal_tim.o
 .text.HAL_TIM_Base_Start_IT
                0x0800293e       0x18 Drivers\STM32F3xx_HAL_Driver\Src\stm32f3xx_hal_tim.o
                0x0800293e                HAL_TIM_Base_Start_IT
 .text.HAL_TIM_OC_DelayElapsedCallback
                0x08002956        0x2 Drivers\STM32F3xx_HAL_Driver\Src\stm32f3xx_hal_tim.o
                0x08002956                HAL_TIM_OC_DelayElapsedCallback
 .text.HAL_TIM_PWM_PulseFinishedCallback
                0x08002958        0x2 Drivers\STM32F3xx_HAL_Driver\Src\stm32f3xx_hal_tim.o
                0x08002958                HAL_TIM_PWM_PulseFinishedCallback
 .text.HAL_TIM_TriggerCallback
                0x0800295a        0x2 Drivers\STM32F3xx_HAL_Driver\Src\stm32f3xx_hal_tim.o
                0x0800295a                HAL_TIM_TriggerCallback
 .text.HAL_TIM_IRQHandler
                0x0800295c      0x19a Drivers\STM32F3xx_HAL_Driver\Src\stm32f3xx_hal_tim.o
                0x0800295c                HAL_TIM_IRQHandler
 *fill*         0x08002af6        0x2 
 .text.TIM_Base_SetConfig
                0x08002af8       0x94 Drivers\STM32F3xx_HAL_Driver\Src\stm32f3xx_hal_tim.o
                0x08002af8                TIM_Base_SetConfig
 .text.HAL_TIM_Base_Init
                0x08002b8c       0x32 Drivers\STM32F3xx_HAL_Driver\Src\stm32f3xx_hal_tim.o
                0x08002b8c                HAL_TIM_Base_Init
 .text.TIM_ETR_SetConfig
                0x08002bbe       0x18 Drivers\STM32F3xx_HAL_Driver\Src\stm32f3xx_hal_tim.o
                0x08002bbe                TIM_ETR_SetConfig
 *fill*         0x08002bd6        0x2 
 .text.HAL_TIM_ConfigClockSource
                0x08002bd8      0x118 Drivers\STM32F3xx_HAL_Driver\Src\stm32f3xx_hal_tim.o
                0x08002bd8                HAL_TIM_ConfigClockSource
 .text.HAL_TIMEx_MasterConfigSynchronization
                0x08002cf0       0x50 Drivers\STM32F3xx_HAL_Driver\Src\stm32f3xx_hal_tim_ex.o
                0x08002cf0                HAL_TIMEx_MasterConfigSynchronization
 .text.HAL_TIMEx_CommutationCallback
                0x08002d40        0x2 Drivers\STM32F3xx_HAL_Driver\Src\stm32f3xx_hal_tim_ex.o
                0x08002d40                HAL_TIMEx_CommutationCallback
 .text.HAL_TIMEx_BreakCallback
                0x08002d42        0x2 Drivers\STM32F3xx_HAL_Driver\Src\stm32f3xx_hal_tim_ex.o
                0x08002d42                HAL_TIMEx_BreakCallback
 .text.HAL_TIMEx_Break2Callback
                0x08002d44        0x2 Drivers\STM32F3xx_HAL_Driver\Src\stm32f3xx_hal_tim_ex.o
                0x08002d44                HAL_TIMEx_Break2Callback
 .text.UART_EndRxTransfer
                0x08002d46       0x1c Drivers\STM32F3xx_HAL_Driver\Src\stm32f3xx_hal_uart.o
 .text.HAL_UART_Transmit_IT
                0x08002d62       0x4c Drivers\STM32F3xx_HAL_Driver\Src\stm32f3xx_hal_uart.o
                0x08002d62                HAL_UART_Transmit_IT
 .text.HAL_UART_Receive_IT
                0x08002dae       0xae Drivers\STM32F3xx_HAL_Driver\Src\stm32f3xx_hal_uart.o
                0x08002dae                HAL_UART_Receive_IT
 .text.HAL_UART_TxCpltCallback
                0x08002e5c        0x2 Drivers\STM32F3xx_HAL_Driver\Src\stm32f3xx_hal_uart.o
                0x08002e5c                HAL_UART_TxCpltCallback
 .text.HAL_UART_ErrorCallback
                0x08002e5e        0x2 Drivers\STM32F3xx_HAL_Driver\Src\stm32f3xx_hal_uart.o
                0x08002e5e                HAL_UART_ErrorCallback
 .text.UART_DMAAbortOnError
                0x08002e60       0x14 Drivers\STM32F3xx_HAL_Driver\Src\stm32f3xx_hal_uart.o
 .text.UART_SetConfig
                0x08002e74      0x1b4 Drivers\STM32F3xx_HAL_Driver\Src\stm32f3xx_hal_uart.o
                0x08002e74                UART_SetConfig
 .text.UART_AdvFeatureConfig
                0x08003028       0xca Drivers\STM32F3xx_HAL_Driver\Src\stm32f3xx_hal_uart.o
                0x08003028                UART_AdvFeatureConfig
 .text.UART_WaitOnFlagUntilTimeout
                0x080030f2       0x64 Drivers\STM32F3xx_HAL_Driver\Src\stm32f3xx_hal_uart.o
                0x080030f2                UART_WaitOnFlagUntilTimeout
 .text.UART_CheckIdleState
                0x08003156       0x70 Drivers\STM32F3xx_HAL_Driver\Src\stm32f3xx_hal_uart.o
                0x08003156                UART_CheckIdleState
 .text.HAL_UART_Init
                0x080031c6       0x68 Drivers\STM32F3xx_HAL_Driver\Src\stm32f3xx_hal_uart.o
                0x080031c6                HAL_UART_Init
 .text.UART_Transmit_IT
                0x0800322e       0x6e Drivers\STM32F3xx_HAL_Driver\Src\stm32f3xx_hal_uart.o
                0x0800322e                UART_Transmit_IT
 .text.UART_EndTransmit_IT
                0x0800329c       0x1a Drivers\STM32F3xx_HAL_Driver\Src\stm32f3xx_hal_uart.o
                0x0800329c                UART_EndTransmit_IT
 .text.UART_Receive_IT
                0x080032b6       0x82 Drivers\STM32F3xx_HAL_Driver\Src\stm32f3xx_hal_uart.o
                0x080032b6                UART_Receive_IT
 .text.HAL_UART_IRQHandler
                0x08003338      0x15c Drivers\STM32F3xx_HAL_Driver\Src\stm32f3xx_hal_uart.o
                0x08003338                HAL_UART_IRQHandler
 .text.HAL_UARTEx_WakeupCallback
                0x08003494        0x2 Drivers\STM32F3xx_HAL_Driver\Src\stm32f3xx_hal_uart_ex.o
                0x08003494                HAL_UARTEx_WakeupCallback
 *fill*         0x08003496        0x2 
 .text.adc_comms
                0x08003498      0x1cc Src\adc_comms.o
                0x08003498                adc_comms
 .text.HAL_UART_RxCpltCallback
                0x08003664       0x24 Src\functions.o
                0x08003664                HAL_UART_RxCpltCallback
 .text.HAL_ADC_ConvCpltCallback
                0x08003688        0xc Src\functions.o
                0x08003688                HAL_ADC_ConvCpltCallback
 .text.HAL_TIM_IC_CaptureCallback
                0x08003694        0xc Src\functions.o
                0x08003694                HAL_TIM_IC_CaptureCallback
 .text.init_peripherals
                0x080036a0      0x230 Src\initilize_peripherals.o
                0x080036a0                init_peripherals
 .text.liters_pumped
                0x080038d0       0xe4 Src\liters_pumped.o
                0x080038d0                liters_pumped
 .text.MX_GPIO_Init
                0x080039b4      0x12c Src\main.o
 .text.MX_DMA_Init
                0x08003ae0       0x34 Src\main.o
 .text.HAL_TIM_PeriodElapsedCallback
                0x08003b14        0x2 Src\main.o
                0x08003b14                HAL_TIM_PeriodElapsedCallback
 .text._Error_Handler
                0x08003b16        0x2 Src\main.o
                0x08003b16                _Error_Handler
 .text.MX_TIM2_Init
                0x08003b18       0x74 Src\main.o
 .text.MX_USART1_UART_Init
                0x08003b8c       0x40 Src\main.o
 .text.MX_ADC2_Init
                0x08003bcc       0xc4 Src\main.o
 .text.MX_TIM3_Init
                0x08003c90       0x78 Src\main.o
 .text.SystemClock_Config
                0x08003d08       0xa0 Src\main.o
                0x08003d08                SystemClock_Config
 .text.main     0x08003da8       0xb8 Src\main.o
                0x08003da8                main
 .text.seven_segment
                0x08003e60      0x138 Src\seven_segment.o
                0x08003e60                seven_segment
 .text.seven_segment_display
                0x08003f98      0x418 Src\seven_segment_display.o
                0x08003f98                seven_segment_display
 .text.HAL_MspInit
                0x080043b0       0x7c Src\stm32f3xx_hal_msp.o
                0x080043b0                HAL_MspInit
 .text.HAL_ADC_MspInit
                0x0800442c       0xa0 Src\stm32f3xx_hal_msp.o
                0x0800442c                HAL_ADC_MspInit
 .text.HAL_TIM_Base_MspInit
                0x080044cc       0x60 Src\stm32f3xx_hal_msp.o
                0x080044cc                HAL_TIM_Base_MspInit
 .text.HAL_UART_MspInit
                0x0800452c       0x5c Src\stm32f3xx_hal_msp.o
                0x0800452c                HAL_UART_MspInit
 .text.SVC_Handler
                0x08004588        0x2 Src\stm32f3xx_it.o
                0x08004588                SVC_Handler
 .text.PendSV_Handler
                0x0800458a        0x2 Src\stm32f3xx_it.o
                0x0800458a                PendSV_Handler
 .text.SysTick_Handler
                0x0800458c       0x18 Src\stm32f3xx_it.o
                0x0800458c                SysTick_Handler
 .text.DMA1_Channel2_IRQHandler
                0x080045a4       0x10 Src\stm32f3xx_it.o
                0x080045a4                DMA1_Channel2_IRQHandler
 .text.EXTI9_5_IRQHandler
                0x080045b4       0x14 Src\stm32f3xx_it.o
                0x080045b4                EXTI9_5_IRQHandler
 .text.TIM2_IRQHandler
                0x080045c8       0x10 Src\stm32f3xx_it.o
                0x080045c8                TIM2_IRQHandler
 .text.USART1_IRQHandler
                0x080045d8       0x10 Src\stm32f3xx_it.o
                0x080045d8                USART1_IRQHandler
 .text.SystemInit
                0x080045e8       0x68 Src\system_stm32f3xx.o
                0x080045e8                SystemInit
 .text.uart_comms
                0x08004650      0x51c Src\uart_comms.o
                0x08004650                uart_comms
 .text.Reset_Handler
                0x08004b6c       0x50 startup\startup_stm32f334x8.o
                0x08004b6c                Reset_Handler
 .text.Default_Handler
                0x08004bbc        0x2 startup\startup_stm32f334x8.o
                0x08004bbc                RTC_Alarm_IRQHandler
                0x08004bbc                HRTIM1_Master_IRQHandler
                0x08004bbc                DebugMon_Handler
                0x08004bbc                TIM1_CC_IRQHandler
                0x08004bbc                HardFault_Handler
                0x08004bbc                HRTIM1_FLT_IRQHandler
                0x08004bbc                PVD_IRQHandler
                0x08004bbc                HRTIM1_TIMD_IRQHandler
                0x08004bbc                TAMP_STAMP_IRQHandler
                0x08004bbc                NMI_Handler
                0x08004bbc                EXTI3_IRQHandler
                0x08004bbc                EXTI0_IRQHandler
                0x08004bbc                FPU_IRQHandler
                0x08004bbc                CAN_TX_IRQHandler
                0x08004bbc                TIM1_UP_TIM16_IRQHandler
                0x08004bbc                UsageFault_Handler
                0x08004bbc                ADC1_2_IRQHandler
                0x08004bbc                HRTIM1_TIME_IRQHandler
                0x08004bbc                SPI1_IRQHandler
                0x08004bbc                CAN_SCE_IRQHandler
                0x08004bbc                HRTIM1_TIMC_IRQHandler
                0x08004bbc                DMA1_Channel4_IRQHandler
                0x08004bbc                USART3_IRQHandler
                0x08004bbc                DMA1_Channel7_IRQHandler
                0x08004bbc                TIM7_DAC2_IRQHandler
                0x08004bbc                CAN_RX1_IRQHandler
                0x08004bbc                I2C1_EV_IRQHandler
                0x08004bbc                DMA1_Channel6_IRQHandler
                0x08004bbc                TIM3_IRQHandler
                0x08004bbc                RCC_IRQHandler
                0x08004bbc                DMA1_Channel1_IRQHandler
                0x08004bbc                Default_Handler
                0x08004bbc                EXTI15_10_IRQHandler
                0x08004bbc                COMP2_IRQHandler
                0x08004bbc                HRTIM1_TIMA_IRQHandler
                0x08004bbc                TIM6_DAC1_IRQHandler
                0x08004bbc                RTC_WKUP_IRQHandler
                0x08004bbc                MemManage_Handler
                0x08004bbc                DMA1_Channel5_IRQHandler
                0x08004bbc                EXTI4_IRQHandler
                0x08004bbc                HRTIM1_TIMB_IRQHandler
                0x08004bbc                TIM1_TRG_COM_TIM17_IRQHandler
                0x08004bbc                DMA1_Channel3_IRQHandler
                0x08004bbc                WWDG_IRQHandler
                0x08004bbc                EXTI1_IRQHandler
                0x08004bbc                COMP4_6_IRQHandler
                0x08004bbc                USART2_IRQHandler
                0x08004bbc                FLASH_IRQHandler
                0x08004bbc                BusFault_Handler
                0x08004bbc                CAN_RX0_IRQHandler
                0x08004bbc                I2C1_ER_IRQHandler
                0x08004bbc                EXTI2_TSC_IRQHandler
                0x08004bbc                TIM1_BRK_TIM15_IRQHandler
 *fill*         0x08004bbe        0x2 
 .text.__libc_init_array
                0x08004bc0       0x48 c:/program files (x86)/atollic/truestudio for arm 8.0.0/armtools/bin/../lib/gcc/arm-atollic-eabi/6.3.1/../../../../arm-atollic-eabi/lib/armv7e-m/fpu\libc_nano.a(lib_a-init.o)
                0x08004bc0                __libc_init_array
 .text.malloc   0x08004c08       0x10 c:/program files (x86)/atollic/truestudio for arm 8.0.0/armtools/bin/../lib/gcc/arm-atollic-eabi/6.3.1/../../../../arm-atollic-eabi/lib/armv7e-m/fpu\libc_nano.a(lib_a-malloc.o)
                0x08004c08                malloc
 .text.memcpy   0x08004c18       0x16 c:/program files (x86)/atollic/truestudio for arm 8.0.0/armtools/bin/../lib/gcc/arm-atollic-eabi/6.3.1/../../../../arm-atollic-eabi/lib/armv7e-m/fpu\libc_nano.a(lib_a-memcpy-stub.o)
                0x08004c18                memcpy
 .text.memset   0x08004c2e       0x10 c:/program files (x86)/atollic/truestudio for arm 8.0.0/armtools/bin/../lib/gcc/arm-atollic-eabi/6.3.1/../../../../arm-atollic-eabi/lib/armv7e-m/fpu\libc_nano.a(lib_a-memset.o)
                0x08004c2e                memset
 *fill*         0x08004c3e        0x2 
 .text._free_r  0x08004c40       0x9c c:/program files (x86)/atollic/truestudio for arm 8.0.0/armtools/bin/../lib/gcc/arm-atollic-eabi/6.3.1/../../../../arm-atollic-eabi/lib/armv7e-m/fpu\libc_nano.a(lib_a-nano-freer.o)
                0x08004c40                _free_r
 .text._malloc_r
                0x08004cdc       0xbc c:/program files (x86)/atollic/truestudio for arm 8.0.0/armtools/bin/../lib/gcc/arm-atollic-eabi/6.3.1/../../../../arm-atollic-eabi/lib/armv7e-m/fpu\libc_nano.a(lib_a-nano-mallocr.o)
                0x08004cdc                _malloc_r
 .text._sbrk_r  0x08004d98       0x20 c:/program files (x86)/atollic/truestudio for arm 8.0.0/armtools/bin/../lib/gcc/arm-atollic-eabi/6.3.1/../../../../arm-atollic-eabi/lib/armv7e-m/fpu\libc_nano.a(lib_a-sbrkr.o)
                0x08004d98                _sbrk_r
 .text.sprintf  0x08004db8       0x48 c:/program files (x86)/atollic/truestudio for arm 8.0.0/armtools/bin/../lib/gcc/arm-atollic-eabi/6.3.1/../../../../arm-atollic-eabi/lib/armv7e-m/fpu\libc_nano.a(lib_a-sprintf.o)
                0x08004db8                siprintf
                0x08004db8                sprintf
 .text.strtok   0x08004e00       0x54 c:/program files (x86)/atollic/truestudio for arm 8.0.0/armtools/bin/../lib/gcc/arm-atollic-eabi/6.3.1/../../../../arm-atollic-eabi/lib/armv7e-m/fpu\libc_nano.a(lib_a-strtok.o)
                0x08004e00                strtok
 .text.__strtok_r
                0x08004e54       0x52 c:/program files (x86)/atollic/truestudio for arm 8.0.0/armtools/bin/../lib/gcc/arm-atollic-eabi/6.3.1/../../../../arm-atollic-eabi/lib/armv7e-m/fpu\libc_nano.a(lib_a-strtok_r.o)
                0x08004e54                __strtok_r
 .text.__malloc_lock
                0x08004ea6        0x2 c:/program files (x86)/atollic/truestudio for arm 8.0.0/armtools/bin/../lib/gcc/arm-atollic-eabi/6.3.1/../../../../arm-atollic-eabi/lib/armv7e-m/fpu\libc_nano.a(lib_a-mlock.o)
                0x08004ea6                __malloc_lock
 .text.__malloc_unlock
                0x08004ea8        0x2 c:/program files (x86)/atollic/truestudio for arm 8.0.0/armtools/bin/../lib/gcc/arm-atollic-eabi/6.3.1/../../../../arm-atollic-eabi/lib/armv7e-m/fpu\libc_nano.a(lib_a-mlock.o)
                0x08004ea8                __malloc_unlock
 .text.__ssputs_r
                0x08004eaa       0xb6 c:/program files (x86)/atollic/truestudio for arm 8.0.0/armtools/bin/../lib/gcc/arm-atollic-eabi/6.3.1/../../../../arm-atollic-eabi/lib/armv7e-m/fpu\libc_nano.a(lib_a-nano-svfprintf.o)
                0x08004eaa                __ssputs_r
 .text._svfprintf_r
                0x08004f60      0x1e8 c:/program files (x86)/atollic/truestudio for arm 8.0.0/armtools/bin/../lib/gcc/arm-atollic-eabi/6.3.1/../../../../arm-atollic-eabi/lib/armv7e-m/fpu\libc_nano.a(lib_a-nano-svfprintf.o)
                0x08004f60                _svfiprintf_r
                0x08004f60                _svfprintf_r
 .text._printf_common
                0x08005148       0xec c:/program files (x86)/atollic/truestudio for arm 8.0.0/armtools/bin/../lib/gcc/arm-atollic-eabi/6.3.1/../../../../arm-atollic-eabi/lib/armv7e-m/fpu\libc_nano.a(lib_a-nano-vfprintf_i.o)
                0x08005148                _printf_common
 .text._printf_i
                0x08005234      0x240 c:/program files (x86)/atollic/truestudio for arm 8.0.0/armtools/bin/../lib/gcc/arm-atollic-eabi/6.3.1/../../../../arm-atollic-eabi/lib/armv7e-m/fpu\libc_nano.a(lib_a-nano-vfprintf_i.o)
                0x08005234                _printf_i
 .text.memmove  0x08005474       0x34 c:/program files (x86)/atollic/truestudio for arm 8.0.0/armtools/bin/../lib/gcc/arm-atollic-eabi/6.3.1/../../../../arm-atollic-eabi/lib/armv7e-m/fpu\libc_nano.a(lib_a-memmove.o)
                0x08005474                memmove
 .text._realloc_r
                0x080054a8       0x4c c:/program files (x86)/atollic/truestudio for arm 8.0.0/armtools/bin/../lib/gcc/arm-atollic-eabi/6.3.1/../../../../arm-atollic-eabi/lib/armv7e-m/fpu\libc_nano.a(lib_a-nano-reallocr.o)
                0x080054a8                _realloc_r
 .text._malloc_usable_size_r
                0x080054f4       0x12 c:/program files (x86)/atollic/truestudio for arm 8.0.0/armtools/bin/../lib/gcc/arm-atollic-eabi/6.3.1/../../../../arm-atollic-eabi/lib/armv7e-m/fpu\libc_nano.a(lib_a-nano-msizer.o)
                0x080054f4                _malloc_usable_size_r
 *fill*         0x08005506        0x2 
 .text.sqrt     0x08005508       0xb4 c:/program files (x86)/atollic/truestudio for arm 8.0.0/armtools/bin/../lib/gcc/arm-atollic-eabi/6.3.1/../../../../arm-atollic-eabi/lib/armv7e-m/fpu\libm.a(lib_a-w_sqrt.o)
                0x08005508                sqrt
 .text.__ieee754_sqrt
                0x080055bc      0x160 c:/program files (x86)/atollic/truestudio for arm 8.0.0/armtools/bin/../lib/gcc/arm-atollic-eabi/6.3.1/../../../../arm-atollic-eabi/lib/armv7e-m/fpu\libm.a(lib_a-e_sqrt.o)
                0x080055bc                __ieee754_sqrt
 .text.matherr  0x0800571c        0x4 c:/program files (x86)/atollic/truestudio for arm 8.0.0/armtools/bin/../lib/gcc/arm-atollic-eabi/6.3.1/../../../../arm-atollic-eabi/lib/armv7e-m/fpu\libm.a(lib_a-s_matherr.o)
                0x0800571c                matherr
 .text.__errno  0x08005720        0xc c:/program files (x86)/atollic/truestudio for arm 8.0.0/armtools/bin/../lib/gcc/arm-atollic-eabi/6.3.1/../../../../arm-atollic-eabi/lib/armv7e-m/fpu\libc_nano.a(lib_a-errno.o)
                0x08005720                __errno
 .text._sbrk    0x0800572c       0x1c c:/program files (x86)/atollic/truestudio for arm 8.0.0/armtools/bin/../lib/gcc/arm-atollic-eabi/6.3.1/../../../../arm-atollic-eabi/lib/armv7e-m/fpu\libnosys.a(sbrk.o)
                0x0800572c                _sbrk
 *(.glue_7)
 .glue_7        0x08005748        0x0 linker stubs
 *(.glue_7t)
 .glue_7t       0x08005748        0x0 linker stubs
 *(.eh_frame)
 .eh_frame      0x08005748        0x0 c:/program files (x86)/atollic/truestudio for arm 8.0.0/armtools/bin/../lib/gcc/arm-atollic-eabi/6.3.1/armv7e-m/fpu/crtbegin.o
 *(.init)
 .init          0x08005748        0x4 c:/program files (x86)/atollic/truestudio for arm 8.0.0/armtools/bin/../lib/gcc/arm-atollic-eabi/6.3.1/armv7e-m/fpu/crti.o
                0x08005748                _init
 .init          0x0800574c        0x8 c:/program files (x86)/atollic/truestudio for arm 8.0.0/armtools/bin/../lib/gcc/arm-atollic-eabi/6.3.1/armv7e-m/fpu/crtn.o
 *(.fini)
 .fini          0x08005754        0x4 c:/program files (x86)/atollic/truestudio for arm 8.0.0/armtools/bin/../lib/gcc/arm-atollic-eabi/6.3.1/armv7e-m/fpu/crti.o
                0x08005754                _fini
 .fini          0x08005758        0x8 c:/program files (x86)/atollic/truestudio for arm 8.0.0/armtools/bin/../lib/gcc/arm-atollic-eabi/6.3.1/armv7e-m/fpu/crtn.o
                0x08005760                . = ALIGN (0x4)
                0x08005760                _etext = .

.vfp11_veneer   0x08005760        0x0
 .vfp11_veneer  0x08005760        0x0 linker stubs

.v4_bx          0x08005760        0x0
 .v4_bx         0x08005760        0x0 linker stubs

.iplt           0x08005760        0x0
 .iplt          0x08005760        0x0 c:/program files (x86)/atollic/truestudio for arm 8.0.0/armtools/bin/../lib/gcc/arm-atollic-eabi/6.3.1/armv7e-m/fpu/crtbegin.o

.rodata         0x08005760       0xb0
                0x08005760                . = ALIGN (0x4)
 *(.rodata)
 *(.rodata*)
 .rodata.aPLLMULFactorTable
                0x08005760       0x10 Drivers\STM32F3xx_HAL_Driver\Src\stm32f3xx_hal_rcc.o
                0x08005760                aPLLMULFactorTable
 .rodata.aPredivFactorTable
                0x08005770       0x10 Drivers\STM32F3xx_HAL_Driver\Src\stm32f3xx_hal_rcc.o
                0x08005770                aPredivFactorTable
 .rodata.adc_comms.str1.4
                0x08005780        0x4 Src\adc_comms.o
 .rodata.init_peripherals.str1.4
                0x08005784        0x4 Src\initilize_peripherals.o
 .rodata.liters_pumped.str1.4
                0x08005784        0x4 Src\liters_pumped.o
 .rodata.MX_TIM2_Init.str1.4
                0x08005784        0xe Src\main.o
 *fill*         0x08005792        0x2 
 .rodata.HAL_ADC_MspInit.str1.4
                0x08005794       0x1b Src\stm32f3xx_hal_msp.o
 *fill*         0x080057af        0x1 
 .rodata.AHBPrescTable
                0x080057b0       0x10 Src\system_stm32f3xx.o
                0x080057b0                AHBPrescTable
 .rodata.APBPrescTable
                0x080057c0        0x8 Src\system_stm32f3xx.o
                0x080057c0                APBPrescTable
 .rodata.uart_comms.str1.4
                0x080057c8        0x2 Src\uart_comms.o
 *fill*         0x080057ca        0x2 
 .rodata.str1.4
                0x080057cc        0xc Src\variables.o
                                  0x9 (size before relaxing)
 .rodata._svfprintf_r.str1.1
                0x080057d8       0x11 c:/program files (x86)/atollic/truestudio for arm 8.0.0/armtools/bin/../lib/gcc/arm-atollic-eabi/6.3.1/../../../../arm-atollic-eabi/lib/armv7e-m/fpu\libc_nano.a(lib_a-nano-svfprintf.o)
 .rodata._printf_i.str1.1
                0x080057e9       0x22 c:/program files (x86)/atollic/truestudio for arm 8.0.0/armtools/bin/../lib/gcc/arm-atollic-eabi/6.3.1/../../../../arm-atollic-eabi/lib/armv7e-m/fpu\libc_nano.a(lib_a-nano-vfprintf_i.o)
 .rodata.sqrt.str1.1
                0x0800580b        0x5 c:/program files (x86)/atollic/truestudio for arm 8.0.0/armtools/bin/../lib/gcc/arm-atollic-eabi/6.3.1/../../../../arm-atollic-eabi/lib/armv7e-m/fpu\libm.a(lib_a-w_sqrt.o)
                0x08005810                . = ALIGN (0x4)

.ARM.extab
 *(.ARM.extab* .gnu.linkonce.armextab.*)

.ARM            0x08005810        0x8
                0x08005810                __exidx_start = .
 *(.ARM.exidx*)
 .ARM.exidx     0x08005810        0x8 c:/program files (x86)/atollic/truestudio for arm 8.0.0/armtools/bin/../lib/gcc/arm-atollic-eabi/6.3.1/armv7e-m/fpu\libgcc.a(_udivmoddi4.o)
                0x08005818                __exidx_end = .

.rel.dyn        0x08005818        0x0
 .rel.iplt      0x08005818        0x0 c:/program files (x86)/atollic/truestudio for arm 8.0.0/armtools/bin/../lib/gcc/arm-atollic-eabi/6.3.1/armv7e-m/fpu/crtbegin.o

.preinit_array  0x08005818        0x0
                0x08005818                PROVIDE (__preinit_array_start, .)
 *(.preinit_array*)
                0x08005818                PROVIDE (__preinit_array_end, .)

.init_array     0x08005818        0x4
                0x08005818                PROVIDE (__init_array_start, .)
 *(SORT(.init_array.*))
 *(.init_array*)
 .init_array    0x08005818        0x4 c:/program files (x86)/atollic/truestudio for arm 8.0.0/armtools/bin/../lib/gcc/arm-atollic-eabi/6.3.1/armv7e-m/fpu/crtbegin.o
                0x0800581c                PROVIDE (__init_array_end, .)

.fini_array     0x0800581c        0x4
                [!provide]                PROVIDE (__fini_array_start, .)
 *(SORT(.fini_array.*))
 *(.fini_array*)
 .fini_array    0x0800581c        0x4 c:/program files (x86)/atollic/truestudio for arm 8.0.0/armtools/bin/../lib/gcc/arm-atollic-eabi/6.3.1/armv7e-m/fpu/crtbegin.o
                [!provide]                PROVIDE (__fini_array_end, .)
                0x08005820                _sidata = LOADADDR (.data)

.data           0x20000000       0x98 load address 0x08005820
                0x20000000                . = ALIGN (0x4)
                0x20000000                _sdata = .
 *(.data)
 *(.data*)
 .data.SystemCoreClock
                0x20000000        0x4 Src\system_stm32f3xx.o
                0x20000000                SystemCoreClock
 .data.comma    0x20000004        0x2 Src\variables.o
                0x20000004                comma
 *fill*         0x20000006        0x2 
 .data.endSimbol
                0x20000008        0x8 Src\variables.o
                0x20000008                endSimbol
 .data.heater_OFF
                0x20000010        0x3 Src\variables.o
                0x20000010                heater_OFF
 *fill*         0x20000013        0x1 
 .data.heater_ON
                0x20000014        0x2 Src\variables.o
                0x20000014                heater_ON
 *fill*         0x20000016        0x2 
 .data.studentnumber1
                0x20000018        0x8 Src\variables.o
                0x20000018                studentnumber1
 .data.time     0x20000020        0x4 Src\variables.o
                0x20000020                time
 .data.valve_CLOSE
                0x20000024        0x6 Src\variables.o
                0x20000024                valve_CLOSE
 *fill*         0x2000002a        0x2 
 .data.valve_OPEN
                0x2000002c        0x4 Src\variables.o
                0x2000002c                valve_OPEN
 .data._impure_ptr
                0x20000030        0x4 c:/program files (x86)/atollic/truestudio for arm 8.0.0/armtools/bin/../lib/gcc/arm-atollic-eabi/6.3.1/../../../../arm-atollic-eabi/lib/armv7e-m/fpu\libc_nano.a(lib_a-impure.o)
                0x20000030                _impure_ptr
 .data.impure_data
                0x20000034       0x60 c:/program files (x86)/atollic/truestudio for arm 8.0.0/armtools/bin/../lib/gcc/arm-atollic-eabi/6.3.1/../../../../arm-atollic-eabi/lib/armv7e-m/fpu\libc_nano.a(lib_a-impure.o)
 .data.__fdlib_version
                0x20000094        0x1 c:/program files (x86)/atollic/truestudio for arm 8.0.0/armtools/bin/../lib/gcc/arm-atollic-eabi/6.3.1/../../../../arm-atollic-eabi/lib/armv7e-m/fpu\libm.a(lib_a-s_lib_ver.o)
                0x20000094                __fdlib_version
                0x20000098                . = ALIGN (0x4)
 *fill*         0x20000095        0x3 
                0x20000098                _edata = .
                0x080058b8                _siccmram = LOADADDR (.ccmram)

.igot.plt       0x20000098        0x0 load address 0x080058b8
 .igot.plt      0x20000098        0x0 c:/program files (x86)/atollic/truestudio for arm 8.0.0/armtools/bin/../lib/gcc/arm-atollic-eabi/6.3.1/armv7e-m/fpu/crtbegin.o

.ccmram         0x10000000        0x0 load address 0x080058b8
                0x10000000                . = ALIGN (0x4)
                0x10000000                _sccmram = .
 *(.ccmram)
 *(.ccmram*)
                0x10000000                . = ALIGN (0x4)
                0x10000000                _eccmram = .
                0x10000000                . = ALIGN (0x4)

.bss            0x20000098      0x2c4
                0x20000098                _sbss = .
                0x20000098                __bss_start__ = _sbss
 *(.bss)
 .bss           0x20000098       0x1c c:/program files (x86)/atollic/truestudio for arm 8.0.0/armtools/bin/../lib/gcc/arm-atollic-eabi/6.3.1/armv7e-m/fpu/crtbegin.o
 *(.bss*)
 .bss.tim2_flag
                0x200000b4        0x1 Src\main.o
                0x200000b4                tim2_flag
 *fill*         0x200000b5        0x3 
 .bss.ADC1_buffer
                0x200000b8        0x4 Src\variables.o
                0x200000b8                ADC1_buffer
 .bss.ADC2_buffer
                0x200000bc        0x4 Src\variables.o
                0x200000bc                ADC2_buffer
 .bss.adc_buffer_current
                0x200000c0        0x8 Src\variables.o
                0x200000c0                adc_buffer_current
 .bss.adc_buffer_voltage
                0x200000c8        0x8 Src\variables.o
                0x200000c8                adc_buffer_voltage
 .bss.adc_counter
                0x200000d0        0x2 Src\variables.o
                0x200000d0                adc_counter
 .bss.adc_flag  0x200000d2        0x1 Src\variables.o
                0x200000d2                adc_flag
 *fill*         0x200000d3        0x1 
 .bss.adc_raw_current
                0x200000d4        0x4 Src\variables.o
                0x200000d4                adc_raw_current
 .bss.adc_raw_voltage
                0x200000d8        0x4 Src\variables.o
                0x200000d8                adc_raw_voltage
 .bss.ambient_temp
                0x200000dc        0x4 Src\variables.o
                0x200000dc                ambient_temp
 .bss.auto_heating
                0x200000e0        0x1 Src\variables.o
                0x200000e0                auto_heating
 *fill*         0x200000e1        0x3 
 .bss.current_int_rms
                0x200000e4        0x4 Src\variables.o
                0x200000e4                current_int_rms
 .bss.current_rms
                0x200000e8        0x4 Src\variables.o
                0x200000e8                current_rms
 .bss.enableFlashLogging
                0x200000ec        0x1 Src\variables.o
                0x200000ec                enableFlashLogging
 *fill*         0x200000ed        0x3 
 .bss.geyser_temp
                0x200000f0        0x4 Src\variables.o
                0x200000f0                geyser_temp
 .bss.heat_schedule1
                0x200000f4        0x4 Src\variables.o
                0x200000f4                heat_schedule1
 .bss.heat_schedule2
                0x200000f8        0x4 Src\variables.o
                0x200000f8                heat_schedule2
 .bss.heat_schedule3
                0x200000fc        0x4 Src\variables.o
                0x200000fc                heat_schedule3
 .bss.heater_state
                0x20000100        0x4 Src\variables.o
                0x20000100                heater_state
 .bss.heating_info
                0x20000104        0x4 Src\variables.o
                0x20000104                heating_info
 .bss.raw_ambient_temp
                0x20000108        0x4 Src\variables.o
                0x20000108                raw_ambient_temp
 .bss.raw_geyser_temp
                0x2000010c        0x4 Src\variables.o
                0x2000010c                raw_geyser_temp
 .bss.return_value
                0x20000110        0x4 Src\variables.o
                0x20000110                return_value
 .bss.rx_flag   0x20000114        0x1 Src\variables.o
                0x20000114                rx_flag
 .bss.segment_counter
                0x20000115        0x1 Src\variables.o
                0x20000115                segment_counter
 *fill*         0x20000116        0x2 
 .bss.segment_val
                0x20000118        0x4 Src\variables.o
                0x20000118                segment_val
 .bss.set_temp  0x2000011c        0x4 Src\variables.o
                0x2000011c                set_temp
 .bss.sizeOfTemp
                0x20000120        0x1 Src\variables.o
                0x20000120                sizeOfTemp
 .bss.tim3_flag
                0x20000121        0x1 Src\variables.o
                0x20000121                tim3_flag
 *fill*         0x20000122        0x2 
 .bss.tim3_now  0x20000124        0x4 Src\variables.o
                0x20000124                tim3_now
 .bss.tim3_prev
                0x20000128        0x4 Src\variables.o
                0x20000128                tim3_prev
 .bss.total_water
                0x2000012c        0x4 Src\variables.o
                0x2000012c                total_water
 .bss.uart_command
                0x20000130        0x4 Src\variables.o
                0x20000130                uart_command
 .bss.uart_counter
                0x20000134        0x1 Src\variables.o
                0x20000134                uart_counter
 *fill*         0x20000135        0x3 
 .bss.valve_state
                0x20000138        0x4 Src\variables.o
                0x20000138                valve_state
 .bss.valve_trig
                0x2000013c        0x1 Src\variables.o
                0x2000013c                valve_trig
 *fill*         0x2000013d        0x3 
 .bss.voltage_int_rms
                0x20000140        0x4 Src\variables.o
                0x20000140                voltage_int_rms
 .bss.voltage_rms
                0x20000144        0x4 Src\variables.o
                0x20000144                voltage_rms
 .bss.water_acc
                0x20000148        0x4 Src\variables.o
                0x20000148                water_acc
 .bss.__malloc_free_list
                0x2000014c        0x4 c:/program files (x86)/atollic/truestudio for arm 8.0.0/armtools/bin/../lib/gcc/arm-atollic-eabi/6.3.1/../../../../arm-atollic-eabi/lib/armv7e-m/fpu\libc_nano.a(lib_a-nano-mallocr.o)
                0x2000014c                __malloc_free_list
 .bss.__malloc_sbrk_start
                0x20000150        0x4 c:/program files (x86)/atollic/truestudio for arm 8.0.0/armtools/bin/../lib/gcc/arm-atollic-eabi/6.3.1/../../../../arm-atollic-eabi/lib/armv7e-m/fpu\libc_nano.a(lib_a-nano-mallocr.o)
                0x20000150                __malloc_sbrk_start
 .bss.heap_end.5239
                0x20000154        0x4 c:/program files (x86)/atollic/truestudio for arm 8.0.0/armtools/bin/../lib/gcc/arm-atollic-eabi/6.3.1/../../../../arm-atollic-eabi/lib/armv7e-m/fpu\libnosys.a(sbrk.o)
 *(COMMON)
 COMMON         0x20000158        0x4 Drivers\STM32F3xx_HAL_Driver\Src\stm32f3xx_hal.o
                0x20000158                uwTick
 COMMON         0x2000015c      0x1e8 Src\main.o
                0x2000015c                hadc2
                0x200001b0                Channel_3
                0x200001c8                Channel_1
                0x200001e0                htim3
                0x20000220                Channel_4
                0x20000238                huart1
                0x200002a8                Channel_2
                0x200002c0                htim2
                0x20000300                hdma_adc2
 COMMON         0x20000344       0x14 Src\variables.o
                0x20000344                studentnumber
                0x20000348                rx_buffer
                0x2000034c                heating_schedule_info
 COMMON         0x20000358        0x4 c:/program files (x86)/atollic/truestudio for arm 8.0.0/armtools/bin/../lib/gcc/arm-atollic-eabi/6.3.1/../../../../arm-atollic-eabi/lib/armv7e-m/fpu\libc_nano.a(lib_a-reent.o)
                0x20000358                errno
                0x2000035c                . = ALIGN (0x4)
                0x2000035c                _ebss = .
                0x2000035c                __bss_end__ = _ebss

._user_heap_stack
                0x2000035c      0x600
                0x2000035c                . = ALIGN (0x4)
                0x2000035c                PROVIDE (end, .)
                [!provide]                PROVIDE (_end, .)
                0x2000055c                . = (. + _Min_Heap_Size)
 *fill*         0x2000035c      0x200 
                0x2000095c                . = (. + _Min_Stack_Size)
 *fill*         0x2000055c      0x400 
                0x2000095c                . = ALIGN (0x4)

/DISCARD/
 libc.a(*)
 libm.a(*)
 libgcc.a(*)

.ARM.attributes
                0x00000000       0x30
 *(.ARM.attributes)
 .ARM.attributes
                0x00000000       0x22 c:/program files (x86)/atollic/truestudio for arm 8.0.0/armtools/bin/../lib/gcc/arm-atollic-eabi/6.3.1/armv7e-m/fpu/crti.o
 .ARM.attributes
                0x00000022       0x34 c:/program files (x86)/atollic/truestudio for arm 8.0.0/armtools/bin/../lib/gcc/arm-atollic-eabi/6.3.1/armv7e-m/fpu/crtbegin.o
 .ARM.attributes
                0x00000056       0x39 Drivers\STM32F3xx_HAL_Driver\Src\stm32f3xx_hal.o
 .ARM.attributes
                0x0000008f       0x39 Drivers\STM32F3xx_HAL_Driver\Src\stm32f3xx_hal_adc.o
 .ARM.attributes
                0x000000c8       0x39 Drivers\STM32F3xx_HAL_Driver\Src\stm32f3xx_hal_adc_ex.o
 .ARM.attributes
                0x00000101       0x39 Drivers\STM32F3xx_HAL_Driver\Src\stm32f3xx_hal_cortex.o
 .ARM.attributes
                0x0000013a       0x39 Drivers\STM32F3xx_HAL_Driver\Src\stm32f3xx_hal_dma.o
 .ARM.attributes
                0x00000173       0x39 Drivers\STM32F3xx_HAL_Driver\Src\stm32f3xx_hal_gpio.o
 .ARM.attributes
                0x000001ac       0x39 Drivers\STM32F3xx_HAL_Driver\Src\stm32f3xx_hal_rcc.o
 .ARM.attributes
                0x000001e5       0x39 Drivers\STM32F3xx_HAL_Driver\Src\stm32f3xx_hal_rcc_ex.o
 .ARM.attributes
                0x0000021e       0x39 Drivers\STM32F3xx_HAL_Driver\Src\stm32f3xx_hal_tim.o
 .ARM.attributes
                0x00000257       0x39 Drivers\STM32F3xx_HAL_Driver\Src\stm32f3xx_hal_tim_ex.o
 .ARM.attributes
                0x00000290       0x39 Drivers\STM32F3xx_HAL_Driver\Src\stm32f3xx_hal_uart.o
 .ARM.attributes
                0x000002c9       0x39 Drivers\STM32F3xx_HAL_Driver\Src\stm32f3xx_hal_uart_ex.o
 .ARM.attributes
                0x00000302       0x39 Src\adc_comms.o
 .ARM.attributes
                0x0000033b       0x35 Src\functions.o
 .ARM.attributes
                0x00000370       0x39 Src\initilize_peripherals.o
 .ARM.attributes
                0x000003a9       0x39 Src\liters_pumped.o
 .ARM.attributes
                0x000003e2       0x39 Src\main.o
 .ARM.attributes
                0x0000041b       0x39 Src\seven_segment.o
 .ARM.attributes
                0x00000454       0x39 Src\seven_segment_display.o
 .ARM.attributes
                0x0000048d       0x39 Src\stm32f3xx_hal_msp.o
 .ARM.attributes
                0x000004c6       0x39 Src\stm32f3xx_it.o
 .ARM.attributes
                0x000004ff       0x39 Src\system_stm32f3xx.o
 .ARM.attributes
                0x00000538       0x39 Src\uart_comms.o
 .ARM.attributes
                0x00000571       0x39 Src\variables.o
 .ARM.attributes
                0x000005aa       0x21 startup\startup_stm32f334x8.o
 .ARM.attributes
                0x000005cb       0x34 c:/program files (x86)/atollic/truestudio for arm 8.0.0/armtools/bin/../lib/gcc/arm-atollic-eabi/6.3.1/../../../../arm-atollic-eabi/lib/armv7e-m/fpu\libc_nano.a(lib_a-init.o)
 .ARM.attributes
                0x000005ff       0x34 c:/program files (x86)/atollic/truestudio for arm 8.0.0/armtools/bin/../lib/gcc/arm-atollic-eabi/6.3.1/../../../../arm-atollic-eabi/lib/armv7e-m/fpu\libc_nano.a(lib_a-malloc.o)
 .ARM.attributes
                0x00000633       0x34 c:/program files (x86)/atollic/truestudio for arm 8.0.0/armtools/bin/../lib/gcc/arm-atollic-eabi/6.3.1/../../../../arm-atollic-eabi/lib/armv7e-m/fpu\libc_nano.a(lib_a-memcpy-stub.o)
 .ARM.attributes
                0x00000667       0x34 c:/program files (x86)/atollic/truestudio for arm 8.0.0/armtools/bin/../lib/gcc/arm-atollic-eabi/6.3.1/../../../../arm-atollic-eabi/lib/armv7e-m/fpu\libc_nano.a(lib_a-memset.o)
 .ARM.attributes
                0x0000069b       0x34 c:/program files (x86)/atollic/truestudio for arm 8.0.0/armtools/bin/../lib/gcc/arm-atollic-eabi/6.3.1/../../../../arm-atollic-eabi/lib/armv7e-m/fpu\libc_nano.a(lib_a-nano-freer.o)
 .ARM.attributes
                0x000006cf       0x34 c:/program files (x86)/atollic/truestudio for arm 8.0.0/armtools/bin/../lib/gcc/arm-atollic-eabi/6.3.1/../../../../arm-atollic-eabi/lib/armv7e-m/fpu\libc_nano.a(lib_a-nano-mallocr.o)
 .ARM.attributes
                0x00000703       0x34 c:/program files (x86)/atollic/truestudio for arm 8.0.0/armtools/bin/../lib/gcc/arm-atollic-eabi/6.3.1/../../../../arm-atollic-eabi/lib/armv7e-m/fpu\libc_nano.a(lib_a-sbrkr.o)
 .ARM.attributes
                0x00000737       0x34 c:/program files (x86)/atollic/truestudio for arm 8.0.0/armtools/bin/../lib/gcc/arm-atollic-eabi/6.3.1/../../../../arm-atollic-eabi/lib/armv7e-m/fpu\libc_nano.a(lib_a-sprintf.o)
 .ARM.attributes
                0x0000076b       0x1b c:/program files (x86)/atollic/truestudio for arm 8.0.0/armtools/bin/../lib/gcc/arm-atollic-eabi/6.3.1/../../../../arm-atollic-eabi/lib/armv7e-m/fpu\libc_nano.a(lib_a-strlen.o)
 .ARM.attributes
                0x00000786       0x34 c:/program files (x86)/atollic/truestudio for arm 8.0.0/armtools/bin/../lib/gcc/arm-atollic-eabi/6.3.1/../../../../arm-atollic-eabi/lib/armv7e-m/fpu\libc_nano.a(lib_a-strtok.o)
 .ARM.attributes
                0x000007ba       0x34 c:/program files (x86)/atollic/truestudio for arm 8.0.0/armtools/bin/../lib/gcc/arm-atollic-eabi/6.3.1/../../../../arm-atollic-eabi/lib/armv7e-m/fpu\libc_nano.a(lib_a-strtok_r.o)
 .ARM.attributes
                0x000007ee       0x34 c:/program files (x86)/atollic/truestudio for arm 8.0.0/armtools/bin/../lib/gcc/arm-atollic-eabi/6.3.1/../../../../arm-atollic-eabi/lib/armv7e-m/fpu\libc_nano.a(lib_a-impure.o)
 .ARM.attributes
                0x00000822       0x34 c:/program files (x86)/atollic/truestudio for arm 8.0.0/armtools/bin/../lib/gcc/arm-atollic-eabi/6.3.1/../../../../arm-atollic-eabi/lib/armv7e-m/fpu\libc_nano.a(lib_a-mlock.o)
 .ARM.attributes
                0x00000856       0x34 c:/program files (x86)/atollic/truestudio for arm 8.0.0/armtools/bin/../lib/gcc/arm-atollic-eabi/6.3.1/../../../../arm-atollic-eabi/lib/armv7e-m/fpu\libc_nano.a(lib_a-nano-svfprintf.o)
 .ARM.attributes
                0x0000088a       0x34 c:/program files (x86)/atollic/truestudio for arm 8.0.0/armtools/bin/../lib/gcc/arm-atollic-eabi/6.3.1/../../../../arm-atollic-eabi/lib/armv7e-m/fpu\libc_nano.a(lib_a-nano-vfprintf_i.o)
 .ARM.attributes
                0x000008be       0x34 c:/program files (x86)/atollic/truestudio for arm 8.0.0/armtools/bin/../lib/gcc/arm-atollic-eabi/6.3.1/../../../../arm-atollic-eabi/lib/armv7e-m/fpu\libc_nano.a(lib_a-reent.o)
 .ARM.attributes
                0x000008f2       0x20 c:/program files (x86)/atollic/truestudio for arm 8.0.0/armtools/bin/../lib/gcc/arm-atollic-eabi/6.3.1/../../../../arm-atollic-eabi/lib/armv7e-m/fpu\libc_nano.a(lib_a-memchr.o)
 .ARM.attributes
                0x00000912       0x34 c:/program files (x86)/atollic/truestudio for arm 8.0.0/armtools/bin/../lib/gcc/arm-atollic-eabi/6.3.1/../../../../arm-atollic-eabi/lib/armv7e-m/fpu\libc_nano.a(lib_a-memmove.o)
 .ARM.attributes
                0x00000946       0x34 c:/program files (x86)/atollic/truestudio for arm 8.0.0/armtools/bin/../lib/gcc/arm-atollic-eabi/6.3.1/../../../../arm-atollic-eabi/lib/armv7e-m/fpu\libc_nano.a(lib_a-nano-reallocr.o)
 .ARM.attributes
                0x0000097a       0x34 c:/program files (x86)/atollic/truestudio for arm 8.0.0/armtools/bin/../lib/gcc/arm-atollic-eabi/6.3.1/../../../../arm-atollic-eabi/lib/armv7e-m/fpu\libc_nano.a(lib_a-nano-msizer.o)
 .ARM.attributes
                0x000009ae       0x34 c:/program files (x86)/atollic/truestudio for arm 8.0.0/armtools/bin/../lib/gcc/arm-atollic-eabi/6.3.1/../../../../arm-atollic-eabi/lib/armv7e-m/fpu\libm.a(lib_a-w_sqrt.o)
 .ARM.attributes
                0x000009e2       0x34 c:/program files (x86)/atollic/truestudio for arm 8.0.0/armtools/bin/../lib/gcc/arm-atollic-eabi/6.3.1/../../../../arm-atollic-eabi/lib/armv7e-m/fpu\libm.a(lib_a-e_sqrt.o)
 .ARM.attributes
                0x00000a16       0x34 c:/program files (x86)/atollic/truestudio for arm 8.0.0/armtools/bin/../lib/gcc/arm-atollic-eabi/6.3.1/../../../../arm-atollic-eabi/lib/armv7e-m/fpu\libm.a(lib_a-s_lib_ver.o)
 .ARM.attributes
                0x00000a4a       0x34 c:/program files (x86)/atollic/truestudio for arm 8.0.0/armtools/bin/../lib/gcc/arm-atollic-eabi/6.3.1/../../../../arm-atollic-eabi/lib/armv7e-m/fpu\libm.a(lib_a-s_matherr.o)
 .ARM.attributes
                0x00000a7e       0x34 c:/program files (x86)/atollic/truestudio for arm 8.0.0/armtools/bin/../lib/gcc/arm-atollic-eabi/6.3.1/../../../../arm-atollic-eabi/lib/armv7e-m/fpu\libc_nano.a(lib_a-errno.o)
 .ARM.attributes
                0x00000ab2       0x22 c:/program files (x86)/atollic/truestudio for arm 8.0.0/armtools/bin/../lib/gcc/arm-atollic-eabi/6.3.1/armv7e-m/fpu\libgcc.a(_arm_addsubdf3.o)
 .ARM.attributes
                0x00000ad4       0x22 c:/program files (x86)/atollic/truestudio for arm 8.0.0/armtools/bin/../lib/gcc/arm-atollic-eabi/6.3.1/armv7e-m/fpu\libgcc.a(_arm_muldivdf3.o)
 .ARM.attributes
                0x00000af6       0x22 c:/program files (x86)/atollic/truestudio for arm 8.0.0/armtools/bin/../lib/gcc/arm-atollic-eabi/6.3.1/armv7e-m/fpu\libgcc.a(_arm_cmpdf2.o)
 .ARM.attributes
                0x00000b18       0x22 c:/program files (x86)/atollic/truestudio for arm 8.0.0/armtools/bin/../lib/gcc/arm-atollic-eabi/6.3.1/armv7e-m/fpu\libgcc.a(_arm_unorddf2.o)
 .ARM.attributes
                0x00000b3a       0x22 c:/program files (x86)/atollic/truestudio for arm 8.0.0/armtools/bin/../lib/gcc/arm-atollic-eabi/6.3.1/armv7e-m/fpu\libgcc.a(_arm_fixunsdfsi.o)
 .ARM.attributes
                0x00000b5c       0x22 c:/program files (x86)/atollic/truestudio for arm 8.0.0/armtools/bin/../lib/gcc/arm-atollic-eabi/6.3.1/armv7e-m/fpu\libgcc.a(_aeabi_uldivmod.o)
 .ARM.attributes
                0x00000b7e       0x34 c:/program files (x86)/atollic/truestudio for arm 8.0.0/armtools/bin/../lib/gcc/arm-atollic-eabi/6.3.1/armv7e-m/fpu\libgcc.a(_fixunsdfdi.o)
 .ARM.attributes
                0x00000bb2       0x34 c:/program files (x86)/atollic/truestudio for arm 8.0.0/armtools/bin/../lib/gcc/arm-atollic-eabi/6.3.1/armv7e-m/fpu\libgcc.a(_udivmoddi4.o)
 .ARM.attributes
                0x00000be6       0x22 c:/program files (x86)/atollic/truestudio for arm 8.0.0/armtools/bin/../lib/gcc/arm-atollic-eabi/6.3.1/armv7e-m/fpu\libgcc.a(_dvmd_tls.o)
 .ARM.attributes
                0x00000c08       0x34 c:/program files (x86)/atollic/truestudio for arm 8.0.0/armtools/bin/../lib/gcc/arm-atollic-eabi/6.3.1/../../../../arm-atollic-eabi/lib/armv7e-m/fpu\libnosys.a(sbrk.o)
 .ARM.attributes
                0x00000c3c       0x22 c:/program files (x86)/atollic/truestudio for arm 8.0.0/armtools/bin/../lib/gcc/arm-atollic-eabi/6.3.1/armv7e-m/fpu/crtn.o
OUTPUT(edesign19231865.elf elf32-littlearm)

.debug_info     0x00000000    0x25957
 .debug_info    0x00000000      0xf58 Drivers\STM32F3xx_HAL_Driver\Src\stm32f3xx_hal.o
 .debug_info    0x00000f58     0x1369 Drivers\STM32F3xx_HAL_Driver\Src\stm32f3xx_hal_adc.o
 .debug_info    0x000022c1     0x22b4 Drivers\STM32F3xx_HAL_Driver\Src\stm32f3xx_hal_adc_ex.o
 .debug_info    0x00004575     0x149a Drivers\STM32F3xx_HAL_Driver\Src\stm32f3xx_hal_cortex.o
 .debug_info    0x00005a0f     0x103d Drivers\STM32F3xx_HAL_Driver\Src\stm32f3xx_hal_dma.o
 .debug_info    0x00006a4c      0xf97 Drivers\STM32F3xx_HAL_Driver\Src\stm32f3xx_hal_gpio.o
 .debug_info    0x000079e3     0x1ba3 Drivers\STM32F3xx_HAL_Driver\Src\stm32f3xx_hal_rcc.o
 .debug_info    0x00009586      0xe5e Drivers\STM32F3xx_HAL_Driver\Src\stm32f3xx_hal_rcc_ex.o
 .debug_info    0x0000a3e4     0x37b1 Drivers\STM32F3xx_HAL_Driver\Src\stm32f3xx_hal_tim.o
 .debug_info    0x0000db95     0x1ea9 Drivers\STM32F3xx_HAL_Driver\Src\stm32f3xx_hal_tim_ex.o
 .debug_info    0x0000fa3e     0x21d2 Drivers\STM32F3xx_HAL_Driver\Src\stm32f3xx_hal_uart.o
 .debug_info    0x00011c10     0x1135 Drivers\STM32F3xx_HAL_Driver\Src\stm32f3xx_hal_uart_ex.o
 .debug_info    0x00012d45     0x17d2 Src\adc_comms.o
 .debug_info    0x00014517     0x17c6 Src\functions.o
 .debug_info    0x00015cdd     0x1b5a Src\initilize_peripherals.o
 .debug_info    0x00017837     0x17a7 Src\liters_pumped.o
 .debug_info    0x00018fde     0x2687 Src\main.o
 .debug_info    0x0001b665     0x1a31 Src\seven_segment.o
 .debug_info    0x0001d096     0x2293 Src\seven_segment_display.o
 .debug_info    0x0001f329     0x1bc9 Src\stm32f3xx_hal_msp.o
 .debug_info    0x00020ef2     0x123a Src\stm32f3xx_it.o
 .debug_info    0x0002212c      0xc24 Src\system_stm32f3xx.o
 .debug_info    0x00022d50     0x1d31 Src\uart_comms.o
 .debug_info    0x00024a81      0xe4d Src\variables.o
 .debug_info    0x000258ce       0x89 startup\startup_stm32f334x8.o

.debug_abbrev   0x00000000     0x39e6
 .debug_abbrev  0x00000000      0x29e Drivers\STM32F3xx_HAL_Driver\Src\stm32f3xx_hal.o
 .debug_abbrev  0x0000029e      0x1f6 Drivers\STM32F3xx_HAL_Driver\Src\stm32f3xx_hal_adc.o
 .debug_abbrev  0x00000494      0x305 Drivers\STM32F3xx_HAL_Driver\Src\stm32f3xx_hal_adc_ex.o
 .debug_abbrev  0x00000799      0x386 Drivers\STM32F3xx_HAL_Driver\Src\stm32f3xx_hal_cortex.o
 .debug_abbrev  0x00000b1f      0x29c Drivers\STM32F3xx_HAL_Driver\Src\stm32f3xx_hal_dma.o
 .debug_abbrev  0x00000dbb      0x26d Drivers\STM32F3xx_HAL_Driver\Src\stm32f3xx_hal_gpio.o
 .debug_abbrev  0x00001028      0x30b Drivers\STM32F3xx_HAL_Driver\Src\stm32f3xx_hal_rcc.o
 .debug_abbrev  0x00001333      0x2fc Drivers\STM32F3xx_HAL_Driver\Src\stm32f3xx_hal_rcc_ex.o
 .debug_abbrev  0x0000162f      0x2a4 Drivers\STM32F3xx_HAL_Driver\Src\stm32f3xx_hal_tim.o
 .debug_abbrev  0x000018d3      0x2a4 Drivers\STM32F3xx_HAL_Driver\Src\stm32f3xx_hal_tim_ex.o
 .debug_abbrev  0x00001b77      0x2b1 Drivers\STM32F3xx_HAL_Driver\Src\stm32f3xx_hal_uart.o
 .debug_abbrev  0x00001e28      0x26e Drivers\STM32F3xx_HAL_Driver\Src\stm32f3xx_hal_uart_ex.o
 .debug_abbrev  0x00002096      0x20e Src\adc_comms.o
 .debug_abbrev  0x000022a4      0x219 Src\functions.o
 .debug_abbrev  0x000024bd      0x221 Src\initilize_peripherals.o
 .debug_abbrev  0x000026de      0x203 Src\liters_pumped.o
 .debug_abbrev  0x000028e1      0x2d0 Src\main.o
 .debug_abbrev  0x00002bb1      0x214 Src\seven_segment.o
 .debug_abbrev  0x00002dc5      0x214 Src\seven_segment_display.o
 .debug_abbrev  0x00002fd9      0x25d Src\stm32f3xx_hal_msp.o
 .debug_abbrev  0x00003236      0x1fc Src\stm32f3xx_it.o
 .debug_abbrev  0x00003432      0x1cd Src\system_stm32f3xx.o
 .debug_abbrev  0x000035ff      0x22c Src\uart_comms.o
 .debug_abbrev  0x0000382b      0x1a9 Src\variables.o
 .debug_abbrev  0x000039d4       0x12 startup\startup_stm32f334x8.o

.debug_loc      0x00000000     0xa648
 .debug_loc     0x00000000       0x69 Drivers\STM32F3xx_HAL_Driver\Src\stm32f3xx_hal.o
 .debug_loc     0x00000069      0x1ef Drivers\STM32F3xx_HAL_Driver\Src\stm32f3xx_hal_adc.o
 .debug_loc     0x00000258     0x1ad4 Drivers\STM32F3xx_HAL_Driver\Src\stm32f3xx_hal_adc_ex.o
 .debug_loc     0x00001d2c      0x5ad Drivers\STM32F3xx_HAL_Driver\Src\stm32f3xx_hal_cortex.o
 .debug_loc     0x000022d9      0x708 Drivers\STM32F3xx_HAL_Driver\Src\stm32f3xx_hal_dma.o
 .debug_loc     0x000029e1      0x331 Drivers\STM32F3xx_HAL_Driver\Src\stm32f3xx_hal_gpio.o
 .debug_loc     0x00002d12      0x913 Drivers\STM32F3xx_HAL_Driver\Src\stm32f3xx_hal_rcc.o
 .debug_loc     0x00003625      0x4aa Drivers\STM32F3xx_HAL_Driver\Src\stm32f3xx_hal_rcc_ex.o
 .debug_loc     0x00003acf     0x35ff Drivers\STM32F3xx_HAL_Driver\Src\stm32f3xx_hal_tim.o
 .debug_loc     0x000070ce     0x18d8 Drivers\STM32F3xx_HAL_Driver\Src\stm32f3xx_hal_tim_ex.o
 .debug_loc     0x000089a6     0x1635 Drivers\STM32F3xx_HAL_Driver\Src\stm32f3xx_hal_uart.o
 .debug_loc     0x00009fdb      0x31c Drivers\STM32F3xx_HAL_Driver\Src\stm32f3xx_hal_uart_ex.o
 .debug_loc     0x0000a2f7       0x21 Src\functions.o
 .debug_loc     0x0000a318      0x11b Src\seven_segment_display.o
 .debug_loc     0x0000a433      0x116 Src\stm32f3xx_hal_msp.o
 .debug_loc     0x0000a549       0xff Src\system_stm32f3xx.o

.debug_aranges  0x00000000      0xeb0
 .debug_aranges
                0x00000000       0xc8 Drivers\STM32F3xx_HAL_Driver\Src\stm32f3xx_hal.o
 .debug_aranges
                0x000000c8       0xc8 Drivers\STM32F3xx_HAL_Driver\Src\stm32f3xx_hal_adc.o
 .debug_aranges
                0x00000190      0x168 Drivers\STM32F3xx_HAL_Driver\Src\stm32f3xx_hal_adc_ex.o
 .debug_aranges
                0x000002f8       0x90 Drivers\STM32F3xx_HAL_Driver\Src\stm32f3xx_hal_cortex.o
 .debug_aranges
                0x00000388       0x88 Drivers\STM32F3xx_HAL_Driver\Src\stm32f3xx_hal_dma.o
 .debug_aranges
                0x00000410       0x58 Drivers\STM32F3xx_HAL_Driver\Src\stm32f3xx_hal_gpio.o
 .debug_aranges
                0x00000468       0x88 Drivers\STM32F3xx_HAL_Driver\Src\stm32f3xx_hal_rcc.o
 .debug_aranges
                0x000004f0       0x38 Drivers\STM32F3xx_HAL_Driver\Src\stm32f3xx_hal_rcc_ex.o
 .debug_aranges
                0x00000528      0x378 Drivers\STM32F3xx_HAL_Driver\Src\stm32f3xx_hal_tim.o
 .debug_aranges
                0x000008a0      0x178 Drivers\STM32F3xx_HAL_Driver\Src\stm32f3xx_hal_tim_ex.o
 .debug_aranges
                0x00000a18      0x1f0 Drivers\STM32F3xx_HAL_Driver\Src\stm32f3xx_hal_uart.o
 .debug_aranges
                0x00000c08       0x48 Drivers\STM32F3xx_HAL_Driver\Src\stm32f3xx_hal_uart_ex.o
 .debug_aranges
                0x00000c50       0x20 Src\adc_comms.o
 .debug_aranges
                0x00000c70       0x30 Src\functions.o
 .debug_aranges
                0x00000ca0       0x20 Src\initilize_peripherals.o
 .debug_aranges
                0x00000cc0       0x20 Src\liters_pumped.o
 .debug_aranges
                0x00000ce0       0x68 Src\main.o
 .debug_aranges
                0x00000d48       0x20 Src\seven_segment.o
 .debug_aranges
                0x00000d68       0x20 Src\seven_segment_display.o
 .debug_aranges
                0x00000d88       0x50 Src\stm32f3xx_hal_msp.o
 .debug_aranges
                0x00000dd8       0x50 Src\stm32f3xx_it.o
 .debug_aranges
                0x00000e28       0x28 Src\system_stm32f3xx.o
 .debug_aranges
                0x00000e50       0x20 Src\uart_comms.o
 .debug_aranges
                0x00000e70       0x18 Src\variables.o
 .debug_aranges
                0x00000e88       0x28 startup\startup_stm32f334x8.o

.debug_ranges   0x00000000      0xdb8
 .debug_ranges  0x00000000       0xb8 Drivers\STM32F3xx_HAL_Driver\Src\stm32f3xx_hal.o
 .debug_ranges  0x000000b8       0xb8 Drivers\STM32F3xx_HAL_Driver\Src\stm32f3xx_hal_adc.o
 .debug_ranges  0x00000170      0x158 Drivers\STM32F3xx_HAL_Driver\Src\stm32f3xx_hal_adc_ex.o
 .debug_ranges  0x000002c8       0xe0 Drivers\STM32F3xx_HAL_Driver\Src\stm32f3xx_hal_cortex.o
 .debug_ranges  0x000003a8       0x78 Drivers\STM32F3xx_HAL_Driver\Src\stm32f3xx_hal_dma.o
 .debug_ranges  0x00000420       0x48 Drivers\STM32F3xx_HAL_Driver\Src\stm32f3xx_hal_gpio.o
 .debug_ranges  0x00000468       0x98 Drivers\STM32F3xx_HAL_Driver\Src\stm32f3xx_hal_rcc.o
 .debug_ranges  0x00000500       0x40 Drivers\STM32F3xx_HAL_Driver\Src\stm32f3xx_hal_rcc_ex.o
 .debug_ranges  0x00000540      0x368 Drivers\STM32F3xx_HAL_Driver\Src\stm32f3xx_hal_tim.o
 .debug_ranges  0x000008a8      0x168 Drivers\STM32F3xx_HAL_Driver\Src\stm32f3xx_hal_tim_ex.o
 .debug_ranges  0x00000a10      0x1e0 Drivers\STM32F3xx_HAL_Driver\Src\stm32f3xx_hal_uart.o
 .debug_ranges  0x00000bf0       0x38 Drivers\STM32F3xx_HAL_Driver\Src\stm32f3xx_hal_uart_ex.o
 .debug_ranges  0x00000c28       0x10 Src\adc_comms.o
 .debug_ranges  0x00000c38       0x20 Src\functions.o
 .debug_ranges  0x00000c58       0x10 Src\initilize_peripherals.o
 .debug_ranges  0x00000c68       0x10 Src\liters_pumped.o
 .debug_ranges  0x00000c78       0x58 Src\main.o
 .debug_ranges  0x00000cd0       0x10 Src\seven_segment.o
 .debug_ranges  0x00000ce0       0x10 Src\seven_segment_display.o
 .debug_ranges  0x00000cf0       0x40 Src\stm32f3xx_hal_msp.o
 .debug_ranges  0x00000d30       0x40 Src\stm32f3xx_it.o
 .debug_ranges  0x00000d70       0x18 Src\system_stm32f3xx.o
 .debug_ranges  0x00000d88       0x10 Src\uart_comms.o
 .debug_ranges  0x00000d98       0x20 startup\startup_stm32f334x8.o

.debug_macro    0x00000000    0x20d5a
 .debug_macro   0x00000000      0x351 Drivers\STM32F3xx_HAL_Driver\Src\stm32f3xx_hal.o
 .debug_macro   0x00000351      0x8b6 Drivers\STM32F3xx_HAL_Driver\Src\stm32f3xx_hal.o
 .debug_macro   0x00000c07       0x22 Drivers\STM32F3xx_HAL_Driver\Src\stm32f3xx_hal.o
 .debug_macro   0x00000c29       0xab Drivers\STM32F3xx_HAL_Driver\Src\stm32f3xx_hal.o
 .debug_macro   0x00000cd4       0x2f Drivers\STM32F3xx_HAL_Driver\Src\stm32f3xx_hal.o
 .debug_macro   0x00000d03       0x28 Drivers\STM32F3xx_HAL_Driver\Src\stm32f3xx_hal.o
 .debug_macro   0x00000d2b       0x22 Drivers\STM32F3xx_HAL_Driver\Src\stm32f3xx_hal.o
 .debug_macro   0x00000d4d       0x87 Drivers\STM32F3xx_HAL_Driver\Src\stm32f3xx_hal.o
 .debug_macro   0x00000dd4       0x51 Drivers\STM32F3xx_HAL_Driver\Src\stm32f3xx_hal.o
 .debug_macro   0x00000e25       0xef Drivers\STM32F3xx_HAL_Driver\Src\stm32f3xx_hal.o
 .debug_macro   0x00000f14       0x6a Drivers\STM32F3xx_HAL_Driver\Src\stm32f3xx_hal.o
 .debug_macro   0x00000f7e      0x1df Drivers\STM32F3xx_HAL_Driver\Src\stm32f3xx_hal.o
 .debug_macro   0x0000115d       0x35 Drivers\STM32F3xx_HAL_Driver\Src\stm32f3xx_hal.o
 .debug_macro   0x00001192       0x50 Drivers\STM32F3xx_HAL_Driver\Src\stm32f3xx_hal.o
 .debug_macro   0x000011e2      0xd40 Drivers\STM32F3xx_HAL_Driver\Src\stm32f3xx_hal.o
 .debug_macro   0x00001f22    0x15472 Drivers\STM32F3xx_HAL_Driver\Src\stm32f3xx_hal.o
 .debug_macro   0x00017394       0x43 Drivers\STM32F3xx_HAL_Driver\Src\stm32f3xx_hal.o
 .debug_macro   0x000173d7       0x46 Drivers\STM32F3xx_HAL_Driver\Src\stm32f3xx_hal.o
 .debug_macro   0x0001741d       0x3c Drivers\STM32F3xx_HAL_Driver\Src\stm32f3xx_hal.o
 .debug_macro   0x00017459       0x9c Drivers\STM32F3xx_HAL_Driver\Src\stm32f3xx_hal.o
 .debug_macro   0x000174f5       0x16 Drivers\STM32F3xx_HAL_Driver\Src\stm32f3xx_hal.o
 .debug_macro   0x0001750b       0x97 Drivers\STM32F3xx_HAL_Driver\Src\stm32f3xx_hal.o
 .debug_macro   0x000175a2      0x30d Drivers\STM32F3xx_HAL_Driver\Src\stm32f3xx_hal.o
 .debug_macro   0x000178af       0xfd Drivers\STM32F3xx_HAL_Driver\Src\stm32f3xx_hal.o
 .debug_macro   0x000179ac       0x10 Drivers\STM32F3xx_HAL_Driver\Src\stm32f3xx_hal.o
 .debug_macro   0x000179bc       0x52 Drivers\STM32F3xx_HAL_Driver\Src\stm32f3xx_hal.o
 .debug_macro   0x00017a0e       0x1f Drivers\STM32F3xx_HAL_Driver\Src\stm32f3xx_hal.o
 .debug_macro   0x00017a2d       0x43 Drivers\STM32F3xx_HAL_Driver\Src\stm32f3xx_hal.o
 .debug_macro   0x00017a70       0x20 Drivers\STM32F3xx_HAL_Driver\Src\stm32f3xx_hal.o
 .debug_macro   0x00017a90      0x1a3 Drivers\STM32F3xx_HAL_Driver\Src\stm32f3xx_hal.o
 .debug_macro   0x00017c33       0x10 Drivers\STM32F3xx_HAL_Driver\Src\stm32f3xx_hal.o
 .debug_macro   0x00017c43       0x1c Drivers\STM32F3xx_HAL_Driver\Src\stm32f3xx_hal.o
 .debug_macro   0x00017c5f       0x52 Drivers\STM32F3xx_HAL_Driver\Src\stm32f3xx_hal.o
 .debug_macro   0x00017cb1       0x40 Drivers\STM32F3xx_HAL_Driver\Src\stm32f3xx_hal.o
 .debug_macro   0x00017cf1       0x10 Drivers\STM32F3xx_HAL_Driver\Src\stm32f3xx_hal.o
 .debug_macro   0x00017d01       0x40 Drivers\STM32F3xx_HAL_Driver\Src\stm32f3xx_hal.o
 .debug_macro   0x00017d41       0xd7 Drivers\STM32F3xx_HAL_Driver\Src\stm32f3xx_hal.o
 .debug_macro   0x00017e18       0x16 Drivers\STM32F3xx_HAL_Driver\Src\stm32f3xx_hal.o
 .debug_macro   0x00017e2e      0x161 Drivers\STM32F3xx_HAL_Driver\Src\stm32f3xx_hal.o
 .debug_macro   0x00017f8f       0x49 Drivers\STM32F3xx_HAL_Driver\Src\stm32f3xx_hal.o
 .debug_macro   0x00017fd8      0x8ff Drivers\STM32F3xx_HAL_Driver\Src\stm32f3xx_hal.o
 .debug_macro   0x000188d7      0x358 Drivers\STM32F3xx_HAL_Driver\Src\stm32f3xx_hal.o
 .debug_macro   0x00018c2f      0x13a Drivers\STM32F3xx_HAL_Driver\Src\stm32f3xx_hal.o
 .debug_macro   0x00018d69      0x130 Drivers\STM32F3xx_HAL_Driver\Src\stm32f3xx_hal.o
 .debug_macro   0x00018e99      0x1bc Drivers\STM32F3xx_HAL_Driver\Src\stm32f3xx_hal.o
 .debug_macro   0x00019055       0x34 Drivers\STM32F3xx_HAL_Driver\Src\stm32f3xx_hal.o
 .debug_macro   0x00019089       0x3c Drivers\STM32F3xx_HAL_Driver\Src\stm32f3xx_hal.o
 .debug_macro   0x000190c5       0x57 Drivers\STM32F3xx_HAL_Driver\Src\stm32f3xx_hal.o
 .debug_macro   0x0001911c      0x84c Drivers\STM32F3xx_HAL_Driver\Src\stm32f3xx_hal.o
 .debug_macro   0x00019968       0x77 Drivers\STM32F3xx_HAL_Driver\Src\stm32f3xx_hal.o
 .debug_macro   0x000199df       0xcb Drivers\STM32F3xx_HAL_Driver\Src\stm32f3xx_hal.o
 .debug_macro   0x00019aaa      0x1a0 Drivers\STM32F3xx_HAL_Driver\Src\stm32f3xx_hal.o
 .debug_macro   0x00019c4a      0x202 Drivers\STM32F3xx_HAL_Driver\Src\stm32f3xx_hal.o
 .debug_macro   0x00019e4c       0x5b Drivers\STM32F3xx_HAL_Driver\Src\stm32f3xx_hal.o
 .debug_macro   0x00019ea7       0x90 Drivers\STM32F3xx_HAL_Driver\Src\stm32f3xx_hal.o
 .debug_macro   0x00019f37       0x82 Drivers\STM32F3xx_HAL_Driver\Src\stm32f3xx_hal.o
 .debug_macro   0x00019fb9       0xd3 Drivers\STM32F3xx_HAL_Driver\Src\stm32f3xx_hal.o
 .debug_macro   0x0001a08c      0x6af Drivers\STM32F3xx_HAL_Driver\Src\stm32f3xx_hal.o
 .debug_macro   0x0001a73b      0x352 Drivers\STM32F3xx_HAL_Driver\Src\stm32f3xx_hal.o
 .debug_macro   0x0001aa8d      0x566 Drivers\STM32F3xx_HAL_Driver\Src\stm32f3xx_hal.o
 .debug_macro   0x0001aff3       0x31 Drivers\STM32F3xx_HAL_Driver\Src\stm32f3xx_hal.o
 .debug_macro   0x0001b024      0x298 Drivers\STM32F3xx_HAL_Driver\Src\stm32f3xx_hal.o
 .debug_macro   0x0001b2bc      0x32e Drivers\STM32F3xx_HAL_Driver\Src\stm32f3xx_hal_adc.o
 .debug_macro   0x0001b5ea      0x357 Drivers\STM32F3xx_HAL_Driver\Src\stm32f3xx_hal_adc_ex.o
 .debug_macro   0x0001b941      0x32d Drivers\STM32F3xx_HAL_Driver\Src\stm32f3xx_hal_cortex.o
 .debug_macro   0x0001bc6e      0x32d Drivers\STM32F3xx_HAL_Driver\Src\stm32f3xx_hal_dma.o
 .debug_macro   0x0001bf9b      0x365 Drivers\STM32F3xx_HAL_Driver\Src\stm32f3xx_hal_gpio.o
 .debug_macro   0x0001c300      0x351 Drivers\STM32F3xx_HAL_Driver\Src\stm32f3xx_hal_rcc.o
 .debug_macro   0x0001c651      0x32d Drivers\STM32F3xx_HAL_Driver\Src\stm32f3xx_hal_rcc_ex.o
 .debug_macro   0x0001c97e      0x32d Drivers\STM32F3xx_HAL_Driver\Src\stm32f3xx_hal_tim.o
 .debug_macro   0x0001ccab      0x339 Drivers\STM32F3xx_HAL_Driver\Src\stm32f3xx_hal_tim_ex.o
 .debug_macro   0x0001cfe4      0x335 Drivers\STM32F3xx_HAL_Driver\Src\stm32f3xx_hal_uart.o
 .debug_macro   0x0001d319      0x32d Drivers\STM32F3xx_HAL_Driver\Src\stm32f3xx_hal_uart_ex.o
 .debug_macro   0x0001d646      0x3a6 Src\adc_comms.o
 .debug_macro   0x0001d9ec       0x40 Src\adc_comms.o
 .debug_macro   0x0001da2c       0x8d Src\adc_comms.o
 .debug_macro   0x0001dab9       0x16 Src\adc_comms.o
 .debug_macro   0x0001dacf      0x10e Src\adc_comms.o
 .debug_macro   0x0001dbdd       0x8d Src\adc_comms.o
 .debug_macro   0x0001dc6a       0x57 Src\adc_comms.o
 .debug_macro   0x0001dcc1       0x16 Src\adc_comms.o
 .debug_macro   0x0001dcd7       0x29 Src\adc_comms.o
 .debug_macro   0x0001dd00       0x16 Src\adc_comms.o
 .debug_macro   0x0001dd16       0x35 Src\adc_comms.o
 .debug_macro   0x0001dd4b       0x20 Src\adc_comms.o
 .debug_macro   0x0001dd6b       0x1c Src\adc_comms.o
 .debug_macro   0x0001dd87      0x1e1 Src\adc_comms.o
 .debug_macro   0x0001df68      0x3ab Src\functions.o
 .debug_macro   0x0001e313      0x8c2 Src\functions.o
 .debug_macro   0x0001ebd5      0x3a6 Src\initilize_peripherals.o
 .debug_macro   0x0001ef7b      0x3a6 Src\liters_pumped.o
 .debug_macro   0x0001f321      0x3b6 Src\main.o
 .debug_macro   0x0001f6d7      0x3a6 Src\seven_segment.o
 .debug_macro   0x0001fa7d      0x3a6 Src\seven_segment_display.o
 .debug_macro   0x0001fe23      0x32d Src\stm32f3xx_hal_msp.o
 .debug_macro   0x00020150      0x337 Src\stm32f3xx_it.o
 .debug_macro   0x00020487      0x333 Src\system_stm32f3xx.o
 .debug_macro   0x000207ba      0x3a6 Src\uart_comms.o
 .debug_macro   0x00020b60      0x1fa Src\variables.o

.debug_line     0x00000000     0xeb1a
 .debug_line    0x00000000      0x86d Drivers\STM32F3xx_HAL_Driver\Src\stm32f3xx_hal.o
 .debug_line    0x0000086d      0x86b Drivers\STM32F3xx_HAL_Driver\Src\stm32f3xx_hal_adc.o
 .debug_line    0x000010d8     0x14ea Drivers\STM32F3xx_HAL_Driver\Src\stm32f3xx_hal_adc_ex.o
 .debug_line    0x000025c2      0x88f Drivers\STM32F3xx_HAL_Driver\Src\stm32f3xx_hal_cortex.o
 .debug_line    0x00002e51      0x928 Drivers\STM32F3xx_HAL_Driver\Src\stm32f3xx_hal_dma.o
 .debug_line    0x00003779      0x835 Drivers\STM32F3xx_HAL_Driver\Src\stm32f3xx_hal_gpio.o
 .debug_line    0x00003fae      0xb90 Drivers\STM32F3xx_HAL_Driver\Src\stm32f3xx_hal_rcc.o
 .debug_line    0x00004b3e      0x889 Drivers\STM32F3xx_HAL_Driver\Src\stm32f3xx_hal_rcc_ex.o
 .debug_line    0x000053c7     0x18aa Drivers\STM32F3xx_HAL_Driver\Src\stm32f3xx_hal_tim.o
 .debug_line    0x00006c71      0xe32 Drivers\STM32F3xx_HAL_Driver\Src\stm32f3xx_hal_tim_ex.o
 .debug_line    0x00007aa3     0x1119 Drivers\STM32F3xx_HAL_Driver\Src\stm32f3xx_hal_uart.o
 .debug_line    0x00008bbc      0x7ed Drivers\STM32F3xx_HAL_Driver\Src\stm32f3xx_hal_uart_ex.o
 .debug_line    0x000093a9      0x75b Src\adc_comms.o
 .debug_line    0x00009b04      0x772 Src\functions.o
 .debug_line    0x0000a276      0x77d Src\initilize_peripherals.o
 .debug_line    0x0000a9f3      0x778 Src\liters_pumped.o
 .debug_line    0x0000b16b      0x88f Src\main.o
 .debug_line    0x0000b9fa      0x763 Src\seven_segment.o
 .debug_line    0x0000c15d      0x7a7 Src\seven_segment_display.o
 .debug_line    0x0000c904      0x78f Src\stm32f3xx_hal_msp.o
 .debug_line    0x0000d093      0x74b Src\stm32f3xx_it.o
 .debug_line    0x0000d7de      0x709 Src\system_stm32f3xx.o
 .debug_line    0x0000dee7      0x7d1 Src\uart_comms.o
 .debug_line    0x0000e6b8      0x3e3 Src\variables.o
 .debug_line    0x0000ea9b       0x7f startup\startup_stm32f334x8.o

.debug_str      0x00000000    0xab96d
 .debug_str     0x00000000    0xa6e50 Drivers\STM32F3xx_HAL_Driver\Src\stm32f3xx_hal.o
                              0xa71ac (size before relaxing)
 .debug_str     0x000a6e50      0x61c Drivers\STM32F3xx_HAL_Driver\Src\stm32f3xx_hal_adc.o
                              0xa70ef (size before relaxing)
 .debug_str     0x000a746c      0x72b Drivers\STM32F3xx_HAL_Driver\Src\stm32f3xx_hal_adc_ex.o
                              0xa77e5 (size before relaxing)
 .debug_str     0x000a7b97      0x2af Drivers\STM32F3xx_HAL_Driver\Src\stm32f3xx_hal_cortex.o
                              0xa7174 (size before relaxing)
 .debug_str     0x000a7e46      0x229 Drivers\STM32F3xx_HAL_Driver\Src\stm32f3xx_hal_dma.o
                              0xa6e69 (size before relaxing)
 .debug_str     0x000a806f      0x2d6 Drivers\STM32F3xx_HAL_Driver\Src\stm32f3xx_hal_gpio.o
                              0xa6dc1 (size before relaxing)
 .debug_str     0x000a8345      0x3fe Drivers\STM32F3xx_HAL_Driver\Src\stm32f3xx_hal_rcc.o
                              0xa6f59 (size before relaxing)
 .debug_str     0x000a8743      0x194 Drivers\STM32F3xx_HAL_Driver\Src\stm32f3xx_hal_rcc_ex.o
                              0xa6cb3 (size before relaxing)
 .debug_str     0x000a88d7      0xf60 Drivers\STM32F3xx_HAL_Driver\Src\stm32f3xx_hal_tim.o
                              0xa7bfe (size before relaxing)
 .debug_str     0x000a9837      0x5ce Drivers\STM32F3xx_HAL_Driver\Src\stm32f3xx_hal_tim_ex.o
                              0xa7664 (size before relaxing)
 .debug_str     0x000a9e05      0x99f Drivers\STM32F3xx_HAL_Driver\Src\stm32f3xx_hal_uart.o
                              0xa76ef (size before relaxing)
 .debug_str     0x000aa7a4       0xed Drivers\STM32F3xx_HAL_Driver\Src\stm32f3xx_hal_uart_ex.o
                              0xa707a (size before relaxing)
 .debug_str     0x000aa891      0xcb8 Src\adc_comms.o
                              0xa7fa8 (size before relaxing)
 .debug_str     0x000ab549      0x11a Src\functions.o
                              0xa8017 (size before relaxing)
 .debug_str     0x000ab663       0x3e Src\initilize_peripherals.o
                              0xa8029 (size before relaxing)
 .debug_str     0x000ab6a1       0x25 Src\liters_pumped.o
                              0xa7f9a (size before relaxing)
 .debug_str     0x000ab6c6       0xee Src\main.o
                              0xa8965 (size before relaxing)
 .debug_str     0x000ab7b4       0x2d Src\seven_segment.o
                              0xa8008 (size before relaxing)
 .debug_str     0x000ab7e1       0x1f Src\seven_segment_display.o
                              0xa8002 (size before relaxing)
 .debug_str     0x000ab800       0x25 Src\stm32f3xx_hal_msp.o
                              0xa77f4 (size before relaxing)
 .debug_str     0x000ab825       0xa1 Src\stm32f3xx_it.o
                              0xa7174 (size before relaxing)
 .debug_str     0x000ab8c6       0x64 Src\system_stm32f3xx.o
                              0xa6af2 (size before relaxing)
 .debug_str     0x000ab92a       0x29 Src\uart_comms.o
                              0xa801d (size before relaxing)
 .debug_str     0x000ab953       0x1a Src\variables.o
                               0x7c19 (size before relaxing)

.comment        0x00000000       0x7c
 .comment       0x00000000       0x7c Drivers\STM32F3xx_HAL_Driver\Src\stm32f3xx_hal.o
                                 0x7d (size before relaxing)
 .comment       0x0000007c       0x7d Drivers\STM32F3xx_HAL_Driver\Src\stm32f3xx_hal_adc.o
 .comment       0x0000007c       0x7d Drivers\STM32F3xx_HAL_Driver\Src\stm32f3xx_hal_adc_ex.o
 .comment       0x0000007c       0x7d Drivers\STM32F3xx_HAL_Driver\Src\stm32f3xx_hal_cortex.o
 .comment       0x0000007c       0x7d Drivers\STM32F3xx_HAL_Driver\Src\stm32f3xx_hal_dma.o
 .comment       0x0000007c       0x7d Drivers\STM32F3xx_HAL_Driver\Src\stm32f3xx_hal_gpio.o
 .comment       0x0000007c       0x7d Drivers\STM32F3xx_HAL_Driver\Src\stm32f3xx_hal_rcc.o
 .comment       0x0000007c       0x7d Drivers\STM32F3xx_HAL_Driver\Src\stm32f3xx_hal_rcc_ex.o
 .comment       0x0000007c       0x7d Drivers\STM32F3xx_HAL_Driver\Src\stm32f3xx_hal_tim.o
 .comment       0x0000007c       0x7d Drivers\STM32F3xx_HAL_Driver\Src\stm32f3xx_hal_tim_ex.o
 .comment       0x0000007c       0x7d Drivers\STM32F3xx_HAL_Driver\Src\stm32f3xx_hal_uart.o
 .comment       0x0000007c       0x7d Drivers\STM32F3xx_HAL_Driver\Src\stm32f3xx_hal_uart_ex.o
 .comment       0x0000007c       0x7d Src\adc_comms.o
 .comment       0x0000007c       0x7d Src\functions.o
 .comment       0x0000007c       0x7d Src\initilize_peripherals.o
 .comment       0x0000007c       0x7d Src\liters_pumped.o
 .comment       0x0000007c       0x7d Src\main.o
 .comment       0x0000007c       0x7d Src\seven_segment.o
 .comment       0x0000007c       0x7d Src\seven_segment_display.o
 .comment       0x0000007c       0x7d Src\stm32f3xx_hal_msp.o
 .comment       0x0000007c       0x7d Src\stm32f3xx_it.o
 .comment       0x0000007c       0x7d Src\system_stm32f3xx.o
 .comment       0x0000007c       0x7d Src\uart_comms.o
 .comment       0x0000007c       0x7d Src\variables.o

.debug_frame    0x00000000     0x2d14
 .debug_frame   0x00000000      0x198 Drivers\STM32F3xx_HAL_Driver\Src\stm32f3xx_hal.o
 .debug_frame   0x00000198      0x170 Drivers\STM32F3xx_HAL_Driver\Src\stm32f3xx_hal_adc.o
 .debug_frame   0x00000308      0x4a0 Drivers\STM32F3xx_HAL_Driver\Src\stm32f3xx_hal_adc_ex.o
 .debug_frame   0x000007a8      0x12c Drivers\STM32F3xx_HAL_Driver\Src\stm32f3xx_hal_cortex.o
 .debug_frame   0x000008d4      0x164 Drivers\STM32F3xx_HAL_Driver\Src\stm32f3xx_hal_dma.o
 .debug_frame   0x00000a38       0xd0 Drivers\STM32F3xx_HAL_Driver\Src\stm32f3xx_hal_gpio.o
 .debug_frame   0x00000b08      0x140 Drivers\STM32F3xx_HAL_Driver\Src\stm32f3xx_hal_rcc.o
 .debug_frame   0x00000c48       0x7c Drivers\STM32F3xx_HAL_Driver\Src\stm32f3xx_hal_rcc_ex.o
 .debug_frame   0x00000cc4      0xa1c Drivers\STM32F3xx_HAL_Driver\Src\stm32f3xx_hal_tim.o
 .debug_frame   0x000016e0      0x45c Drivers\STM32F3xx_HAL_Driver\Src\stm32f3xx_hal_tim_ex.o
 .debug_frame   0x00001b3c      0x570 Drivers\STM32F3xx_HAL_Driver\Src\stm32f3xx_hal_uart.o
 .debug_frame   0x000020ac       0xb4 Drivers\STM32F3xx_HAL_Driver\Src\stm32f3xx_hal_uart_ex.o
 .debug_frame   0x00002160       0x30 Src\adc_comms.o
 .debug_frame   0x00002190       0x4c Src\functions.o
 .debug_frame   0x000021dc       0x2c Src\initilize_peripherals.o
 .debug_frame   0x00002208       0x28 Src\liters_pumped.o
 .debug_frame   0x00002230      0x120 Src\main.o
 .debug_frame   0x00002350       0x28 Src\seven_segment.o
 .debug_frame   0x00002378       0x28 Src\seven_segment_display.o
 .debug_frame   0x000023a0       0xd8 Src\stm32f3xx_hal_msp.o
 .debug_frame   0x00002478       0xa8 Src\stm32f3xx_it.o
 .debug_frame   0x00002520       0x30 Src\system_stm32f3xx.o
 .debug_frame   0x00002550       0x3c Src\uart_comms.o
 .debug_frame   0x0000258c       0x2c c:/program files (x86)/atollic/truestudio for arm 8.0.0/armtools/bin/../lib/gcc/arm-atollic-eabi/6.3.1/../../../../arm-atollic-eabi/lib/armv7e-m/fpu\libc_nano.a(lib_a-init.o)
 .debug_frame   0x000025b8       0x30 c:/program files (x86)/atollic/truestudio for arm 8.0.0/armtools/bin/../lib/gcc/arm-atollic-eabi/6.3.1/../../../../arm-atollic-eabi/lib/armv7e-m/fpu\libc_nano.a(lib_a-malloc.o)
 .debug_frame   0x000025e8       0x28 c:/program files (x86)/atollic/truestudio for arm 8.0.0/armtools/bin/../lib/gcc/arm-atollic-eabi/6.3.1/../../../../arm-atollic-eabi/lib/armv7e-m/fpu\libc_nano.a(lib_a-memcpy-stub.o)
 .debug_frame   0x00002610       0x20 c:/program files (x86)/atollic/truestudio for arm 8.0.0/armtools/bin/../lib/gcc/arm-atollic-eabi/6.3.1/../../../../arm-atollic-eabi/lib/armv7e-m/fpu\libc_nano.a(lib_a-memset.o)
 .debug_frame   0x00002630       0x38 c:/program files (x86)/atollic/truestudio for arm 8.0.0/armtools/bin/../lib/gcc/arm-atollic-eabi/6.3.1/../../../../arm-atollic-eabi/lib/armv7e-m/fpu\libc_nano.a(lib_a-nano-freer.o)
 .debug_frame   0x00002668       0x2c c:/program files (x86)/atollic/truestudio for arm 8.0.0/armtools/bin/../lib/gcc/arm-atollic-eabi/6.3.1/../../../../arm-atollic-eabi/lib/armv7e-m/fpu\libc_nano.a(lib_a-nano-mallocr.o)
 .debug_frame   0x00002694       0x2c c:/program files (x86)/atollic/truestudio for arm 8.0.0/armtools/bin/../lib/gcc/arm-atollic-eabi/6.3.1/../../../../arm-atollic-eabi/lib/armv7e-m/fpu\libc_nano.a(lib_a-sbrkr.o)
 .debug_frame   0x000026c0       0x70 c:/program files (x86)/atollic/truestudio for arm 8.0.0/armtools/bin/../lib/gcc/arm-atollic-eabi/6.3.1/../../../../arm-atollic-eabi/lib/armv7e-m/fpu\libc_nano.a(lib_a-sprintf.o)
 .debug_frame   0x00002730       0x38 c:/program files (x86)/atollic/truestudio for arm 8.0.0/armtools/bin/../lib/gcc/arm-atollic-eabi/6.3.1/../../../../arm-atollic-eabi/lib/armv7e-m/fpu\libc_nano.a(lib_a-strtok.o)
 .debug_frame   0x00002768       0x40 c:/program files (x86)/atollic/truestudio for arm 8.0.0/armtools/bin/../lib/gcc/arm-atollic-eabi/6.3.1/../../../../arm-atollic-eabi/lib/armv7e-m/fpu\libc_nano.a(lib_a-strtok_r.o)
 .debug_frame   0x000027a8       0x30 c:/program files (x86)/atollic/truestudio for arm 8.0.0/armtools/bin/../lib/gcc/arm-atollic-eabi/6.3.1/../../../../arm-atollic-eabi/lib/armv7e-m/fpu\libc_nano.a(lib_a-mlock.o)
 .debug_frame   0x000027d8       0x90 c:/program files (x86)/atollic/truestudio for arm 8.0.0/armtools/bin/../lib/gcc/arm-atollic-eabi/6.3.1/../../../../arm-atollic-eabi/lib/armv7e-m/fpu\libc_nano.a(lib_a-nano-svfprintf.o)
 .debug_frame   0x00002868       0x60 c:/program files (x86)/atollic/truestudio for arm 8.0.0/armtools/bin/../lib/gcc/arm-atollic-eabi/6.3.1/../../../../arm-atollic-eabi/lib/armv7e-m/fpu\libc_nano.a(lib_a-nano-vfprintf_i.o)
 .debug_frame   0x000028c8       0x5c c:/program files (x86)/atollic/truestudio for arm 8.0.0/armtools/bin/../lib/gcc/arm-atollic-eabi/6.3.1/../../../../arm-atollic-eabi/lib/armv7e-m/fpu\libc_nano.a(lib_a-reent.o)