Archive member included to satisfy reference by file (symbol)

c:/program files (x86)/atollic/truestudio for arm 8.0.0/armtools/bin/../lib/gcc/arm-atollic-eabi/6.3.1/../../../../arm-atollic-eabi/lib/armv7e-m/fpu\libc_nano.a(lib_a-init.o)
                              startup\startup_stm32f334x8.o (__libc_init_array)
c:/program files (x86)/atollic/truestudio for arm 8.0.0/armtools/bin/../lib/gcc/arm-atollic-eabi/6.3.1/armv7e-m/fpu\libgcc.a(_lshrdi3.o)
                              Drivers\STM32F3xx_HAL_Driver\Src\stm32f3xx_hal_flash.o (__aeabi_llsr)

Allocating common symbols
Common symbol       size              file

uwTick              0x4               Drivers\STM32F3xx_HAL_Driver\Src\stm32f3xx_hal.o
pFlash              0x20              Drivers\STM32F3xx_HAL_Driver\Src\stm32f3xx_hal_flash.o
htim2               0x40              Src\main.o
huart2              0x70              Src\main.o

Discarded input sections

 .text          0x00000000        0x0 c:/program files (x86)/atollic/truestudio for arm 8.0.0/armtools/bin/../lib/gcc/arm-atollic-eabi/6.3.1/armv7e-m/fpu/crti.o
 .data          0x00000000        0x0 c:/program files (x86)/atollic/truestudio for arm 8.0.0/armtools/bin/../lib/gcc/arm-atollic-eabi/6.3.1/armv7e-m/fpu/crti.o
 .bss           0x00000000        0x0 c:/program files (x86)/atollic/truestudio for arm 8.0.0/armtools/bin/../lib/gcc/arm-atollic-eabi/6.3.1/armv7e-m/fpu/crti.o
 .data          0x00000000        0x4 c:/program files (x86)/atollic/truestudio for arm 8.0.0/armtools/bin/../lib/gcc/arm-atollic-eabi/6.3.1/armv7e-m/fpu/crtbegin.o
 .text          0x00000000        0x0 Drivers\STM32F3xx_HAL_Driver\Src\stm32f3xx_hal.o
 .data          0x00000000        0x0 Drivers\STM32F3xx_HAL_Driver\Src\stm32f3xx_hal.o
 .bss           0x00000000        0x0 Drivers\STM32F3xx_HAL_Driver\Src\stm32f3xx_hal.o
 .text.HAL_MspInit
                0x00000000        0x2 Drivers\STM32F3xx_HAL_Driver\Src\stm32f3xx_hal.o
 .text.HAL_MspDeInit
                0x00000000        0x2 Drivers\STM32F3xx_HAL_Driver\Src\stm32f3xx_hal.o
 .text.HAL_DeInit
                0x00000000       0x24 Drivers\STM32F3xx_HAL_Driver\Src\stm32f3xx_hal.o
 .text.HAL_Delay
                0x00000000       0x20 Drivers\STM32F3xx_HAL_Driver\Src\stm32f3xx_hal.o
 .text.HAL_SuspendTick
                0x00000000       0x10 Drivers\STM32F3xx_HAL_Driver\Src\stm32f3xx_hal.o
 .text.HAL_ResumeTick
                0x00000000       0x10 Drivers\STM32F3xx_HAL_Driver\Src\stm32f3xx_hal.o
 .text.HAL_GetHalVersion
                0x00000000        0x8 Drivers\STM32F3xx_HAL_Driver\Src\stm32f3xx_hal.o
 .text.HAL_GetREVID
                0x00000000        0xc Drivers\STM32F3xx_HAL_Driver\Src\stm32f3xx_hal.o
 .text.HAL_GetDEVID
                0x00000000       0x10 Drivers\STM32F3xx_HAL_Driver\Src\stm32f3xx_hal.o
 .text.HAL_GetUIDw0
                0x00000000        0xc Drivers\STM32F3xx_HAL_Driver\Src\stm32f3xx_hal.o
 .text.HAL_GetUIDw1
                0x00000000        0xc Drivers\STM32F3xx_HAL_Driver\Src\stm32f3xx_hal.o
 .text.HAL_GetUIDw2
                0x00000000        0xc Drivers\STM32F3xx_HAL_Driver\Src\stm32f3xx_hal.o
 .text.HAL_DBGMCU_EnableDBGSleepMode
                0x00000000       0x10 Drivers\STM32F3xx_HAL_Driver\Src\stm32f3xx_hal.o
 .text.HAL_DBGMCU_DisableDBGSleepMode
                0x00000000       0x10 Drivers\STM32F3xx_HAL_Driver\Src\stm32f3xx_hal.o
 .text.HAL_DBGMCU_EnableDBGStopMode
                0x00000000       0x10 Drivers\STM32F3xx_HAL_Driver\Src\stm32f3xx_hal.o
 .text.HAL_DBGMCU_DisableDBGStopMode
                0x00000000       0x10 Drivers\STM32F3xx_HAL_Driver\Src\stm32f3xx_hal.o
 .text.HAL_DBGMCU_EnableDBGStandbyMode
                0x00000000       0x10 Drivers\STM32F3xx_HAL_Driver\Src\stm32f3xx_hal.o
 .text.HAL_DBGMCU_DisableDBGStandbyMode
                0x00000000       0x10 Drivers\STM32F3xx_HAL_Driver\Src\stm32f3xx_hal.o
 .text          0x00000000        0x0 Drivers\STM32F3xx_HAL_Driver\Src\stm32f3xx_hal_cortex.o
 .data          0x00000000        0x0 Drivers\STM32F3xx_HAL_Driver\Src\stm32f3xx_hal_cortex.o
 .bss           0x00000000        0x0 Drivers\STM32F3xx_HAL_Driver\Src\stm32f3xx_hal_cortex.o
 .text.HAL_NVIC_DisableIRQ
                0x00000000       0x1c Drivers\STM32F3xx_HAL_Driver\Src\stm32f3xx_hal_cortex.o
 .text.HAL_NVIC_SystemReset
                0x00000000       0x24 Drivers\STM32F3xx_HAL_Driver\Src\stm32f3xx_hal_cortex.o
 .text.HAL_NVIC_GetPriorityGrouping
                0x00000000       0x10 Drivers\STM32F3xx_HAL_Driver\Src\stm32f3xx_hal_cortex.o
 .text.HAL_NVIC_GetPriority
                0x00000000       0x58 Drivers\STM32F3xx_HAL_Driver\Src\stm32f3xx_hal_cortex.o
 .text.HAL_NVIC_SetPendingIRQ
                0x00000000       0x1c Drivers\STM32F3xx_HAL_Driver\Src\stm32f3xx_hal_cortex.o
 .text.HAL_NVIC_GetPendingIRQ
                0x00000000       0x1c Drivers\STM32F3xx_HAL_Driver\Src\stm32f3xx_hal_cortex.o
 .text.HAL_NVIC_ClearPendingIRQ
[...]
Memory Configuration

Name             Origin             Length             Attributes
RAM              0x20000000         0x00003000         xrw
CCMRAM           0x10000000         0x00001000         rw
FLASH            0x08000000         0x00010000         xr
*default*        0x00000000         0xffffffff

Linker script and memory map

LOAD c:/program files (x86)/atollic/truestudio for arm 8.0.0/armtools/bin/../lib/gcc/arm-atollic-eabi/6.3.1/armv7e-m/fpu/crti.o
LOAD c:/program files (x86)/atollic/truestudio for arm 8.0.0/armtools/bin/../lib/gcc/arm-atollic-eabi/6.3.1/armv7e-m/fpu/crtbegin.o
LOAD Drivers\STM32F3xx_HAL_Driver\Src\stm32f3xx_hal.o
LOAD Drivers\STM32F3xx_HAL_Driver\Src\stm32f3xx_hal_cortex.o
LOAD Drivers\STM32F3xx_HAL_Driver\Src\stm32f3xx_hal_dma.o
LOAD Drivers\STM32F3xx_HAL_Driver\Src\stm32f3xx_hal_flash.o
LOAD Drivers\STM32F3xx_HAL_Driver\Src\stm32f3xx_hal_flash_ex.o
LOAD Drivers\STM32F3xx_HAL_Driver\Src\stm32f3xx_hal_gpio.o
LOAD Drivers\STM32F3xx_HAL_Driver\Src\stm32f3xx_hal_i2c.o
LOAD Drivers\STM32F3xx_HAL_Driver\Src\stm32f3xx_hal_i2c_ex.o
LOAD Drivers\STM32F3xx_HAL_Driver\Src\stm32f3xx_hal_pwr.o
LOAD Drivers\STM32F3xx_HAL_Driver\Src\stm32f3xx_hal_pwr_ex.o
LOAD Drivers\STM32F3xx_HAL_Driver\Src\stm32f3xx_hal_rcc.o
LOAD Drivers\STM32F3xx_HAL_Driver\Src\stm32f3xx_hal_rcc_ex.o
LOAD Drivers\STM32F3xx_HAL_Driver\Src\stm32f3xx_hal_tim.o
LOAD Drivers\STM32F3xx_HAL_Driver\Src\stm32f3xx_hal_tim_ex.o
LOAD Drivers\STM32F3xx_HAL_Driver\Src\stm32f3xx_hal_uart.o
LOAD Drivers\STM32F3xx_HAL_Driver\Src\stm32f3xx_hal_uart_ex.o
LOAD Src\main.o
LOAD Src\stm32f3xx_hal_msp.o
LOAD Src\stm32f3xx_it.o
LOAD Src\system_stm32f3xx.o
LOAD startup\startup_stm32f334x8.o
                0x00000080                malloc_getpagesize_P = 0x80
START GROUP
LOAD c:/program files (x86)/atollic/truestudio for arm 8.0.0/armtools/bin/../lib/gcc/arm-atollic-eabi/6.3.1/../../../../arm-atollic-eabi/lib/armv7e-m/fpu\libc_nano.a
LOAD c:/program files (x86)/atollic/truestudio for arm 8.0.0/armtools/bin/../lib/gcc/arm-atollic-eabi/6.3.1/../../../../arm-atollic-eabi/lib/armv7e-m/fpu\libm.a
END GROUP
START GROUP
LOAD c:/program files (x86)/atollic/truestudio for arm 8.0.0/armtools/bin/../lib/gcc/arm-atollic-eabi/6.3.1/armv7e-m/fpu\libgcc.a
LOAD c:/program files (x86)/atollic/truestudio for arm 8.0.0/armtools/bin/../lib/gcc/arm-atollic-eabi/6.3.1/../../../../arm-atollic-eabi/lib/armv7e-m/fpu\libc_nano.a
END GROUP
START GROUP
LOAD c:/program files (x86)/atollic/truestudio for arm 8.0.0/armtools/bin/../lib/gcc/arm-atollic-eabi/6.3.1/armv7e-m/fpu\libgcc.a
LOAD c:/program files (x86)/atollic/truestudio for arm 8.0.0/armtools/bin/../lib/gcc/arm-atollic-eabi/6.3.1/../../../../arm-atollic-eabi/lib/armv7e-m/fpu\libc_nano.a
LOAD c:/program files (x86)/atollic/truestudio for arm 8.0.0/armtools/bin/../lib/gcc/arm-atollic-eabi/6.3.1/../../../../arm-atollic-eabi/lib/armv7e-m/fpu\libnosys.a
END GROUP
START GROUP
LOAD c:/program files (x86)/atollic/truestudio for arm 8.0.0/armtools/bin/../lib/gcc/arm-atollic-eabi/6.3.1/armv7e-m/fpu\libgcc.a
LOAD c:/program files (x86)/atollic/truestudio for arm 8.0.0/armtools/bin/../lib/gcc/arm-atollic-eabi/6.3.1/../../../../arm-atollic-eabi/lib/armv7e-m/fpu\libc_nano.a
LOAD c:/program files (x86)/atollic/truestudio for arm 8.0.0/armtools/bin/../lib/gcc/arm-atollic-eabi/6.3.1/../../../../arm-atollic-eabi/lib/armv7e-m/fpu\libnosys.a
END GROUP
LOAD c:/program files (x86)/atollic/truestudio for arm 8.0.0/armtools/bin/../lib/gcc/arm-atollic-eabi/6.3.1/armv7e-m/fpu/crtend.o
LOAD c:/program files (x86)/atollic/truestudio for arm 8.0.0/armtools/bin/../lib/gcc/arm-atollic-eabi/6.3.1/armv7e-m/fpu/crtn.o
                0x20003000                _estack = 0x20003000
                0x00000200                _Min_Heap_Size = 0x200
                0x00000400                _Min_Stack_Size = 0x400

.isr_vector     0x08000000      0x188
                0x08000000                . = ALIGN (0x4)
 *(.isr_vector)
 .isr_vector    0x08000000      0x188 startup\startup_stm32f334x8.o
                0x08000000                g_pfnVectors
                0x08000188                . = ALIGN (0x4)

.text           0x08000188     0x197c
                0x08000188                . = ALIGN (0x4)
 *(.text)
 .text          0x08000188       0x40 c:/program files (x86)/atollic/truestudio for arm 8.0.0/armtools/bin/../lib/gcc/arm-atollic-eabi/6.3.1/armv7e-m/fpu/crtbegin.o
 *(.text*)
 .text.HAL_InitTick
                0x080001c8       0x28 Drivers\STM32F3xx_HAL_Driver\Src\stm32f3xx_hal.o
                0x080001c8                HAL_InitTick
 .text.HAL_Init
                0x080001f0       0x24 Drivers\STM32F3xx_HAL_Driver\Src\stm32f3xx_hal.o
                0x080001f0                HAL_Init
 .text.HAL_IncTick
                0x08000214       0x10 Drivers\STM32F3xx_HAL_Driver\Src\stm32f3xx_hal.o
                0x08000214                HAL_IncTick
 .text.HAL_GetTick
                0x08000224        0xc Drivers\STM32F3xx_HAL_Driver\Src\stm32f3xx_hal.o
                0x08000224                HAL_GetTick
 .text.HAL_NVIC_SetPriorityGrouping
                0x08000230       0x24 Drivers\STM32F3xx_HAL_Driver\Src\stm32f3xx_hal_cortex.o
                0x08000230                HAL_NVIC_SetPriorityGrouping
 .text.HAL_NVIC_SetPriority
                0x08000254       0x68 Drivers\STM32F3xx_HAL_Driver\Src\stm32f3xx_hal_cortex.o
                0x08000254                HAL_NVIC_SetPriority
 .text.HAL_NVIC_EnableIRQ
                0x080002bc       0x18 Drivers\STM32F3xx_HAL_Driver\Src\stm32f3xx_hal_cortex.o
                0x080002bc                HAL_NVIC_EnableIRQ
 .text.HAL_SYSTICK_Config
                0x080002d4       0x2c Drivers\STM32F3xx_HAL_Driver\Src\stm32f3xx_hal_cortex.o
                0x080002d4                HAL_SYSTICK_Config
 .text.HAL_SYSTICK_CLKSourceConfig
                0x08000300       0x18 Drivers\STM32F3xx_HAL_Driver\Src\stm32f3xx_hal_cortex.o
                0x08000300                HAL_SYSTICK_CLKSourceConfig
 .text.HAL_SYSTICK_Callback
                0x08000318        0x2 Drivers\STM32F3xx_HAL_Driver\Src\stm32f3xx_hal_cortex.o
                0x08000318                HAL_SYSTICK_Callback
 .text.HAL_SYSTICK_IRQHandler
                0x0800031a        0x8 Drivers\STM32F3xx_HAL_Driver\Src\stm32f3xx_hal_cortex.o
                0x0800031a                HAL_SYSTICK_IRQHandler
 .text.HAL_DMA_Abort_IT
                0x08000322       0x48 Drivers\STM32F3xx_HAL_Driver\Src\stm32f3xx_hal_dma.o
                0x08000322                HAL_DMA_Abort_IT
 *fill*         0x0800036a        0x2 
 .text.HAL_GPIO_Init
                0x0800036c      0x174 Drivers\STM32F3xx_HAL_Driver\Src\stm32f3xx_hal_gpio.o
                0x0800036c                HAL_GPIO_Init
 .text.HAL_GPIO_WritePin
                0x080004e0        0xa Drivers\STM32F3xx_HAL_Driver\Src\stm32f3xx_hal_gpio.o
                0x080004e0                HAL_GPIO_WritePin
 *fill*         0x080004ea        0x2 
 .text.HAL_RCC_OscConfig
                0x080004ec      0x4e4 Drivers\STM32F3xx_HAL_Driver\Src\stm32f3xx_hal_rcc.o
                0x080004ec                HAL_RCC_OscConfig
 .text.HAL_RCC_GetSysClockFreq
                0x080009d0       0x64 Drivers\STM32F3xx_HAL_Driver\Src\stm32f3xx_hal_rcc.o
                0x080009d0                HAL_RCC_GetSysClockFreq
 .text.HAL_RCC_ClockConfig
                0x08000a34      0x184 Drivers\STM32F3xx_HAL_Driver\Src\stm32f3xx_hal_rcc.o
                0x08000a34                HAL_RCC_ClockConfig
 .text.HAL_RCC_GetHCLKFreq
                0x08000bb8        0xc Drivers\STM32F3xx_HAL_Driver\Src\stm32f3xx_hal_rcc.o
                0x08000bb8                HAL_RCC_GetHCLKFreq
 .text.HAL_RCC_GetPCLK1Freq
                0x08000bc4       0x30 Drivers\STM32F3xx_HAL_Driver\Src\stm32f3xx_hal_rcc.o
                0x08000bc4                HAL_RCC_GetPCLK1Freq
 .text.HAL_RCC_GetPCLK2Freq
                0x08000bf4       0x30 Drivers\STM32F3xx_HAL_Driver\Src\stm32f3xx_hal_rcc.o
                0x08000bf4                HAL_RCC_GetPCLK2Freq
 .text.HAL_TIM_Base_Start_IT
                0x08000c24       0x16 Drivers\STM32F3xx_HAL_Driver\Src\stm32f3xx_hal_tim.o
                0x08000c24                HAL_TIM_Base_Start_IT
 .text.HAL_TIM_OC_DelayElapsedCallback
                0x08000c3a        0x2 Drivers\STM32F3xx_HAL_Driver\Src\stm32f3xx_hal_tim.o
                0x08000c3a                HAL_TIM_OC_DelayElapsedCallback
 .text.HAL_TIM_IC_CaptureCallback
                0x08000c3c        0x2 Drivers\STM32F3xx_HAL_Driver\Src\stm32f3xx_hal_tim.o
                0x08000c3c                HAL_TIM_IC_CaptureCallback
 .text.HAL_TIM_PWM_PulseFinishedCallback
                0x08000c3e        0x2 Drivers\STM32F3xx_HAL_Driver\Src\stm32f3xx_hal_tim.o
                0x08000c3e                HAL_TIM_PWM_PulseFinishedCallback
 .text.HAL_TIM_TriggerCallback
                0x08000c40        0x2 Drivers\STM32F3xx_HAL_Driver\Src\stm32f3xx_hal_tim.o
                0x08000c40                HAL_TIM_TriggerCallback
 .text.HAL_TIM_IRQHandler
                0x08000c42      0x160 Drivers\STM32F3xx_HAL_Driver\Src\stm32f3xx_hal_tim.o
                0x08000c42                HAL_TIM_IRQHandler
 *fill*         0x08000da2        0x2 
 .text.TIM_Base_SetConfig
                0x08000da4       0x94 Drivers\STM32F3xx_HAL_Driver\Src\stm32f3xx_hal_tim.o
                0x08000da4                TIM_Base_SetConfig
 .text.HAL_TIM_Base_Init
                0x08000e38       0x34 Drivers\STM32F3xx_HAL_Driver\Src\stm32f3xx_hal_tim.o
                0x08000e38                HAL_TIM_Base_Init
 .text.TIM_ETR_SetConfig
                0x08000e6c       0x14 Drivers\STM32F3xx_HAL_Driver\Src\stm32f3xx_hal_tim.o
                0x08000e6c                TIM_ETR_SetConfig
 .text.HAL_TIM_ConfigClockSource
                0x08000e80      0x16c Drivers\STM32F3xx_HAL_Driver\Src\stm32f3xx_hal_tim.o
                0x08000e80                HAL_TIM_ConfigClockSource
 .text.HAL_TIMEx_MasterConfigSynchronization
                0x08000fec       0x44 Drivers\STM32F3xx_HAL_Driver\Src\stm32f3xx_hal_tim_ex.o
                0x08000fec                HAL_TIMEx_MasterConfigSynchronization
 .text.HAL_TIMEx_CommutationCallback
                0x08001030        0x2 Drivers\STM32F3xx_HAL_Driver\Src\stm32f3xx_hal_tim_ex.o
                0x08001030                HAL_TIMEx_CommutationCallback
 .text.HAL_TIMEx_BreakCallback
                0x08001032        0x2 Drivers\STM32F3xx_HAL_Driver\Src\stm32f3xx_hal_tim_ex.o
                0x08001032                HAL_TIMEx_BreakCallback
 .text.HAL_TIMEx_Break2Callback
                0x08001034        0x2 Drivers\STM32F3xx_HAL_Driver\Src\stm32f3xx_hal_tim_ex.o
                0x08001034                HAL_TIMEx_Break2Callback
 .text.UART_EndRxTransfer
                0x08001036       0x1a Drivers\STM32F3xx_HAL_Driver\Src\stm32f3xx_hal_uart.o
 .text.HAL_UART_TxCpltCallback
                0x08001050        0x2 Drivers\STM32F3xx_HAL_Driver\Src\stm32f3xx_hal_uart.o
                0x08001050                HAL_UART_TxCpltCallback
 .text.HAL_UART_RxCpltCallback
                0x08001052        0x2 Drivers\STM32F3xx_HAL_Driver\Src\stm32f3xx_hal_uart.o
                0x08001052                HAL_UART_RxCpltCallback
 .text.HAL_UART_ErrorCallback
                0x08001054        0x2 Drivers\STM32F3xx_HAL_Driver\Src\stm32f3xx_hal_uart.o
                0x08001054                HAL_UART_ErrorCallback
 .text.UART_DMAAbortOnError
                0x08001056       0x14 Drivers\STM32F3xx_HAL_Driver\Src\stm32f3xx_hal_uart.o
 *fill*         0x0800106a        0x2 
 .text.UART_SetConfig
                0x0800106c      0x14c Drivers\STM32F3xx_HAL_Driver\Src\stm32f3xx_hal_uart.o
                0x0800106c                UART_SetConfig
 .text.UART_AdvFeatureConfig
                0x080011b8       0xa8 Drivers\STM32F3xx_HAL_Driver\Src\stm32f3xx_hal_uart.o
                0x080011b8                UART_AdvFeatureConfig
 .text.UART_WaitOnFlagUntilTimeout
                0x08001260       0x62 Drivers\STM32F3xx_HAL_Driver\Src\stm32f3xx_hal_uart.o
                0x08001260                UART_WaitOnFlagUntilTimeout
 .text.UART_CheckIdleState
                0x080012c2       0x64 Drivers\STM32F3xx_HAL_Driver\Src\stm32f3xx_hal_uart.o
                0x080012c2                UART_CheckIdleState
 .text.HAL_UART_Init
                0x08001326       0x64 Drivers\STM32F3xx_HAL_Driver\Src\stm32f3xx_hal_uart.o
                0x08001326                HAL_UART_Init
 .text.UART_Transmit_IT
                0x0800138a       0x5c Drivers\STM32F3xx_HAL_Driver\Src\stm32f3xx_hal_uart.o
                0x0800138a                UART_Transmit_IT
 .text.UART_EndTransmit_IT
                0x080013e6       0x1a Drivers\STM32F3xx_HAL_Driver\Src\stm32f3xx_hal_uart.o
                0x080013e6                UART_EndTransmit_IT
 .text.UART_Receive_IT
                0x08001400       0x6c Drivers\STM32F3xx_HAL_Driver\Src\stm32f3xx_hal_uart.o
                0x08001400                UART_Receive_IT
 .text.HAL_UART_IRQHandler
                0x0800146c      0x12c Drivers\STM32F3xx_HAL_Driver\Src\stm32f3xx_hal_uart.o
                0x0800146c                HAL_UART_IRQHandler
 .text.HAL_UARTEx_WakeupCallback
                0x08001598        0x2 Drivers\STM32F3xx_HAL_Driver\Src\stm32f3xx_hal_uart_ex.o
                0x08001598                HAL_UARTEx_WakeupCallback
 *fill*         0x0800159a        0x2 
 .text.MX_GPIO_Init
                0x0800159c      0x110 Src\main.o
 .text.HAL_TIM_PeriodElapsedCallback
                0x080016ac        0x2 Src\main.o
                0x080016ac                HAL_TIM_PeriodElapsedCallback
 .text._Error_Handler
                0x080016ae        0x2 Src\main.o
                0x080016ae                _Error_Handler
 .text.MX_USART2_UART_Init
                0x080016b0       0x40 Src\main.o
 .text.MX_TIM2_Init
                0x080016f0       0x70 Src\main.o
 .text.SystemClock_Config
                0x08001760       0x80 Src\main.o
                0x08001760                SystemClock_Config
 .text.main     0x080017e0       0xc8 Src\main.o
                0x080017e0                main
 .text.HAL_MspInit
                0x080018a8       0x7c Src\stm32f3xx_hal_msp.o
                0x080018a8                HAL_MspInit
 .text.HAL_TIM_Base_MspInit
                0x08001924       0x36 Src\stm32f3xx_hal_msp.o
                0x08001924                HAL_TIM_Base_MspInit
 *fill*         0x0800195a        0x2 
 .text.HAL_UART_MspInit
                0x0800195c       0x58 Src\stm32f3xx_hal_msp.o
                0x0800195c                HAL_UART_MspInit
 .text.SysTick_Handler
                0x080019b4        0xe Src\stm32f3xx_it.o
                0x080019b4                SysTick_Handler
 *fill*         0x080019c2        0x2 
 .text.TIM2_IRQHandler
                0x080019c4       0x18 Src\stm32f3xx_it.o
                0x080019c4                TIM2_IRQHandler
 .text.USART2_IRQHandler
                0x080019dc        0xc Src\stm32f3xx_it.o
                0x080019dc                USART2_IRQHandler
 .text.SystemInit
                0x080019e8       0x68 Src\system_stm32f3xx.o
                0x080019e8                SystemInit
 .text.Reset_Handler
                0x08001a50       0x50 startup\startup_stm32f334x8.o
                0x08001a50                Reset_Handler
 .text.Default_Handler
                0x08001aa0        0x2 startup\startup_stm32f334x8.o
                0x08001aa0                RTC_Alarm_IRQHandler
                0x08001aa0                HRTIM1_Master_IRQHandler
                0x08001aa0                DebugMon_Handler
                0x08001aa0                TIM1_CC_IRQHandler
                0x08001aa0                HardFault_Handler
                0x08001aa0                HRTIM1_FLT_IRQHandler
                0x08001aa0                PVD_IRQHandler
                0x08001aa0                HRTIM1_TIMD_IRQHandler
                0x08001aa0                TAMP_STAMP_IRQHandler
                0x08001aa0                PendSV_Handler
                0x08001aa0                NMI_Handler
                0x08001aa0                EXTI3_IRQHandler
                0x08001aa0                EXTI0_IRQHandler
                0x08001aa0                FPU_IRQHandler
                0x08001aa0                CAN_TX_IRQHandler
                0x08001aa0                TIM1_UP_TIM16_IRQHandler
                0x08001aa0                UsageFault_Handler
                0x08001aa0                ADC1_2_IRQHandler
                0x08001aa0                HRTIM1_TIME_IRQHandler
                0x08001aa0                SPI1_IRQHandler
                0x08001aa0                CAN_SCE_IRQHandler
                0x08001aa0                HRTIM1_TIMC_IRQHandler
                0x08001aa0                DMA1_Channel4_IRQHandler
                0x08001aa0                USART3_IRQHandler
                0x08001aa0                DMA1_Channel7_IRQHandler
                0x08001aa0                TIM7_DAC2_IRQHandler
                0x08001aa0                CAN_RX1_IRQHandler
                0x08001aa0                I2C1_EV_IRQHandler
                0x08001aa0                DMA1_Channel6_IRQHandler
                0x08001aa0                TIM3_IRQHandler
                0x08001aa0                RCC_IRQHandler
                0x08001aa0                DMA1_Channel1_IRQHandler
                0x08001aa0                Default_Handler
                0x08001aa0                EXTI15_10_IRQHandler
                0x08001aa0                COMP2_IRQHandler
                0x08001aa0                HRTIM1_TIMA_IRQHandler
                0x08001aa0                TIM6_DAC1_IRQHandler
                0x08001aa0                EXTI9_5_IRQHandler
                0x08001aa0                RTC_WKUP_IRQHandler
                0x08001aa0                MemManage_Handler
                0x08001aa0                SVC_Handler
                0x08001aa0                DMA1_Channel5_IRQHandler
                0x08001aa0                EXTI4_IRQHandler
                0x08001aa0                HRTIM1_TIMB_IRQHandler
                0x08001aa0                TIM1_TRG_COM_TIM17_IRQHandler
                0x08001aa0                DMA1_Channel3_IRQHandler
                0x08001aa0                WWDG_IRQHandler
                0x08001aa0                EXTI1_IRQHandler
                0x08001aa0                COMP4_6_IRQHandler
                0x08001aa0                DMA1_Channel2_IRQHandler
                0x08001aa0                FLASH_IRQHandler
                0x08001aa0                BusFault_Handler
                0x08001aa0                USART1_IRQHandler
                0x08001aa0                CAN_RX0_IRQHandler
                0x08001aa0                I2C1_ER_IRQHandler
                0x08001aa0                EXTI2_TSC_IRQHandler
                0x08001aa0                TIM1_BRK_TIM15_IRQHandler
 *fill*         0x08001aa2        0x2 
 .text.__libc_init_array
                0x08001aa4       0x48 c:/program files (x86)/atollic/truestudio for arm 8.0.0/armtools/bin/../lib/gcc/arm-atollic-eabi/6.3.1/../../../../arm-atollic-eabi/lib/armv7e-m/fpu\libc_nano.a(lib_a-init.o)
                0x08001aa4                __libc_init_array
 *(.glue_7)
 .glue_7        0x08001aec        0x0 linker stubs
 *(.glue_7t)
 .glue_7t       0x08001aec        0x0 linker stubs
 *(.eh_frame)
 .eh_frame      0x08001aec        0x0 c:/program files (x86)/atollic/truestudio for arm 8.0.0/armtools/bin/../lib/gcc/arm-atollic-eabi/6.3.1/armv7e-m/fpu/crtbegin.o
 *(.init)
 .init          0x08001aec        0x4 c:/program files (x86)/atollic/truestudio for arm 8.0.0/armtools/bin/../lib/gcc/arm-atollic-eabi/6.3.1/armv7e-m/fpu/crti.o
                0x08001aec                _init
 .init          0x08001af0        0x8 c:/program files (x86)/atollic/truestudio for arm 8.0.0/armtools/bin/../lib/gcc/arm-atollic-eabi/6.3.1/armv7e-m/fpu/crtn.o
 *(.fini)
 .fini          0x08001af8        0x4 c:/program files (x86)/atollic/truestudio for arm 8.0.0/armtools/bin/../lib/gcc/arm-atollic-eabi/6.3.1/armv7e-m/fpu/crti.o
                0x08001af8                _fini
 .fini          0x08001afc        0x8 c:/program files (x86)/atollic/truestudio for arm 8.0.0/armtools/bin/../lib/gcc/arm-atollic-eabi/6.3.1/armv7e-m/fpu/crtn.o
                0x08001b04                . = ALIGN (0x4)
                0x08001b04                _etext = .

.vfp11_veneer   0x08001b04        0x0
 .vfp11_veneer  0x08001b04        0x0 linker stubs

.v4_bx          0x08001b04        0x0
 .v4_bx         0x08001b04        0x0 linker stubs

.iplt           0x08001b04        0x0
 .iplt          0x08001b04        0x0 c:/program files (x86)/atollic/truestudio for arm 8.0.0/armtools/bin/../lib/gcc/arm-atollic-eabi/6.3.1/armv7e-m/fpu/crtbegin.o

.rodata         0x08001b04       0x4c
                0x08001b04                . = ALIGN (0x4)
 *(.rodata)
 *(.rodata*)
 .rodata.aPLLMULFactorTable
                0x08001b04       0x10 Drivers\STM32F3xx_HAL_Driver\Src\stm32f3xx_hal_rcc.o
                0x08001b04                aPLLMULFactorTable
 .rodata.aPredivFactorTable
                0x08001b14       0x10 Drivers\STM32F3xx_HAL_Driver\Src\stm32f3xx_hal_rcc.o
                0x08001b14                aPredivFactorTable
 .rodata.CSWTCH.45
                0x08001b24        0x4 Drivers\STM32F3xx_HAL_Driver\Src\stm32f3xx_hal_uart.o
 .rodata.MX_USART2_UART_Init.str1.4
                0x08001b28       0x10 Src\main.o
                                  0xe (size before relaxing)
 .rodata.AHBPrescTable
                0x08001b38       0x10 Src\system_stm32f3xx.o
                0x08001b38                AHBPrescTable
 .rodata.APBPrescTable
                0x08001b48        0x8 Src\system_stm32f3xx.o
                0x08001b48                APBPrescTable
                0x08001b50                . = ALIGN (0x4)

.rel.dyn        0x08001b50        0x0
 .rel.iplt      0x08001b50        0x0 c:/program files (x86)/atollic/truestudio for arm 8.0.0/armtools/bin/../lib/gcc/arm-atollic-eabi/6.3.1/armv7e-m/fpu/crtbegin.o

.ARM.extab
 *(.ARM.extab* .gnu.linkonce.armextab.*)

.ARM            0x08001b50        0x0
                0x08001b50                __exidx_start = .
 *(.ARM.exidx*)
                0x08001b50                __exidx_end = .

.preinit_array  0x08001b50        0x0
                0x08001b50                PROVIDE (__preinit_array_start, .)
 *(.preinit_array*)
                0x08001b50                PROVIDE (__preinit_array_end, .)

.init_array     0x08001b50        0x4
                0x08001b50                PROVIDE (__init_array_start, .)
 *(SORT(.init_array.*))
 *(.init_array*)
 .init_array    0x08001b50        0x4 c:/program files (x86)/atollic/truestudio for arm 8.0.0/armtools/bin/../lib/gcc/arm-atollic-eabi/6.3.1/armv7e-m/fpu/crtbegin.o
                0x08001b54                PROVIDE (__init_array_end, .)

.fini_array     0x08001b54        0x4
                [!provide]                PROVIDE (__fini_array_start, .)
 *(SORT(.fini_array.*))
 *(.fini_array*)
 .fini_array    0x08001b54        0x4 c:/program files (x86)/atollic/truestudio for arm 8.0.0/armtools/bin/../lib/gcc/arm-atollic-eabi/6.3.1/armv7e-m/fpu/crtbegin.o
                [!provide]                PROVIDE (__fini_array_end, .)
                0x08001b58                _sidata = LOADADDR (.data)

.data           0x20000000        0x4 load address 0x08001b58
                0x20000000                . = ALIGN (0x4)
                0x20000000                _sdata = .
 *(.data)
 *(.data*)
 .data.SystemCoreClock
                0x20000000        0x4 Src\system_stm32f3xx.o
                0x20000000                SystemCoreClock
                0x20000004                . = ALIGN (0x4)
                0x20000004                _edata = .
                0x08001b5c                _siccmram = LOADADDR (.ccmram)

.igot.plt       0x20000004        0x0 load address 0x08001b5c
 .igot.plt      0x20000004        0x0 c:/program files (x86)/atollic/truestudio for arm 8.0.0/armtools/bin/../lib/gcc/arm-atollic-eabi/6.3.1/armv7e-m/fpu/crtbegin.o

.ccmram         0x10000000        0x0 load address 0x08001b5c
                0x10000000                . = ALIGN (0x4)
                0x10000000                _sccmram = .
 *(.ccmram)
 *(.ccmram*)
                0x10000000                . = ALIGN (0x4)
                0x10000000                _eccmram = .
                0x10000000                . = ALIGN (0x4)

.bss            0x20000004       0xd4
                0x20000004                _sbss = .
                0x20000004                __bss_start__ = _sbss
 *(.bss)
 .bss           0x20000004       0x1c c:/program files (x86)/atollic/truestudio for arm 8.0.0/armtools/bin/../lib/gcc/arm-atollic-eabi/6.3.1/armv7e-m/fpu/crtbegin.o
 *(.bss*)
 .bss.tim2_flag
                0x20000020        0x1 Src\main.o
                0x20000020                tim2_flag
 *(COMMON)
 *fill*         0x20000021        0x3 
 COMMON         0x20000024        0x4 Drivers\STM32F3xx_HAL_Driver\Src\stm32f3xx_hal.o
                0x20000024                uwTick
 COMMON         0x20000028       0xb0 Src\main.o
                0x20000028                htim2
                0x20000068                huart2
                0x200000d8                . = ALIGN (0x4)
                0x200000d8                _ebss = .
                0x200000d8                __bss_end__ = _ebss

._user_heap_stack
                0x200000d8      0x600
                0x200000d8                . = ALIGN (0x4)
                [!provide]                PROVIDE (end, .)
                [!provide]                PROVIDE (_end, .)
                0x200002d8                . = (. + _Min_Heap_Size)
 *fill*         0x200000d8      0x200 
                0x200006d8                . = (. + _Min_Stack_Size)
 *fill*         0x200002d8      0x400 
                0x200006d8                . = ALIGN (0x4)

/DISCARD/
 libc.a(*)
 libm.a(*)
 libgcc.a(*)

.ARM.attributes
                0x00000000       0x30
 *(.ARM.attributes)
 .ARM.attributes
                0x00000000       0x22 c:/program files (x86)/atollic/truestudio for arm 8.0.0/armtools/bin/../lib/gcc/arm-atollic-eabi/6.3.1/armv7e-m/fpu/crti.o
 .ARM.attributes
                0x00000022       0x34 c:/program files (x86)/atollic/truestudio for arm 8.0.0/armtools/bin/../lib/gcc/arm-atollic-eabi/6.3.1/armv7e-m/fpu/crtbegin.o
 .ARM.attributes
                0x00000056       0x39 Drivers\STM32F3xx_HAL_Driver\Src\stm32f3xx_hal.o
 .ARM.attributes
                0x0000008f       0x39 Drivers\STM32F3xx_HAL_Driver\Src\stm32f3xx_hal_cortex.o
 .ARM.attributes
                0x000000c8       0x39 Drivers\STM32F3xx_HAL_Driver\Src\stm32f3xx_hal_dma.o
 .ARM.attributes
                0x00000101       0x39 Drivers\STM32F3xx_HAL_Driver\Src\stm32f3xx_hal_gpio.o
 .ARM.attributes
                0x0000013a       0x39 Drivers\STM32F3xx_HAL_Driver\Src\stm32f3xx_hal_rcc.o
 .ARM.attributes
                0x00000173       0x39 Drivers\STM32F3xx_HAL_Driver\Src\stm32f3xx_hal_tim.o
 .ARM.attributes
                0x000001ac       0x39 Drivers\STM32F3xx_HAL_Driver\Src\stm32f3xx_hal_tim_ex.o
 .ARM.attributes
                0x000001e5       0x39 Drivers\STM32F3xx_HAL_Driver\Src\stm32f3xx_hal_uart.o
 .ARM.attributes
                0x0000021e       0x39 Drivers\STM32F3xx_HAL_Driver\Src\stm32f3xx_hal_uart_ex.o
 .ARM.attributes
                0x00000257       0x39 Src\main.o
 .ARM.attributes
                0x00000290       0x39 Src\stm32f3xx_hal_msp.o
 .ARM.attributes
                0x000002c9       0x39 Src\stm32f3xx_it.o
 .ARM.attributes
                0x00000302       0x39 Src\system_stm32f3xx.o
 .ARM.attributes
                0x0000033b       0x21 startup\startup_stm32f334x8.o
 .ARM.attributes
                0x0000035c       0x34 c:/program files (x86)/atollic/truestudio for arm 8.0.0/armtools/bin/../lib/gcc/arm-atollic-eabi/6.3.1/../../../../arm-atollic-eabi/lib/armv7e-m/fpu\libc_nano.a(lib_a-init.o)
 .ARM.attributes
                0x00000390       0x22 c:/program files (x86)/atollic/truestudio for arm 8.0.0/armtools/bin/../lib/gcc/arm-atollic-eabi/6.3.1/armv7e-m/fpu/crtn.o
OUTPUT(edesign19231865.elf elf32-littlearm)

.debug_info     0x00000000    0x13e15
 .debug_info    0x00000000      0xf50 Drivers\STM32F3xx_HAL_Driver\Src\stm32f3xx_hal.o
 .debug_info    0x00000f50     0x1494 Drivers\STM32F3xx_HAL_Driver\Src\stm32f3xx_hal_cortex.o
 .debug_info    0x000023e4     0x1040 Drivers\STM32F3xx_HAL_Driver\Src\stm32f3xx_hal_dma.o
 .debug_info    0x00003424      0xf98 Drivers\STM32F3xx_HAL_Driver\Src\stm32f3xx_hal_gpio.o
 .debug_info    0x000043bc     0x1b01 Drivers\STM32F3xx_HAL_Driver\Src\stm32f3xx_hal_rcc.o
 .debug_info    0x00005ebd     0x3d10 Drivers\STM32F3xx_HAL_Driver\Src\stm32f3xx_hal_tim.o
 .debug_info    0x00009bcd     0x1d4c Drivers\STM32F3xx_HAL_Driver\Src\stm32f3xx_hal_tim_ex.o
 .debug_info    0x0000b919     0x2221 Drivers\STM32F3xx_HAL_Driver\Src\stm32f3xx_hal_uart.o
 .debug_info    0x0000db3a     0x113a Drivers\STM32F3xx_HAL_Driver\Src\stm32f3xx_hal_uart_ex.o
 .debug_info    0x0000ec74     0x1c87 Src\main.o
 .debug_info    0x000108fb     0x16ee Src\stm32f3xx_hal_msp.o
 .debug_info    0x00011fe9     0x1196 Src\stm32f3xx_it.o
 .debug_info    0x0001317f      0xc20 Src\system_stm32f3xx.o
 .debug_info    0x00013d9f       0x76 startup\startup_stm32f334x8.o

.debug_abbrev   0x00000000     0x23c6
 .debug_abbrev  0x00000000      0x2b3 Drivers\STM32F3xx_HAL_Driver\Src\stm32f3xx_hal.o
 .debug_abbrev  0x000002b3      0x374 Drivers\STM32F3xx_HAL_Driver\Src\stm32f3xx_hal_cortex.o
 .debug_abbrev  0x00000627      0x2ad Drivers\STM32F3xx_HAL_Driver\Src\stm32f3xx_hal_dma.o
 .debug_abbrev  0x000008d4      0x268 Drivers\STM32F3xx_HAL_Driver\Src\stm32f3xx_hal_gpio.o
 .debug_abbrev  0x00000b3c      0x345 Drivers\STM32F3xx_HAL_Driver\Src\stm32f3xx_hal_rcc.o
 .debug_abbrev  0x00000e81      0x3ab Drivers\STM32F3xx_HAL_Driver\Src\stm32f3xx_hal_tim.o
 .debug_abbrev  0x0000122c      0x30d Drivers\STM32F3xx_HAL_Driver\Src\stm32f3xx_hal_tim_ex.o
 .debug_abbrev  0x00001539      0x384 Drivers\STM32F3xx_HAL_Driver\Src\stm32f3xx_hal_uart.o
 .debug_abbrev  0x000018bd      0x279 Drivers\STM32F3xx_HAL_Driver\Src\stm32f3xx_hal_uart_ex.o
 .debug_abbrev  0x00001b36      0x2bb Src\main.o
 .debug_abbrev  0x00001df1      0x221 Src\stm32f3xx_hal_msp.o
 .debug_abbrev  0x00002012      0x1d8 Src\stm32f3xx_it.o
 .debug_abbrev  0x000021ea      0x1ca Src\system_stm32f3xx.o
 .debug_abbrev  0x000023b4       0x12 startup\startup_stm32f334x8.o

.debug_loc      0x00000000     0x701f
 .debug_loc     0x00000000       0x69 Drivers\STM32F3xx_HAL_Driver\Src\stm32f3xx_hal.o
 .debug_loc     0x00000069      0x4da Drivers\STM32F3xx_HAL_Driver\Src\stm32f3xx_hal_cortex.o
 .debug_loc     0x00000543      0x5de Drivers\STM32F3xx_HAL_Driver\Src\stm32f3xx_hal_dma.o
 .debug_loc     0x00000b21      0x2ba Drivers\STM32F3xx_HAL_Driver\Src\stm32f3xx_hal_gpio.o
 .debug_loc     0x00000ddb      0x8a8 Drivers\STM32F3xx_HAL_Driver\Src\stm32f3xx_hal_rcc.o
 .debug_loc     0x00001683     0x31ea Drivers\STM32F3xx_HAL_Driver\Src\stm32f3xx_hal_tim.o
 .debug_loc     0x0000486d      0xeca Drivers\STM32F3xx_HAL_Driver\Src\stm32f3xx_hal_tim_ex.o
 .debug_loc     0x00005737     0x146f Drivers\STM32F3xx_HAL_Driver\Src\stm32f3xx_hal_uart.o
 .debug_loc     0x00006ba6      0x2fd Drivers\STM32F3xx_HAL_Driver\Src\stm32f3xx_hal_uart_ex.o
 .debug_loc     0x00006ea3       0x9a Src\stm32f3xx_hal_msp.o
 .debug_loc     0x00006f3d       0xe2 Src\system_stm32f3xx.o

.debug_aranges  0x00000000      0x928
 .debug_aranges
                0x00000000       0xc0 Drivers\STM32F3xx_HAL_Driver\Src\stm32f3xx_hal.o
 .debug_aranges
                0x000000c0       0x90 Drivers\STM32F3xx_HAL_Driver\Src\stm32f3xx_hal_cortex.o
 .debug_aranges
                0x00000150       0x78 Drivers\STM32F3xx_HAL_Driver\Src\stm32f3xx_hal_dma.o
 .debug_aranges
                0x000001c8       0x58 Drivers\STM32F3xx_HAL_Driver\Src\stm32f3xx_hal_gpio.o
 .debug_aranges
                0x00000220       0x88 Drivers\STM32F3xx_HAL_Driver\Src\stm32f3xx_hal_rcc.o
 .debug_aranges
                0x000002a8      0x268 Drivers\STM32F3xx_HAL_Driver\Src\stm32f3xx_hal_tim.o
 .debug_aranges
                0x00000510      0x120 Drivers\STM32F3xx_HAL_Driver\Src\stm32f3xx_hal_tim_ex.o
 .debug_aranges
                0x00000630      0x1a0 Drivers\STM32F3xx_HAL_Driver\Src\stm32f3xx_hal_uart.o
 .debug_aranges
                0x000007d0       0x48 Drivers\STM32F3xx_HAL_Driver\Src\stm32f3xx_hal_uart_ex.o
 .debug_aranges
                0x00000818       0x50 Src\main.o
 .debug_aranges
                0x00000868       0x40 Src\stm32f3xx_hal_msp.o
 .debug_aranges
                0x000008a8       0x30 Src\stm32f3xx_it.o
 .debug_aranges
                0x000008d8       0x28 Src\system_stm32f3xx.o
 .debug_aranges
                0x00000900       0x28 startup\startup_stm32f334x8.o

.debug_ranges   0x00000000      0xc38
 .debug_ranges  0x00000000       0xb0 Drivers\STM32F3xx_HAL_Driver\Src\stm32f3xx_hal.o
 .debug_ranges  0x000000b0      0x120 Drivers\STM32F3xx_HAL_Driver\Src\stm32f3xx_hal_cortex.o
 .debug_ranges  0x000001d0       0xd8 Drivers\STM32F3xx_HAL_Driver\Src\stm32f3xx_hal_dma.o
 .debug_ranges  0x000002a8       0x68 Drivers\STM32F3xx_HAL_Driver\Src\stm32f3xx_hal_gpio.o
 .debug_ranges  0x00000310      0x1d8 Drivers\STM32F3xx_HAL_Driver\Src\stm32f3xx_hal_rcc.o
 .debug_ranges  0x000004e8      0x348 Drivers\STM32F3xx_HAL_Driver\Src\stm32f3xx_hal_tim.o
 .debug_ranges  0x00000830      0x110 Drivers\STM32F3xx_HAL_Driver\Src\stm32f3xx_hal_tim_ex.o
 .debug_ranges  0x00000940      0x190 Drivers\STM32F3xx_HAL_Driver\Src\stm32f3xx_hal_uart.o
 .debug_ranges  0x00000ad0       0x38 Drivers\STM32F3xx_HAL_Driver\Src\stm32f3xx_hal_uart_ex.o
 .debug_ranges  0x00000b08       0x40 Src\main.o
 .debug_ranges  0x00000b48       0x98 Src\stm32f3xx_hal_msp.o
 .debug_ranges  0x00000be0       0x20 Src\stm32f3xx_it.o
 .debug_ranges  0x00000c00       0x18 Src\system_stm32f3xx.o
 .debug_ranges  0x00000c18       0x20 startup\startup_stm32f334x8.o

.debug_line     0x00000000     0x570d
 .debug_line    0x00000000      0x420 Drivers\STM32F3xx_HAL_Driver\Src\stm32f3xx_hal.o
 .debug_line    0x00000420      0x420 Drivers\STM32F3xx_HAL_Driver\Src\stm32f3xx_hal_cortex.o
 .debug_line    0x00000840      0x57a Drivers\STM32F3xx_HAL_Driver\Src\stm32f3xx_hal_dma.o
 .debug_line    0x00000dba      0x453 Drivers\STM32F3xx_HAL_Driver\Src\stm32f3xx_hal_gpio.o
 .debug_line    0x0000120d      0x840 Drivers\STM32F3xx_HAL_Driver\Src\stm32f3xx_hal_rcc.o
 .debug_line    0x00001a4d     0x11d5 Drivers\STM32F3xx_HAL_Driver\Src\stm32f3xx_hal_tim.o
 .debug_line    0x00002c22      0x8f9 Drivers\STM32F3xx_HAL_Driver\Src\stm32f3xx_hal_tim_ex.o
 .debug_line    0x0000351b      0xd0c Drivers\STM32F3xx_HAL_Driver\Src\stm32f3xx_hal_uart.o
 .debug_line    0x00004227      0x3e9 Drivers\STM32F3xx_HAL_Driver\Src\stm32f3xx_hal_uart_ex.o
 .debug_line    0x00004610      0x78f Src\main.o
 .debug_line    0x00004d9f      0x36b Src\stm32f3xx_hal_msp.o
 .debug_line    0x0000510a      0x30a Src\stm32f3xx_it.o
 .debug_line    0x00005414      0x27a Src\system_stm32f3xx.o
 .debug_line    0x0000568e       0x7f startup\startup_stm32f334x8.o

.debug_str      0x00000000    0xa3329
 .debug_str     0x00000000      0xab1 Drivers\STM32F3xx_HAL_Driver\Src\stm32f3xx_hal.o
                                0xc9e (size before relaxing)
 .debug_str     0x00000ab1      0x2e1 Drivers\STM32F3xx_HAL_Driver\Src\stm32f3xx_hal_cortex.o
                                0xdc4 (size before relaxing)
 .debug_str     0x00000d92      0x3f9 Drivers\STM32F3xx_HAL_Driver\Src\stm32f3xx_hal_dma.o
                                0xab9 (size before relaxing)
 .debug_str     0x0000118b      0x23b Drivers\STM32F3xx_HAL_Driver\Src\stm32f3xx_hal_gpio.o
                                0x944 (size before relaxing)
 .debug_str     0x000013c6      0x315 Drivers\STM32F3xx_HAL_Driver\Src\stm32f3xx_hal_rcc.o
                                0xab1 (size before relaxing)
 .debug_str     0x000016db      0xf75 Drivers\STM32F3xx_HAL_Driver\Src\stm32f3xx_hal_tim.o
                               0x184e (size before relaxing)
 .debug_str     0x00002650      0x5a3 Drivers\STM32F3xx_HAL_Driver\Src\stm32f3xx_hal_tim_ex.o
                               0x1289 (size before relaxing)
 .debug_str     0x00002bf3      0x926 Drivers\STM32F3xx_HAL_Driver\Src\stm32f3xx_hal_uart.o
                               0x12c6 (size before relaxing)
 .debug_str     0x00003519       0xed Drivers\STM32F3xx_HAL_Driver\Src\stm32f3xx_hal_uart_ex.o
                                0xcca (size before relaxing)
 .debug_str     0x00003606    0x9fc5c Src\main.o
                              0xa10d3 (size before relaxing)
 .debug_str     0x000a3262       0x25 Src\stm32f3xx_hal_msp.o
                               0x1196 (size before relaxing)
 .debug_str     0x000a3287       0x48 Src\stm32f3xx_it.o
                                0xd23 (size before relaxing)
 .debug_str     0x000a32cf       0x5a Src\system_stm32f3xx.o
                                0x72e (size before relaxing)

.comment        0x00000000       0x7c
 .comment       0x00000000       0x7c Drivers\STM32F3xx_HAL_Driver\Src\stm32f3xx_hal.o
                                 0x7d (size before relaxing)
 .comment       0x0000007c       0x7d Drivers\STM32F3xx_HAL_Driver\Src\stm32f3xx_hal_cortex.o
 .comment       0x0000007c       0x7d Drivers\STM32F3xx_HAL_Driver\Src\stm32f3xx_hal_dma.o
 .comment       0x0000007c       0x7d Drivers\STM32F3xx_HAL_Driver\Src\stm32f3xx_hal_gpio.o
 .comment       0x0000007c       0x7d Drivers\STM32F3xx_HAL_Driver\Src\stm32f3xx_hal_rcc.o
 .comment       0x0000007c       0x7d Drivers\STM32F3xx_HAL_Driver\Src\stm32f3xx_hal_tim.o
 .comment       0x0000007c       0x7d Drivers\STM32F3xx_HAL_Driver\Src\stm32f3xx_hal_tim_ex.o
 .comment       0x0000007c       0x7d Drivers\STM32F3xx_HAL_Driver\Src\stm32f3xx_hal_uart.o
 .comment       0x0000007c       0x7d Drivers\STM32F3xx_HAL_Driver\Src\stm32f3xx_hal_uart_ex.o
 .comment       0x0000007c       0x7d Src\main.o
 .comment       0x0000007c       0x7d Src\stm32f3xx_hal_msp.o
 .comment       0x0000007c       0x7d Src\stm32f3xx_it.o
 .comment       0x0000007c       0x7d Src\system_stm32f3xx.o

.debug_frame    0x00000000     0x1ab8
 .debug_frame   0x00000000      0x194 Drivers\STM32F3xx_HAL_Driver\Src\stm32f3xx_hal.o
 .debug_frame   0x00000194      0x120 Drivers\STM32F3xx_HAL_Driver\Src\stm32f3xx_hal_cortex.o
 .debug_frame   0x000002b4      0x13c Drivers\STM32F3xx_HAL_Driver\Src\stm32f3xx_hal_dma.o
 .debug_frame   0x000003f0       0xd8 Drivers\STM32F3xx_HAL_Driver\Src\stm32f3xx_hal_gpio.o
 .debug_frame   0x000004c8      0x140 Drivers\STM32F3xx_HAL_Driver\Src\stm32f3xx_hal_rcc.o
 .debug_frame   0x00000608      0x8b8 Drivers\STM32F3xx_HAL_Driver\Src\stm32f3xx_hal_tim.o
 .debug_frame   0x00000ec0      0x3e4 Drivers\STM32F3xx_HAL_Driver\Src\stm32f3xx_hal_tim_ex.o
 .debug_frame   0x000012a4      0x568 Drivers\STM32F3xx_HAL_Driver\Src\stm32f3xx_hal_uart.o
 .debug_frame   0x0000180c       0xa0 Drivers\STM32F3xx_HAL_Driver\Src\stm32f3xx_hal_uart_ex.o
 .debug_frame   0x000018ac       0xc4 Src\main.o
 .debug_frame   0x00001970       0x90 Src\stm32f3xx_hal_msp.o
 .debug_frame   0x00001a00       0x54 Src\stm32f3xx_it.o
 .debug_frame   0x00001a54       0x38 Src\system_stm32f3xx.o
 .debug_frame   0x00001a8c       0x2c c:/program files (x86)/atollic/truestudio for arm 8.0.0/armtools/bin/../lib/gcc/arm-atollic-eabi/6.3.1/../../../../arm-atollic-eabi/lib/armv7e-m/fpu\libc_nano.a(lib_a-init.o)

.debug_macro    0x00000000    0x1aaae
 .debug_macro   0x00000000      0x34c Src\main.o
 .debug_macro   0x0000034c      0x8b6 Src\main.o
 .debug_macro   0x00000c02       0x58 Src\main.o
 .debug_macro   0x00000c5a       0xa5 Src\main.o
 .debug_macro   0x00000cff       0x2f Src\main.o
 .debug_macro   0x00000d2e       0x28 Src\main.o
 .debug_macro   0x00000d56       0x22 Src\main.o
 .debug_macro   0x00000d78       0x87 Src\main.o
 .debug_macro   0x00000dff       0x51 Src\main.o
 .debug_macro   0x00000e50       0xef Src\main.o
 .debug_macro   0x00000f3f       0x6a Src\main.o
 .debug_macro   0x00000fa9      0x1df Src\main.o
 .debug_macro   0x00001188       0x35 Src\main.o
 .debug_macro   0x000011bd       0x50 Src\main.o
 .debug_macro   0x0000120d      0xd40 Src\main.o
 .debug_macro   0x00001f4d    0x15472 Src\main.o
 .debug_macro   0x000173bf       0x43 Src\main.o
 .debug_macro   0x00017402       0x46 Src\main.o
 .debug_macro   0x00017448       0x3c Src\main.o
 .debug_macro   0x00017484       0x9c Src\main.o
 .debug_macro   0x00017520       0x16 Src\main.o
 .debug_macro   0x00017536       0x97 Src\main.o
 .debug_macro   0x000175cd      0x30d Src\main.o
 .debug_macro   0x000178da       0xfd Src\main.o
 .debug_macro   0x000179d7       0x10 Src\main.o
 .debug_macro   0x000179e7       0x52 Src\main.o
 .debug_macro   0x00017a39       0x1f Src\main.o
 .debug_macro   0x00017a58       0x43 Src\main.o
 .debug_macro   0x00017a9b       0x20 Src\main.o
 .debug_macro   0x00017abb      0x1a3 Src\main.o
 .debug_macro   0x00017c5e       0x10 Src\main.o
 .debug_macro   0x00017c6e       0x1c Src\main.o
 .debug_macro   0x00017c8a       0x52 Src\main.o
 .debug_macro   0x00017cdc       0x40 Src\main.o
 .debug_macro   0x00017d1c       0x10 Src\main.o
 .debug_macro   0x00017d2c       0x40 Src\main.o
 .debug_macro   0x00017d6c       0xd7 Src\main.o
 .debug_macro   0x00017e43       0x16 Src\main.o
 .debug_macro   0x00017e59      0x161 Src\main.o
 .debug_macro   0x00017fba       0x49 Src\main.o
 .debug_macro   0x00018003      0x8ff Src\main.o
 .debug_macro   0x00018902      0x358 Src\main.o
 .debug_macro   0x00018c5a      0x13a Src\main.o
 .debug_macro   0x00018d94      0x130 Src\main.o
 .debug_macro   0x00018ec4      0x1bc Src\main.o
 .debug_macro   0x00019080       0x34 Src\main.o
 .debug_macro   0x000190b4       0x3c Src\main.o
 .debug_macro   0x000190f0       0x57 Src\main.o
 .debug_macro   0x00019147       0xcb Src\main.o
 .debug_macro   0x00019212      0x1a0 Src\main.o
 .debug_macro   0x000193b2      0x202 Src\main.o
 .debug_macro   0x000195b4       0x5b Src\main.o
 .debug_macro   0x0001960f       0x90 Src\main.o
 .debug_macro   0x0001969f       0x82 Src\main.o
 .debug_macro   0x00019721       0xd3 Src\main.o
 .debug_macro   0x000197f4      0x6af Src\main.o
 .debug_macro   0x00019ea3      0x352 Src\main.o
 .debug_macro   0x0001a1f5      0x566 Src\main.o
 .debug_macro   0x0001a75b       0x31 Src\main.o
 .debug_macro   0x0001a78c      0x298 Src\main.o
 .debug_macro   0x0001aa24       0x16 Src\main.o
 .debug_macro   0x0001aa3a       0x35 Src\main.o
 .debug_macro   0x0001aa6f       0x16 Src\main.o
 .debug_macro   0x0001aa85       0x29 Src\main.o
