Archive member included to satisfy reference by file (symbol)

c:/program files (x86)/atollic/truestudio for arm 8.0.0/armtools/bin/../lib/gcc/arm-atollic-eabi/6.3.1/../../../../arm-atollic-eabi/lib/armv7e-m/fpu\libc_nano.a(lib_a-init.o)
                              startup\startup_stm32f334x8.o (__libc_init_array)
c:/program files (x86)/atollic/truestudio for arm 8.0.0/armtools/bin/../lib/gcc/arm-atollic-eabi/6.3.1/../../../../arm-atollic-eabi/lib/armv7e-m/fpu\libc_nano.a(lib_a-itoa.o)
                              Src\flash_memory.o (itoa)
c:/program files (x86)/atollic/truestudio for arm 8.0.0/armtools/bin/../lib/gcc/arm-atollic-eabi/6.3.1/../../../../arm-atollic-eabi/lib/armv7e-m/fpu\libc_nano.a(lib_a-malloc.o)
                              Src\initilize_peripherals.o (malloc)
c:/program files (x86)/atollic/truestudio for arm 8.0.0/armtools/bin/../lib/gcc/arm-atollic-eabi/6.3.1/../../../../arm-atollic-eabi/lib/armv7e-m/fpu\libc_nano.a(lib_a-memcpy-stub.o)
                              Src\flash_memory.o (memcpy)
c:/program files (x86)/atollic/truestudio for arm 8.0.0/armtools/bin/../lib/gcc/arm-atollic-eabi/6.3.1/../../../../arm-atollic-eabi/lib/armv7e-m/fpu\libc_nano.a(lib_a-memset.o)
                              Src\flash_memory.o (memset)
c:/program files (x86)/atollic/truestudio for arm 8.0.0/armtools/bin/../lib/gcc/arm-atollic-eabi/6.3.1/../../../../arm-atollic-eabi/lib/armv7e-m/fpu\libc_nano.a(lib_a-nano-freer.o)
                              c:/program files (x86)/atollic/truestudio for arm 8.0.0/armtools/bin/../lib/gcc/arm-atollic-eabi/6.3.1/../../../../arm-atollic-eabi/lib/armv7e-m/fpu\libc_nano.a(lib_a-malloc.o) (_free_r)
c:/program files (x86)/atollic/truestudio for arm 8.0.0/armtools/bin/../lib/gcc/arm-atollic-eabi/6.3.1/../../../../arm-atollic-eabi/lib/armv7e-m/fpu\libc_nano.a(lib_a-nano-mallocr.o)
                              c:/program files (x86)/atollic/truestudio for arm 8.0.0/armtools/bin/../lib/gcc/arm-atollic-eabi/6.3.1/../../../../arm-atollic-eabi/lib/armv7e-m/fpu\libc_nano.a(lib_a-malloc.o) (_malloc_r)
c:/program files (x86)/atollic/truestudio for arm 8.0.0/armtools/bin/../lib/gcc/arm-atollic-eabi/6.3.1/../../../../arm-atollic-eabi/lib/armv7e-m/fpu\libc_nano.a(lib_a-sbrkr.o)
                              c:/program files (x86)/atollic/truestudio for arm 8.0.0/armtools/bin/../lib/gcc/arm-atollic-eabi/6.3.1/../../../../arm-atollic-eabi/lib/armv7e-m/fpu\libc_nano.a(lib_a-nano-mallocr.o) (_sbrk_r)
c:/program files (x86)/atollic/truestudio for arm 8.0.0/armtools/bin/../lib/gcc/arm-atollic-eabi/6.3.1/../../../../arm-atollic-eabi/lib/armv7e-m/fpu\libc_nano.a(lib_a-sprintf.o)
                              Src\adc_comms.o (sprintf)
c:/program files (x86)/atollic/truestudio for arm 8.0.0/armtools/bin/../lib/gcc/arm-atollic-eabi/6.3.1/../../../../arm-atollic-eabi/lib/armv7e-m/fpu\libc_nano.a(lib_a-strlen.o)
                              Src\flash_memory.o (strlen)
c:/program files (x86)/atollic/truestudio for arm 8.0.0/armtools/bin/../lib/gcc/arm-atollic-eabi/6.3.1/../../../../arm-atollic-eabi/lib/armv7e-m/fpu\libc_nano.a(lib_a-strtok.o)
                              Src\uart_comms.o (strtok)
c:/program files (x86)/atollic/truestudio for arm 8.0.0/armtools/bin/../lib/gcc/arm-atollic-eabi/6.3.1/../../../../arm-atollic-eabi/lib/armv7e-m/fpu\libc_nano.a(lib_a-strtok_r.o)
                              c:/program files (x86)/atollic/truestudio for arm 8.0.0/armtools/bin/../lib/gcc/arm-atollic-eabi/6.3.1/../../../../arm-atollic-eabi/lib/armv7e-m/fpu\libc_nano.a(lib_a-strtok.o) (__strtok_r)
c:/program files (x86)/atollic/truestudio for arm 8.0.0/armtools/bin/../lib/gcc/arm-atollic-eabi/6.3.1/../../../../arm-atollic-eabi/lib/armv7e-m/fpu\libc_nano.a(lib_a-strtol.o)
                              Src\uart_comms.o (strtol)
c:/program files (x86)/atollic/truestudio for arm 8.0.0/armtools/bin/../lib/gcc/arm-atollic-eabi/6.3.1/../../../../arm-atollic-eabi/lib/armv7e-m/fpu\libc_nano.a(lib_a-utoa.o)
                              c:/program files (x86)/atollic/truestudio for arm 8.0.0/armtools/bin/../lib/gcc/arm-atollic-eabi/6.3.1/../../../../arm-atollic-eabi/lib/armv7e-m/fpu\libc_nano.a(lib_a-itoa.o) (__utoa)
c:/program files (x86)/atollic/truestudio for arm 8.0.0/armtools/bin/../lib/gcc/arm-atollic-eabi/6.3.1/../../../../arm-atollic-eabi/lib/armv7e-m/fpu\libc_nano.a(lib_a-impure.o)
                              c:/program files (x86)/atollic/truestudio for arm 8.0.0/armtools/bin/../lib/gcc/arm-atollic-eabi/6.3.1/../../../../arm-atollic-eabi/lib/armv7e-m/fpu\libc_nano.a(lib_a-malloc.o) (_impure_ptr)
c:/program files (x86)/atollic/truestudio for arm 8.0.0/armtools/bin/../lib/gcc/arm-atollic-eabi/6.3.1/../../../../arm-atollic-eabi/lib/armv7e-m/fpu\libc_nano.a(lib_a-locale.o)
[...]
Memory Configuration

Name             Origin             Length             Attributes
RAM              0x20000000         0x00003000         xrw
CCMRAM           0x10000000         0x00001000         rw
FLASH            0x08000000         0x00010000         xr
*default*        0x00000000         0xffffffff

Linker script and memory map

LOAD c:/program files (x86)/atollic/truestudio for arm 8.0.0/armtools/bin/../lib/gcc/arm-atollic-eabi/6.3.1/armv7e-m/fpu/crti.o
LOAD c:/program files (x86)/atollic/truestudio for arm 8.0.0/armtools/bin/../lib/gcc/arm-atollic-eabi/6.3.1/armv7e-m/fpu/crtbegin.o
LOAD Drivers\STM32F3xx_HAL_Driver\Src\stm32f3xx_hal.o
LOAD Drivers\STM32F3xx_HAL_Driver\Src\stm32f3xx_hal_adc.o
LOAD Drivers\STM32F3xx_HAL_Driver\Src\stm32f3xx_hal_adc_ex.o
LOAD Drivers\STM32F3xx_HAL_Driver\Src\stm32f3xx_hal_cortex.o
LOAD Drivers\STM32F3xx_HAL_Driver\Src\stm32f3xx_hal_dma.o
LOAD Drivers\STM32F3xx_HAL_Driver\Src\stm32f3xx_hal_flash.o
LOAD Drivers\STM32F3xx_HAL_Driver\Src\stm32f3xx_hal_flash_ex.o
LOAD Drivers\STM32F3xx_HAL_Driver\Src\stm32f3xx_hal_gpio.o
LOAD Drivers\STM32F3xx_HAL_Driver\Src\stm32f3xx_hal_i2c.o
LOAD Drivers\STM32F3xx_HAL_Driver\Src\stm32f3xx_hal_i2c_ex.o
LOAD Drivers\STM32F3xx_HAL_Driver\Src\stm32f3xx_hal_pwr.o
LOAD Drivers\STM32F3xx_HAL_Driver\Src\stm32f3xx_hal_pwr_ex.o
LOAD Drivers\STM32F3xx_HAL_Driver\Src\stm32f3xx_hal_rcc.o
LOAD Drivers\STM32F3xx_HAL_Driver\Src\stm32f3xx_hal_rcc_ex.o
LOAD Drivers\STM32F3xx_HAL_Driver\Src\stm32f3xx_hal_rtc.o
LOAD Drivers\STM32F3xx_HAL_Driver\Src\stm32f3xx_hal_rtc_ex.o
LOAD Drivers\STM32F3xx_HAL_Driver\Src\stm32f3xx_hal_tim.o
LOAD Drivers\STM32F3xx_HAL_Driver\Src\stm32f3xx_hal_tim_ex.o
LOAD Drivers\STM32F3xx_HAL_Driver\Src\stm32f3xx_hal_uart.o
LOAD Drivers\STM32F3xx_HAL_Driver\Src\stm32f3xx_hal_uart_ex.o
LOAD Src\IQS263.o
LOAD Src\adc_comms.o
LOAD Src\flash_memory.o
LOAD Src\functions.o
LOAD Src\heating_schedule.o
LOAD Src\init_iqs263.o
LOAD Src\initilize_peripherals.o
LOAD Src\liters_pumped.o
LOAD Src\main.o
LOAD Src\seven_segment.o
LOAD Src\seven_segment_display.o
LOAD Src\stm32f3xx_hal_msp.o
LOAD Src\stm32f3xx_it.o
LOAD Src\system_stm32f3xx.o
LOAD Src\uart_comms.o
LOAD Src\variables.o
LOAD startup\startup_stm32f334x8.o
                0x00000080                malloc_getpagesize_P = 0x80
START GROUP
LOAD c:/program files (x86)/atollic/truestudio for arm 8.0.0/armtools/bin/../lib/gcc/arm-atollic-eabi/6.3.1/../../../../arm-atollic-eabi/lib/armv7e-m/fpu\libc_nano.a
LOAD c:/program files (x86)/atollic/truestudio for arm 8.0.0/armtools/bin/../lib/gcc/arm-atollic-eabi/6.3.1/../../../../arm-atollic-eabi/lib/armv7e-m/fpu\libm.a
END GROUP
START GROUP
LOAD c:/program files (x86)/atollic/truestudio for arm 8.0.0/armtools/bin/../lib/gcc/arm-atollic-eabi/6.3.1/armv7e-m/fpu\libgcc.a
LOAD c:/program files (x86)/atollic/truestudio for arm 8.0.0/armtools/bin/../lib/gcc/arm-atollic-eabi/6.3.1/../../../../arm-atollic-eabi/lib/armv7e-m/fpu\libc_nano.a
END GROUP
START GROUP
LOAD c:/program files (x86)/atollic/truestudio for arm 8.0.0/armtools/bin/../lib/gcc/arm-atollic-eabi/6.3.1/armv7e-m/fpu\libgcc.a
LOAD c:/program files (x86)/atollic/truestudio for arm 8.0.0/armtools/bin/../lib/gcc/arm-atollic-eabi/6.3.1/../../../../arm-atollic-eabi/lib/armv7e-m/fpu\libc_nano.a
LOAD c:/program files (x86)/atollic/truestudio for arm 8.0.0/armtools/bin/../lib/gcc/arm-atollic-eabi/6.3.1/../../../../arm-atollic-eabi/lib/armv7e-m/fpu\libnosys.a
END GROUP
START GROUP
LOAD c:/program files (x86)/atollic/truestudio for arm 8.0.0/armtools/bin/../lib/gcc/arm-atollic-eabi/6.3.1/armv7e-m/fpu\libgcc.a
LOAD c:/program files (x86)/atollic/truestudio for arm 8.0.0/armtools/bin/../lib/gcc/arm-atollic-eabi/6.3.1/../../../../arm-atollic-eabi/lib/armv7e-m/fpu\libc_nano.a
LOAD c:/program files (x86)/atollic/truestudio for arm 8.0.0/armtools/bin/../lib/gcc/arm-atollic-eabi/6.3.1/../../../../arm-atollic-eabi/lib/armv7e-m/fpu\libnosys.a
END GROUP
LOAD c:/program files (x86)/atollic/truestudio for arm 8.0.0/armtools/bin/../lib/gcc/arm-atollic-eabi/6.3.1/armv7e-m/fpu/crtend.o
LOAD c:/program files (x86)/atollic/truestudio for arm 8.0.0/armtools/bin/../lib/gcc/arm-atollic-eabi/6.3.1/armv7e-m/fpu/crtn.o
                0x20003000                _estack = 0x20003000
                0x00000200                _Min_Heap_Size = 0x200
                0x00000400                _Min_Stack_Size = 0x400

.isr_vector     0x08000000      0x188
                0x08000000                . = ALIGN (0x4)
 *(.isr_vector)
 .isr_vector    0x08000000      0x188 startup\startup_stm32f334x8.o
                0x08000000                g_pfnVectors
                0x08000188                . = ALIGN (0x4)

.text           0x08000190     0x5a2c
                0x08000190                . = ALIGN (0x4)
 *(.text)
 .text          0x08000190       0x40 c:/program files (x86)/atollic/truestudio for arm 8.0.0/armtools/bin/../lib/gcc/arm-atollic-eabi/6.3.1/armv7e-m/fpu/crtbegin.o
 .text          0x080001d0       0x10 c:/program files (x86)/atollic/truestudio for arm 8.0.0/armtools/bin/../lib/gcc/arm-atollic-eabi/6.3.1/../../../../arm-atollic-eabi/lib/armv7e-m/fpu\libc_nano.a(lib_a-strlen.o)
                0x080001d0                strlen
 .text          0x080001e0       0xa0 c:/program files (x86)/atollic/truestudio for arm 8.0.0/armtools/bin/../lib/gcc/arm-atollic-eabi/6.3.1/../../../../arm-atollic-eabi/lib/armv7e-m/fpu\libc_nano.a(lib_a-memchr.o)
                0x080001e0                memchr
 *(.text*)
 .text.HAL_InitTick
                0x08000280       0x2c Drivers\STM32F3xx_HAL_Driver\Src\stm32f3xx_hal.o
                0x08000280                HAL_InitTick
 .text.HAL_Init
                0x080002ac       0x24 Drivers\STM32F3xx_HAL_Driver\Src\stm32f3xx_hal.o
                0x080002ac                HAL_Init
 .text.HAL_IncTick
                0x080002d0       0x10 Drivers\STM32F3xx_HAL_Driver\Src\stm32f3xx_hal.o
                0x080002d0                HAL_IncTick
 .text.HAL_GetTick
                0x080002e0        0xc Drivers\STM32F3xx_HAL_Driver\Src\stm32f3xx_hal.o
                0x080002e0                HAL_GetTick
 .text.HAL_Delay
                0x080002ec       0x24 Drivers\STM32F3xx_HAL_Driver\Src\stm32f3xx_hal.o
                0x080002ec                HAL_Delay
 .text.ADC_Disable
                0x08000310       0x88 Drivers\STM32F3xx_HAL_Driver\Src\stm32f3xx_hal_adc_ex.o
 .text.HAL_ADC_Init
                0x08000398      0x21c Drivers\STM32F3xx_HAL_Driver\Src\stm32f3xx_hal_adc_ex.o
                0x08000398                HAL_ADC_Init
 .text.HAL_ADCEx_Calibration_Start
                0x080005b4       0x8e Drivers\STM32F3xx_HAL_Driver\Src\stm32f3xx_hal_adc_ex.o
                0x080005b4                HAL_ADCEx_Calibration_Start
 *fill*         0x08000642        0x2 
 .text.HAL_ADC_ConfigChannel
                0x08000644      0x384 Drivers\STM32F3xx_HAL_Driver\Src\stm32f3xx_hal_adc_ex.o
                0x08000644                HAL_ADC_ConfigChannel
 .text.HAL_NVIC_SetPriorityGrouping
                0x080009c8       0x24 Drivers\STM32F3xx_HAL_Driver\Src\stm32f3xx_hal_cortex.o
                0x080009c8                HAL_NVIC_SetPriorityGrouping
 .text.HAL_NVIC_SetPriority
                0x080009ec       0x64 Drivers\STM32F3xx_HAL_Driver\Src\stm32f3xx_hal_cortex.o
                0x080009ec                HAL_NVIC_SetPriority
 .text.HAL_NVIC_EnableIRQ
                0x08000a50       0x18 Drivers\STM32F3xx_HAL_Driver\Src\stm32f3xx_hal_cortex.o
                0x08000a50                HAL_NVIC_EnableIRQ
 .text.HAL_SYSTICK_Config
                0x08000a68       0x2c Drivers\STM32F3xx_HAL_Driver\Src\stm32f3xx_hal_cortex.o
                0x08000a68                HAL_SYSTICK_Config
 .text.HAL_SYSTICK_CLKSourceConfig
                0x08000a94       0x20 Drivers\STM32F3xx_HAL_Driver\Src\stm32f3xx_hal_cortex.o
                0x08000a94                HAL_SYSTICK_CLKSourceConfig
 .text.HAL_SYSTICK_Callback
                0x08000ab4        0x2 Drivers\STM32F3xx_HAL_Driver\Src\stm32f3xx_hal_cortex.o
                0x08000ab4                HAL_SYSTICK_Callback
 .text.HAL_SYSTICK_IRQHandler
                0x08000ab6        0x8 Drivers\STM32F3xx_HAL_Driver\Src\stm32f3xx_hal_cortex.o
                0x08000ab6                HAL_SYSTICK_IRQHandler
 *fill*         0x08000abe        0x2 
 .text.DMA_CalcBaseAndBitshift
                0x08000ac0       0x24 Drivers\STM32F3xx_HAL_Driver\Src\stm32f3xx_hal_dma.o
 .text.HAL_DMA_Init
                0x08000ae4       0x58 Drivers\STM32F3xx_HAL_Driver\Src\stm32f3xx_hal_dma.o
                0x08000ae4                HAL_DMA_Init
 .text.HAL_DMA_Abort_IT
                0x08000b3c       0x4a Drivers\STM32F3xx_HAL_Driver\Src\stm32f3xx_hal_dma.o
                0x08000b3c                HAL_DMA_Abort_IT
 .text.HAL_DMA_IRQHandler
                0x08000b86       0xb2 Drivers\STM32F3xx_HAL_Driver\Src\stm32f3xx_hal_dma.o
                0x08000b86                HAL_DMA_IRQHandler
 .text.HAL_GPIO_Init
                0x08000c38      0x194 Drivers\STM32F3xx_HAL_Driver\Src\stm32f3xx_hal_gpio.o
                0x08000c38                HAL_GPIO_Init
 .text.HAL_GPIO_ReadPin
                0x08000dcc        0xe Drivers\STM32F3xx_HAL_Driver\Src\stm32f3xx_hal_gpio.o
                0x08000dcc                HAL_GPIO_ReadPin
 .text.HAL_GPIO_WritePin
                0x08000dda        0xa Drivers\STM32F3xx_HAL_Driver\Src\stm32f3xx_hal_gpio.o
                0x08000dda                HAL_GPIO_WritePin
 .text.HAL_GPIO_EXTI_Callback
                0x08000de4        0x2 Drivers\STM32F3xx_HAL_Driver\Src\stm32f3xx_hal_gpio.o
                0x08000de4                HAL_GPIO_EXTI_Callback
 *fill*         0x08000de6        0x2 
 .text.HAL_GPIO_EXTI_IRQHandler
                0x08000de8       0x1c Drivers\STM32F3xx_HAL_Driver\Src\stm32f3xx_hal_gpio.o
                0x08000de8                HAL_GPIO_EXTI_IRQHandler
 .text.I2C_Flush_TXDR
                0x08000e04       0x22 Drivers\STM32F3xx_HAL_Driver\Src\stm32f3xx_hal_i2c.o
 .text.I2C_TransferConfig
                0x08000e26       0x2e Drivers\STM32F3xx_HAL_Driver\Src\stm32f3xx_hal_i2c.o
 .text.I2C_IsAcknowledgeFailed
                0x08000e54       0x82 Drivers\STM32F3xx_HAL_Driver\Src\stm32f3xx_hal_i2c.o
 .text.I2C_WaitOnTXISFlagUntilTimeout
                0x08000ed6       0x54 Drivers\STM32F3xx_HAL_Driver\Src\stm32f3xx_hal_i2c.o
 .text.I2C_WaitOnFlagUntilTimeout
                0x08000f2a       0x48 Drivers\STM32F3xx_HAL_Driver\Src\stm32f3xx_hal_i2c.o
 .text.I2C_RequestMemoryWrite
                0x08000f72       0x84 Drivers\STM32F3xx_HAL_Driver\Src\stm32f3xx_hal_i2c.o
 .text.I2C_RequestMemoryRead
                0x08000ff6       0x82 Drivers\STM32F3xx_HAL_Driver\Src\stm32f3xx_hal_i2c.o
 .text.I2C_WaitOnSTOPFlagUntilTimeout
                0x08001078       0x4e Drivers\STM32F3xx_HAL_Driver\Src\stm32f3xx_hal_i2c.o
 .text.HAL_I2C_Init
                0x080010c6       0xbc Drivers\STM32F3xx_HAL_Driver\Src\stm32f3xx_hal_i2c.o
                0x080010c6                HAL_I2C_Init
 .text.HAL_I2C_Mem_Write
                0x08001182      0x1cc Drivers\STM32F3xx_HAL_Driver\Src\stm32f3xx_hal_i2c.o
                0x08001182                HAL_I2C_Mem_Write
 .text.HAL_I2C_Mem_Read
                0x0800134e      0x1c8 Drivers\STM32F3xx_HAL_Driver\Src\stm32f3xx_hal_i2c.o
                0x0800134e                HAL_I2C_Mem_Read
 .text.HAL_I2C_EV_IRQHandler
                0x08001516       0x10 Drivers\STM32F3xx_HAL_Driver\Src\stm32f3xx_hal_i2c.o
                0x08001516                HAL_I2C_EV_IRQHandler
 .text.HAL_I2C_GetState
                0x08001526        0x6 Drivers\STM32F3xx_HAL_Driver\Src\stm32f3xx_hal_i2c.o
                0x08001526                HAL_I2C_GetState
 .text.HAL_I2CEx_ConfigAnalogFilter
                0x0800152c       0x5c Drivers\STM32F3xx_HAL_Driver\Src\stm32f3xx_hal_i2c_ex.o
                0x0800152c                HAL_I2CEx_ConfigAnalogFilter
 .text.HAL_I2CEx_ConfigDigitalFilter
                0x08001588       0x58 Drivers\STM32F3xx_HAL_Driver\Src\stm32f3xx_hal_i2c_ex.o
                0x08001588                HAL_I2CEx_ConfigDigitalFilter
 .text.HAL_PWR_EnableBkUpAccess
                0x080015e0       0x10 Drivers\STM32F3xx_HAL_Driver\Src\stm32f3xx_hal_pwr.o
                0x080015e0                HAL_PWR_EnableBkUpAccess
 .text.HAL_RCC_OscConfig
                0x080015f0      0x60c Drivers\STM32F3xx_HAL_Driver\Src\stm32f3xx_hal_rcc.o
                0x080015f0                HAL_RCC_OscConfig
 .text.HAL_RCC_GetSysClockFreq
                0x08001bfc       0x70 Drivers\STM32F3xx_HAL_Driver\Src\stm32f3xx_hal_rcc.o
                0x08001bfc                HAL_RCC_GetSysClockFreq
 .text.HAL_RCC_ClockConfig
                0x08001c6c      0x1d4 Drivers\STM32F3xx_HAL_Driver\Src\stm32f3xx_hal_rcc.o
                0x08001c6c                HAL_RCC_ClockConfig
 .text.HAL_RCC_GetHCLKFreq
                0x08001e40        0xc Drivers\STM32F3xx_HAL_Driver\Src\stm32f3xx_hal_rcc.o
                0x08001e40                HAL_RCC_GetHCLKFreq
 .text.HAL_RCC_GetPCLK1Freq
                0x08001e4c       0x2c Drivers\STM32F3xx_HAL_Driver\Src\stm32f3xx_hal_rcc.o
                0x08001e4c                HAL_RCC_GetPCLK1Freq
 .text.HAL_RCC_GetPCLK2Freq
                0x08001e78       0x2c Drivers\STM32F3xx_HAL_Driver\Src\stm32f3xx_hal_rcc.o
                0x08001e78                HAL_RCC_GetPCLK2Freq
 .text.HAL_RCCEx_PeriphCLKConfig
                0x08001ea4      0x1ac Drivers\STM32F3xx_HAL_Driver\Src\stm32f3xx_hal_rcc_ex.o
                0x08001ea4                HAL_RCCEx_PeriphCLKConfig
 .text.HAL_RTC_WaitForSynchro
                0x08002050       0x32 Drivers\STM32F3xx_HAL_Driver\Src\stm32f3xx_hal_rtc.o
                0x08002050                HAL_RTC_WaitForSynchro
 .text.RTC_EnterInitMode
                0x08002082       0x3c Drivers\STM32F3xx_HAL_Driver\Src\stm32f3xx_hal_rtc.o
                0x08002082                RTC_EnterInitMode
 .text.HAL_RTC_Init
                0x080020be       0xc4 Drivers\STM32F3xx_HAL_Driver\Src\stm32f3xx_hal_rtc.o
                0x080020be                HAL_RTC_Init
 .text.RTC_ByteToBcd2
                0x08002182       0x16 Drivers\STM32F3xx_HAL_Driver\Src\stm32f3xx_hal_rtc.o
                0x08002182                RTC_ByteToBcd2
 .text.HAL_RTC_SetTime
                0x08002198       0xfe Drivers\STM32F3xx_HAL_Driver\Src\stm32f3xx_hal_rtc.o
                0x08002198                HAL_RTC_SetTime
 .text.HAL_RTC_SetDate
                0x08002296       0xda Drivers\STM32F3xx_HAL_Driver\Src\stm32f3xx_hal_rtc.o
                0x08002296                HAL_RTC_SetDate
 .text.RTC_Bcd2ToByte
                0x08002370       0x12 Drivers\STM32F3xx_HAL_Driver\Src\stm32f3xx_hal_rtc.o
                0x08002370                RTC_Bcd2ToByte
 .text.HAL_RTC_GetTime
                0x08002382       0x56 Drivers\STM32F3xx_HAL_Driver\Src\stm32f3xx_hal_rtc.o
                0x08002382                HAL_RTC_GetTime
 .text.HAL_RTC_GetDate
                0x080023d8       0x42 Drivers\STM32F3xx_HAL_Driver\Src\stm32f3xx_hal_rtc.o
                0x080023d8                HAL_RTC_GetDate
 *fill*         0x0800241a        0x2 
 .text.HAL_RTCEx_SetWakeUpTimer_IT
                0x0800241c       0xec Drivers\STM32F3xx_HAL_Driver\Src\stm32f3xx_hal_rtc_ex.o
                0x0800241c                HAL_RTCEx_SetWakeUpTimer_IT
 .text.HAL_RTCEx_WakeUpTimerIRQHandler
                0x08002508       0x34 Drivers\STM32F3xx_HAL_Driver\Src\stm32f3xx_hal_rtc_ex.o
                0x08002508                HAL_RTCEx_WakeUpTimerIRQHandler
 .text.HAL_RTCEx_BKUPWrite
                0x0800253c        0xa Drivers\STM32F3xx_HAL_Driver\Src\stm32f3xx_hal_rtc_ex.o
                0x0800253c                HAL_RTCEx_BKUPWrite
 .text.HAL_RTCEx_BKUPRead
                0x08002546        0xa Drivers\STM32F3xx_HAL_Driver\Src\stm32f3xx_hal_rtc_ex.o
                0x08002546                HAL_RTCEx_BKUPRead
 .text.TIM_TI1_ConfigInputStage
                0x08002550       0x26 Drivers\STM32F3xx_HAL_Driver\Src\stm32f3xx_hal_tim.o
 .text.TIM_TI2_ConfigInputStage
                0x08002576       0x28 Drivers\STM32F3xx_HAL_Driver\Src\stm32f3xx_hal_tim.o
 .text.TIM_ITRx_SetConfig
                0x0800259e       0x10 Drivers\STM32F3xx_HAL_Driver\Src\stm32f3xx_hal_tim.o
 .text.HAL_TIM_Base_Start_IT
                0x080025ae       0x18 Drivers\STM32F3xx_HAL_Driver\Src\stm32f3xx_hal_tim.o
                0x080025ae                HAL_TIM_Base_Start_IT
 .text.HAL_TIM_OC_DelayElapsedCallback
                0x080025c6        0x2 Drivers\STM32F3xx_HAL_Driver\Src\stm32f3xx_hal_tim.o
                0x080025c6                HAL_TIM_OC_DelayElapsedCallback
 .text.HAL_TIM_PWM_PulseFinishedCallback
                0x080025c8        0x2 Drivers\STM32F3xx_HAL_Driver\Src\stm32f3xx_hal_tim.o
                0x080025c8                HAL_TIM_PWM_PulseFinishedCallback
 .text.HAL_TIM_TriggerCallback
                0x080025ca        0x2 Drivers\STM32F3xx_HAL_Driver\Src\stm32f3xx_hal_tim.o
                0x080025ca                HAL_TIM_TriggerCallback
 .text.HAL_TIM_IRQHandler
                0x080025cc      0x19a Drivers\STM32F3xx_HAL_Driver\Src\stm32f3xx_hal_tim.o
                0x080025cc                HAL_TIM_IRQHandler
 *fill*         0x08002766        0x2 
 .text.TIM_Base_SetConfig
                0x08002768       0x94 Drivers\STM32F3xx_HAL_Driver\Src\stm32f3xx_hal_tim.o
                0x08002768                TIM_Base_SetConfig
 .text.HAL_TIM_Base_Init
                0x080027fc       0x32 Drivers\STM32F3xx_HAL_Driver\Src\stm32f3xx_hal_tim.o
                0x080027fc                HAL_TIM_Base_Init
 .text.TIM_ETR_SetConfig
                0x0800282e       0x18 Drivers\STM32F3xx_HAL_Driver\Src\stm32f3xx_hal_tim.o
                0x0800282e                TIM_ETR_SetConfig
 *fill*         0x08002846        0x2 
 .text.HAL_TIM_ConfigClockSource
                0x08002848      0x118 Drivers\STM32F3xx_HAL_Driver\Src\stm32f3xx_hal_tim.o
                0x08002848                HAL_TIM_ConfigClockSource
 .text.HAL_TIMEx_MasterConfigSynchronization
                0x08002960       0x50 Drivers\STM32F3xx_HAL_Driver\Src\stm32f3xx_hal_tim_ex.o
                0x08002960                HAL_TIMEx_MasterConfigSynchronization
 .text.HAL_TIMEx_CommutationCallback
                0x080029b0        0x2 Drivers\STM32F3xx_HAL_Driver\Src\stm32f3xx_hal_tim_ex.o
                0x080029b0                HAL_TIMEx_CommutationCallback
 .text.HAL_TIMEx_BreakCallback
                0x080029b2        0x2 Drivers\STM32F3xx_HAL_Driver\Src\stm32f3xx_hal_tim_ex.o
                0x080029b2                HAL_TIMEx_BreakCallback
 .text.HAL_TIMEx_Break2Callback
                0x080029b4        0x2 Drivers\STM32F3xx_HAL_Driver\Src\stm32f3xx_hal_tim_ex.o
                0x080029b4                HAL_TIMEx_Break2Callback
 .text.UART_EndRxTransfer
                0x080029b6       0x1c Drivers\STM32F3xx_HAL_Driver\Src\stm32f3xx_hal_uart.o
 .text.HAL_UART_Transmit_IT
                0x080029d2       0x4c Drivers\STM32F3xx_HAL_Driver\Src\stm32f3xx_hal_uart.o
                0x080029d2                HAL_UART_Transmit_IT
 .text.HAL_UART_Receive_IT
                0x08002a1e       0xae Drivers\STM32F3xx_HAL_Driver\Src\stm32f3xx_hal_uart.o
                0x08002a1e                HAL_UART_Receive_IT
 .text.HAL_UART_TxCpltCallback
                0x08002acc        0x2 Drivers\STM32F3xx_HAL_Driver\Src\stm32f3xx_hal_uart.o
                0x08002acc                HAL_UART_TxCpltCallback
 .text.HAL_UART_ErrorCallback
                0x08002ace        0x2 Drivers\STM32F3xx_HAL_Driver\Src\stm32f3xx_hal_uart.o
                0x08002ace                HAL_UART_ErrorCallback
 .text.UART_DMAAbortOnError
                0x08002ad0       0x14 Drivers\STM32F3xx_HAL_Driver\Src\stm32f3xx_hal_uart.o
 .text.UART_SetConfig
                0x08002ae4      0x1b4 Drivers\STM32F3xx_HAL_Driver\Src\stm32f3xx_hal_uart.o
                0x08002ae4                UART_SetConfig
 .text.UART_AdvFeatureConfig
                0x08002c98       0xca Drivers\STM32F3xx_HAL_Driver\Src\stm32f3xx_hal_uart.o
                0x08002c98                UART_AdvFeatureConfig
 .text.UART_WaitOnFlagUntilTimeout
                0x08002d62       0x64 Drivers\STM32F3xx_HAL_Driver\Src\stm32f3xx_hal_uart.o
                0x08002d62                UART_WaitOnFlagUntilTimeout
 .text.UART_CheckIdleState
                0x08002dc6       0x70 Drivers\STM32F3xx_HAL_Driver\Src\stm32f3xx_hal_uart.o
                0x08002dc6                UART_CheckIdleState
 .text.HAL_UART_Init
                0x08002e36       0x68 Drivers\STM32F3xx_HAL_Driver\Src\stm32f3xx_hal_uart.o
                0x08002e36                HAL_UART_Init
 .text.UART_Transmit_IT
                0x08002e9e       0x6e Drivers\STM32F3xx_HAL_Driver\Src\stm32f3xx_hal_uart.o
                0x08002e9e                UART_Transmit_IT
 .text.UART_EndTransmit_IT
                0x08002f0c       0x1a Drivers\STM32F3xx_HAL_Driver\Src\stm32f3xx_hal_uart.o
                0x08002f0c                UART_EndTransmit_IT
 .text.UART_Receive_IT
                0x08002f26       0x82 Drivers\STM32F3xx_HAL_Driver\Src\stm32f3xx_hal_uart.o
                0x08002f26                UART_Receive_IT
 .text.HAL_UART_IRQHandler
                0x08002fa8      0x15c Drivers\STM32F3xx_HAL_Driver\Src\stm32f3xx_hal_uart.o
                0x08002fa8                HAL_UART_IRQHandler
 .text.HAL_UARTEx_WakeupCallback
                0x08003104        0x2 Drivers\STM32F3xx_HAL_Driver\Src\stm32f3xx_hal_uart_ex.o
                0x08003104                HAL_UARTEx_WakeupCallback
 *fill*         0x08003106        0x2 
 .text.HAL_UART_RxCpltCallback
                0x08003108       0x20 Src\functions.o
                0x08003108                HAL_UART_RxCpltCallback
 .text.HAL_TIM_IC_CaptureCallback
                0x08003128        0xc Src\functions.o
                0x08003128                HAL_TIM_IC_CaptureCallback
 .text.HAL_RTCEx_WakeUpTimerEventCallback
                0x08003134        0xc Src\functions.o
                0x08003134                HAL_RTCEx_WakeUpTimerEventCallback
 .text.init_iqs263
                0x08003140      0x318 Src\init_iqs263.o
                0x08003140                init_iqs263
 .text.handleEvents
                0x08003458       0xc8 Src\init_iqs263.o
                0x08003458                handleEvents
 .text.init_peripherals
                0x08003520      0x2d4 Src\initilize_peripherals.o
                0x08003520                init_peripherals
 .text.MX_GPIO_Init
                0x080037f4      0x174 Src\main.o
 .text.MX_DMA_Init
                0x08003968       0x34 Src\main.o
 .text.HAL_TIM_PeriodElapsedCallback
                0x0800399c        0x2 Src\main.o
                0x0800399c                HAL_TIM_PeriodElapsedCallback
 .text._Error_Handler
                0x0800399e        0x2 Src\main.o
                0x0800399e                _Error_Handler
 .text.MX_TIM2_Init
                0x080039a0       0x74 Src\main.o
 .text.MX_USART1_UART_Init
                0x08003a14       0x40 Src\main.o
 .text.MX_ADC2_Init
                0x08003a54       0xc8 Src\main.o
 .text.MX_RTC_Init
                0x08003b1c       0xc4 Src\main.o
 .text.MX_I2C1_Init
                0x08003be0       0x68 Src\main.o
 .text.SystemClock_Config
                0x08003c48       0xc4 Src\main.o
                0x08003c48                SystemClock_Config
 .text.main     0x08003d0c       0xd0 Src\main.o
                0x08003d0c                main
 .text.seven_segment
                0x08003ddc      0x138 Src\seven_segment.o
                0x08003ddc                seven_segment
 .text.seven_segment_display
                0x08003f14      0x418 Src\seven_segment_display.o
                0x08003f14                seven_segment_display
 .text.HAL_MspInit
                0x0800432c       0x7c Src\stm32f3xx_hal_msp.o
                0x0800432c                HAL_MspInit
 .text.HAL_ADC_MspInit
                0x080043a8       0xa0 Src\stm32f3xx_hal_msp.o
                0x080043a8                HAL_ADC_MspInit
 .text.HAL_I2C_MspInit
                0x08004448       0x64 Src\stm32f3xx_hal_msp.o
                0x08004448                HAL_I2C_MspInit
 .text.HAL_RTC_MspInit
                0x080044ac       0x3c Src\stm32f3xx_hal_msp.o
                0x080044ac                HAL_RTC_MspInit
 .text.HAL_TIM_Base_MspInit
                0x080044e8       0x3a Src\stm32f3xx_hal_msp.o
                0x080044e8                HAL_TIM_Base_MspInit
 *fill*         0x08004522        0x2 
 .text.HAL_UART_MspInit
                0x08004524       0x5c Src\stm32f3xx_hal_msp.o
                0x08004524                HAL_UART_MspInit
 .text.SVC_Handler
                0x08004580        0x2 Src\stm32f3xx_it.o
                0x08004580                SVC_Handler
 .text.PendSV_Handler
                0x08004582        0x2 Src\stm32f3xx_it.o
                0x08004582                PendSV_Handler
 .text.SysTick_Handler
                0x08004584       0x30 Src\stm32f3xx_it.o
                0x08004584                SysTick_Handler
 .text.RTC_WKUP_IRQHandler
                0x080045b4       0x10 Src\stm32f3xx_it.o
                0x080045b4                RTC_WKUP_IRQHandler
 .text.EXTI0_IRQHandler
                0x080045c4       0x14 Src\stm32f3xx_it.o
                0x080045c4                EXTI0_IRQHandler
 .text.DMA1_Channel2_IRQHandler
                0x080045d8       0x10 Src\stm32f3xx_it.o
                0x080045d8                DMA1_Channel2_IRQHandler
 .text.EXTI9_5_IRQHandler
                0x080045e8       0x14 Src\stm32f3xx_it.o
                0x080045e8                EXTI9_5_IRQHandler
 .text.TIM2_IRQHandler
                0x080045fc       0x18 Src\stm32f3xx_it.o
                0x080045fc                TIM2_IRQHandler
 .text.I2C1_EV_IRQHandler
                0x08004614       0x10 Src\stm32f3xx_it.o
                0x08004614                I2C1_EV_IRQHandler
 .text.USART1_IRQHandler
                0x08004624       0x10 Src\stm32f3xx_it.o
                0x08004624                USART1_IRQHandler
 .text.SystemInit
                0x08004634       0x68 Src\system_stm32f3xx.o
                0x08004634                SystemInit
 .text.uart_comms
                0x0800469c      0x92c Src\uart_comms.o
                0x0800469c                uart_comms
 .text.Reset_Handler
                0x08004fc8       0x50 startup\startup_stm32f334x8.o
                0x08004fc8                Reset_Handler
 .text.Default_Handler
                0x08005018        0x2 startup\startup_stm32f334x8.o
                0x08005018                RTC_Alarm_IRQHandler
                0x08005018                HRTIM1_Master_IRQHandler
                0x08005018                DebugMon_Handler
                0x08005018                TIM1_CC_IRQHandler
                0x08005018                HardFault_Handler
                0x08005018                HRTIM1_FLT_IRQHandler
                0x08005018                PVD_IRQHandler
                0x08005018                HRTIM1_TIMD_IRQHandler
                0x08005018                TAMP_STAMP_IRQHandler
                0x08005018                NMI_Handler
                0x08005018                EXTI3_IRQHandler
                0x08005018                FPU_IRQHandler
                0x08005018                CAN_TX_IRQHandler
                0x08005018                TIM1_UP_TIM16_IRQHandler
                0x08005018                UsageFault_Handler
                0x08005018                ADC1_2_IRQHandler
                0x08005018                HRTIM1_TIME_IRQHandler
                0x08005018                SPI1_IRQHandler
                0x08005018                CAN_SCE_IRQHandler
                0x08005018                HRTIM1_TIMC_IRQHandler
                0x08005018                DMA1_Channel4_IRQHandler
                0x08005018                USART3_IRQHandler
                0x08005018                DMA1_Channel7_IRQHandler
                0x08005018                TIM7_DAC2_IRQHandler
                0x08005018                CAN_RX1_IRQHandler
                0x08005018                DMA1_Channel6_IRQHandler
                0x08005018                TIM3_IRQHandler
                0x08005018                RCC_IRQHandler
                0x08005018                DMA1_Channel1_IRQHandler
                0x08005018                Default_Handler
                0x08005018                EXTI15_10_IRQHandler
                0x08005018                COMP2_IRQHandler
                0x08005018                HRTIM1_TIMA_IRQHandler
                0x08005018                TIM6_DAC1_IRQHandler
                0x08005018                MemManage_Handler
                0x08005018                DMA1_Channel5_IRQHandler
                0x08005018                EXTI4_IRQHandler
                0x08005018                HRTIM1_TIMB_IRQHandler
                0x08005018                TIM1_TRG_COM_TIM17_IRQHandler
                0x08005018                DMA1_Channel3_IRQHandler
                0x08005018                WWDG_IRQHandler
                0x08005018                EXTI1_IRQHandler
                0x08005018                COMP4_6_IRQHandler
                0x08005018                USART2_IRQHandler
                0x08005018                FLASH_IRQHandler
                0x08005018                BusFault_Handler
                0x08005018                CAN_RX0_IRQHandler
                0x08005018                I2C1_ER_IRQHandler
                0x08005018                EXTI2_TSC_IRQHandler
                0x08005018                TIM1_BRK_TIM15_IRQHandler
 *fill*         0x0800501a        0x2 
 .text.__libc_init_array
                0x0800501c       0x48 c:/program files (x86)/atollic/truestudio for arm 8.0.0/armtools/bin/../lib/gcc/arm-atollic-eabi/6.3.1/../../../../arm-atollic-eabi/lib/armv7e-m/fpu\libc_nano.a(lib_a-init.o)
                0x0800501c                __libc_init_array
 .text.__itoa   0x08005064       0x30 c:/program files (x86)/atollic/truestudio for arm 8.0.0/armtools/bin/../lib/gcc/arm-atollic-eabi/6.3.1/../../../../arm-atollic-eabi/lib/armv7e-m/fpu\libc_nano.a(lib_a-itoa.o)
                0x08005064                __itoa
 .text.itoa     0x08005094        0x4 c:/program files (x86)/atollic/truestudio for arm 8.0.0/armtools/bin/../lib/gcc/arm-atollic-eabi/6.3.1/../../../../arm-atollic-eabi/lib/armv7e-m/fpu\libc_nano.a(lib_a-itoa.o)
                0x08005094                itoa
 .text.malloc   0x08005098       0x10 c:/program files (x86)/atollic/truestudio for arm 8.0.0/armtools/bin/../lib/gcc/arm-atollic-eabi/6.3.1/../../../../arm-atollic-eabi/lib/armv7e-m/fpu\libc_nano.a(lib_a-malloc.o)
                0x08005098                malloc
 .text.memcpy   0x080050a8       0x16 c:/program files (x86)/atollic/truestudio for arm 8.0.0/armtools/bin/../lib/gcc/arm-atollic-eabi/6.3.1/../../../../arm-atollic-eabi/lib/armv7e-m/fpu\libc_nano.a(lib_a-memcpy-stub.o)
                0x080050a8                memcpy
 .text.memset   0x080050be       0x10 c:/program files (x86)/atollic/truestudio for arm 8.0.0/armtools/bin/../lib/gcc/arm-atollic-eabi/6.3.1/../../../../arm-atollic-eabi/lib/armv7e-m/fpu\libc_nano.a(lib_a-memset.o)
                0x080050be                memset
 *fill*         0x080050ce        0x2 
 .text._free_r  0x080050d0       0x9c c:/program files (x86)/atollic/truestudio for arm 8.0.0/armtools/bin/../lib/gcc/arm-atollic-eabi/6.3.1/../../../../arm-atollic-eabi/lib/armv7e-m/fpu\libc_nano.a(lib_a-nano-freer.o)
                0x080050d0                _free_r
 .text._malloc_r
                0x0800516c       0xbc c:/program files (x86)/atollic/truestudio for arm 8.0.0/armtools/bin/../lib/gcc/arm-atollic-eabi/6.3.1/../../../../arm-atollic-eabi/lib/armv7e-m/fpu\libc_nano.a(lib_a-nano-mallocr.o)
                0x0800516c                _malloc_r
 .text._sbrk_r  0x08005228       0x20 c:/program files (x86)/atollic/truestudio for arm 8.0.0/armtools/bin/../lib/gcc/arm-atollic-eabi/6.3.1/../../../../arm-atollic-eabi/lib/armv7e-m/fpu\libc_nano.a(lib_a-sbrkr.o)
                0x08005228                _sbrk_r
 .text.sprintf  0x08005248       0x48 c:/program files (x86)/atollic/truestudio for arm 8.0.0/armtools/bin/../lib/gcc/arm-atollic-eabi/6.3.1/../../../../arm-atollic-eabi/lib/armv7e-m/fpu\libc_nano.a(lib_a-sprintf.o)
                0x08005248                siprintf
                0x08005248                sprintf
 .text.strtok   0x08005290       0x54 c:/program files (x86)/atollic/truestudio for arm 8.0.0/armtools/bin/../lib/gcc/arm-atollic-eabi/6.3.1/../../../../arm-atollic-eabi/lib/armv7e-m/fpu\libc_nano.a(lib_a-strtok.o)
                0x08005290                strtok
 .text.__strtok_r
                0x080052e4       0x52 c:/program files (x86)/atollic/truestudio for arm 8.0.0/armtools/bin/../lib/gcc/arm-atollic-eabi/6.3.1/../../../../arm-atollic-eabi/lib/armv7e-m/fpu\libc_nano.a(lib_a-strtok_r.o)
                0x080052e4                __strtok_r
 .text._strtol_l.isra.0
                0x08005336      0x100 c:/program files (x86)/atollic/truestudio for arm 8.0.0/armtools/bin/../lib/gcc/arm-atollic-eabi/6.3.1/../../../../arm-atollic-eabi/lib/armv7e-m/fpu\libc_nano.a(lib_a-strtol.o)
 *fill*         0x08005436        0x2 
 .text.strtol   0x08005438       0x2c c:/program files (x86)/atollic/truestudio for arm 8.0.0/armtools/bin/../lib/gcc/arm-atollic-eabi/6.3.1/../../../../arm-atollic-eabi/lib/armv7e-m/fpu\libc_nano.a(lib_a-strtol.o)
                0x08005438                strtol
 .text.__utoa   0x08005464       0x80 c:/program files (x86)/atollic/truestudio for arm 8.0.0/armtools/bin/../lib/gcc/arm-atollic-eabi/6.3.1/../../../../arm-atollic-eabi/lib/armv7e-m/fpu\libc_nano.a(lib_a-utoa.o)
                0x08005464                __utoa
 .text.__locale_ctype_ptr_l
                0x080054e4        0x6 c:/program files (x86)/atollic/truestudio for arm 8.0.0/armtools/bin/../lib/gcc/arm-atollic-eabi/6.3.1/../../../../arm-atollic-eabi/lib/armv7e-m/fpu\libc_nano.a(lib_a-locale.o)
                0x080054e4                __locale_ctype_ptr_l
 .text.__ascii_mbtowc
                0x080054ea       0x24 c:/program files (x86)/atollic/truestudio for arm 8.0.0/armtools/bin/../lib/gcc/arm-atollic-eabi/6.3.1/../../../../arm-atollic-eabi/lib/armv7e-m/fpu\libc_nano.a(lib_a-mbtowc_r.o)
                0x080054ea                __ascii_mbtowc
 .text.__malloc_lock
                0x0800550e        0x2 c:/program files (x86)/atollic/truestudio for arm 8.0.0/armtools/bin/../lib/gcc/arm-atollic-eabi/6.3.1/../../../../arm-atollic-eabi/lib/armv7e-m/fpu\libc_nano.a(lib_a-mlock.o)
                0x0800550e                __malloc_lock
 .text.__malloc_unlock
                0x08005510        0x2 c:/program files (x86)/atollic/truestudio for arm 8.0.0/armtools/bin/../lib/gcc/arm-atollic-eabi/6.3.1/../../../../arm-atollic-eabi/lib/armv7e-m/fpu\libc_nano.a(lib_a-mlock.o)
                0x08005510                __malloc_unlock
 .text.__ssputs_r
                0x08005512       0xb6 c:/program files (x86)/atollic/truestudio for arm 8.0.0/armtools/bin/../lib/gcc/arm-atollic-eabi/6.3.1/../../../../arm-atollic-eabi/lib/armv7e-m/fpu\libc_nano.a(lib_a-nano-svfprintf.o)
                0x08005512                __ssputs_r
 .text._svfprintf_r
                0x080055c8      0x1e8 c:/program files (x86)/atollic/truestudio for arm 8.0.0/armtools/bin/../lib/gcc/arm-atollic-eabi/6.3.1/../../../../arm-atollic-eabi/lib/armv7e-m/fpu\libc_nano.a(lib_a-nano-svfprintf.o)
                0x080055c8                _svfiprintf_r
                0x080055c8                _svfprintf_r
 .text._printf_common
                0x080057b0       0xec c:/program files (x86)/atollic/truestudio for arm 8.0.0/armtools/bin/../lib/gcc/arm-atollic-eabi/6.3.1/../../../../arm-atollic-eabi/lib/armv7e-m/fpu\libc_nano.a(lib_a-nano-vfprintf_i.o)
                0x080057b0                _printf_common
 .text._printf_i
                0x0800589c      0x240 c:/program files (x86)/atollic/truestudio for arm 8.0.0/armtools/bin/../lib/gcc/arm-atollic-eabi/6.3.1/../../../../arm-atollic-eabi/lib/armv7e-m/fpu\libc_nano.a(lib_a-nano-vfprintf_i.o)
                0x0800589c                _printf_i
 .text.__ascii_wctomb
                0x08005adc       0x1a c:/program files (x86)/atollic/truestudio for arm 8.0.0/armtools/bin/../lib/gcc/arm-atollic-eabi/6.3.1/../../../../arm-atollic-eabi/lib/armv7e-m/fpu\libc_nano.a(lib_a-wctomb_r.o)
                0x08005adc                __ascii_wctomb
 .text.memmove  0x08005af6       0x34 c:/program files (x86)/atollic/truestudio for arm 8.0.0/armtools/bin/../lib/gcc/arm-atollic-eabi/6.3.1/../../../../arm-atollic-eabi/lib/armv7e-m/fpu\libc_nano.a(lib_a-memmove.o)
                0x08005af6                memmove
 .text._realloc_r
                0x08005b2a       0x4c c:/program files (x86)/atollic/truestudio for arm 8.0.0/armtools/bin/../lib/gcc/arm-atollic-eabi/6.3.1/../../../../arm-atollic-eabi/lib/armv7e-m/fpu\libc_nano.a(lib_a-nano-reallocr.o)
                0x08005b2a                _realloc_r
 .text._malloc_usable_size_r
                0x08005b76       0x12 c:/program files (x86)/atollic/truestudio for arm 8.0.0/armtools/bin/../lib/gcc/arm-atollic-eabi/6.3.1/../../../../arm-atollic-eabi/lib/armv7e-m/fpu\libc_nano.a(lib_a-nano-msizer.o)
                0x08005b76                _malloc_usable_size_r
 .text._sbrk    0x08005b88       0x1c c:/program files (x86)/atollic/truestudio for arm 8.0.0/armtools/bin/../lib/gcc/arm-atollic-eabi/6.3.1/../../../../arm-atollic-eabi/lib/armv7e-m/fpu\libnosys.a(sbrk.o)
                0x08005b88                _sbrk
 *(.glue_7)
 .glue_7        0x08005ba4        0x0 linker stubs
 *(.glue_7t)
 .glue_7t       0x08005ba4        0x0 linker stubs
 *(.eh_frame)
 .eh_frame      0x08005ba4        0x0 c:/program files (x86)/atollic/truestudio for arm 8.0.0/armtools/bin/../lib/gcc/arm-atollic-eabi/6.3.1/armv7e-m/fpu/crtbegin.o
 *(.init)
 .init          0x08005ba4        0x4 c:/program files (x86)/atollic/truestudio for arm 8.0.0/armtools/bin/../lib/gcc/arm-atollic-eabi/6.3.1/armv7e-m/fpu/crti.o
                0x08005ba4                _init
 .init          0x08005ba8        0x8 c:/program files (x86)/atollic/truestudio for arm 8.0.0/armtools/bin/../lib/gcc/arm-atollic-eabi/6.3.1/armv7e-m/fpu/crtn.o
 *(.fini)
 .fini          0x08005bb0        0x4 c:/program files (x86)/atollic/truestudio for arm 8.0.0/armtools/bin/../lib/gcc/arm-atollic-eabi/6.3.1/armv7e-m/fpu/crti.o
                0x08005bb0                _fini
 .fini          0x08005bb4        0x8 c:/program files (x86)/atollic/truestudio for arm 8.0.0/armtools/bin/../lib/gcc/arm-atollic-eabi/6.3.1/armv7e-m/fpu/crtn.o
                0x08005bbc                . = ALIGN (0x4)
                0x08005bbc                _etext = .

.vfp11_veneer   0x08005bbc        0x0
 .vfp11_veneer  0x08005bbc        0x0 linker stubs

.v4_bx          0x08005bbc        0x0
 .v4_bx         0x08005bbc        0x0 linker stubs

.iplt           0x08005bbc        0x0
 .iplt          0x08005bbc        0x0 c:/program files (x86)/atollic/truestudio for arm 8.0.0/armtools/bin/../lib/gcc/arm-atollic-eabi/6.3.1/armv7e-m/fpu/crtbegin.o

.rodata         0x08005bbc      0x1dc
                0x08005bbc                . = ALIGN (0x4)
 *(.rodata)
 *(.rodata*)
 .rodata.aPLLMULFactorTable
                0x08005bbc       0x10 Drivers\STM32F3xx_HAL_Driver\Src\stm32f3xx_hal_rcc.o
                0x08005bbc                aPLLMULFactorTable
 .rodata.aPredivFactorTable
                0x08005bcc       0x10 Drivers\STM32F3xx_HAL_Driver\Src\stm32f3xx_hal_rcc.o
                0x08005bcc                aPredivFactorTable
 .rodata.init_peripherals.str1.4
                0x08005bdc        0x4 Src\initilize_peripherals.o
 .rodata.MX_TIM2_Init.str1.4
                0x08005be0        0xe Src\main.o
 *fill*         0x08005bee        0x2 
 .rodata.HAL_ADC_MspInit.str1.4
                0x08005bf0       0x1b Src\stm32f3xx_hal_msp.o
 *fill*         0x08005c0b        0x1 
 .rodata.AHBPrescTable
                0x08005c0c       0x10 Src\system_stm32f3xx.o
                0x08005c0c                AHBPrescTable
 .rodata.APBPrescTable
                0x08005c1c        0x8 Src\system_stm32f3xx.o
                0x08005c1c                APBPrescTable
 .rodata.uart_comms.str1.4
                0x08005c24       0x10 Src\uart_comms.o
                                  0xf (size before relaxing)
 .rodata.__utoa.str1.1
                0x08005c34       0x25 c:/program files (x86)/atollic/truestudio for arm 8.0.0/armtools/bin/../lib/gcc/arm-atollic-eabi/6.3.1/../../../../arm-atollic-eabi/lib/armv7e-m/fpu\libc_nano.a(lib_a-utoa.o)
 .rodata._setlocale_r.str1.1
                0x08005c59        0x8 c:/program files (x86)/atollic/truestudio for arm 8.0.0/armtools/bin/../lib/gcc/arm-atollic-eabi/6.3.1/../../../../arm-atollic-eabi/lib/armv7e-m/fpu\libc_nano.a(lib_a-locale.o)
                                  0x9 (size before relaxing)
 .rodata.str1.1
                0x08005c61        0x2 c:/program files (x86)/atollic/truestudio for arm 8.0.0/armtools/bin/../lib/gcc/arm-atollic-eabi/6.3.1/../../../../arm-atollic-eabi/lib/armv7e-m/fpu\libc_nano.a(lib_a-locale.o)
 .rodata._svfprintf_r.str1.1
                0x08005c63       0x11 c:/program files (x86)/atollic/truestudio for arm 8.0.0/armtools/bin/../lib/gcc/arm-atollic-eabi/6.3.1/../../../../arm-atollic-eabi/lib/armv7e-m/fpu\libc_nano.a(lib_a-nano-svfprintf.o)
 .rodata._printf_i.str1.1
                0x08005c74       0x22 c:/program files (x86)/atollic/truestudio for arm 8.0.0/armtools/bin/../lib/gcc/arm-atollic-eabi/6.3.1/../../../../arm-atollic-eabi/lib/armv7e-m/fpu\libc_nano.a(lib_a-nano-vfprintf_i.o)
 .rodata._ctype_
                0x08005c96      0x101 c:/program files (x86)/atollic/truestudio for arm 8.0.0/armtools/bin/../lib/gcc/arm-atollic-eabi/6.3.1/../../../../arm-atollic-eabi/lib/armv7e-m/fpu\libc_nano.a(lib_a-ctype_.o)
                0x08005c96                _ctype_
                0x08005d98                . = ALIGN (0x4)
 *fill*         0x08005d97        0x1 

.rel.dyn        0x08005d98        0x0
 .rel.iplt      0x08005d98        0x0 c:/program files (x86)/atollic/truestudio for arm 8.0.0/armtools/bin/../lib/gcc/arm-atollic-eabi/6.3.1/armv7e-m/fpu/crtbegin.o

.ARM.extab
 *(.ARM.extab* .gnu.linkonce.armextab.*)

.ARM            0x08005d98        0x0
                0x08005d98                __exidx_start = .
 *(.ARM.exidx*)
                0x08005d98                __exidx_end = .

.preinit_array  0x08005d98        0x0
                0x08005d98                PROVIDE (__preinit_array_start, .)
 *(.preinit_array*)
                0x08005d98                PROVIDE (__preinit_array_end, .)

.init_array     0x08005d98        0x4
                0x08005d98                PROVIDE (__init_array_start, .)
 *(SORT(.init_array.*))
 *(.init_array*)
 .init_array    0x08005d98        0x4 c:/program files (x86)/atollic/truestudio for arm 8.0.0/armtools/bin/../lib/gcc/arm-atollic-eabi/6.3.1/armv7e-m/fpu/crtbegin.o
                0x08005d9c                PROVIDE (__init_array_end, .)

.fini_array     0x08005d9c        0x4
                [!provide]                PROVIDE (__fini_array_start, .)
 *(SORT(.fini_array.*))
 *(.fini_array*)
 .fini_array    0x08005d9c        0x4 c:/program files (x86)/atollic/truestudio for arm 8.0.0/armtools/bin/../lib/gcc/arm-atollic-eabi/6.3.1/armv7e-m/fpu/crtbegin.o
                [!provide]                PROVIDE (__fini_array_end, .)
                0x08005da0                _sidata = LOADADDR (.data)

.data           0x20000000      0x200 load address 0x08005da0
                0x20000000                . = ALIGN (0x4)
                0x20000000                _sdata = .
 *(.data)
 *(.data*)
 .data.SystemCoreClock
                0x20000000        0x4 Src\system_stm32f3xx.o
                0x20000000                SystemCoreClock
 .data.comma    0x20000004        0x2 Src\variables.o
                0x20000004                comma
 *fill*         0x20000006        0x2 
 .data.endSimbol
                0x20000008        0x8 Src\variables.o
                0x20000008                endSimbol
 .data.flash_mem_start
                0x20000010        0x4 Src\variables.o
                0x20000010                flash_mem_start
 .data.heater_OFF
                0x20000014        0x3 Src\variables.o
                0x20000014                heater_OFF
 *fill*         0x20000017        0x1 
 .data.heater_ON
                0x20000018        0x2 Src\variables.o
                0x20000018                heater_ON
 *fill*         0x2000001a        0x2 
 .data.studentnumber1
                0x2000001c        0x8 Src\variables.o
                0x2000001c                studentnumber1
 .data.valve_CLOSE
                0x20000024        0x6 Src\variables.o
                0x20000024                valve_CLOSE
 *fill*         0x2000002a        0x2 
 .data.valve_OPEN
                0x2000002c        0x4 Src\variables.o
                0x2000002c                valve_OPEN
 .data._impure_ptr
                0x20000030        0x4 c:/program files (x86)/atollic/truestudio for arm 8.0.0/armtools/bin/../lib/gcc/arm-atollic-eabi/6.3.1/../../../../arm-atollic-eabi/lib/armv7e-m/fpu\libc_nano.a(lib_a-impure.o)
                0x20000030                _impure_ptr
 .data.impure_data
                0x20000034       0x60 c:/program files (x86)/atollic/truestudio for arm 8.0.0/armtools/bin/../lib/gcc/arm-atollic-eabi/6.3.1/../../../../arm-atollic-eabi/lib/armv7e-m/fpu\libc_nano.a(lib_a-impure.o)
 .data.__global_locale
                0x20000094      0x16c c:/program files (x86)/atollic/truestudio for arm 8.0.0/armtools/bin/../lib/gcc/arm-atollic-eabi/6.3.1/../../../../arm-atollic-eabi/lib/armv7e-m/fpu\libc_nano.a(lib_a-locale.o)
                0x20000094                __global_locale
                0x20000200                . = ALIGN (0x4)
                0x20000200                _edata = .
                0x08005fa0                _siccmram = LOADADDR (.ccmram)

.igot.plt       0x20000200        0x0 load address 0x08005fa0
 .igot.plt      0x20000200        0x0 c:/program files (x86)/atollic/truestudio for arm 8.0.0/armtools/bin/../lib/gcc/arm-atollic-eabi/6.3.1/armv7e-m/fpu/crtbegin.o

.ccmram         0x10000000        0x0 load address 0x08005fa0
                0x10000000                . = ALIGN (0x4)
                0x10000000                _sccmram = .
 *(.ccmram)
 *(.ccmram*)
                0x10000000                . = ALIGN (0x4)
                0x10000000                _eccmram = .
                0x10000000                . = ALIGN (0x4)

.bss            0x20000200      0x384
                0x20000200                _sbss = .
                0x20000200                __bss_start__ = _sbss
 *(.bss)
 .bss           0x20000200       0x1c c:/program files (x86)/atollic/truestudio for arm 8.0.0/armtools/bin/../lib/gcc/arm-atollic-eabi/6.3.1/armv7e-m/fpu/crtbegin.o
 *(.bss*)
 .bss.ADC1_buffer
                0x2000021c        0x4 Src\variables.o
                0x2000021c                ADC1_buffer
 .bss.ADC2_buffer
                0x20000220        0x4 Src\variables.o
                0x20000220                ADC2_buffer
 .bss.ambient_temp
                0x20000224        0x4 Src\variables.o
                0x20000224                ambient_temp
 .bss.auto_heating
                0x20000228        0x1 Src\variables.o
                0x20000228                auto_heating
 *fill*         0x20000229        0x3 
 .bss.current_int_rms
                0x2000022c        0x4 Src\variables.o
                0x2000022c                current_int_rms
 .bss.current_rms
                0x20000230        0x4 Src\variables.o
                0x20000230                current_rms
 .bss.date      0x20000234        0x4 Src\variables.o
                0x20000234                date
 .bss.enableFlashLogging
                0x20000238        0x1 Src\variables.o
                0x20000238                enableFlashLogging
 .bss.events    0x20000239        0x1 Src\variables.o
                0x20000239                events
 .bss.fake_RTC_timer
                0x2000023a        0x2 Src\variables.o
                0x2000023a                fake_RTC_timer
 .bss.flash_counter
                0x2000023c        0x4 Src\variables.o
                0x2000023c                flash_counter
 .bss.flash_stored
                0x20000240        0x4 Src\variables.o
                0x20000240                flash_stored
 .bss.geyser_temp
                0x20000244        0x4 Src\variables.o
                0x20000244                geyser_temp
 .bss.heat_schedule1
                0x20000248        0x4 Src\variables.o
                0x20000248                heat_schedule1
 .bss.heat_schedule2
                0x2000024c        0x4 Src\variables.o
                0x2000024c                heat_schedule2
 .bss.heat_schedule3
                0x20000250        0x4 Src\variables.o
                0x20000250                heat_schedule3
 .bss.heater_state
                0x20000254        0x4 Src\variables.o
                0x20000254                heater_state
 .bss.heating_info
                0x20000258        0x4 Src\variables.o
                0x20000258                heating_info
 .bss.log_counter
                0x2000025c        0x1 Src\variables.o
                0x2000025c                log_counter
 .bss.log_full  0x2000025d        0x1 Src\variables.o
                0x2000025d                log_full
 .bss.log_receiced_num
                0x2000025e        0x1 Src\variables.o
                0x2000025e                log_receiced_num
 *fill*         0x2000025f        0x1 
 .bss.new_time  0x20000260        0x4 Src\variables.o
                0x20000260                new_time
 .bss.return_value
                0x20000264        0x4 Src\variables.o
                0x20000264                return_value
 .bss.rtcSecFlag
                0x20000268        0x1 Src\variables.o
                0x20000268                rtcSecFlag
 .bss.rx_flag   0x20000269        0x1 Src\variables.o
                0x20000269                rx_flag
 .bss.segment_counter
                0x2000026a        0x1 Src\variables.o
                0x2000026a                segment_counter
 *fill*         0x2000026b        0x1 
 .bss.segment_val
                0x2000026c        0x4 Src\variables.o
                0x2000026c                segment_val
 .bss.set_temp  0x20000270        0x4 Src\variables.o
                0x20000270                set_temp
 .bss.sizeOfTemp
                0x20000274        0x1 Src\variables.o
                0x20000274                sizeOfTemp
 .bss.systick_flag
                0x20000275        0x1 Src\variables.o
                0x20000275                systick_flag
 *fill*         0x20000276        0x2 
 .bss.temp_time_var
                0x20000278        0x4 Src\variables.o
                0x20000278                temp_time_var
 .bss.tim2_flag
                0x2000027c        0x1 Src\variables.o
                0x2000027c                tim2_flag
 .bss.tim3_flag
                0x2000027d        0x1 Src\variables.o
                0x2000027d                tim3_flag
 *fill*         0x2000027e        0x2 
 .bss.time      0x20000280        0x4 Src\variables.o
                0x20000280                time
 .bss.total_water
                0x20000284        0x4 Src\variables.o
                0x20000284                total_water
 .bss.touch_flag
                0x20000288        0x1 Src\variables.o
                0x20000288                touch_flag
 *fill*         0x20000289        0x3 
 .bss.uart_command
                0x2000028c        0x4 Src\variables.o
                0x2000028c                uart_command
 .bss.uart_command_copy
                0x20000290        0x4 Src\variables.o
                0x20000290                uart_command_copy
 .bss.uart_counter
                0x20000294        0x1 Src\variables.o
                0x20000294                uart_counter
 *fill*         0x20000295        0x3 
 .bss.valve_state
                0x20000298        0x4 Src\variables.o
                0x20000298                valve_state
 .bss.voltage_int_rms
                0x2000029c        0x4 Src\variables.o
                0x2000029c                voltage_int_rms
 .bss.voltage_rms
                0x200002a0        0x4 Src\variables.o
                0x200002a0                voltage_rms
 .bss.water_acc
                0x200002a4        0x4 Src\variables.o
                0x200002a4                water_acc
 .bss.__malloc_free_list
                0x200002a8        0x4 c:/program files (x86)/atollic/truestudio for arm 8.0.0/armtools/bin/../lib/gcc/arm-atollic-eabi/6.3.1/../../../../arm-atollic-eabi/lib/armv7e-m/fpu\libc_nano.a(lib_a-nano-mallocr.o)
                0x200002a8                __malloc_free_list
 .bss.__malloc_sbrk_start
                0x200002ac        0x4 c:/program files (x86)/atollic/truestudio for arm 8.0.0/armtools/bin/../lib/gcc/arm-atollic-eabi/6.3.1/../../../../arm-atollic-eabi/lib/armv7e-m/fpu\libc_nano.a(lib_a-nano-mallocr.o)
                0x200002ac                __malloc_sbrk_start
 .bss.heap_end.5239
                0x200002b0        0x4 c:/program files (x86)/atollic/truestudio for arm 8.0.0/armtools/bin/../lib/gcc/arm-atollic-eabi/6.3.1/../../../../arm-atollic-eabi/lib/armv7e-m/fpu\libnosys.a(sbrk.o)
 *(COMMON)
 COMMON         0x200002b4        0x4 Drivers\STM32F3xx_HAL_Driver\Src\stm32f3xx_hal.o
                0x200002b4                uwTick
 COMMON         0x200002b8      0x214 Src\main.o
                0x200002b8                hadc2
                0x2000030c                hi2c1
                0x20000358                Channel_3
                0x20000370                Channel_1
                0x20000388                Channel_4
                0x200003a0                huart1
                0x20000410                hrtc
                0x20000430                Channel_2
                0x20000448                htim2
                0x20000488                hdma_adc2
 COMMON         0x200004cc       0xb4 Src\variables.o
                0x200004cc                sliderCoords
                0x200004d0                heating_schedule
                0x20000548                studentnumber
                0x2000054c                rx_buffer
                0x20000550                heating_time_size
                0x20000554                data_buffer
                0x20000574                heating_schedule_info
 COMMON         0x20000580        0x4 c:/program files (x86)/atollic/truestudio for arm 8.0.0/armtools/bin/../lib/gcc/arm-atollic-eabi/6.3.1/../../../../arm-atollic-eabi/lib/armv7e-m/fpu\libc_nano.a(lib_a-reent.o)
                0x20000580                errno
                0x20000584                . = ALIGN (0x4)
                0x20000584                _ebss = .
                0x20000584                __bss_end__ = _ebss

._user_heap_stack
                0x20000584      0x600
                0x20000584                . = ALIGN (0x4)
                0x20000584                PROVIDE (end, .)
                [!provide]                PROVIDE (_end, .)
                0x20000784                . = (. + _Min_Heap_Size)
 *fill*         0x20000584      0x200 
                0x20000b84                . = (. + _Min_Stack_Size)
 *fill*         0x20000784      0x400 
                0x20000b84                . = ALIGN (0x4)

/DISCARD/
 libc.a(*)
 libm.a(*)
 libgcc.a(*)

.ARM.attributes
                0x00000000       0x30
 *(.ARM.attributes)
 .ARM.attributes
                0x00000000       0x22 c:/program files (x86)/atollic/truestudio for arm 8.0.0/armtools/bin/../lib/gcc/arm-atollic-eabi/6.3.1/armv7e-m/fpu/crti.o
 .ARM.attributes
                0x00000022       0x34 c:/program files (x86)/atollic/truestudio for arm 8.0.0/armtools/bin/../lib/gcc/arm-atollic-eabi/6.3.1/armv7e-m/fpu/crtbegin.o
 .ARM.attributes
                0x00000056       0x39 Drivers\STM32F3xx_HAL_Driver\Src\stm32f3xx_hal.o
 .ARM.attributes
                0x0000008f       0x39 Drivers\STM32F3xx_HAL_Driver\Src\stm32f3xx_hal_adc_ex.o
 .ARM.attributes
                0x000000c8       0x39 Drivers\STM32F3xx_HAL_Driver\Src\stm32f3xx_hal_cortex.o
 .ARM.attributes
                0x00000101       0x39 Drivers\STM32F3xx_HAL_Driver\Src\stm32f3xx_hal_dma.o
 .ARM.attributes
                0x0000013a       0x39 Drivers\STM32F3xx_HAL_Driver\Src\stm32f3xx_hal_gpio.o
 .ARM.attributes
                0x00000173       0x39 Drivers\STM32F3xx_HAL_Driver\Src\stm32f3xx_hal_i2c.o
 .ARM.attributes
                0x000001ac       0x39 Drivers\STM32F3xx_HAL_Driver\Src\stm32f3xx_hal_i2c_ex.o
 .ARM.attributes
                0x000001e5       0x39 Drivers\STM32F3xx_HAL_Driver\Src\stm32f3xx_hal_pwr.o
 .ARM.attributes
                0x0000021e       0x39 Drivers\STM32F3xx_HAL_Driver\Src\stm32f3xx_hal_rcc.o
 .ARM.attributes
                0x00000257       0x39 Drivers\STM32F3xx_HAL_Driver\Src\stm32f3xx_hal_rcc_ex.o
 .ARM.attributes
                0x00000290       0x39 Drivers\STM32F3xx_HAL_Driver\Src\stm32f3xx_hal_rtc.o
 .ARM.attributes
                0x000002c9       0x39 Drivers\STM32F3xx_HAL_Driver\Src\stm32f3xx_hal_rtc_ex.o
 .ARM.attributes
                0x00000302       0x39 Drivers\STM32F3xx_HAL_Driver\Src\stm32f3xx_hal_tim.o
 .ARM.attributes
                0x0000033b       0x39 Drivers\STM32F3xx_HAL_Driver\Src\stm32f3xx_hal_tim_ex.o
 .ARM.attributes
                0x00000374       0x39 Drivers\STM32F3xx_HAL_Driver\Src\stm32f3xx_hal_uart.o
 .ARM.attributes
                0x000003ad       0x39 Drivers\STM32F3xx_HAL_Driver\Src\stm32f3xx_hal_uart_ex.o
 .ARM.attributes
                0x000003e6       0x39 Src\functions.o
 .ARM.attributes
                0x0000041f       0x39 Src\init_iqs263.o
 .ARM.attributes
                0x00000458       0x39 Src\initilize_peripherals.o
 .ARM.attributes
                0x00000491       0x39 Src\main.o
 .ARM.attributes
                0x000004ca       0x39 Src\seven_segment.o
 .ARM.attributes
                0x00000503       0x39 Src\seven_segment_display.o
 .ARM.attributes
                0x0000053c       0x39 Src\stm32f3xx_hal_msp.o
 .ARM.attributes
                0x00000575       0x39 Src\stm32f3xx_it.o
 .ARM.attributes
                0x000005ae       0x39 Src\system_stm32f3xx.o
 .ARM.attributes
                0x000005e7       0x39 Src\uart_comms.o
 .ARM.attributes
                0x00000620       0x39 Src\variables.o
 .ARM.attributes
                0x00000659       0x21 startup\startup_stm32f334x8.o
 .ARM.attributes
                0x0000067a       0x34 c:/program files (x86)/atollic/truestudio for arm 8.0.0/armtools/bin/../lib/gcc/arm-atollic-eabi/6.3.1/../../../../arm-atollic-eabi/lib/armv7e-m/fpu\libc_nano.a(lib_a-init.o)
 .ARM.attributes
                0x000006ae       0x34 c:/program files (x86)/atollic/truestudio for arm 8.0.0/armtools/bin/../lib/gcc/arm-atollic-eabi/6.3.1/../../../../arm-atollic-eabi/lib/armv7e-m/fpu\libc_nano.a(lib_a-itoa.o)
 .ARM.attributes
                0x000006e2       0x34 c:/program files (x86)/atollic/truestudio for arm 8.0.0/armtools/bin/../lib/gcc/arm-atollic-eabi/6.3.1/../../../../arm-atollic-eabi/lib/armv7e-m/fpu\libc_nano.a(lib_a-malloc.o)
 .ARM.attributes
                0x00000716       0x34 c:/program files (x86)/atollic/truestudio for arm 8.0.0/armtools/bin/../lib/gcc/arm-atollic-eabi/6.3.1/../../../../arm-atollic-eabi/lib/armv7e-m/fpu\libc_nano.a(lib_a-memcpy-stub.o)
 .ARM.attributes
                0x0000074a       0x34 c:/program files (x86)/atollic/truestudio for arm 8.0.0/armtools/bin/../lib/gcc/arm-atollic-eabi/6.3.1/../../../../arm-atollic-eabi/lib/armv7e-m/fpu\libc_nano.a(lib_a-memset.o)
 .ARM.attributes
                0x0000077e       0x34 c:/program files (x86)/atollic/truestudio for arm 8.0.0/armtools/bin/../lib/gcc/arm-atollic-eabi/6.3.1/../../../../arm-atollic-eabi/lib/armv7e-m/fpu\libc_nano.a(lib_a-nano-freer.o)
 .ARM.attributes
                0x000007b2       0x34 c:/program files (x86)/atollic/truestudio for arm 8.0.0/armtools/bin/../lib/gcc/arm-atollic-eabi/6.3.1/../../../../arm-atollic-eabi/lib/armv7e-m/fpu\libc_nano.a(lib_a-nano-mallocr.o)
 .ARM.attributes
                0x000007e6       0x34 c:/program files (x86)/atollic/truestudio for arm 8.0.0/armtools/bin/../lib/gcc/arm-atollic-eabi/6.3.1/../../../../arm-atollic-eabi/lib/armv7e-m/fpu\libc_nano.a(lib_a-sbrkr.o)
 .ARM.attributes
                0x0000081a       0x34 c:/program files (x86)/atollic/truestudio for arm 8.0.0/armtools/bin/../lib/gcc/arm-atollic-eabi/6.3.1/../../../../arm-atollic-eabi/lib/armv7e-m/fpu\libc_nano.a(lib_a-sprintf.o)
 .ARM.attributes
                0x0000084e       0x1b c:/program files (x86)/atollic/truestudio for arm 8.0.0/armtools/bin/../lib/gcc/arm-atollic-eabi/6.3.1/../../../../arm-atollic-eabi/lib/armv7e-m/fpu\libc_nano.a(lib_a-strlen.o)
 .ARM.attributes
                0x00000869       0x34 c:/program files (x86)/atollic/truestudio for arm 8.0.0/armtools/bin/../lib/gcc/arm-atollic-eabi/6.3.1/../../../../arm-atollic-eabi/lib/armv7e-m/fpu\libc_nano.a(lib_a-strtok.o)
 .ARM.attributes
                0x0000089d       0x34 c:/program files (x86)/atollic/truestudio for arm 8.0.0/armtools/bin/../lib/gcc/arm-atollic-eabi/6.3.1/../../../../arm-atollic-eabi/lib/armv7e-m/fpu\libc_nano.a(lib_a-strtok_r.o)
 .ARM.attributes
                0x000008d1       0x34 c:/program files (x86)/atollic/truestudio for arm 8.0.0/armtools/bin/../lib/gcc/arm-atollic-eabi/6.3.1/../../../../arm-atollic-eabi/lib/armv7e-m/fpu\libc_nano.a(lib_a-strtol.o)
 .ARM.attributes
                0x00000905       0x34 c:/program files (x86)/atollic/truestudio for arm 8.0.0/armtools/bin/../lib/gcc/arm-atollic-eabi/6.3.1/../../../../arm-atollic-eabi/lib/armv7e-m/fpu\libc_nano.a(lib_a-utoa.o)
 .ARM.attributes
                0x00000939       0x34 c:/program files (x86)/atollic/truestudio for arm 8.0.0/armtools/bin/../lib/gcc/arm-atollic-eabi/6.3.1/../../../../arm-atollic-eabi/lib/armv7e-m/fpu\libc_nano.a(lib_a-impure.o)
 .ARM.attributes
                0x0000096d       0x34 c:/program files (x86)/atollic/truestudio for arm 8.0.0/armtools/bin/../lib/gcc/arm-atollic-eabi/6.3.1/../../../../arm-atollic-eabi/lib/armv7e-m/fpu\libc_nano.a(lib_a-locale.o)
 .ARM.attributes
                0x000009a1       0x34 c:/program files (x86)/atollic/truestudio for arm 8.0.0/armtools/bin/../lib/gcc/arm-atollic-eabi/6.3.1/../../../../arm-atollic-eabi/lib/armv7e-m/fpu\libc_nano.a(lib_a-mbtowc_r.o)
 .ARM.attributes
                0x000009d5       0x34 c:/program files (x86)/atollic/truestudio for arm 8.0.0/armtools/bin/../lib/gcc/arm-atollic-eabi/6.3.1/../../../../arm-atollic-eabi/lib/armv7e-m/fpu\libc_nano.a(lib_a-mlock.o)
 .ARM.attributes
                0x00000a09       0x34 c:/program files (x86)/atollic/truestudio for arm 8.0.0/armtools/bin/../lib/gcc/arm-atollic-eabi/6.3.1/../../../../arm-atollic-eabi/lib/armv7e-m/fpu\libc_nano.a(lib_a-nano-svfprintf.o)
 .ARM.attributes
                0x00000a3d       0x34 c:/program files (x86)/atollic/truestudio for arm 8.0.0/armtools/bin/../lib/gcc/arm-atollic-eabi/6.3.1/../../../../arm-atollic-eabi/lib/armv7e-m/fpu\libc_nano.a(lib_a-nano-vfprintf_i.o)
 .ARM.attributes
                0x00000a71       0x34 c:/program files (x86)/atollic/truestudio for arm 8.0.0/armtools/bin/../lib/gcc/arm-atollic-eabi/6.3.1/../../../../arm-atollic-eabi/lib/armv7e-m/fpu\libc_nano.a(lib_a-reent.o)
 .ARM.attributes
                0x00000aa5       0x34 c:/program files (x86)/atollic/truestudio for arm 8.0.0/armtools/bin/../lib/gcc/arm-atollic-eabi/6.3.1/../../../../arm-atollic-eabi/lib/armv7e-m/fpu\libc_nano.a(lib_a-wctomb_r.o)
 .ARM.attributes
                0x00000ad9       0x34 c:/program files (x86)/atollic/truestudio for arm 8.0.0/armtools/bin/../lib/gcc/arm-atollic-eabi/6.3.1/../../../../arm-atollic-eabi/lib/armv7e-m/fpu\libc_nano.a(lib_a-ctype_.o)
 .ARM.attributes
                0x00000b0d       0x20 c:/program files (x86)/atollic/truestudio for arm 8.0.0/armtools/bin/../lib/gcc/arm-atollic-eabi/6.3.1/../../../../arm-atollic-eabi/lib/armv7e-m/fpu\libc_nano.a(lib_a-memchr.o)
 .ARM.attributes
                0x00000b2d       0x34 c:/program files (x86)/atollic/truestudio for arm 8.0.0/armtools/bin/../lib/gcc/arm-atollic-eabi/6.3.1/../../../../arm-atollic-eabi/lib/armv7e-m/fpu\libc_nano.a(lib_a-memmove.o)
 .ARM.attributes
                0x00000b61       0x34 c:/program files (x86)/atollic/truestudio for arm 8.0.0/armtools/bin/../lib/gcc/arm-atollic-eabi/6.3.1/../../../../arm-atollic-eabi/lib/armv7e-m/fpu\libc_nano.a(lib_a-nano-reallocr.o)
 .ARM.attributes
                0x00000b95       0x34 c:/program files (x86)/atollic/truestudio for arm 8.0.0/armtools/bin/../lib/gcc/arm-atollic-eabi/6.3.1/../../../../arm-atollic-eabi/lib/armv7e-m/fpu\libc_nano.a(lib_a-nano-msizer.o)
 .ARM.attributes
                0x00000bc9       0x34 c:/program files (x86)/atollic/truestudio for arm 8.0.0/armtools/bin/../lib/gcc/arm-atollic-eabi/6.3.1/../../../../arm-atollic-eabi/lib/armv7e-m/fpu\libnosys.a(sbrk.o)
 .ARM.attributes
                0x00000bfd       0x22 c:/program files (x86)/atollic/truestudio for arm 8.0.0/armtools/bin/../lib/gcc/arm-atollic-eabi/6.3.1/armv7e-m/fpu/crtn.o
OUTPUT(edesign19231865.elf elf32-littlearm)

.debug_info     0x00000000    0x2f283
 .debug_info    0x00000000      0xf58 Drivers\STM32F3xx_HAL_Driver\Src\stm32f3xx_hal.o
 .debug_info    0x00000f58     0x22b4 Drivers\STM32F3xx_HAL_Driver\Src\stm32f3xx_hal_adc_ex.o
 .debug_info    0x0000320c     0x149a Drivers\STM32F3xx_HAL_Driver\Src\stm32f3xx_hal_cortex.o
 .debug_info    0x000046a6     0x103d Drivers\STM32F3xx_HAL_Driver\Src\stm32f3xx_hal_dma.o
 .debug_info    0x000056e3      0xf97 Drivers\STM32F3xx_HAL_Driver\Src\stm32f3xx_hal_gpio.o
 .debug_info    0x0000667a     0x399d Drivers\STM32F3xx_HAL_Driver\Src\stm32f3xx_hal_i2c.o
 .debug_info    0x0000a017     0x115a Drivers\STM32F3xx_HAL_Driver\Src\stm32f3xx_hal_i2c_ex.o
 .debug_info    0x0000b171      0xdcc Drivers\STM32F3xx_HAL_Driver\Src\stm32f3xx_hal_pwr.o
 .debug_info    0x0000bf3d     0x1ba3 Drivers\STM32F3xx_HAL_Driver\Src\stm32f3xx_hal_rcc.o
 .debug_info    0x0000dae0      0xe5e Drivers\STM32F3xx_HAL_Driver\Src\stm32f3xx_hal_rcc_ex.o
 .debug_info    0x0000e93e     0x160d Drivers\STM32F3xx_HAL_Driver\Src\stm32f3xx_hal_rtc.o
 .debug_info    0x0000ff4b     0x17b7 Drivers\STM32F3xx_HAL_Driver\Src\stm32f3xx_hal_rtc_ex.o
 .debug_info    0x00011702     0x37b1 Drivers\STM32F3xx_HAL_Driver\Src\stm32f3xx_hal_tim.o
 .debug_info    0x00014eb3     0x1ea9 Drivers\STM32F3xx_HAL_Driver\Src\stm32f3xx_hal_tim_ex.o
 .debug_info    0x00016d5c     0x21d2 Drivers\STM32F3xx_HAL_Driver\Src\stm32f3xx_hal_uart.o
 .debug_info    0x00018f2e     0x1135 Drivers\STM32F3xx_HAL_Driver\Src\stm32f3xx_hal_uart_ex.o
 .debug_info    0x0001a063     0x1c14 Src\functions.o
 .debug_info    0x0001bc77     0x2433 Src\init_iqs263.o
 .debug_info    0x0001e0aa     0x203a Src\initilize_peripherals.o
 .debug_info    0x000200e4     0x2fc5 Src\main.o
 .debug_info    0x000230a9     0x1c07 Src\seven_segment.o
 .debug_info    0x00024cb0     0x2469 Src\seven_segment_display.o
 .debug_info    0x00027119     0x22b4 Src\stm32f3xx_hal_msp.o
 .debug_info    0x000293cd     0x1804 Src\stm32f3xx_it.o
 .debug_info    0x0002abd1      0xc24 Src\system_stm32f3xx.o
 .debug_info    0x0002b7f5     0x285e Src\uart_comms.o
 .debug_info    0x0002e053     0x11a7 Src\variables.o
 .debug_info    0x0002f1fa       0x89 startup\startup_stm32f334x8.o

.debug_abbrev   0x00000000     0x424b
 .debug_abbrev  0x00000000      0x29e Drivers\STM32F3xx_HAL_Driver\Src\stm32f3xx_hal.o
 .debug_abbrev  0x0000029e      0x305 Drivers\STM32F3xx_HAL_Driver\Src\stm32f3xx_hal_adc_ex.o
 .debug_abbrev  0x000005a3      0x386 Drivers\STM32F3xx_HAL_Driver\Src\stm32f3xx_hal_cortex.o
 .debug_abbrev  0x00000929      0x29c Drivers\STM32F3xx_HAL_Driver\Src\stm32f3xx_hal_dma.o
 .debug_abbrev  0x00000bc5      0x26d Drivers\STM32F3xx_HAL_Driver\Src\stm32f3xx_hal_gpio.o
 .debug_abbrev  0x00000e32      0x2a5 Drivers\STM32F3xx_HAL_Driver\Src\stm32f3xx_hal_i2c.o
 .debug_abbrev  0x000010d7      0x21d Drivers\STM32F3xx_HAL_Driver\Src\stm32f3xx_hal_i2c_ex.o
 .debug_abbrev  0x000012f4      0x205 Drivers\STM32F3xx_HAL_Driver\Src\stm32f3xx_hal_pwr.o
 .debug_abbrev  0x000014f9      0x30b Drivers\STM32F3xx_HAL_Driver\Src\stm32f3xx_hal_rcc.o
 .debug_abbrev  0x00001804      0x2fc Drivers\STM32F3xx_HAL_Driver\Src\stm32f3xx_hal_rcc_ex.o
 .debug_abbrev  0x00001b00      0x27d Drivers\STM32F3xx_HAL_Driver\Src\stm32f3xx_hal_rtc.o
 .debug_abbrev  0x00001d7d      0x28c Drivers\STM32F3xx_HAL_Driver\Src\stm32f3xx_hal_rtc_ex.o
 .debug_abbrev  0x00002009      0x2a4 Drivers\STM32F3xx_HAL_Driver\Src\stm32f3xx_hal_tim.o
 .debug_abbrev  0x000022ad      0x2a4 Drivers\STM32F3xx_HAL_Driver\Src\stm32f3xx_hal_tim_ex.o
 .debug_abbrev  0x00002551      0x2b1 Drivers\STM32F3xx_HAL_Driver\Src\stm32f3xx_hal_uart.o
 .debug_abbrev  0x00002802      0x26e Drivers\STM32F3xx_HAL_Driver\Src\stm32f3xx_hal_uart_ex.o
 .debug_abbrev  0x00002a70      0x232 Src\functions.o
 .debug_abbrev  0x00002ca2      0x21f Src\init_iqs263.o
 .debug_abbrev  0x00002ec1      0x221 Src\initilize_peripherals.o
 .debug_abbrev  0x000030e2      0x2c7 Src\main.o
 .debug_abbrev  0x000033a9      0x214 Src\seven_segment.o
 .debug_abbrev  0x000035bd      0x214 Src\seven_segment_display.o
 .debug_abbrev  0x000037d1      0x2c3 Src\stm32f3xx_hal_msp.o
 .debug_abbrev  0x00003a94      0x1fc Src\stm32f3xx_it.o
 .debug_abbrev  0x00003c90      0x1cd Src\system_stm32f3xx.o
 .debug_abbrev  0x00003e5d      0x22c Src\uart_comms.o
 .debug_abbrev  0x00004089      0x1b0 Src\variables.o
 .debug_abbrev  0x00004239       0x12 startup\startup_stm32f334x8.o

.debug_loc      0x00000000     0xf9eb
 .debug_loc     0x00000000       0x69 Drivers\STM32F3xx_HAL_Driver\Src\stm32f3xx_hal.o
 .debug_loc     0x00000069     0x1ad4 Drivers\STM32F3xx_HAL_Driver\Src\stm32f3xx_hal_adc_ex.o
 .debug_loc     0x00001b3d      0x5ad Drivers\STM32F3xx_HAL_Driver\Src\stm32f3xx_hal_cortex.o
 .debug_loc     0x000020ea      0x708 Drivers\STM32F3xx_HAL_Driver\Src\stm32f3xx_hal_dma.o
 .debug_loc     0x000027f2      0x331 Drivers\STM32F3xx_HAL_Driver\Src\stm32f3xx_hal_gpio.o
 .debug_loc     0x00002b23     0x3aed Drivers\STM32F3xx_HAL_Driver\Src\stm32f3xx_hal_i2c.o
 .debug_loc     0x00006610      0x21c Drivers\STM32F3xx_HAL_Driver\Src\stm32f3xx_hal_i2c_ex.o
 .debug_loc     0x0000682c       0x8d Drivers\STM32F3xx_HAL_Driver\Src\stm32f3xx_hal_pwr.o
 .debug_loc     0x000068b9      0x913 Drivers\STM32F3xx_HAL_Driver\Src\stm32f3xx_hal_rcc.o
 .debug_loc     0x000071cc      0x4aa Drivers\STM32F3xx_HAL_Driver\Src\stm32f3xx_hal_rcc_ex.o
 .debug_loc     0x00007676      0xb47 Drivers\STM32F3xx_HAL_Driver\Src\stm32f3xx_hal_rtc.o
 .debug_loc     0x000081bd      0xb91 Drivers\STM32F3xx_HAL_Driver\Src\stm32f3xx_hal_rtc_ex.o
 .debug_loc     0x00008d4e     0x35ff Drivers\STM32F3xx_HAL_Driver\Src\stm32f3xx_hal_tim.o
 .debug_loc     0x0000c34d     0x18d8 Drivers\STM32F3xx_HAL_Driver\Src\stm32f3xx_hal_tim_ex.o
 .debug_loc     0x0000dc25     0x1635 Drivers\STM32F3xx_HAL_Driver\Src\stm32f3xx_hal_uart.o
 .debug_loc     0x0000f25a      0x31c Drivers\STM32F3xx_HAL_Driver\Src\stm32f3xx_hal_uart_ex.o
 .debug_loc     0x0000f576       0x42 Src\functions.o
 .debug_loc     0x0000f5b8       0x1e Src\main.o
 .debug_loc     0x0000f5d6      0x11b Src\seven_segment_display.o
 .debug_loc     0x0000f6f1      0x1fb Src\stm32f3xx_hal_msp.o
 .debug_loc     0x0000f8ec       0xff Src\system_stm32f3xx.o

.debug_aranges  0x00000000     0x1310
 .debug_aranges
                0x00000000       0xc8 Drivers\STM32F3xx_HAL_Driver\Src\stm32f3xx_hal.o
 .debug_aranges
                0x000000c8      0x168 Drivers\STM32F3xx_HAL_Driver\Src\stm32f3xx_hal_adc_ex.o
 .debug_aranges
                0x00000230       0x90 Drivers\STM32F3xx_HAL_Driver\Src\stm32f3xx_hal_cortex.o
 .debug_aranges
                0x000002c0       0x88 Drivers\STM32F3xx_HAL_Driver\Src\stm32f3xx_hal_dma.o
 .debug_aranges
                0x00000348       0x58 Drivers\STM32F3xx_HAL_Driver\Src\stm32f3xx_hal_gpio.o
 .debug_aranges
                0x000003a0      0x260 Drivers\STM32F3xx_HAL_Driver\Src\stm32f3xx_hal_i2c.o
 .debug_aranges
                0x00000600       0x48 Drivers\STM32F3xx_HAL_Driver\Src\stm32f3xx_hal_i2c_ex.o
 .debug_aranges
                0x00000648       0x78 Drivers\STM32F3xx_HAL_Driver\Src\stm32f3xx_hal_pwr.o
 .debug_aranges
                0x000006c0       0x88 Drivers\STM32F3xx_HAL_Driver\Src\stm32f3xx_hal_rcc.o
 .debug_aranges
                0x00000748       0x38 Drivers\STM32F3xx_HAL_Driver\Src\stm32f3xx_hal_rcc_ex.o
 .debug_aranges
                0x00000780       0xb8 Drivers\STM32F3xx_HAL_Driver\Src\stm32f3xx_hal_rtc.o
 .debug_aranges
                0x00000838      0x120 Drivers\STM32F3xx_HAL_Driver\Src\stm32f3xx_hal_rtc_ex.o
 .debug_aranges
                0x00000958      0x378 Drivers\STM32F3xx_HAL_Driver\Src\stm32f3xx_hal_tim.o
 .debug_aranges
                0x00000cd0      0x178 Drivers\STM32F3xx_HAL_Driver\Src\stm32f3xx_hal_tim_ex.o
 .debug_aranges
                0x00000e48      0x1f0 Drivers\STM32F3xx_HAL_Driver\Src\stm32f3xx_hal_uart.o
 .debug_aranges
                0x00001038       0x48 Drivers\STM32F3xx_HAL_Driver\Src\stm32f3xx_hal_uart_ex.o
 .debug_aranges
                0x00001080       0x38 Src\functions.o
 .debug_aranges
                0x000010b8       0x28 Src\init_iqs263.o
 .debug_aranges
                0x000010e0       0x20 Src\initilize_peripherals.o
 .debug_aranges
                0x00001100       0x70 Src\main.o
 .debug_aranges
                0x00001170       0x20 Src\seven_segment.o
 .debug_aranges
                0x00001190       0x20 Src\seven_segment_display.o
 .debug_aranges
                0x000011b0       0x70 Src\stm32f3xx_hal_msp.o
 .debug_aranges
                0x00001220       0x68 Src\stm32f3xx_it.o
 .debug_aranges
                0x00001288       0x28 Src\system_stm32f3xx.o
 .debug_aranges
                0x000012b0       0x20 Src\uart_comms.o
 .debug_aranges
                0x000012d0       0x18 Src\variables.o
 .debug_aranges
                0x000012e8       0x28 startup\startup_stm32f334x8.o

.debug_ranges   0x00000000     0x11e8
 .debug_ranges  0x00000000       0xb8 Drivers\STM32F3xx_HAL_Driver\Src\stm32f3xx_hal.o
 .debug_ranges  0x000000b8      0x158 Drivers\STM32F3xx_HAL_Driver\Src\stm32f3xx_hal_adc_ex.o
 .debug_ranges  0x00000210       0xe0 Drivers\STM32F3xx_HAL_Driver\Src\stm32f3xx_hal_cortex.o
 .debug_ranges  0x000002f0       0x78 Drivers\STM32F3xx_HAL_Driver\Src\stm32f3xx_hal_dma.o
 .debug_ranges  0x00000368       0x48 Drivers\STM32F3xx_HAL_Driver\Src\stm32f3xx_hal_gpio.o
 .debug_ranges  0x000003b0      0x250 Drivers\STM32F3xx_HAL_Driver\Src\stm32f3xx_hal_i2c.o
 .debug_ranges  0x00000600       0x38 Drivers\STM32F3xx_HAL_Driver\Src\stm32f3xx_hal_i2c_ex.o
 .debug_ranges  0x00000638       0x68 Drivers\STM32F3xx_HAL_Driver\Src\stm32f3xx_hal_pwr.o
 .debug_ranges  0x000006a0       0x98 Drivers\STM32F3xx_HAL_Driver\Src\stm32f3xx_hal_rcc.o
 .debug_ranges  0x00000738       0x40 Drivers\STM32F3xx_HAL_Driver\Src\stm32f3xx_hal_rcc_ex.o
 .debug_ranges  0x00000778       0xa8 Drivers\STM32F3xx_HAL_Driver\Src\stm32f3xx_hal_rtc.o
 .debug_ranges  0x00000820      0x110 Drivers\STM32F3xx_HAL_Driver\Src\stm32f3xx_hal_rtc_ex.o
 .debug_ranges  0x00000930      0x368 Drivers\STM32F3xx_HAL_Driver\Src\stm32f3xx_hal_tim.o
 .debug_ranges  0x00000c98      0x168 Drivers\STM32F3xx_HAL_Driver\Src\stm32f3xx_hal_tim_ex.o
 .debug_ranges  0x00000e00      0x1e0 Drivers\STM32F3xx_HAL_Driver\Src\stm32f3xx_hal_uart.o
 .debug_ranges  0x00000fe0       0x38 Drivers\STM32F3xx_HAL_Driver\Src\stm32f3xx_hal_uart_ex.o
 .debug_ranges  0x00001018       0x28 Src\functions.o
 .debug_ranges  0x00001040       0x18 Src\init_iqs263.o
 .debug_ranges  0x00001058       0x10 Src\initilize_peripherals.o
 .debug_ranges  0x00001068       0x60 Src\main.o
 .debug_ranges  0x000010c8       0x10 Src\seven_segment.o
 .debug_ranges  0x000010d8       0x10 Src\seven_segment_display.o
 .debug_ranges  0x000010e8       0x60 Src\stm32f3xx_hal_msp.o
 .debug_ranges  0x00001148       0x58 Src\stm32f3xx_it.o
 .debug_ranges  0x000011a0       0x18 Src\system_stm32f3xx.o
 .debug_ranges  0x000011b8       0x10 Src\uart_comms.o
 .debug_ranges  0x000011c8       0x20 startup\startup_stm32f334x8.o

.debug_macro    0x00000000    0x215fc
 .debug_macro   0x00000000      0x36a Drivers\STM32F3xx_HAL_Driver\Src\stm32f3xx_hal.o
 .debug_macro   0x0000036a      0x8b6 Drivers\STM32F3xx_HAL_Driver\Src\stm32f3xx_hal.o
 .debug_macro   0x00000c20      0x148 Drivers\STM32F3xx_HAL_Driver\Src\stm32f3xx_hal.o
 .debug_macro   0x00000d68       0xb1 Drivers\STM32F3xx_HAL_Driver\Src\stm32f3xx_hal.o
 .debug_macro   0x00000e19       0x2f Drivers\STM32F3xx_HAL_Driver\Src\stm32f3xx_hal.o
 .debug_macro   0x00000e48       0x28 Drivers\STM32F3xx_HAL_Driver\Src\stm32f3xx_hal.o
 .debug_macro   0x00000e70       0x22 Drivers\STM32F3xx_HAL_Driver\Src\stm32f3xx_hal.o
 .debug_macro   0x00000e92       0x87 Drivers\STM32F3xx_HAL_Driver\Src\stm32f3xx_hal.o
 .debug_macro   0x00000f19       0x51 Drivers\STM32F3xx_HAL_Driver\Src\stm32f3xx_hal.o
 .debug_macro   0x00000f6a       0xef Drivers\STM32F3xx_HAL_Driver\Src\stm32f3xx_hal.o
 .debug_macro   0x00001059       0x6a Drivers\STM32F3xx_HAL_Driver\Src\stm32f3xx_hal.o
 .debug_macro   0x000010c3      0x1df Drivers\STM32F3xx_HAL_Driver\Src\stm32f3xx_hal.o
 .debug_macro   0x000012a2       0x35 Drivers\STM32F3xx_HAL_Driver\Src\stm32f3xx_hal.o
 .debug_macro   0x000012d7       0x50 Drivers\STM32F3xx_HAL_Driver\Src\stm32f3xx_hal.o
 .debug_macro   0x00001327      0xd40 Drivers\STM32F3xx_HAL_Driver\Src\stm32f3xx_hal.o
 .debug_macro   0x00002067    0x15472 Drivers\STM32F3xx_HAL_Driver\Src\stm32f3xx_hal.o
 .debug_macro   0x000174d9       0x43 Drivers\STM32F3xx_HAL_Driver\Src\stm32f3xx_hal.o
 .debug_macro   0x0001751c       0x46 Drivers\STM32F3xx_HAL_Driver\Src\stm32f3xx_hal.o
 .debug_macro   0x00017562       0x3c Drivers\STM32F3xx_HAL_Driver\Src\stm32f3xx_hal.o
 .debug_macro   0x0001759e       0x9c Drivers\STM32F3xx_HAL_Driver\Src\stm32f3xx_hal.o
 .debug_macro   0x0001763a       0x16 Drivers\STM32F3xx_HAL_Driver\Src\stm32f3xx_hal.o
 .debug_macro   0x00017650       0x97 Drivers\STM32F3xx_HAL_Driver\Src\stm32f3xx_hal.o
 .debug_macro   0x000176e7      0x30d Drivers\STM32F3xx_HAL_Driver\Src\stm32f3xx_hal.o
 .debug_macro   0x000179f4       0xfd Drivers\STM32F3xx_HAL_Driver\Src\stm32f3xx_hal.o
 .debug_macro   0x00017af1       0x10 Drivers\STM32F3xx_HAL_Driver\Src\stm32f3xx_hal.o
 .debug_macro   0x00017b01       0x52 Drivers\STM32F3xx_HAL_Driver\Src\stm32f3xx_hal.o
 .debug_macro   0x00017b53       0x1f Drivers\STM32F3xx_HAL_Driver\Src\stm32f3xx_hal.o
 .debug_macro   0x00017b72       0x43 Drivers\STM32F3xx_HAL_Driver\Src\stm32f3xx_hal.o
 .debug_macro   0x00017bb5       0x20 Drivers\STM32F3xx_HAL_Driver\Src\stm32f3xx_hal.o
 .debug_macro   0x00017bd5      0x1a3 Drivers\STM32F3xx_HAL_Driver\Src\stm32f3xx_hal.o
 .debug_macro   0x00017d78       0x10 Drivers\STM32F3xx_HAL_Driver\Src\stm32f3xx_hal.o
 .debug_macro   0x00017d88       0x1c Drivers\STM32F3xx_HAL_Driver\Src\stm32f3xx_hal.o
 .debug_macro   0x00017da4       0x52 Drivers\STM32F3xx_HAL_Driver\Src\stm32f3xx_hal.o
 .debug_macro   0x00017df6       0x40 Drivers\STM32F3xx_HAL_Driver\Src\stm32f3xx_hal.o
 .debug_macro   0x00017e36       0x10 Drivers\STM32F3xx_HAL_Driver\Src\stm32f3xx_hal.o
 .debug_macro   0x00017e46       0x40 Drivers\STM32F3xx_HAL_Driver\Src\stm32f3xx_hal.o
 .debug_macro   0x00017e86       0xd7 Drivers\STM32F3xx_HAL_Driver\Src\stm32f3xx_hal.o
 .debug_macro   0x00017f5d       0x16 Drivers\STM32F3xx_HAL_Driver\Src\stm32f3xx_hal.o
 .debug_macro   0x00017f73      0x161 Drivers\STM32F3xx_HAL_Driver\Src\stm32f3xx_hal.o
 .debug_macro   0x000180d4       0x49 Drivers\STM32F3xx_HAL_Driver\Src\stm32f3xx_hal.o
 .debug_macro   0x0001811d      0x8ff Drivers\STM32F3xx_HAL_Driver\Src\stm32f3xx_hal.o
 .debug_macro   0x00018a1c      0x358 Drivers\STM32F3xx_HAL_Driver\Src\stm32f3xx_hal.o
 .debug_macro   0x00018d74      0x13a Drivers\STM32F3xx_HAL_Driver\Src\stm32f3xx_hal.o
 .debug_macro   0x00018eae      0x130 Drivers\STM32F3xx_HAL_Driver\Src\stm32f3xx_hal.o
 .debug_macro   0x00018fde      0x1bc Drivers\STM32F3xx_HAL_Driver\Src\stm32f3xx_hal.o
 .debug_macro   0x0001919a       0x34 Drivers\STM32F3xx_HAL_Driver\Src\stm32f3xx_hal.o
 .debug_macro   0x000191ce       0x3c Drivers\STM32F3xx_HAL_Driver\Src\stm32f3xx_hal.o
 .debug_macro   0x0001920a       0x57 Drivers\STM32F3xx_HAL_Driver\Src\stm32f3xx_hal.o
 .debug_macro   0x00019261      0x84c Drivers\STM32F3xx_HAL_Driver\Src\stm32f3xx_hal.o
 .debug_macro   0x00019aad       0x77 Drivers\STM32F3xx_HAL_Driver\Src\stm32f3xx_hal.o
 .debug_macro   0x00019b24       0xcb Drivers\STM32F3xx_HAL_Driver\Src\stm32f3xx_hal.o
 .debug_macro   0x00019bef      0x1a0 Drivers\STM32F3xx_HAL_Driver\Src\stm32f3xx_hal.o
 .debug_macro   0x00019d8f      0x202 Drivers\STM32F3xx_HAL_Driver\Src\stm32f3xx_hal.o
 .debug_macro   0x00019f91       0x5b Drivers\STM32F3xx_HAL_Driver\Src\stm32f3xx_hal.o
 .debug_macro   0x00019fec       0x90 Drivers\STM32F3xx_HAL_Driver\Src\stm32f3xx_hal.o
 .debug_macro   0x0001a07c       0x82 Drivers\STM32F3xx_HAL_Driver\Src\stm32f3xx_hal.o
 .debug_macro   0x0001a0fe       0xd3 Drivers\STM32F3xx_HAL_Driver\Src\stm32f3xx_hal.o
 .debug_macro   0x0001a1d1      0x2fe Drivers\STM32F3xx_HAL_Driver\Src\stm32f3xx_hal.o
 .debug_macro   0x0001a4cf      0x388 Drivers\STM32F3xx_HAL_Driver\Src\stm32f3xx_hal.o
 .debug_macro   0x0001a857       0xeb Drivers\STM32F3xx_HAL_Driver\Src\stm32f3xx_hal.o
 .debug_macro   0x0001a942      0x6af Drivers\STM32F3xx_HAL_Driver\Src\stm32f3xx_hal.o
 .debug_macro   0x0001aff1      0x352 Drivers\STM32F3xx_HAL_Driver\Src\stm32f3xx_hal.o
 .debug_macro   0x0001b343      0x566 Drivers\STM32F3xx_HAL_Driver\Src\stm32f3xx_hal.o
 .debug_macro   0x0001b8a9       0x31 Drivers\STM32F3xx_HAL_Driver\Src\stm32f3xx_hal.o
 .debug_macro   0x0001b8da      0x298 Drivers\STM32F3xx_HAL_Driver\Src\stm32f3xx_hal.o
 .debug_macro   0x0001bb72      0x370 Drivers\STM32F3xx_HAL_Driver\Src\stm32f3xx_hal_adc_ex.o
 .debug_macro   0x0001bee2      0x346 Drivers\STM32F3xx_HAL_Driver\Src\stm32f3xx_hal_cortex.o
 .debug_macro   0x0001c228      0x346 Drivers\STM32F3xx_HAL_Driver\Src\stm32f3xx_hal_dma.o
 .debug_macro   0x0001c56e      0x37e Drivers\STM32F3xx_HAL_Driver\Src\stm32f3xx_hal_gpio.o
 .debug_macro   0x0001c8ec      0x412 Drivers\STM32F3xx_HAL_Driver\Src\stm32f3xx_hal_i2c.o
 .debug_macro   0x0001ccfe      0x346 Drivers\STM32F3xx_HAL_Driver\Src\stm32f3xx_hal_i2c_ex.o
 .debug_macro   0x0001d044      0x346 Drivers\STM32F3xx_HAL_Driver\Src\stm32f3xx_hal_pwr.o
 .debug_macro   0x0001d38a      0x36a Drivers\STM32F3xx_HAL_Driver\Src\stm32f3xx_hal_rcc.o
 .debug_macro   0x0001d6f4      0x346 Drivers\STM32F3xx_HAL_Driver\Src\stm32f3xx_hal_rcc_ex.o
 .debug_macro   0x0001da3a      0x347 Drivers\STM32F3xx_HAL_Driver\Src\stm32f3xx_hal_rtc.o
 .debug_macro   0x0001dd81      0x346 Drivers\STM32F3xx_HAL_Driver\Src\stm32f3xx_hal_rtc_ex.o
 .debug_macro   0x0001e0c7      0x346 Drivers\STM32F3xx_HAL_Driver\Src\stm32f3xx_hal_tim.o
 .debug_macro   0x0001e40d      0x352 Drivers\STM32F3xx_HAL_Driver\Src\stm32f3xx_hal_tim_ex.o
 .debug_macro   0x0001e75f      0x34e Drivers\STM32F3xx_HAL_Driver\Src\stm32f3xx_hal_uart.o
 .debug_macro   0x0001eaad      0x346 Drivers\STM32F3xx_HAL_Driver\Src\stm32f3xx_hal_uart_ex.o
 .debug_macro   0x0001edf3      0x3c4 Src\functions.o
 .debug_macro   0x0001f1b7      0x3c4 Src\init_iqs263.o
 .debug_macro   0x0001f57b      0x3c4 Src\initilize_peripherals.o
 .debug_macro   0x0001f93f      0x3de Src\main.o
 .debug_macro   0x0001fd1d      0x3c4 Src\seven_segment.o
 .debug_macro   0x000200e1      0x3c4 Src\seven_segment_display.o
 .debug_macro   0x000204a5      0x346 Src\stm32f3xx_hal_msp.o
 .debug_macro   0x000207eb      0x350 Src\stm32f3xx_it.o
 .debug_macro   0x00020b3b      0x34c Src\system_stm32f3xx.o
 .debug_macro   0x00020e87      0x3c4 Src\uart_comms.o
 .debug_macro   0x0002124b      0x3b1 Src\variables.o

.debug_line     0x00000000    0x12620
 .debug_line    0x00000000      0x89e Drivers\STM32F3xx_HAL_Driver\Src\stm32f3xx_hal.o
 .debug_line    0x0000089e     0x151b Drivers\STM32F3xx_HAL_Driver\Src\stm32f3xx_hal_adc_ex.o
 .debug_line    0x00001db9      0x8c0 Drivers\STM32F3xx_HAL_Driver\Src\stm32f3xx_hal_cortex.o
 .debug_line    0x00002679      0x959 Drivers\STM32F3xx_HAL_Driver\Src\stm32f3xx_hal_dma.o
 .debug_line    0x00002fd2      0x866 Drivers\STM32F3xx_HAL_Driver\Src\stm32f3xx_hal_gpio.o
 .debug_line    0x00003838     0x1898 Drivers\STM32F3xx_HAL_Driver\Src\stm32f3xx_hal_i2c.o
 .debug_line    0x000050d0      0x86d Drivers\STM32F3xx_HAL_Driver\Src\stm32f3xx_hal_i2c_ex.o
 .debug_line    0x0000593d      0x809 Drivers\STM32F3xx_HAL_Driver\Src\stm32f3xx_hal_pwr.o
 .debug_line    0x00006146      0xbc1 Drivers\STM32F3xx_HAL_Driver\Src\stm32f3xx_hal_rcc.o
 .debug_line    0x00006d07      0x8ba Drivers\STM32F3xx_HAL_Driver\Src\stm32f3xx_hal_rcc_ex.o
 .debug_line    0x000075c1      0xad5 Drivers\STM32F3xx_HAL_Driver\Src\stm32f3xx_hal_rtc.o
 .debug_line    0x00008096      0xd5f Drivers\STM32F3xx_HAL_Driver\Src\stm32f3xx_hal_rtc_ex.o
 .debug_line    0x00008df5     0x18db Drivers\STM32F3xx_HAL_Driver\Src\stm32f3xx_hal_tim.o
 .debug_line    0x0000a6d0      0xe63 Drivers\STM32F3xx_HAL_Driver\Src\stm32f3xx_hal_tim_ex.o
 .debug_line    0x0000b533     0x114a Drivers\STM32F3xx_HAL_Driver\Src\stm32f3xx_hal_uart.o
 .debug_line    0x0000c67d      0x81e Drivers\STM32F3xx_HAL_Driver\Src\stm32f3xx_hal_uart_ex.o
 .debug_line    0x0000ce9b      0x7a2 Src\functions.o
 .debug_line    0x0000d63d      0x862 Src\init_iqs263.o
 .debug_line    0x0000de9f      0x7c5 Src\initilize_peripherals.o
 .debug_line    0x0000e664      0x91c Src\main.o
 .debug_line    0x0000ef80      0x794 Src\seven_segment.o
 .debug_line    0x0000f714      0x7d8 Src\seven_segment_display.o
 .debug_line    0x0000feec      0x820 Src\stm32f3xx_hal_msp.o
 .debug_line    0x0001070c      0x7b3 Src\stm32f3xx_it.o
 .debug_line    0x00010ebf      0x73a Src\system_stm32f3xx.o
 .debug_line    0x000115f9      0x857 Src\uart_comms.o
 .debug_line    0x00011e50      0x751 Src\variables.o
 .debug_line    0x000125a1       0x7f startup\startup_stm32f334x8.o

.debug_str      0x00000000    0xb2fb7
 .debug_str     0x00000000    0xac5e1 Drivers\STM32F3xx_HAL_Driver\Src\stm32f3xx_hal.o
                              0xac94e (size before relaxing)
 .debug_str     0x000ac5e1      0xce3 Drivers\STM32F3xx_HAL_Driver\Src\stm32f3xx_hal_adc_ex.o
                              0xacf87 (size before relaxing)
 .debug_str     0x000ad2c4      0x2af Drivers\STM32F3xx_HAL_Driver\Src\stm32f3xx_hal_cortex.o
                              0xac916 (size before relaxing)
 .debug_str     0x000ad573      0x229 Drivers\STM32F3xx_HAL_Driver\Src\stm32f3xx_hal_dma.o
                              0xac60b (size before relaxing)
 .debug_str     0x000ad79c      0x2cf Drivers\STM32F3xx_HAL_Driver\Src\stm32f3xx_hal_gpio.o
                              0xac563 (size before relaxing)
 .debug_str     0x000ada6b      0xfdd Drivers\STM32F3xx_HAL_Driver\Src\stm32f3xx_hal_i2c.o
                              0xad417 (size before relaxing)
 .debug_str     0x000aea48       0xf3 Drivers\STM32F3xx_HAL_Driver\Src\stm32f3xx_hal_i2c_ex.o
                              0xac842 (size before relaxing)
 .debug_str     0x000aeb3b      0x19f Drivers\STM32F3xx_HAL_Driver\Src\stm32f3xx_hal_pwr.o
                              0xac3cc (size before relaxing)
 .debug_str     0x000aecda      0x3e7 Drivers\STM32F3xx_HAL_Driver\Src\stm32f3xx_hal_rcc.o
                              0xac6fb (size before relaxing)
 .debug_str     0x000af0c1      0x194 Drivers\STM32F3xx_HAL_Driver\Src\stm32f3xx_hal_rcc_ex.o
                              0xac455 (size before relaxing)
 .debug_str     0x000af255      0x42c Drivers\STM32F3xx_HAL_Driver\Src\stm32f3xx_hal_rtc.o
                              0xac6d6 (size before relaxing)
 .debug_str     0x000af681      0x501 Drivers\STM32F3xx_HAL_Driver\Src\stm32f3xx_hal_rtc_ex.o
                              0xac9e0 (size before relaxing)
 .debug_str     0x000afb82      0xf59 Drivers\STM32F3xx_HAL_Driver\Src\stm32f3xx_hal_tim.o
                              0xad3a0 (size before relaxing)
 .debug_str     0x000b0adb      0x5ce Drivers\STM32F3xx_HAL_Driver\Src\stm32f3xx_hal_tim_ex.o
                              0xace06 (size before relaxing)
 .debug_str     0x000b10a9      0x982 Drivers\STM32F3xx_HAL_Driver\Src\stm32f3xx_hal_uart.o
                              0xace91 (size before relaxing)
 .debug_str     0x000b1a2b       0xed Drivers\STM32F3xx_HAL_Driver\Src\stm32f3xx_hal_uart_ex.o
                              0xac81c (size before relaxing)
 .debug_str     0x000b1b18     0x1122 Src\functions.o
                              0xade44 (size before relaxing)
 .debug_str     0x000b2c3a       0x34 Src\init_iqs263.o
                              0xae107 (size before relaxing)
 .debug_str     0x000b2c6e       0x46 Src\initilize_peripherals.o
                              0xade59 (size before relaxing)
 .debug_str     0x000b2cb4      0x106 Src\main.o
                              0xaeb08 (size before relaxing)
 .debug_str     0x000b2dba       0x2d Src\seven_segment.o
                              0xadccd (size before relaxing)
 .debug_str     0x000b2de7       0x1f Src\seven_segment_display.o
                              0xadcc7 (size before relaxing)
 .debug_str     0x000b2e06       0x25 Src\stm32f3xx_hal_msp.o
                              0xad3fc (size before relaxing)
 .debug_str     0x000b2e2b       0xd9 Src\stm32f3xx_it.o
                              0xacdf3 (size before relaxing)
 .debug_str     0x000b2f04       0x64 Src\system_stm32f3xx.o
                              0xac294 (size before relaxing)
 .debug_str     0x000b2f68       0x35 Src\uart_comms.o
                              0xade9b (size before relaxing)
 .debug_str     0x000b2f9d       0x1a Src\variables.o
                              0xad034 (size before relaxing)

.comment        0x00000000       0x7c
 .comment       0x00000000       0x7c Drivers\STM32F3xx_HAL_Driver\Src\stm32f3xx_hal.o
                                 0x7d (size before relaxing)
 .comment       0x0000007c       0x7d Drivers\STM32F3xx_HAL_Driver\Src\stm32f3xx_hal_adc_ex.o
 .comment       0x0000007c       0x7d Drivers\STM32F3xx_HAL_Driver\Src\stm32f3xx_hal_cortex.o
 .comment       0x0000007c       0x7d Drivers\STM32F3xx_HAL_Driver\Src\stm32f3xx_hal_dma.o
 .comment       0x0000007c       0x7d Drivers\STM32F3xx_HAL_Driver\Src\stm32f3xx_hal_gpio.o
 .comment       0x0000007c       0x7d Drivers\STM32F3xx_HAL_Driver\Src\stm32f3xx_hal_i2c.o
 .comment       0x0000007c       0x7d Drivers\STM32F3xx_HAL_Driver\Src\stm32f3xx_hal_i2c_ex.o
 .comment       0x0000007c       0x7d Drivers\STM32F3xx_HAL_Driver\Src\stm32f3xx_hal_pwr.o
 .comment       0x0000007c       0x7d Drivers\STM32F3xx_HAL_Driver\Src\stm32f3xx_hal_rcc.o
 .comment       0x0000007c       0x7d Drivers\STM32F3xx_HAL_Driver\Src\stm32f3xx_hal_rcc_ex.o
 .comment       0x0000007c       0x7d Drivers\STM32F3xx_HAL_Driver\Src\stm32f3xx_hal_rtc.o
 .comment       0x0000007c       0x7d Drivers\STM32F3xx_HAL_Driver\Src\stm32f3xx_hal_rtc_ex.o
 .comment       0x0000007c       0x7d Drivers\STM32F3xx_HAL_Driver\Src\stm32f3xx_hal_tim.o
 .comment       0x0000007c       0x7d Drivers\STM32F3xx_HAL_Driver\Src\stm32f3xx_hal_tim_ex.o
 .comment       0x0000007c       0x7d Drivers\STM32F3xx_HAL_Driver\Src\stm32f3xx_hal_uart.o
 .comment       0x0000007c       0x7d Drivers\STM32F3xx_HAL_Driver\Src\stm32f3xx_hal_uart_ex.o
 .comment       0x0000007c       0x7d Src\functions.o
 .comment       0x0000007c       0x7d Src\init_iqs263.o
 .comment       0x0000007c       0x7d Src\initilize_peripherals.o
 .comment       0x0000007c       0x7d Src\main.o
 .comment       0x0000007c       0x7d Src\seven_segment.o
 .comment       0x0000007c       0x7d Src\seven_segment_display.o
 .comment       0x0000007c       0x7d Src\stm32f3xx_hal_msp.o
 .comment       0x0000007c       0x7d Src\stm32f3xx_it.o
 .comment       0x0000007c       0x7d Src\system_stm32f3xx.o
 .comment       0x0000007c       0x7d Src\uart_comms.o
 .comment       0x0000007c       0x7d Src\variables.o

.debug_frame    0x00000000     0x39a0
 .debug_frame   0x00000000      0x198 Drivers\STM32F3xx_HAL_Driver\Src\stm32f3xx_hal.o
 .debug_frame   0x00000198      0x4a0 Drivers\STM32F3xx_HAL_Driver\Src\stm32f3xx_hal_adc_ex.o
 .debug_frame   0x00000638      0x12c Drivers\STM32F3xx_HAL_Driver\Src\stm32f3xx_hal_cortex.o
 .debug_frame   0x00000764      0x164 Drivers\STM32F3xx_HAL_Driver\Src\stm32f3xx_hal_dma.o
 .debug_frame   0x000008c8       0xd0 Drivers\STM32F3xx_HAL_Driver\Src\stm32f3xx_hal_gpio.o
 .debug_frame   0x00000998      0x81c Drivers\STM32F3xx_HAL_Driver\Src\stm32f3xx_hal_i2c.o
 .debug_frame   0x000011b4       0x80 Drivers\STM32F3xx_HAL_Driver\Src\stm32f3xx_hal_i2c_ex.o