Archive member included to satisfy reference by file (symbol)

c:/program files (x86)/atollic/truestudio for arm 8.0.0/armtools/bin/../lib/gcc/arm-atollic-eabi/6.3.1/../../../../arm-atollic-eabi/lib/armv7e-m/fpu\libc_nano.a(lib_a-init.o)
                              startup\startup_stm32f334x8.o (__libc_init_array)
c:/program files (x86)/atollic/truestudio for arm 8.0.0/armtools/bin/../lib/gcc/arm-atollic-eabi/6.3.1/../../../../arm-atollic-eabi/lib/armv7e-m/fpu\libc_nano.a(lib_a-itoa.o)
                              Src\flash_memory.o (itoa)
c:/program files (x86)/atollic/truestudio for arm 8.0.0/armtools/bin/../lib/gcc/arm-atollic-eabi/6.3.1/../../../../arm-atollic-eabi/lib/armv7e-m/fpu\libc_nano.a(lib_a-malloc.o)
                              Src\initilize_peripherals.o (malloc)
c:/program files (x86)/atollic/truestudio for arm 8.0.0/armtools/bin/../lib/gcc/arm-atollic-eabi/6.3.1/../../../../arm-atollic-eabi/lib/armv7e-m/fpu\libc_nano.a(lib_a-memcpy-stub.o)
                              Src\flash_memory.o (memcpy)
c:/program files (x86)/atollic/truestudio for arm 8.0.0/armtools/bin/../lib/gcc/arm-atollic-eabi/6.3.1/../../../../arm-atollic-eabi/lib/armv7e-m/fpu\libc_nano.a(lib_a-memset.o)
                              Src\flash_memory.o (memset)
c:/program files (x86)/atollic/truestudio for arm 8.0.0/armtools/bin/../lib/gcc/arm-atollic-eabi/6.3.1/../../../../arm-atollic-eabi/lib/armv7e-m/fpu\libc_nano.a(lib_a-nano-freer.o)
                              c:/program files (x86)/atollic/truestudio for arm 8.0.0/armtools/bin/../lib/gcc/arm-atollic-eabi/6.3.1/../../../../arm-atollic-eabi/lib/armv7e-m/fpu\libc_nano.a(lib_a-malloc.o) (_free_r)
c:/program files (x86)/atollic/truestudio for arm 8.0.0/armtools/bin/../lib/gcc/arm-atollic-eabi/6.3.1/../../../../arm-atollic-eabi/lib/armv7e-m/fpu\libc_nano.a(lib_a-nano-mallocr.o)
                              c:/program files (x86)/atollic/truestudio for arm 8.0.0/armtools/bin/../lib/gcc/arm-atollic-eabi/6.3.1/../../../../arm-atollic-eabi/lib/armv7e-m/fpu\libc_nano.a(lib_a-malloc.o) (_malloc_r)
c:/program files (x86)/atollic/truestudio for arm 8.0.0/armtools/bin/../lib/gcc/arm-atollic-eabi/6.3.1/../../../../arm-atollic-eabi/lib/armv7e-m/fpu\libc_nano.a(lib_a-sbrkr.o)
                              c:/program files (x86)/atollic/truestudio for arm 8.0.0/armtools/bin/../lib/gcc/arm-atollic-eabi/6.3.1/../../../../arm-atollic-eabi/lib/armv7e-m/fpu\libc_nano.a(lib_a-nano-mallocr.o) (_sbrk_r)
c:/program files (x86)/atollic/truestudio for arm 8.0.0/armtools/bin/../lib/gcc/arm-atollic-eabi/6.3.1/../../../../arm-atollic-eabi/lib/armv7e-m/fpu\libc_nano.a(lib_a-sprintf.o)
                              Src\adc_comms.o (sprintf)
c:/program files (x86)/atollic/truestudio for arm 8.0.0/armtools/bin/../lib/gcc/arm-atollic-eabi/6.3.1/../../../../arm-atollic-eabi/lib/armv7e-m/fpu\libc_nano.a(lib_a-strlen.o)
                              Src\flash_memory.o (strlen)
c:/program files (x86)/atollic/truestudio for arm 8.0.0/armtools/bin/../lib/gcc/arm-atollic-eabi/6.3.1/../../../../arm-atollic-eabi/lib/armv7e-m/fpu\libc_nano.a(lib_a-strtok.o)
                              Src\uart_comms.o (strtok)
c:/program files (x86)/atollic/truestudio for arm 8.0.0/armtools/bin/../lib/gcc/arm-atollic-eabi/6.3.1/../../../../arm-atollic-eabi/lib/armv7e-m/fpu\libc_nano.a(lib_a-strtok_r.o)
                              c:/program files (x86)/atollic/truestudio for arm 8.0.0/armtools/bin/../lib/gcc/arm-atollic-eabi/6.3.1/../../../../arm-atollic-eabi/lib/armv7e-m/fpu\libc_nano.a(lib_a-strtok.o) (__strtok_r)
c:/program files (x86)/atollic/truestudio for arm 8.0.0/armtools/bin/../lib/gcc/arm-atollic-eabi/6.3.1/../../../../arm-atollic-eabi/lib/armv7e-m/fpu\libc_nano.a(lib_a-strtol.o)
                              Src\uart_comms.o (strtol)
c:/program files (x86)/atollic/truestudio for arm 8.0.0/armtools/bin/../lib/gcc/arm-atollic-eabi/6.3.1/../../../../arm-atollic-eabi/lib/armv7e-m/fpu\libc_nano.a(lib_a-utoa.o)
                              c:/program files (x86)/atollic/truestudio for arm 8.0.0/armtools/bin/../lib/gcc/arm-atollic-eabi/6.3.1/../../../../arm-atollic-eabi/lib/armv7e-m/fpu\libc_nano.a(lib_a-itoa.o) (__utoa)
c:/program files (x86)/atollic/truestudio for arm 8.0.0/armtools/bin/../lib/gcc/arm-atollic-eabi/6.3.1/../../../../arm-atollic-eabi/lib/armv7e-m/fpu\libc_nano.a(lib_a-impure.o)
                              c:/program files (x86)/atollic/truestudio for arm 8.0.0/armtools/bin/../lib/gcc/arm-atollic-eabi/6.3.1/../../../../arm-atollic-eabi/lib/armv7e-m/fpu\libc_nano.a(lib_a-malloc.o) (_impure_ptr)
c:/program files (x86)/atollic/truestudio for arm 8.0.0/armtools/bin/../lib/gcc/arm-atollic-eabi/6.3.1/../../../../arm-atollic-eabi/lib/armv7e-m/fpu\libc_nano.a(lib_a-locale.o)
[...]
Memory Configuration

Name             Origin             Length             Attributes
RAM              0x20000000         0x00003000         xrw
CCMRAM           0x10000000         0x00001000         rw
FLASH            0x08000000         0x00010000         xr
*default*        0x00000000         0xffffffff

Linker script and memory map

LOAD c:/program files (x86)/atollic/truestudio for arm 8.0.0/armtools/bin/../lib/gcc/arm-atollic-eabi/6.3.1/armv7e-m/fpu/crti.o
LOAD c:/program files (x86)/atollic/truestudio for arm 8.0.0/armtools/bin/../lib/gcc/arm-atollic-eabi/6.3.1/armv7e-m/fpu/crtbegin.o
LOAD Drivers\STM32F3xx_HAL_Driver\Src\stm32f3xx_hal.o
LOAD Drivers\STM32F3xx_HAL_Driver\Src\stm32f3xx_hal_adc.o
LOAD Drivers\STM32F3xx_HAL_Driver\Src\stm32f3xx_hal_adc_ex.o
LOAD Drivers\STM32F3xx_HAL_Driver\Src\stm32f3xx_hal_cortex.o
LOAD Drivers\STM32F3xx_HAL_Driver\Src\stm32f3xx_hal_dma.o
LOAD Drivers\STM32F3xx_HAL_Driver\Src\stm32f3xx_hal_flash.o
LOAD Drivers\STM32F3xx_HAL_Driver\Src\stm32f3xx_hal_flash_ex.o
LOAD Drivers\STM32F3xx_HAL_Driver\Src\stm32f3xx_hal_gpio.o
LOAD Drivers\STM32F3xx_HAL_Driver\Src\stm32f3xx_hal_i2c.o
LOAD Drivers\STM32F3xx_HAL_Driver\Src\stm32f3xx_hal_i2c_ex.o
LOAD Drivers\STM32F3xx_HAL_Driver\Src\stm32f3xx_hal_pwr.o
LOAD Drivers\STM32F3xx_HAL_Driver\Src\stm32f3xx_hal_pwr_ex.o
LOAD Drivers\STM32F3xx_HAL_Driver\Src\stm32f3xx_hal_rcc.o
LOAD Drivers\STM32F3xx_HAL_Driver\Src\stm32f3xx_hal_rcc_ex.o
LOAD Drivers\STM32F3xx_HAL_Driver\Src\stm32f3xx_hal_rtc.o
LOAD Drivers\STM32F3xx_HAL_Driver\Src\stm32f3xx_hal_rtc_ex.o
LOAD Drivers\STM32F3xx_HAL_Driver\Src\stm32f3xx_hal_tim.o
LOAD Drivers\STM32F3xx_HAL_Driver\Src\stm32f3xx_hal_tim_ex.o
LOAD Drivers\STM32F3xx_HAL_Driver\Src\stm32f3xx_hal_uart.o
LOAD Drivers\STM32F3xx_HAL_Driver\Src\stm32f3xx_hal_uart_ex.o
LOAD Src\adc_comms.o
LOAD Src\flash_memory.o
LOAD Src\functions.o
LOAD Src\heating_schedule.o
LOAD Src\init_iqs263.o
LOAD Src\initilize_peripherals.o
LOAD Src\liters_pumped.o
LOAD Src\main.o
LOAD Src\seven_segment.o
LOAD Src\seven_segment_display.o
LOAD Src\stm32f3xx_hal_msp.o
LOAD Src\stm32f3xx_it.o
LOAD Src\system_stm32f3xx.o
LOAD Src\uart_comms.o
LOAD Src\user_main.o
LOAD Src\variables.o
LOAD startup\startup_stm32f334x8.o
                0x00000080                malloc_getpagesize_P = 0x80
START GROUP
LOAD c:/program files (x86)/atollic/truestudio for arm 8.0.0/armtools/bin/../lib/gcc/arm-atollic-eabi/6.3.1/../../../../arm-atollic-eabi/lib/armv7e-m/fpu\libc_nano.a
LOAD c:/program files (x86)/atollic/truestudio for arm 8.0.0/armtools/bin/../lib/gcc/arm-atollic-eabi/6.3.1/../../../../arm-atollic-eabi/lib/armv7e-m/fpu\libm.a
END GROUP
START GROUP
LOAD c:/program files (x86)/atollic/truestudio for arm 8.0.0/armtools/bin/../lib/gcc/arm-atollic-eabi/6.3.1/armv7e-m/fpu\libgcc.a
LOAD c:/program files (x86)/atollic/truestudio for arm 8.0.0/armtools/bin/../lib/gcc/arm-atollic-eabi/6.3.1/../../../../arm-atollic-eabi/lib/armv7e-m/fpu\libc_nano.a
END GROUP
START GROUP
LOAD c:/program files (x86)/atollic/truestudio for arm 8.0.0/armtools/bin/../lib/gcc/arm-atollic-eabi/6.3.1/armv7e-m/fpu\libgcc.a
LOAD c:/program files (x86)/atollic/truestudio for arm 8.0.0/armtools/bin/../lib/gcc/arm-atollic-eabi/6.3.1/../../../../arm-atollic-eabi/lib/armv7e-m/fpu\libc_nano.a
LOAD c:/program files (x86)/atollic/truestudio for arm 8.0.0/armtools/bin/../lib/gcc/arm-atollic-eabi/6.3.1/../../../../arm-atollic-eabi/lib/armv7e-m/fpu\libnosys.a
END GROUP
START GROUP
LOAD c:/program files (x86)/atollic/truestudio for arm 8.0.0/armtools/bin/../lib/gcc/arm-atollic-eabi/6.3.1/armv7e-m/fpu\libgcc.a
LOAD c:/program files (x86)/atollic/truestudio for arm 8.0.0/armtools/bin/../lib/gcc/arm-atollic-eabi/6.3.1/../../../../arm-atollic-eabi/lib/armv7e-m/fpu\libc_nano.a
LOAD c:/program files (x86)/atollic/truestudio for arm 8.0.0/armtools/bin/../lib/gcc/arm-atollic-eabi/6.3.1/../../../../arm-atollic-eabi/lib/armv7e-m/fpu\libnosys.a
END GROUP
LOAD c:/program files (x86)/atollic/truestudio for arm 8.0.0/armtools/bin/../lib/gcc/arm-atollic-eabi/6.3.1/armv7e-m/fpu/crtend.o
LOAD c:/program files (x86)/atollic/truestudio for arm 8.0.0/armtools/bin/../lib/gcc/arm-atollic-eabi/6.3.1/armv7e-m/fpu/crtn.o
                0x20003000                _estack = 0x20003000
                0x00000200                _Min_Heap_Size = 0x200
                0x00000400                _Min_Stack_Size = 0x400

.isr_vector     0x08000000      0x188
                0x08000000                . = ALIGN (0x4)
 *(.isr_vector)
 .isr_vector    0x08000000      0x188 startup\startup_stm32f334x8.o
                0x08000000                g_pfnVectors
                0x08000188                . = ALIGN (0x4)

.text           0x08000190     0x79c8
                0x08000190                . = ALIGN (0x4)
 *(.text)
 .text          0x08000190       0x40 c:/program files (x86)/atollic/truestudio for arm 8.0.0/armtools/bin/../lib/gcc/arm-atollic-eabi/6.3.1/armv7e-m/fpu/crtbegin.o
 .text          0x080001d0       0x10 c:/program files (x86)/atollic/truestudio for arm 8.0.0/armtools/bin/../lib/gcc/arm-atollic-eabi/6.3.1/../../../../arm-atollic-eabi/lib/armv7e-m/fpu\libc_nano.a(lib_a-strlen.o)
                0x080001d0                strlen
 .text          0x080001e0       0xa0 c:/program files (x86)/atollic/truestudio for arm 8.0.0/armtools/bin/../lib/gcc/arm-atollic-eabi/6.3.1/../../../../arm-atollic-eabi/lib/armv7e-m/fpu\libc_nano.a(lib_a-memchr.o)
                0x080001e0                memchr
 .text          0x08000280      0x370 c:/program files (x86)/atollic/truestudio for arm 8.0.0/armtools/bin/../lib/gcc/arm-atollic-eabi/6.3.1/armv7e-m/fpu\libgcc.a(_arm_addsubdf3.o)
                0x08000280                __aeabi_drsub
                0x08000288                __aeabi_dsub
                0x08000288                __subdf3
                0x0800028c                __aeabi_dadd
                0x0800028c                __adddf3
                0x08000504                __floatunsidf
                0x08000504                __aeabi_ui2d
                0x08000524                __floatsidf
                0x08000524                __aeabi_i2d
                0x08000548                __aeabi_f2d
                0x08000548                __extendsfdf2
                0x08000584                __floatundidf
                0x08000584                __aeabi_ul2d
                0x08000594                __floatdidf
                0x08000594                __aeabi_l2d
 .text          0x080005f0      0x424 c:/program files (x86)/atollic/truestudio for arm 8.0.0/armtools/bin/../lib/gcc/arm-atollic-eabi/6.3.1/armv7e-m/fpu\libgcc.a(_arm_muldivdf3.o)
                0x080005f0                __aeabi_dmul
                0x080005f0                __muldf3
                0x08000844                __divdf3
                0x08000844                __aeabi_ddiv
 .text          0x08000a14      0x110 c:/program files (x86)/atollic/truestudio for arm 8.0.0/armtools/bin/../lib/gcc/arm-atollic-eabi/6.3.1/armv7e-m/fpu\libgcc.a(_arm_cmpdf2.o)
                0x08000a14                __gtdf2
                0x08000a14                __gedf2
                0x08000a1c                __ltdf2
                0x08000a1c                __ledf2
                0x08000a24                __nedf2
                0x08000a24                __eqdf2
                0x08000a24                __cmpdf2
                0x08000aa0                __aeabi_cdrcmple
                0x08000ab0                __aeabi_cdcmpeq
                0x08000ab0                __aeabi_cdcmple
                0x08000ac0                __aeabi_dcmpeq
                0x08000ad4                __aeabi_dcmplt
                0x08000ae8                __aeabi_dcmple
                0x08000afc                __aeabi_dcmpge
                0x08000b10                __aeabi_dcmpgt
 .text          0x08000b24       0x2c c:/program files (x86)/atollic/truestudio for arm 8.0.0/armtools/bin/../lib/gcc/arm-atollic-eabi/6.3.1/armv7e-m/fpu\libgcc.a(_arm_unorddf2.o)
                0x08000b24                __unorddf2
                0x08000b24                __aeabi_dcmpun
 .text          0x08000b50       0x40 c:/program files (x86)/atollic/truestudio for arm 8.0.0/armtools/bin/../lib/gcc/arm-atollic-eabi/6.3.1/armv7e-m/fpu\libgcc.a(_arm_fixunsdfsi.o)
                0x08000b50                __aeabi_d2uiz
                0x08000b50                __fixunsdfsi
 .text          0x08000b90      0x21c c:/program files (x86)/atollic/truestudio for arm 8.0.0/armtools/bin/../lib/gcc/arm-atollic-eabi/6.3.1/armv7e-m/fpu\libgcc.a(_arm_addsubsf3.o)
                0x08000b90                __aeabi_frsub
                0x08000b98                __subsf3
                0x08000b98                __aeabi_fsub
                0x08000b9c                __aeabi_fadd
                0x08000b9c                __addsf3
                0x08000cfc                __aeabi_ui2f
                0x08000cfc                __floatunsisf
                0x08000d04                __aeabi_i2f
                0x08000d04                __floatsisf
                0x08000d20                __aeabi_ul2f
                0x08000d20                __floatundisf
                0x08000d30                __aeabi_l2f
                0x08000d30                __floatdisf
 .text          0x08000dac       0x4c c:/program files (x86)/atollic/truestudio for arm 8.0.0/armtools/bin/../lib/gcc/arm-atollic-eabi/6.3.1/armv7e-m/fpu\libgcc.a(_fixunssfdi.o)
                0x08000dac                __fixunssfdi
                0x08000dac                __aeabi_f2ulz
 *(.text*)
 .text.HAL_InitTick
                0x08000df8       0x2c Drivers\STM32F3xx_HAL_Driver\Src\stm32f3xx_hal.o
                0x08000df8                HAL_InitTick
 .text.HAL_Init
                0x08000e24       0x24 Drivers\STM32F3xx_HAL_Driver\Src\stm32f3xx_hal.o
                0x08000e24                HAL_Init
 .text.HAL_IncTick
                0x08000e48       0x10 Drivers\STM32F3xx_HAL_Driver\Src\stm32f3xx_hal.o
                0x08000e48                HAL_IncTick
 .text.HAL_GetTick
                0x08000e58        0xc Drivers\STM32F3xx_HAL_Driver\Src\stm32f3xx_hal.o
                0x08000e58                HAL_GetTick
 .text.HAL_Delay
                0x08000e64       0x24 Drivers\STM32F3xx_HAL_Driver\Src\stm32f3xx_hal.o
                0x08000e64                HAL_Delay
 .text.HAL_ADC_ConvHalfCpltCallback
                0x08000e88        0x2 Drivers\STM32F3xx_HAL_Driver\Src\stm32f3xx_hal_adc.o
                0x08000e88                HAL_ADC_ConvHalfCpltCallback
 .text.HAL_ADC_ErrorCallback
                0x08000e8a        0x2 Drivers\STM32F3xx_HAL_Driver\Src\stm32f3xx_hal_adc.o
                0x08000e8a                HAL_ADC_ErrorCallback
 .text.ADC_Disable
                0x08000e8c       0x88 Drivers\STM32F3xx_HAL_Driver\Src\stm32f3xx_hal_adc_ex.o
 .text.ADC_Enable
                0x08000f14       0x84 Drivers\STM32F3xx_HAL_Driver\Src\stm32f3xx_hal_adc_ex.o
 .text.ADC_DMAError
                0x08000f98       0x1a Drivers\STM32F3xx_HAL_Driver\Src\stm32f3xx_hal_adc_ex.o
 .text.ADC_DMAHalfConvCplt
                0x08000fb2        0xa Drivers\STM32F3xx_HAL_Driver\Src\stm32f3xx_hal_adc_ex.o
 .text.ADC_DMAConvCplt
                0x08000fbc       0x4a Drivers\STM32F3xx_HAL_Driver\Src\stm32f3xx_hal_adc_ex.o
 *fill*         0x08001006        0x2 
 .text.HAL_ADC_Init
                0x08001008      0x21c Drivers\STM32F3xx_HAL_Driver\Src\stm32f3xx_hal_adc_ex.o
                0x08001008                HAL_ADC_Init
 .text.HAL_ADC_Start_DMA
                0x08001224      0x130 Drivers\STM32F3xx_HAL_Driver\Src\stm32f3xx_hal_adc_ex.o
                0x08001224                HAL_ADC_Start_DMA
 .text.HAL_ADCEx_Calibration_Start
                0x08001354       0x8e Drivers\STM32F3xx_HAL_Driver\Src\stm32f3xx_hal_adc_ex.o
                0x08001354                HAL_ADCEx_Calibration_Start
 *fill*         0x080013e2        0x2 
 .text.HAL_ADC_ConfigChannel
                0x080013e4      0x384 Drivers\STM32F3xx_HAL_Driver\Src\stm32f3xx_hal_adc_ex.o
                0x080013e4                HAL_ADC_ConfigChannel
 .text.HAL_NVIC_SetPriorityGrouping
                0x08001768       0x24 Drivers\STM32F3xx_HAL_Driver\Src\stm32f3xx_hal_cortex.o
                0x08001768                HAL_NVIC_SetPriorityGrouping
 .text.HAL_NVIC_SetPriority
                0x0800178c       0x64 Drivers\STM32F3xx_HAL_Driver\Src\stm32f3xx_hal_cortex.o
                0x0800178c                HAL_NVIC_SetPriority
 .text.HAL_NVIC_EnableIRQ
                0x080017f0       0x18 Drivers\STM32F3xx_HAL_Driver\Src\stm32f3xx_hal_cortex.o
                0x080017f0                HAL_NVIC_EnableIRQ
 .text.HAL_SYSTICK_Config
                0x08001808       0x2c Drivers\STM32F3xx_HAL_Driver\Src\stm32f3xx_hal_cortex.o
                0x08001808                HAL_SYSTICK_Config
 .text.HAL_SYSTICK_CLKSourceConfig
                0x08001834       0x20 Drivers\STM32F3xx_HAL_Driver\Src\stm32f3xx_hal_cortex.o
                0x08001834                HAL_SYSTICK_CLKSourceConfig
 .text.HAL_SYSTICK_Callback
                0x08001854        0x2 Drivers\STM32F3xx_HAL_Driver\Src\stm32f3xx_hal_cortex.o
                0x08001854                HAL_SYSTICK_Callback
 .text.HAL_SYSTICK_IRQHandler
                0x08001856        0x8 Drivers\STM32F3xx_HAL_Driver\Src\stm32f3xx_hal_cortex.o
                0x08001856                HAL_SYSTICK_IRQHandler
 .text.DMA_SetConfig
                0x0800185e       0x2c Drivers\STM32F3xx_HAL_Driver\Src\stm32f3xx_hal_dma.o
 *fill*         0x0800188a        0x2 
 .text.DMA_CalcBaseAndBitshift
                0x0800188c       0x24 Drivers\STM32F3xx_HAL_Driver\Src\stm32f3xx_hal_dma.o
 .text.HAL_DMA_Init
                0x080018b0       0x58 Drivers\STM32F3xx_HAL_Driver\Src\stm32f3xx_hal_dma.o
                0x080018b0                HAL_DMA_Init
 .text.HAL_DMA_Start_IT
                0x08001908       0x74 Drivers\STM32F3xx_HAL_Driver\Src\stm32f3xx_hal_dma.o
                0x08001908                HAL_DMA_Start_IT
 .text.HAL_DMA_Abort_IT
                0x0800197c       0x4a Drivers\STM32F3xx_HAL_Driver\Src\stm32f3xx_hal_dma.o
                0x0800197c                HAL_DMA_Abort_IT
 .text.HAL_DMA_IRQHandler
                0x080019c6       0xb2 Drivers\STM32F3xx_HAL_Driver\Src\stm32f3xx_hal_dma.o
                0x080019c6                HAL_DMA_IRQHandler
 .text.FLASH_Program_HalfWord
                0x08001a78       0x1c Drivers\STM32F3xx_HAL_Driver\Src\stm32f3xx_hal_flash.o
 .text.FLASH_SetErrorCode
                0x08001a94       0x40 Drivers\STM32F3xx_HAL_Driver\Src\stm32f3xx_hal_flash.o
 .text.HAL_FLASH_Unlock
                0x08001ad4       0x28 Drivers\STM32F3xx_HAL_Driver\Src\stm32f3xx_hal_flash.o
                0x08001ad4                HAL_FLASH_Unlock
 .text.HAL_FLASH_Lock
                0x08001afc       0x14 Drivers\STM32F3xx_HAL_Driver\Src\stm32f3xx_hal_flash.o
                0x08001afc                HAL_FLASH_Lock
 .text.FLASH_WaitForLastOperation
                0x08001b10       0x64 Drivers\STM32F3xx_HAL_Driver\Src\stm32f3xx_hal_flash.o
                0x08001b10                FLASH_WaitForLastOperation
 .text.HAL_FLASH_Program
                0x08001b74       0x9c Drivers\STM32F3xx_HAL_Driver\Src\stm32f3xx_hal_flash.o
                0x08001b74                HAL_FLASH_Program
 .text.FLASH_MassErase
                0x08001c10       0x24 Drivers\STM32F3xx_HAL_Driver\Src\stm32f3xx_hal_flash_ex.o
 .text.FLASH_PageErase
                0x08001c34       0x24 Drivers\STM32F3xx_HAL_Driver\Src\stm32f3xx_hal_flash_ex.o
                0x08001c34                FLASH_PageErase
 .text.HAL_FLASHEx_Erase
                0x08001c58       0xa4 Drivers\STM32F3xx_HAL_Driver\Src\stm32f3xx_hal_flash_ex.o
                0x08001c58                HAL_FLASHEx_Erase
 .text.HAL_GPIO_Init
                0x08001cfc      0x194 Drivers\STM32F3xx_HAL_Driver\Src\stm32f3xx_hal_gpio.o
                0x08001cfc                HAL_GPIO_Init
 .text.HAL_GPIO_ReadPin
                0x08001e90        0xe Drivers\STM32F3xx_HAL_Driver\Src\stm32f3xx_hal_gpio.o
                0x08001e90                HAL_GPIO_ReadPin
 .text.HAL_GPIO_WritePin
                0x08001e9e        0xa Drivers\STM32F3xx_HAL_Driver\Src\stm32f3xx_hal_gpio.o
                0x08001e9e                HAL_GPIO_WritePin
 .text.HAL_GPIO_EXTI_IRQHandler
                0x08001ea8       0x1c Drivers\STM32F3xx_HAL_Driver\Src\stm32f3xx_hal_gpio.o
                0x08001ea8                HAL_GPIO_EXTI_IRQHandler
 .text.I2C_Flush_TXDR
                0x08001ec4       0x22 Drivers\STM32F3xx_HAL_Driver\Src\stm32f3xx_hal_i2c.o
 .text.I2C_TransferConfig
                0x08001ee6       0x2e Drivers\STM32F3xx_HAL_Driver\Src\stm32f3xx_hal_i2c.o
 .text.I2C_Disable_IRQ
                0x08001f14       0x7e Drivers\STM32F3xx_HAL_Driver\Src\stm32f3xx_hal_i2c.o
 .text.I2C_IsAcknowledgeFailed
                0x08001f92       0x82 Drivers\STM32F3xx_HAL_Driver\Src\stm32f3xx_hal_i2c.o
 .text.I2C_WaitOnTXISFlagUntilTimeout
                0x08002014       0x54 Drivers\STM32F3xx_HAL_Driver\Src\stm32f3xx_hal_i2c.o
 .text.I2C_WaitOnFlagUntilTimeout
                0x08002068       0x48 Drivers\STM32F3xx_HAL_Driver\Src\stm32f3xx_hal_i2c.o
 .text.I2C_RequestMemoryWrite
                0x080020b0       0x84 Drivers\STM32F3xx_HAL_Driver\Src\stm32f3xx_hal_i2c.o
 .text.I2C_RequestMemoryRead
                0x08002134       0x82 Drivers\STM32F3xx_HAL_Driver\Src\stm32f3xx_hal_i2c.o
 .text.I2C_WaitOnSTOPFlagUntilTimeout
                0x080021b6       0x4e Drivers\STM32F3xx_HAL_Driver\Src\stm32f3xx_hal_i2c.o
 .text.HAL_I2C_Init
                0x08002204       0xbc Drivers\STM32F3xx_HAL_Driver\Src\stm32f3xx_hal_i2c.o
                0x08002204                HAL_I2C_Init
 .text.HAL_I2C_Mem_Write
                0x080022c0      0x1cc Drivers\STM32F3xx_HAL_Driver\Src\stm32f3xx_hal_i2c.o
                0x080022c0                HAL_I2C_Mem_Write
 .text.HAL_I2C_Mem_Read
                0x0800248c      0x1c8 Drivers\STM32F3xx_HAL_Driver\Src\stm32f3xx_hal_i2c.o
                0x0800248c                HAL_I2C_Mem_Read
 .text.HAL_I2C_EV_IRQHandler
                0x08002654       0x10 Drivers\STM32F3xx_HAL_Driver\Src\stm32f3xx_hal_i2c.o
                0x08002654                HAL_I2C_EV_IRQHandler
 .text.HAL_I2C_SlaveTxCpltCallback
                0x08002664        0x2 Drivers\STM32F3xx_HAL_Driver\Src\stm32f3xx_hal_i2c.o
                0x08002664                HAL_I2C_SlaveTxCpltCallback
 .text.HAL_I2C_SlaveRxCpltCallback
                0x08002666        0x2 Drivers\STM32F3xx_HAL_Driver\Src\stm32f3xx_hal_i2c.o
                0x08002666                HAL_I2C_SlaveRxCpltCallback
 .text.I2C_ITSlaveSequentialCplt
                0x08002668       0x5c Drivers\STM32F3xx_HAL_Driver\Src\stm32f3xx_hal_i2c.o
 .text.HAL_I2C_AddrCallback
                0x080026c4        0x2 Drivers\STM32F3xx_HAL_Driver\Src\stm32f3xx_hal_i2c.o
                0x080026c4                HAL_I2C_AddrCallback
 .text.I2C_ITAddrCplt
                0x080026c6       0x9c Drivers\STM32F3xx_HAL_Driver\Src\stm32f3xx_hal_i2c.o
 .text.HAL_I2C_ListenCpltCallback
                0x08002762        0x2 Drivers\STM32F3xx_HAL_Driver\Src\stm32f3xx_hal_i2c.o
                0x08002762                HAL_I2C_ListenCpltCallback
 .text.I2C_ITListenCplt
                0x08002764       0x64 Drivers\STM32F3xx_HAL_Driver\Src\stm32f3xx_hal_i2c.o
 .text.HAL_I2C_ErrorCallback
                0x080027c8        0x2 Drivers\STM32F3xx_HAL_Driver\Src\stm32f3xx_hal_i2c.o
                0x080027c8                HAL_I2C_ErrorCallback
 .text.HAL_I2C_AbortCpltCallback
                0x080027ca        0x2 Drivers\STM32F3xx_HAL_Driver\Src\stm32f3xx_hal_i2c.o
                0x080027ca                HAL_I2C_AbortCpltCallback
 .text.I2C_ITError
                0x080027cc      0x100 Drivers\STM32F3xx_HAL_Driver\Src\stm32f3xx_hal_i2c.o
 .text.I2C_ITSlaveCplt
                0x080028cc      0x128 Drivers\STM32F3xx_HAL_Driver\Src\stm32f3xx_hal_i2c.o
 .text.I2C_Slave_ISR_IT
                0x080029f4      0x14e Drivers\STM32F3xx_HAL_Driver\Src\stm32f3xx_hal_i2c.o
 .text.HAL_I2C_ER_IRQHandler
                0x08002b42       0x6c Drivers\STM32F3xx_HAL_Driver\Src\stm32f3xx_hal_i2c.o
                0x08002b42                HAL_I2C_ER_IRQHandler
 .text.I2C_DMAAbort
                0x08002bae       0x34 Drivers\STM32F3xx_HAL_Driver\Src\stm32f3xx_hal_i2c.o
 .text.HAL_I2C_GetState
                0x08002be2        0x6 Drivers\STM32F3xx_HAL_Driver\Src\stm32f3xx_hal_i2c.o
                0x08002be2                HAL_I2C_GetState
 .text.HAL_I2CEx_ConfigAnalogFilter
                0x08002be8       0x5c Drivers\STM32F3xx_HAL_Driver\Src\stm32f3xx_hal_i2c_ex.o
                0x08002be8                HAL_I2CEx_ConfigAnalogFilter
 .text.HAL_I2CEx_ConfigDigitalFilter
                0x08002c44       0x58 Drivers\STM32F3xx_HAL_Driver\Src\stm32f3xx_hal_i2c_ex.o
                0x08002c44                HAL_I2CEx_ConfigDigitalFilter
 .text.HAL_PWR_EnableBkUpAccess
                0x08002c9c       0x10 Drivers\STM32F3xx_HAL_Driver\Src\stm32f3xx_hal_pwr.o
                0x08002c9c                HAL_PWR_EnableBkUpAccess
 .text.HAL_RCC_OscConfig
                0x08002cac      0x60c Drivers\STM32F3xx_HAL_Driver\Src\stm32f3xx_hal_rcc.o
                0x08002cac                HAL_RCC_OscConfig
 .text.HAL_RCC_GetSysClockFreq
                0x080032b8       0x70 Drivers\STM32F3xx_HAL_Driver\Src\stm32f3xx_hal_rcc.o
                0x080032b8                HAL_RCC_GetSysClockFreq
 .text.HAL_RCC_ClockConfig
                0x08003328      0x1d4 Drivers\STM32F3xx_HAL_Driver\Src\stm32f3xx_hal_rcc.o
                0x08003328                HAL_RCC_ClockConfig
 .text.HAL_RCC_GetHCLKFreq
                0x080034fc        0xc Drivers\STM32F3xx_HAL_Driver\Src\stm32f3xx_hal_rcc.o
                0x080034fc                HAL_RCC_GetHCLKFreq
 .text.HAL_RCC_GetPCLK1Freq
                0x08003508       0x2c Drivers\STM32F3xx_HAL_Driver\Src\stm32f3xx_hal_rcc.o
                0x08003508                HAL_RCC_GetPCLK1Freq
 .text.HAL_RCC_GetPCLK2Freq
                0x08003534       0x2c Drivers\STM32F3xx_HAL_Driver\Src\stm32f3xx_hal_rcc.o
                0x08003534                HAL_RCC_GetPCLK2Freq
 .text.HAL_RCCEx_PeriphCLKConfig
                0x08003560      0x1ac Drivers\STM32F3xx_HAL_Driver\Src\stm32f3xx_hal_rcc_ex.o
                0x08003560                HAL_RCCEx_PeriphCLKConfig
 .text.HAL_RTC_WaitForSynchro
                0x0800370c       0x32 Drivers\STM32F3xx_HAL_Driver\Src\stm32f3xx_hal_rtc.o
                0x0800370c                HAL_RTC_WaitForSynchro
 .text.RTC_EnterInitMode
                0x0800373e       0x3c Drivers\STM32F3xx_HAL_Driver\Src\stm32f3xx_hal_rtc.o
                0x0800373e                RTC_EnterInitMode
 .text.HAL_RTC_Init
                0x0800377a       0xc4 Drivers\STM32F3xx_HAL_Driver\Src\stm32f3xx_hal_rtc.o
                0x0800377a                HAL_RTC_Init
 .text.RTC_ByteToBcd2
                0x0800383e       0x16 Drivers\STM32F3xx_HAL_Driver\Src\stm32f3xx_hal_rtc.o
                0x0800383e                RTC_ByteToBcd2
 .text.HAL_RTC_SetTime
                0x08003854       0xfe Drivers\STM32F3xx_HAL_Driver\Src\stm32f3xx_hal_rtc.o
                0x08003854                HAL_RTC_SetTime
 .text.HAL_RTC_SetDate
                0x08003952       0xda Drivers\STM32F3xx_HAL_Driver\Src\stm32f3xx_hal_rtc.o
                0x08003952                HAL_RTC_SetDate
 .text.RTC_Bcd2ToByte
                0x08003a2c       0x12 Drivers\STM32F3xx_HAL_Driver\Src\stm32f3xx_hal_rtc.o
                0x08003a2c                RTC_Bcd2ToByte
 .text.HAL_RTC_GetTime
                0x08003a3e       0x56 Drivers\STM32F3xx_HAL_Driver\Src\stm32f3xx_hal_rtc.o
                0x08003a3e                HAL_RTC_GetTime
 .text.HAL_RTC_GetDate
                0x08003a94       0x42 Drivers\STM32F3xx_HAL_Driver\Src\stm32f3xx_hal_rtc.o
                0x08003a94                HAL_RTC_GetDate
 *fill*         0x08003ad6        0x2 
 .text.HAL_RTCEx_SetWakeUpTimer_IT
                0x08003ad8       0xec Drivers\STM32F3xx_HAL_Driver\Src\stm32f3xx_hal_rtc_ex.o
                0x08003ad8                HAL_RTCEx_SetWakeUpTimer_IT
 .text.HAL_RTCEx_WakeUpTimerIRQHandler
                0x08003bc4       0x34 Drivers\STM32F3xx_HAL_Driver\Src\stm32f3xx_hal_rtc_ex.o
                0x08003bc4                HAL_RTCEx_WakeUpTimerIRQHandler
 .text.HAL_RTCEx_BKUPWrite
                0x08003bf8        0xa Drivers\STM32F3xx_HAL_Driver\Src\stm32f3xx_hal_rtc_ex.o
                0x08003bf8                HAL_RTCEx_BKUPWrite
 .text.HAL_RTCEx_BKUPRead
                0x08003c02        0xa Drivers\STM32F3xx_HAL_Driver\Src\stm32f3xx_hal_rtc_ex.o
                0x08003c02                HAL_RTCEx_BKUPRead
 .text.UART_EndRxTransfer
                0x08003c0c       0x1c Drivers\STM32F3xx_HAL_Driver\Src\stm32f3xx_hal_uart.o
 .text.HAL_UART_Transmit_IT
                0x08003c28       0x4c Drivers\STM32F3xx_HAL_Driver\Src\stm32f3xx_hal_uart.o
                0x08003c28                HAL_UART_Transmit_IT
 .text.HAL_UART_Receive_IT
                0x08003c74       0xae Drivers\STM32F3xx_HAL_Driver\Src\stm32f3xx_hal_uart.o
                0x08003c74                HAL_UART_Receive_IT
 .text.HAL_UART_TxCpltCallback
                0x08003d22        0x2 Drivers\STM32F3xx_HAL_Driver\Src\stm32f3xx_hal_uart.o
                0x08003d22                HAL_UART_TxCpltCallback
 .text.HAL_UART_ErrorCallback
                0x08003d24        0x2 Drivers\STM32F3xx_HAL_Driver\Src\stm32f3xx_hal_uart.o
                0x08003d24                HAL_UART_ErrorCallback
 .text.UART_DMAAbortOnError
                0x08003d26       0x14 Drivers\STM32F3xx_HAL_Driver\Src\stm32f3xx_hal_uart.o
 *fill*         0x08003d3a        0x2 
 .text.UART_SetConfig
                0x08003d3c      0x1b4 Drivers\STM32F3xx_HAL_Driver\Src\stm32f3xx_hal_uart.o
                0x08003d3c                UART_SetConfig
 .text.UART_AdvFeatureConfig
                0x08003ef0       0xca Drivers\STM32F3xx_HAL_Driver\Src\stm32f3xx_hal_uart.o
                0x08003ef0                UART_AdvFeatureConfig
 .text.UART_WaitOnFlagUntilTimeout
                0x08003fba       0x64 Drivers\STM32F3xx_HAL_Driver\Src\stm32f3xx_hal_uart.o
                0x08003fba                UART_WaitOnFlagUntilTimeout
 .text.UART_CheckIdleState
                0x0800401e       0x70 Drivers\STM32F3xx_HAL_Driver\Src\stm32f3xx_hal_uart.o
                0x0800401e                UART_CheckIdleState
 .text.HAL_UART_Init
                0x0800408e       0x68 Drivers\STM32F3xx_HAL_Driver\Src\stm32f3xx_hal_uart.o
                0x0800408e                HAL_UART_Init
 .text.UART_Transmit_IT
                0x080040f6       0x6e Drivers\STM32F3xx_HAL_Driver\Src\stm32f3xx_hal_uart.o
                0x080040f6                UART_Transmit_IT
 .text.UART_EndTransmit_IT
                0x08004164       0x1a Drivers\STM32F3xx_HAL_Driver\Src\stm32f3xx_hal_uart.o
                0x08004164                UART_EndTransmit_IT
 .text.UART_Receive_IT
                0x0800417e       0x82 Drivers\STM32F3xx_HAL_Driver\Src\stm32f3xx_hal_uart.o
                0x0800417e                UART_Receive_IT
 .text.HAL_UART_IRQHandler
                0x08004200      0x15c Drivers\STM32F3xx_HAL_Driver\Src\stm32f3xx_hal_uart.o
                0x08004200                HAL_UART_IRQHandler
 .text.HAL_UARTEx_WakeupCallback
                0x0800435c        0x2 Drivers\STM32F3xx_HAL_Driver\Src\stm32f3xx_hal_uart_ex.o
                0x0800435c                HAL_UARTEx_WakeupCallback
 *fill*         0x0800435e        0x2 
 .text.adc_comms
                0x08004360      0x25c Src\adc_comms.o
                0x08004360                adc_comms
 .text.write2Flash
                0x080045bc      0x434 Src\flash_memory.o
                0x080045bc                write2Flash
 .text.logPosition
                0x080049f0       0x34 Src\flash_memory.o
                0x080049f0                logPosition
 .text.HAL_UART_RxCpltCallback
                0x08004a24       0x20 Src\functions.o
                0x08004a24                HAL_UART_RxCpltCallback
 .text.HAL_ADC_ConvCpltCallback
                0x08004a44        0xc Src\functions.o
                0x08004a44                HAL_ADC_ConvCpltCallback
 .text.HAL_RTCEx_WakeUpTimerEventCallback
                0x08004a50        0xc Src\functions.o
                0x08004a50                HAL_RTCEx_WakeUpTimerEventCallback
 .text.HAL_GPIO_EXTI_Callback
                0x08004a5c       0x14 Src\functions.o
                0x08004a5c                HAL_GPIO_EXTI_Callback
 .text.heating_control
                0x08004a70      0x140 Src\heating_schedule.o
                0x08004a70                heating_control
 .text.heating_scheduling
                0x08004bb0       0xa8 Src\heating_schedule.o
                0x08004bb0                heating_scheduling
 .text.init_iqs263
                0x08004c58      0x3a4 Src\init_iqs263.o
                0x08004c58                init_iqs263
 .text.handleEvents
                0x08004ffc       0xb0 Src\init_iqs263.o
                0x08004ffc                handleEvents
 .text.init_peripherals
                0x080050ac      0x310 Src\initilize_peripherals.o
                0x080050ac                init_peripherals
 .text.liters_pumped
                0x080053bc       0x40 Src\liters_pumped.o
                0x080053bc                liters_pumped
 .text.MX_GPIO_Init
                0x080053fc      0x174 Src\main.o
 .text.MX_DMA_Init
                0x08005570       0x58 Src\main.o
 .text._Error_Handler
                0x080055c8        0x2 Src\main.o
                0x080055c8                _Error_Handler
 *fill*         0x080055ca        0x2 
 .text.MX_USART1_UART_Init
                0x080055cc       0x40 Src\main.o
 .text.MX_ADC2_Init
                0x0800560c       0xc8 Src\main.o
 .text.MX_RTC_Init
                0x080056d4       0xc4 Src\main.o
 .text.MX_I2C1_Init
                0x08005798       0x68 Src\main.o
 .text.SystemClock_Config
                0x08005800       0xc0 Src\main.o
                0x08005800                SystemClock_Config
 .text.main     0x080058c0       0xc4 Src\main.o
                0x080058c0                main
 .text.seven_segment
                0x08005984      0x174 Src\seven_segment.o
                0x08005984                seven_segment
 .text.seven_segment_display
                0x08005af8      0x418 Src\seven_segment_display.o
                0x08005af8                seven_segment_display
 .text.HAL_MspInit
                0x08005f10       0x7c Src\stm32f3xx_hal_msp.o
                0x08005f10                HAL_MspInit
 .text.HAL_ADC_MspInit
                0x08005f8c       0xa0 Src\stm32f3xx_hal_msp.o
                0x08005f8c                HAL_ADC_MspInit
 .text.HAL_I2C_MspInit
                0x0800602c       0x74 Src\stm32f3xx_hal_msp.o
                0x0800602c                HAL_I2C_MspInit
 .text.HAL_RTC_MspInit
                0x080060a0       0x3c Src\stm32f3xx_hal_msp.o
                0x080060a0                HAL_RTC_MspInit
 .text.HAL_UART_MspInit
                0x080060dc       0x5c Src\stm32f3xx_hal_msp.o
                0x080060dc                HAL_UART_MspInit
 .text.SVC_Handler
                0x08006138        0x2 Src\stm32f3xx_it.o
                0x08006138                SVC_Handler
 .text.PendSV_Handler
                0x0800613a        0x2 Src\stm32f3xx_it.o
                0x0800613a                PendSV_Handler
 .text.SysTick_Handler
                0x0800613c       0x48 Src\stm32f3xx_it.o
                0x0800613c                SysTick_Handler
 .text.RTC_WKUP_IRQHandler
                0x08006184       0x10 Src\stm32f3xx_it.o
                0x08006184                RTC_WKUP_IRQHandler
 .text.EXTI0_IRQHandler
                0x08006194        0xa Src\stm32f3xx_it.o
                0x08006194                EXTI0_IRQHandler
 *fill*         0x0800619e        0x2 
 .text.DMA1_Channel2_IRQHandler
                0x080061a0       0x10 Src\stm32f3xx_it.o
                0x080061a0                DMA1_Channel2_IRQHandler
 .text.DMA1_Channel3_IRQHandler
                0x080061b0        0x2 Src\stm32f3xx_it.o
                0x080061b0                DMA1_Channel3_IRQHandler
 .text.DMA1_Channel4_IRQHandler
                0x080061b2        0x2 Src\stm32f3xx_it.o
                0x080061b2                DMA1_Channel4_IRQHandler
 .text.EXTI9_5_IRQHandler
                0x080061b4       0x14 Src\stm32f3xx_it.o
                0x080061b4                EXTI9_5_IRQHandler
 .text.I2C1_EV_IRQHandler
                0x080061c8       0x10 Src\stm32f3xx_it.o
                0x080061c8                I2C1_EV_IRQHandler
 .text.I2C1_ER_IRQHandler
                0x080061d8       0x10 Src\stm32f3xx_it.o
                0x080061d8                I2C1_ER_IRQHandler
 .text.USART1_IRQHandler
                0x080061e8       0x10 Src\stm32f3xx_it.o
                0x080061e8                USART1_IRQHandler
 .text.SystemInit
                0x080061f8       0x68 Src\system_stm32f3xx.o
                0x080061f8                SystemInit
 .text.uart_comms
                0x08006260      0x9c0 Src\uart_comms.o
                0x08006260                uart_comms
 .text.mainLoop
                0x08006c20      0x120 Src\user_main.o
                0x08006c20                mainLoop
 .text.Reset_Handler
                0x08006d40       0x50 startup\startup_stm32f334x8.o
                0x08006d40                Reset_Handler
 .text.Default_Handler
                0x08006d90        0x2 startup\startup_stm32f334x8.o
                0x08006d90                RTC_Alarm_IRQHandler
                0x08006d90                HRTIM1_Master_IRQHandler
                0x08006d90                DebugMon_Handler
                0x08006d90                TIM1_CC_IRQHandler
                0x08006d90                HardFault_Handler
                0x08006d90                HRTIM1_FLT_IRQHandler
                0x08006d90                PVD_IRQHandler
                0x08006d90                HRTIM1_TIMD_IRQHandler
                0x08006d90                TAMP_STAMP_IRQHandler
                0x08006d90                NMI_Handler
                0x08006d90                EXTI3_IRQHandler
                0x08006d90                FPU_IRQHandler
                0x08006d90                CAN_TX_IRQHandler
                0x08006d90                TIM1_UP_TIM16_IRQHandler
                0x08006d90                UsageFault_Handler
                0x08006d90                ADC1_2_IRQHandler
                0x08006d90                HRTIM1_TIME_IRQHandler
                0x08006d90                SPI1_IRQHandler
                0x08006d90                CAN_SCE_IRQHandler
                0x08006d90                HRTIM1_TIMC_IRQHandler
                0x08006d90                USART3_IRQHandler
                0x08006d90                DMA1_Channel7_IRQHandler
                0x08006d90                TIM7_DAC2_IRQHandler
                0x08006d90                CAN_RX1_IRQHandler
                0x08006d90                DMA1_Channel6_IRQHandler
                0x08006d90                TIM3_IRQHandler
                0x08006d90                RCC_IRQHandler
                0x08006d90                DMA1_Channel1_IRQHandler
                0x08006d90                Default_Handler
                0x08006d90                EXTI15_10_IRQHandler
                0x08006d90                COMP2_IRQHandler
                0x08006d90                HRTIM1_TIMA_IRQHandler
                0x08006d90                TIM6_DAC1_IRQHandler
                0x08006d90                MemManage_Handler
                0x08006d90                DMA1_Channel5_IRQHandler
                0x08006d90                EXTI4_IRQHandler
                0x08006d90                HRTIM1_TIMB_IRQHandler
                0x08006d90                TIM1_TRG_COM_TIM17_IRQHandler
                0x08006d90                WWDG_IRQHandler
                0x08006d90                TIM2_IRQHandler
                0x08006d90                EXTI1_IRQHandler
                0x08006d90                COMP4_6_IRQHandler
                0x08006d90                USART2_IRQHandler
                0x08006d90                FLASH_IRQHandler
                0x08006d90                BusFault_Handler
                0x08006d90                CAN_RX0_IRQHandler
                0x08006d90                EXTI2_TSC_IRQHandler
                0x08006d90                TIM1_BRK_TIM15_IRQHandler
 *fill*         0x08006d92        0x2 
 .text.__libc_init_array
                0x08006d94       0x48 c:/program files (x86)/atollic/truestudio for arm 8.0.0/armtools/bin/../lib/gcc/arm-atollic-eabi/6.3.1/../../../../arm-atollic-eabi/lib/armv7e-m/fpu\libc_nano.a(lib_a-init.o)
                0x08006d94                __libc_init_array
 .text.__itoa   0x08006ddc       0x30 c:/program files (x86)/atollic/truestudio for arm 8.0.0/armtools/bin/../lib/gcc/arm-atollic-eabi/6.3.1/../../../../arm-atollic-eabi/lib/armv7e-m/fpu\libc_nano.a(lib_a-itoa.o)
                0x08006ddc                __itoa
 .text.itoa     0x08006e0c        0x4 c:/program files (x86)/atollic/truestudio for arm 8.0.0/armtools/bin/../lib/gcc/arm-atollic-eabi/6.3.1/../../../../arm-atollic-eabi/lib/armv7e-m/fpu\libc_nano.a(lib_a-itoa.o)
                0x08006e0c                itoa
 .text.malloc   0x08006e10       0x10 c:/program files (x86)/atollic/truestudio for arm 8.0.0/armtools/bin/../lib/gcc/arm-atollic-eabi/6.3.1/../../../../arm-atollic-eabi/lib/armv7e-m/fpu\libc_nano.a(lib_a-malloc.o)
                0x08006e10                malloc
 .text.memcpy   0x08006e20       0x16 c:/program files (x86)/atollic/truestudio for arm 8.0.0/armtools/bin/../lib/gcc/arm-atollic-eabi/6.3.1/../../../../arm-atollic-eabi/lib/armv7e-m/fpu\libc_nano.a(lib_a-memcpy-stub.o)
                0x08006e20                memcpy
 .text.memset   0x08006e36       0x10 c:/program files (x86)/atollic/truestudio for arm 8.0.0/armtools/bin/../lib/gcc/arm-atollic-eabi/6.3.1/../../../../arm-atollic-eabi/lib/armv7e-m/fpu\libc_nano.a(lib_a-memset.o)
                0x08006e36                memset
 *fill*         0x08006e46        0x2 
 .text._free_r  0x08006e48       0x9c c:/program files (x86)/atollic/truestudio for arm 8.0.0/armtools/bin/../lib/gcc/arm-atollic-eabi/6.3.1/../../../../arm-atollic-eabi/lib/armv7e-m/fpu\libc_nano.a(lib_a-nano-freer.o)
                0x08006e48                _free_r
 .text._malloc_r
                0x08006ee4       0xbc c:/program files (x86)/atollic/truestudio for arm 8.0.0/armtools/bin/../lib/gcc/arm-atollic-eabi/6.3.1/../../../../arm-atollic-eabi/lib/armv7e-m/fpu\libc_nano.a(lib_a-nano-mallocr.o)
                0x08006ee4                _malloc_r
 .text._sbrk_r  0x08006fa0       0x20 c:/program files (x86)/atollic/truestudio for arm 8.0.0/armtools/bin/../lib/gcc/arm-atollic-eabi/6.3.1/../../../../arm-atollic-eabi/lib/armv7e-m/fpu\libc_nano.a(lib_a-sbrkr.o)
                0x08006fa0                _sbrk_r
 .text.sprintf  0x08006fc0       0x48 c:/program files (x86)/atollic/truestudio for arm 8.0.0/armtools/bin/../lib/gcc/arm-atollic-eabi/6.3.1/../../../../arm-atollic-eabi/lib/armv7e-m/fpu\libc_nano.a(lib_a-sprintf.o)
                0x08006fc0                siprintf
                0x08006fc0                sprintf
 .text.strtok   0x08007008       0x54 c:/program files (x86)/atollic/truestudio for arm 8.0.0/armtools/bin/../lib/gcc/arm-atollic-eabi/6.3.1/../../../../arm-atollic-eabi/lib/armv7e-m/fpu\libc_nano.a(lib_a-strtok.o)
                0x08007008                strtok
 .text.__strtok_r
                0x0800705c       0x52 c:/program files (x86)/atollic/truestudio for arm 8.0.0/armtools/bin/../lib/gcc/arm-atollic-eabi/6.3.1/../../../../arm-atollic-eabi/lib/armv7e-m/fpu\libc_nano.a(lib_a-strtok_r.o)
                0x0800705c                __strtok_r
 .text._strtol_l.isra.0
                0x080070ae      0x100 c:/program files (x86)/atollic/truestudio for arm 8.0.0/armtools/bin/../lib/gcc/arm-atollic-eabi/6.3.1/../../../../arm-atollic-eabi/lib/armv7e-m/fpu\libc_nano.a(lib_a-strtol.o)
 *fill*         0x080071ae        0x2 
 .text.strtol   0x080071b0       0x2c c:/program files (x86)/atollic/truestudio for arm 8.0.0/armtools/bin/../lib/gcc/arm-atollic-eabi/6.3.1/../../../../arm-atollic-eabi/lib/armv7e-m/fpu\libc_nano.a(lib_a-strtol.o)
                0x080071b0                strtol
 .text.__utoa   0x080071dc       0x80 c:/program files (x86)/atollic/truestudio for arm 8.0.0/armtools/bin/../lib/gcc/arm-atollic-eabi/6.3.1/../../../../arm-atollic-eabi/lib/armv7e-m/fpu\libc_nano.a(lib_a-utoa.o)
                0x080071dc                __utoa
 .text.__locale_ctype_ptr_l
                0x0800725c        0x6 c:/program files (x86)/atollic/truestudio for arm 8.0.0/armtools/bin/../lib/gcc/arm-atollic-eabi/6.3.1/../../../../arm-atollic-eabi/lib/armv7e-m/fpu\libc_nano.a(lib_a-locale.o)
                0x0800725c                __locale_ctype_ptr_l
 .text.__ascii_mbtowc
                0x08007262       0x24 c:/program files (x86)/atollic/truestudio for arm 8.0.0/armtools/bin/../lib/gcc/arm-atollic-eabi/6.3.1/../../../../arm-atollic-eabi/lib/armv7e-m/fpu\libc_nano.a(lib_a-mbtowc_r.o)
                0x08007262                __ascii_mbtowc
 .text.__malloc_lock
                0x08007286        0x2 c:/program files (x86)/atollic/truestudio for arm 8.0.0/armtools/bin/../lib/gcc/arm-atollic-eabi/6.3.1/../../../../arm-atollic-eabi/lib/armv7e-m/fpu\libc_nano.a(lib_a-mlock.o)
                0x08007286                __malloc_lock
 .text.__malloc_unlock
                0x08007288        0x2 c:/program files (x86)/atollic/truestudio for arm 8.0.0/armtools/bin/../lib/gcc/arm-atollic-eabi/6.3.1/../../../../arm-atollic-eabi/lib/armv7e-m/fpu\libc_nano.a(lib_a-mlock.o)
                0x08007288                __malloc_unlock
 .text.__ssputs_r
                0x0800728a       0xb6 c:/program files (x86)/atollic/truestudio for arm 8.0.0/armtools/bin/../lib/gcc/arm-atollic-eabi/6.3.1/../../../../arm-atollic-eabi/lib/armv7e-m/fpu\libc_nano.a(lib_a-nano-svfprintf.o)
                0x0800728a                __ssputs_r
 .text._svfprintf_r
                0x08007340      0x1e8 c:/program files (x86)/atollic/truestudio for arm 8.0.0/armtools/bin/../lib/gcc/arm-atollic-eabi/6.3.1/../../../../arm-atollic-eabi/lib/armv7e-m/fpu\libc_nano.a(lib_a-nano-svfprintf.o)
                0x08007340                _svfiprintf_r
                0x08007340                _svfprintf_r
 .text._printf_common
                0x08007528       0xec c:/program files (x86)/atollic/truestudio for arm 8.0.0/armtools/bin/../lib/gcc/arm-atollic-eabi/6.3.1/../../../../arm-atollic-eabi/lib/armv7e-m/fpu\libc_nano.a(lib_a-nano-vfprintf_i.o)
                0x08007528                _printf_common
 .text._printf_i
                0x08007614      0x240 c:/program files (x86)/atollic/truestudio for arm 8.0.0/armtools/bin/../lib/gcc/arm-atollic-eabi/6.3.1/../../../../arm-atollic-eabi/lib/armv7e-m/fpu\libc_nano.a(lib_a-nano-vfprintf_i.o)
                0x08007614                _printf_i
 .text.__ascii_wctomb
                0x08007854       0x1a c:/program files (x86)/atollic/truestudio for arm 8.0.0/armtools/bin/../lib/gcc/arm-atollic-eabi/6.3.1/../../../../arm-atollic-eabi/lib/armv7e-m/fpu\libc_nano.a(lib_a-wctomb_r.o)
                0x08007854                __ascii_wctomb
 .text.memmove  0x0800786e       0x34 c:/program files (x86)/atollic/truestudio for arm 8.0.0/armtools/bin/../lib/gcc/arm-atollic-eabi/6.3.1/../../../../arm-atollic-eabi/lib/armv7e-m/fpu\libc_nano.a(lib_a-memmove.o)
                0x0800786e                memmove
 .text._realloc_r
                0x080078a2       0x4c c:/program files (x86)/atollic/truestudio for arm 8.0.0/armtools/bin/../lib/gcc/arm-atollic-eabi/6.3.1/../../../../arm-atollic-eabi/lib/armv7e-m/fpu\libc_nano.a(lib_a-nano-reallocr.o)
                0x080078a2                _realloc_r
 .text._malloc_usable_size_r
                0x080078ee       0x12 c:/program files (x86)/atollic/truestudio for arm 8.0.0/armtools/bin/../lib/gcc/arm-atollic-eabi/6.3.1/../../../../arm-atollic-eabi/lib/armv7e-m/fpu\libc_nano.a(lib_a-nano-msizer.o)
                0x080078ee                _malloc_usable_size_r
 .text.sqrt     0x08007900       0xb4 c:/program files (x86)/atollic/truestudio for arm 8.0.0/armtools/bin/../lib/gcc/arm-atollic-eabi/6.3.1/../../../../arm-atollic-eabi/lib/armv7e-m/fpu\libm.a(lib_a-w_sqrt.o)
                0x08007900                sqrt
 .text.__ieee754_sqrt
                0x080079b4      0x160 c:/program files (x86)/atollic/truestudio for arm 8.0.0/armtools/bin/../lib/gcc/arm-atollic-eabi/6.3.1/../../../../arm-atollic-eabi/lib/armv7e-m/fpu\libm.a(lib_a-e_sqrt.o)
                0x080079b4                __ieee754_sqrt
 .text.matherr  0x08007b14        0x4 c:/program files (x86)/atollic/truestudio for arm 8.0.0/armtools/bin/../lib/gcc/arm-atollic-eabi/6.3.1/../../../../arm-atollic-eabi/lib/armv7e-m/fpu\libm.a(lib_a-s_matherr.o)
                0x08007b14                matherr
 .text.__errno  0x08007b18        0xc c:/program files (x86)/atollic/truestudio for arm 8.0.0/armtools/bin/../lib/gcc/arm-atollic-eabi/6.3.1/../../../../arm-atollic-eabi/lib/armv7e-m/fpu\libc_nano.a(lib_a-errno.o)
                0x08007b18                __errno
 .text._sbrk    0x08007b24       0x1c c:/program files (x86)/atollic/truestudio for arm 8.0.0/armtools/bin/../lib/gcc/arm-atollic-eabi/6.3.1/../../../../arm-atollic-eabi/lib/armv7e-m/fpu\libnosys.a(sbrk.o)
                0x08007b24                _sbrk
 *(.glue_7)
 .glue_7        0x08007b40        0x0 linker stubs
 *(.glue_7t)
 .glue_7t       0x08007b40        0x0 linker stubs
 *(.eh_frame)
 .eh_frame      0x08007b40        0x0 c:/program files (x86)/atollic/truestudio for arm 8.0.0/armtools/bin/../lib/gcc/arm-atollic-eabi/6.3.1/armv7e-m/fpu/crtbegin.o
 *(.init)
 .init          0x08007b40        0x4 c:/program files (x86)/atollic/truestudio for arm 8.0.0/armtools/bin/../lib/gcc/arm-atollic-eabi/6.3.1/armv7e-m/fpu/crti.o
                0x08007b40                _init
 .init          0x08007b44        0x8 c:/program files (x86)/atollic/truestudio for arm 8.0.0/armtools/bin/../lib/gcc/arm-atollic-eabi/6.3.1/armv7e-m/fpu/crtn.o
 *(.fini)
 .fini          0x08007b4c        0x4 c:/program files (x86)/atollic/truestudio for arm 8.0.0/armtools/bin/../lib/gcc/arm-atollic-eabi/6.3.1/armv7e-m/fpu/crti.o
                0x08007b4c                _fini
 .fini          0x08007b50        0x8 c:/program files (x86)/atollic/truestudio for arm 8.0.0/armtools/bin/../lib/gcc/arm-atollic-eabi/6.3.1/armv7e-m/fpu/crtn.o
                0x08007b58                . = ALIGN (0x4)
                0x08007b58                _etext = .

.vfp11_veneer   0x08007b58        0x0
 .vfp11_veneer  0x08007b58        0x0 linker stubs

.v4_bx          0x08007b58        0x0
 .v4_bx         0x08007b58        0x0 linker stubs

.iplt           0x08007b58        0x0
 .iplt          0x08007b58        0x0 c:/program files (x86)/atollic/truestudio for arm 8.0.0/armtools/bin/../lib/gcc/arm-atollic-eabi/6.3.1/armv7e-m/fpu/crtbegin.o

.rodata         0x08007b58      0x1e8
                0x08007b58                . = ALIGN (0x4)
 *(.rodata)
 *(.rodata*)
 .rodata.aPLLMULFactorTable
                0x08007b58       0x10 Drivers\STM32F3xx_HAL_Driver\Src\stm32f3xx_hal_rcc.o
                0x08007b58                aPLLMULFactorTable
 .rodata.aPredivFactorTable
                0x08007b68       0x10 Drivers\STM32F3xx_HAL_Driver\Src\stm32f3xx_hal_rcc.o
                0x08007b68                aPredivFactorTable
 .rodata.adc_comms.str1.4
                0x08007b78        0x8 Src\adc_comms.o
 .rodata.init_peripherals.str1.4
                0x08007b80        0x4 Src\initilize_peripherals.o
 .rodata.liters_pumped.str1.4
                0x08007b80        0x4 Src\liters_pumped.o
 .rodata.MX_USART1_UART_Init.str1.4
                0x08007b80        0xe Src\main.o
 *fill*         0x08007b8e        0x2 
 .rodata.seven_segment.str1.4
                0x08007b90        0x3 Src\seven_segment.o
                                  0x8 (size before relaxing)
 *fill*         0x08007b93        0x1 
 .rodata.HAL_ADC_MspInit.str1.4
                0x08007b94       0x1b Src\stm32f3xx_hal_msp.o
 *fill*         0x08007baf        0x1 
 .rodata.AHBPrescTable
                0x08007bb0       0x10 Src\system_stm32f3xx.o
                0x08007bb0                AHBPrescTable
 .rodata.APBPrescTable
                0x08007bc0        0x8 Src\system_stm32f3xx.o
                0x08007bc0                APBPrescTable
 .rodata.uart_comms.str1.4
                0x08007bc8       0x10 Src\uart_comms.o
                                 0x13 (size before relaxing)
 .rodata.__utoa.str1.1
                0x08007bd8       0x25 c:/program files (x86)/atollic/truestudio for arm 8.0.0/armtools/bin/../lib/gcc/arm-atollic-eabi/6.3.1/../../../../arm-atollic-eabi/lib/armv7e-m/fpu\libc_nano.a(lib_a-utoa.o)
 .rodata._setlocale_r.str1.1
                0x08007bfd        0x8 c:/program files (x86)/atollic/truestudio for arm 8.0.0/armtools/bin/../lib/gcc/arm-atollic-eabi/6.3.1/../../../../arm-atollic-eabi/lib/armv7e-m/fpu\libc_nano.a(lib_a-locale.o)
                                  0x9 (size before relaxing)
 .rodata.str1.1
                0x08007c05        0x2 c:/program files (x86)/atollic/truestudio for arm 8.0.0/armtools/bin/../lib/gcc/arm-atollic-eabi/6.3.1/../../../../arm-atollic-eabi/lib/armv7e-m/fpu\libc_nano.a(lib_a-locale.o)
 .rodata._svfprintf_r.str1.1
                0x08007c07       0x11 c:/program files (x86)/atollic/truestudio for arm 8.0.0/armtools/bin/../lib/gcc/arm-atollic-eabi/6.3.1/../../../../arm-atollic-eabi/lib/armv7e-m/fpu\libc_nano.a(lib_a-nano-svfprintf.o)
 .rodata._printf_i.str1.1
                0x08007c18       0x22 c:/program files (x86)/atollic/truestudio for arm 8.0.0/armtools/bin/../lib/gcc/arm-atollic-eabi/6.3.1/../../../../arm-atollic-eabi/lib/armv7e-m/fpu\libc_nano.a(lib_a-nano-vfprintf_i.o)
 .rodata._ctype_
                0x08007c3a      0x101 c:/program files (x86)/atollic/truestudio for arm 8.0.0/armtools/bin/../lib/gcc/arm-atollic-eabi/6.3.1/../../../../arm-atollic-eabi/lib/armv7e-m/fpu\libc_nano.a(lib_a-ctype_.o)
                0x08007c3a                _ctype_
 .rodata.sqrt.str1.1
                0x08007d3b        0x5 c:/program files (x86)/atollic/truestudio for arm 8.0.0/armtools/bin/../lib/gcc/arm-atollic-eabi/6.3.1/../../../../arm-atollic-eabi/lib/armv7e-m/fpu\libm.a(lib_a-w_sqrt.o)
                0x08007d40                . = ALIGN (0x4)

.rel.dyn        0x08007d40        0x0
 .rel.iplt      0x08007d40        0x0 c:/program files (x86)/atollic/truestudio for arm 8.0.0/armtools/bin/../lib/gcc/arm-atollic-eabi/6.3.1/armv7e-m/fpu/crtbegin.o

.ARM.extab
 *(.ARM.extab* .gnu.linkonce.armextab.*)

.ARM            0x08007d40        0x0
                0x08007d40                __exidx_start = .
 *(.ARM.exidx*)
                0x08007d40                __exidx_end = .

.preinit_array  0x08007d40        0x0
                0x08007d40                PROVIDE (__preinit_array_start, .)
 *(.preinit_array*)
                0x08007d40                PROVIDE (__preinit_array_end, .)

.init_array     0x08007d40        0x4
                0x08007d40                PROVIDE (__init_array_start, .)
 *(SORT(.init_array.*))
 *(.init_array*)
 .init_array    0x08007d40        0x4 c:/program files (x86)/atollic/truestudio for arm 8.0.0/armtools/bin/../lib/gcc/arm-atollic-eabi/6.3.1/armv7e-m/fpu/crtbegin.o
                0x08007d44                PROVIDE (__init_array_end, .)

.fini_array     0x08007d44        0x4
                [!provide]                PROVIDE (__fini_array_start, .)
 *(SORT(.fini_array.*))
 *(.fini_array*)
 .fini_array    0x08007d44        0x4 c:/program files (x86)/atollic/truestudio for arm 8.0.0/armtools/bin/../lib/gcc/arm-atollic-eabi/6.3.1/armv7e-m/fpu/crtbegin.o
                [!provide]                PROVIDE (__fini_array_end, .)
                0x08007d48                _sidata = LOADADDR (.data)

.data           0x20000000      0x22c load address 0x08007d48
                0x20000000                . = ALIGN (0x4)
                0x20000000                _sdata = .
 *(.data)
 *(.data*)
 .data.SystemCoreClock
                0x20000000        0x4 Src\system_stm32f3xx.o
                0x20000000                SystemCoreClock
 .data.comma    0x20000004        0x2 Src\variables.o
                0x20000004                comma
 *fill*         0x20000006        0x2 
 .data.endSimbol
                0x20000008        0x8 Src\variables.o
                0x20000008                endSimbol
 .data.flash_mem_start
                0x20000010        0x4 Src\variables.o
                0x20000010                flash_mem_start
 .data.heater_OFF
                0x20000014        0x3 Src\variables.o
                0x20000014                heater_OFF
 *fill*         0x20000017        0x1 
 .data.heater_ON
                0x20000018        0x3 Src\variables.o
                0x20000018                heater_ON
 .data.log_empty
                0x2000001b        0x1 Src\variables.o
                0x2000001b                log_empty
 .data.loggingIdentifier
                0x2000001c        0x2 Src\variables.o
                0x2000001c                loggingIdentifier
 *fill*         0x2000001e        0x2 
 .data.noLoggingData
                0x20000020       0x20 Src\variables.o
                0x20000020                noLoggingData
 .data.studentnumber1
                0x20000040        0x8 Src\variables.o
                0x20000040                studentnumber1
 .data.touch_flag
                0x20000048        0x1 Src\variables.o
                0x20000048                touch_flag
 *fill*         0x20000049        0x3 
 .data.valve_CLOSE
                0x2000004c        0x6 Src\variables.o
                0x2000004c                valve_CLOSE
 *fill*         0x20000052        0x2 
 .data.valve_OPEN
                0x20000054        0x4 Src\variables.o
                0x20000054                valve_OPEN
 .data._impure_ptr
                0x20000058        0x4 c:/program files (x86)/atollic/truestudio for arm 8.0.0/armtools/bin/../lib/gcc/arm-atollic-eabi/6.3.1/../../../../arm-atollic-eabi/lib/armv7e-m/fpu\libc_nano.a(lib_a-impure.o)
                0x20000058                _impure_ptr
 .data.impure_data
                0x2000005c       0x60 c:/program files (x86)/atollic/truestudio for arm 8.0.0/armtools/bin/../lib/gcc/arm-atollic-eabi/6.3.1/../../../../arm-atollic-eabi/lib/armv7e-m/fpu\libc_nano.a(lib_a-impure.o)
 .data.__global_locale
                0x200000bc      0x16c c:/program files (x86)/atollic/truestudio for arm 8.0.0/armtools/bin/../lib/gcc/arm-atollic-eabi/6.3.1/../../../../arm-atollic-eabi/lib/armv7e-m/fpu\libc_nano.a(lib_a-locale.o)
                0x200000bc                __global_locale
 .data.__fdlib_version
                0x20000228        0x1 c:/program files (x86)/atollic/truestudio for arm 8.0.0/armtools/bin/../lib/gcc/arm-atollic-eabi/6.3.1/../../../../arm-atollic-eabi/lib/armv7e-m/fpu\libm.a(lib_a-s_lib_ver.o)
                0x20000228                __fdlib_version
                0x2000022c                . = ALIGN (0x4)
 *fill*         0x20000229        0x3 
                0x2000022c                _edata = .
                0x08007f74                _siccmram = LOADADDR (.ccmram)

.igot.plt       0x2000022c        0x0 load address 0x08007f74
 .igot.plt      0x2000022c        0x0 c:/program files (x86)/atollic/truestudio for arm 8.0.0/armtools/bin/../lib/gcc/arm-atollic-eabi/6.3.1/armv7e-m/fpu/crtbegin.o

.ccmram         0x10000000        0x0 load address 0x08007f74
                0x10000000                . = ALIGN (0x4)
                0x10000000                _sccmram = .
 *(.ccmram)
 *(.ccmram*)
                0x10000000                . = ALIGN (0x4)
                0x10000000                _eccmram = .
                0x10000000                . = ALIGN (0x4)

.bss            0x20000230      0x3dc
                0x20000230                _sbss = .
                0x20000230                __bss_start__ = _sbss
 *(.bss)
 .bss           0x20000230       0x1c c:/program files (x86)/atollic/truestudio for arm 8.0.0/armtools/bin/../lib/gcc/arm-atollic-eabi/6.3.1/armv7e-m/fpu/crtbegin.o
 *(.bss*)
 .bss.ADC1_buffer
                0x2000024c        0x4 Src\variables.o
                0x2000024c                ADC1_buffer
 .bss.ADC2_buffer
                0x20000250        0x4 Src\variables.o
                0x20000250                ADC2_buffer
 .bss.RTC_in_seconds
                0x20000254        0x4 Src\variables.o
                0x20000254                RTC_in_seconds
 .bss.RTC_timer_flag
                0x20000258        0x1 Src\variables.o
                0x20000258                RTC_timer_flag
 *fill*         0x20000259        0x7 
 .bss.adc_buffer_current
                0x20000260        0x8 Src\variables.o
                0x20000260                adc_buffer_current
 .bss.adc_buffer_voltage
                0x20000268        0x8 Src\variables.o
                0x20000268                adc_buffer_voltage
 .bss.adc_counter
                0x20000270        0x2 Src\variables.o
                0x20000270                adc_counter
 .bss.adc_flag  0x20000272        0x1 Src\variables.o
                0x20000272                adc_flag
 *fill*         0x20000273        0x1 
 .bss.adc_raw_current
                0x20000274        0x4 Src\variables.o
                0x20000274                adc_raw_current
 .bss.adc_raw_voltage
                0x20000278        0x4 Src\variables.o
                0x20000278                adc_raw_voltage
 .bss.ambient_temp
                0x2000027c        0x4 Src\variables.o
                0x2000027c                ambient_temp
 .bss.auto_heating
                0x20000280        0x1 Src\variables.o
                0x20000280                auto_heating
 *fill*         0x20000281        0x3 
 .bss.current_int_rms
                0x20000284        0x4 Src\variables.o
                0x20000284                current_int_rms
 .bss.current_rms
                0x20000288        0x4 Src\variables.o
                0x20000288                current_rms
 .bss.date      0x2000028c        0x4 Src\variables.o
                0x2000028c                date
 .bss.display_set_temp
                0x20000290        0x1 Src\variables.o
                0x20000290                display_set_temp
 .bss.enableFlashLogging
                0x20000291        0x1 Src\variables.o
                0x20000291                enableFlashLogging
 .bss.fake_RTC_timer
                0x20000292        0x2 Src\variables.o
                0x20000292                fake_RTC_timer
 .bss.flash_counter
                0x20000294        0x4 Src\variables.o
                0x20000294                flash_counter
 .bss.flash_error
                0x20000298        0x4 Src\variables.o
                0x20000298                flash_error
 .bss.flash_flag
                0x2000029c        0x1 Src\variables.o
                0x2000029c                flash_flag
 *fill*         0x2000029d        0x3 
 .bss.flash_stored
                0x200002a0        0x4 Src\variables.o
                0x200002a0                flash_stored
 .bss.geyser_temp
                0x200002a4        0x4 Src\variables.o
                0x200002a4                geyser_temp
 .bss.geyser_temp_int
                0x200002a8        0x1 Src\variables.o
                0x200002a8                geyser_temp_int
 *fill*         0x200002a9        0x3 
 .bss.heat_schedule1
                0x200002ac        0x4 Src\variables.o
                0x200002ac                heat_schedule1
 .bss.heat_schedule2
                0x200002b0        0x4 Src\variables.o
                0x200002b0                heat_schedule2
 .bss.heat_schedule3
                0x200002b4        0x4 Src\variables.o
                0x200002b4                heat_schedule3
 .bss.heater_state
                0x200002b8        0x4 Src\variables.o
                0x200002b8                heater_state
 .bss.heating_info
                0x200002bc        0x4 Src\variables.o
                0x200002bc                heating_info
 .bss.i2c_counter
                0x200002c0        0x4 Src\variables.o
                0x200002c0                i2c_counter
 .bss.log_counter
                0x200002c4        0x1 Src\variables.o
                0x200002c4                log_counter
 *fill*         0x200002c5        0x3 
 .bss.log_receiced_num
                0x200002c8        0x4 Src\variables.o
                0x200002c8                log_receiced_num
 .bss.new_time  0x200002cc        0x4 Src\variables.o
                0x200002cc                new_time
 .bss.pEraseInit
                0x200002d0        0x4 Src\variables.o
                0x200002d0                pEraseInit
 .bss.pump_flag
                0x200002d4        0x1 Src\variables.o
                0x200002d4                pump_flag
 *fill*         0x200002d5        0x3 
 .bss.raw_ambient_temp
                0x200002d8        0x4 Src\variables.o
                0x200002d8                raw_ambient_temp
 .bss.raw_geyser_temp
                0x200002dc        0x4 Src\variables.o
                0x200002dc                raw_geyser_temp
 .bss.return_value
                0x200002e0        0x4 Src\variables.o
                0x200002e0                return_value
 .bss.rtcSecFlag
                0x200002e4        0x1 Src\variables.o
                0x200002e4                rtcSecFlag
 .bss.rx_flag   0x200002e5        0x1 Src\variables.o
                0x200002e5                rx_flag
 .bss.segment_counter
                0x200002e6        0x1 Src\variables.o
                0x200002e6                segment_counter
 *fill*         0x200002e7        0x1 
 .bss.segment_val
                0x200002e8        0x4 Src\variables.o
                0x200002e8                segment_val
 .bss.set_temp  0x200002ec        0x4 Src\variables.o
                0x200002ec                set_temp
 .bss.sizeOfTemp
                0x200002f0        0x1 Src\variables.o
                0x200002f0                sizeOfTemp
 .bss.systick_flag
                0x200002f1        0x1 Src\variables.o
                0x200002f1                systick_flag
 *fill*         0x200002f2        0x2 
 .bss.temp_time_var
                0x200002f4        0x4 Src\variables.o
                0x200002f4                temp_time_var
 .bss.temp_val  0x200002f8        0x4 Src\variables.o
                0x200002f8                temp_val
 .bss.timeOfRTC
                0x200002fc        0x4 Src\variables.o
                0x200002fc                timeOfRTC
 .bss.total_water
                0x20000300        0x4 Src\variables.o
                0x20000300                total_water
 .bss.uart_command
                0x20000304        0x4 Src\variables.o
                0x20000304                uart_command
 .bss.uart_command_copy
                0x20000308        0x4 Src\variables.o
                0x20000308                uart_command_copy
 .bss.uart_counter
                0x2000030c        0x1 Src\variables.o
                0x2000030c                uart_counter
 *fill*         0x2000030d        0x3 
 .bss.valve_state
                0x20000310        0x4 Src\variables.o
                0x20000310                valve_state
 .bss.valve_timer
                0x20000314        0x1 Src\variables.o
                0x20000314                valve_timer
 *fill*         0x20000315        0x3 
 .bss.voltage_int_rms
                0x20000318        0x4 Src\variables.o
                0x20000318                voltage_int_rms
 .bss.voltage_rms
                0x2000031c        0x4 Src\variables.o
                0x2000031c                voltage_rms
 .bss.water_acc
                0x20000320        0x4 Src\variables.o
                0x20000320                water_acc
 .bss.__malloc_free_list
                0x20000324        0x4 c:/program files (x86)/atollic/truestudio for arm 8.0.0/armtools/bin/../lib/gcc/arm-atollic-eabi/6.3.1/../../../../arm-atollic-eabi/lib/armv7e-m/fpu\libc_nano.a(lib_a-nano-mallocr.o)
                0x20000324                __malloc_free_list
 .bss.__malloc_sbrk_start
                0x20000328        0x4 c:/program files (x86)/atollic/truestudio for arm 8.0.0/armtools/bin/../lib/gcc/arm-atollic-eabi/6.3.1/../../../../arm-atollic-eabi/lib/armv7e-m/fpu\libc_nano.a(lib_a-nano-mallocr.o)
                0x20000328                __malloc_sbrk_start
 .bss.heap_end.5239
                0x2000032c        0x4 c:/program files (x86)/atollic/truestudio for arm 8.0.0/armtools/bin/../lib/gcc/arm-atollic-eabi/6.3.1/../../../../arm-atollic-eabi/lib/armv7e-m/fpu\libnosys.a(sbrk.o)
 *(COMMON)
 COMMON         0x20000330        0x4 Drivers\STM32F3xx_HAL_Driver\Src\stm32f3xx_hal.o
                0x20000330                uwTick
 *fill*         0x20000334        0x4 
 COMMON         0x20000338       0x20 Drivers\STM32F3xx_HAL_Driver\Src\stm32f3xx_hal_flash.o
                0x20000338                pFlash
 COMMON         0x20000358      0x1d4 Src\main.o
                0x20000358                hadc2
                0x200003ac                hi2c1
                0x200003f8                Channel_3
                0x20000410                Channel_1
                0x20000428                Channel_4
                0x20000440                huart1
                0x200004b0                hrtc
                0x200004d0                Channel_2
                0x200004e8                hdma_adc2
 COMMON         0x2000052c       0xdc Src\variables.o
                0x2000052c                sliderCoords
                0x20000530                heating_schedule
                0x200005a8                studentnumber
                0x200005ac                rx_buffer
                0x200005b0                time_intervals
                0x200005c8                recv_buffer
                0x200005d8                heating_time_size
                0x200005dc                data_buffer
                0x200005fc                heating_schedule_info
 COMMON         0x20000608        0x4 c:/program files (x86)/atollic/truestudio for arm 8.0.0/armtools/bin/../lib/gcc/arm-atollic-eabi/6.3.1/../../../../arm-atollic-eabi/lib/armv7e-m/fpu\libc_nano.a(lib_a-reent.o)
                0x20000608                errno
                0x2000060c                . = ALIGN (0x4)
                0x2000060c                _ebss = .
                0x2000060c                __bss_end__ = _ebss

._user_heap_stack
                0x2000060c      0x600
                0x2000060c                . = ALIGN (0x4)
                0x2000060c                PROVIDE (end, .)
                [!provide]                PROVIDE (_end, .)
                0x2000080c                . = (. + _Min_Heap_Size)
 *fill*         0x2000060c      0x200 
                0x20000c0c                . = (. + _Min_Stack_Size)
 *fill*         0x2000080c      0x400 
                0x20000c0c                . = ALIGN (0x4)

/DISCARD/
 libc.a(*)
 libm.a(*)
 libgcc.a(*)

.ARM.attributes
                0x00000000       0x30
 *(.ARM.attributes)
 .ARM.attributes
                0x00000000       0x22 c:/program files (x86)/atollic/truestudio for arm 8.0.0/armtools/bin/../lib/gcc/arm-atollic-eabi/6.3.1/armv7e-m/fpu/crti.o
 .ARM.attributes
                0x00000022       0x34 c:/program files (x86)/atollic/truestudio for arm 8.0.0/armtools/bin/../lib/gcc/arm-atollic-eabi/6.3.1/armv7e-m/fpu/crtbegin.o
 .ARM.attributes
                0x00000056       0x39 Drivers\STM32F3xx_HAL_Driver\Src\stm32f3xx_hal.o
 .ARM.attributes
                0x0000008f       0x39 Drivers\STM32F3xx_HAL_Driver\Src\stm32f3xx_hal_adc.o
 .ARM.attributes
                0x000000c8       0x39 Drivers\STM32F3xx_HAL_Driver\Src\stm32f3xx_hal_adc_ex.o
 .ARM.attributes
                0x00000101       0x39 Drivers\STM32F3xx_HAL_Driver\Src\stm32f3xx_hal_cortex.o
 .ARM.attributes
                0x0000013a       0x39 Drivers\STM32F3xx_HAL_Driver\Src\stm32f3xx_hal_dma.o
 .ARM.attributes
                0x00000173       0x39 Drivers\STM32F3xx_HAL_Driver\Src\stm32f3xx_hal_flash.o
 .ARM.attributes
                0x000001ac       0x39 Drivers\STM32F3xx_HAL_Driver\Src\stm32f3xx_hal_flash_ex.o
 .ARM.attributes
                0x000001e5       0x39 Drivers\STM32F3xx_HAL_Driver\Src\stm32f3xx_hal_gpio.o
 .ARM.attributes
                0x0000021e       0x39 Drivers\STM32F3xx_HAL_Driver\Src\stm32f3xx_hal_i2c.o
 .ARM.attributes
                0x00000257       0x39 Drivers\STM32F3xx_HAL_Driver\Src\stm32f3xx_hal_i2c_ex.o
 .ARM.attributes
                0x00000290       0x39 Drivers\STM32F3xx_HAL_Driver\Src\stm32f3xx_hal_pwr.o
 .ARM.attributes
                0x000002c9       0x39 Drivers\STM32F3xx_HAL_Driver\Src\stm32f3xx_hal_rcc.o
 .ARM.attributes
                0x00000302       0x39 Drivers\STM32F3xx_HAL_Driver\Src\stm32f3xx_hal_rcc_ex.o
 .ARM.attributes
                0x0000033b       0x39 Drivers\STM32F3xx_HAL_Driver\Src\stm32f3xx_hal_rtc.o
 .ARM.attributes
                0x00000374       0x39 Drivers\STM32F3xx_HAL_Driver\Src\stm32f3xx_hal_rtc_ex.o
 .ARM.attributes
                0x000003ad       0x39 Drivers\STM32F3xx_HAL_Driver\Src\stm32f3xx_hal_uart.o
 .ARM.attributes
                0x000003e6       0x39 Drivers\STM32F3xx_HAL_Driver\Src\stm32f3xx_hal_uart_ex.o
 .ARM.attributes
                0x0000041f       0x39 Src\adc_comms.o
 .ARM.attributes
                0x00000458       0x39 Src\flash_memory.o
 .ARM.attributes
                0x00000491       0x39 Src\functions.o
 .ARM.attributes
                0x000004ca       0x39 Src\heating_schedule.o
 .ARM.attributes
                0x00000503       0x39 Src\init_iqs263.o
 .ARM.attributes
                0x0000053c       0x39 Src\initilize_peripherals.o
 .ARM.attributes
                0x00000575       0x39 Src\liters_pumped.o
 .ARM.attributes
                0x000005ae       0x39 Src\main.o
 .ARM.attributes
                0x000005e7       0x39 Src\seven_segment.o
 .ARM.attributes
                0x00000620       0x39 Src\seven_segment_display.o
 .ARM.attributes
                0x00000659       0x39 Src\stm32f3xx_hal_msp.o
 .ARM.attributes
                0x00000692       0x39 Src\stm32f3xx_it.o
 .ARM.attributes
                0x000006cb       0x39 Src\system_stm32f3xx.o
 .ARM.attributes
                0x00000704       0x39 Src\uart_comms.o
 .ARM.attributes
                0x0000073d       0x39 Src\user_main.o
 .ARM.attributes
                0x00000776       0x39 Src\variables.o
 .ARM.attributes
                0x000007af       0x21 startup\startup_stm32f334x8.o
 .ARM.attributes
                0x000007d0       0x34 c:/program files (x86)/atollic/truestudio for arm 8.0.0/armtools/bin/../lib/gcc/arm-atollic-eabi/6.3.1/../../../../arm-atollic-eabi/lib/armv7e-m/fpu\libc_nano.a(lib_a-init.o)
 .ARM.attributes
                0x00000804       0x34 c:/program files (x86)/atollic/truestudio for arm 8.0.0/armtools/bin/../lib/gcc/arm-atollic-eabi/6.3.1/../../../../arm-atollic-eabi/lib/armv7e-m/fpu\libc_nano.a(lib_a-itoa.o)
 .ARM.attributes
                0x00000838       0x34 c:/program files (x86)/atollic/truestudio for arm 8.0.0/armtools/bin/../lib/gcc/arm-atollic-eabi/6.3.1/../../../../arm-atollic-eabi/lib/armv7e-m/fpu\libc_nano.a(lib_a-malloc.o)
 .ARM.attributes
                0x0000086c       0x34 c:/program files (x86)/atollic/truestudio for arm 8.0.0/armtools/bin/../lib/gcc/arm-atollic-eabi/6.3.1/../../../../arm-atollic-eabi/lib/armv7e-m/fpu\libc_nano.a(lib_a-memcpy-stub.o)
 .ARM.attributes
                0x000008a0       0x34 c:/program files (x86)/atollic/truestudio for arm 8.0.0/armtools/bin/../lib/gcc/arm-atollic-eabi/6.3.1/../../../../arm-atollic-eabi/lib/armv7e-m/fpu\libc_nano.a(lib_a-memset.o)
 .ARM.attributes
                0x000008d4       0x34 c:/program files (x86)/atollic/truestudio for arm 8.0.0/armtools/bin/../lib/gcc/arm-atollic-eabi/6.3.1/../../../../arm-atollic-eabi/lib/armv7e-m/fpu\libc_nano.a(lib_a-nano-freer.o)
 .ARM.attributes
                0x00000908       0x34 c:/program files (x86)/atollic/truestudio for arm 8.0.0/armtools/bin/../lib/gcc/arm-atollic-eabi/6.3.1/../../../../arm-atollic-eabi/lib/armv7e-m/fpu\libc_nano.a(lib_a-nano-mallocr.o)
 .ARM.attributes
                0x0000093c       0x34 c:/program files (x86)/atollic/truestudio for arm 8.0.0/armtools/bin/../lib/gcc/arm-atollic-eabi/6.3.1/../../../../arm-atollic-eabi/lib/armv7e-m/fpu\libc_nano.a(lib_a-sbrkr.o)
 .ARM.attributes
                0x00000970       0x34 c:/program files (x86)/atollic/truestudio for arm 8.0.0/armtools/bin/../lib/gcc/arm-atollic-eabi/6.3.1/../../../../arm-atollic-eabi/lib/armv7e-m/fpu\libc_nano.a(lib_a-sprintf.o)
 .ARM.attributes
                0x000009a4       0x1b c:/program files (x86)/atollic/truestudio for arm 8.0.0/armtools/bin/../lib/gcc/arm-atollic-eabi/6.3.1/../../../../arm-atollic-eabi/lib/armv7e-m/fpu\libc_nano.a(lib_a-strlen.o)
 .ARM.attributes
                0x000009bf       0x34 c:/program files (x86)/atollic/truestudio for arm 8.0.0/armtools/bin/../lib/gcc/arm-atollic-eabi/6.3.1/../../../../arm-atollic-eabi/lib/armv7e-m/fpu\libc_nano.a(lib_a-strtok.o)
 .ARM.attributes
                0x000009f3       0x34 c:/program files (x86)/atollic/truestudio for arm 8.0.0/armtools/bin/../lib/gcc/arm-atollic-eabi/6.3.1/../../../../arm-atollic-eabi/lib/armv7e-m/fpu\libc_nano.a(lib_a-strtok_r.o)
 .ARM.attributes
                0x00000a27       0x34 c:/program files (x86)/atollic/truestudio for arm 8.0.0/armtools/bin/../lib/gcc/arm-atollic-eabi/6.3.1/../../../../arm-atollic-eabi/lib/armv7e-m/fpu\libc_nano.a(lib_a-strtol.o)
 .ARM.attributes
                0x00000a5b       0x34 c:/program files (x86)/atollic/truestudio for arm 8.0.0/armtools/bin/../lib/gcc/arm-atollic-eabi/6.3.1/../../../../arm-atollic-eabi/lib/armv7e-m/fpu\libc_nano.a(lib_a-utoa.o)
 .ARM.attributes
                0x00000a8f       0x34 c:/program files (x86)/atollic/truestudio for arm 8.0.0/armtools/bin/../lib/gcc/arm-atollic-eabi/6.3.1/../../../../arm-atollic-eabi/lib/armv7e-m/fpu\libc_nano.a(lib_a-impure.o)
 .ARM.attributes
                0x00000ac3       0x34 c:/program files (x86)/atollic/truestudio for arm 8.0.0/armtools/bin/../lib/gcc/arm-atollic-eabi/6.3.1/../../../../arm-atollic-eabi/lib/armv7e-m/fpu\libc_nano.a(lib_a-locale.o)
 .ARM.attributes
                0x00000af7       0x34 c:/program files (x86)/atollic/truestudio for arm 8.0.0/armtools/bin/../lib/gcc/arm-atollic-eabi/6.3.1/../../../../arm-atollic-eabi/lib/armv7e-m/fpu\libc_nano.a(lib_a-mbtowc_r.o)
 .ARM.attributes
                0x00000b2b       0x34 c:/program files (x86)/atollic/truestudio for arm 8.0.0/armtools/bin/../lib/gcc/arm-atollic-eabi/6.3.1/../../../../arm-atollic-eabi/lib/armv7e-m/fpu\libc_nano.a(lib_a-mlock.o)
 .ARM.attributes
                0x00000b5f       0x34 c:/program files (x86)/atollic/truestudio for arm 8.0.0/armtools/bin/../lib/gcc/arm-atollic-eabi/6.3.1/../../../../arm-atollic-eabi/lib/armv7e-m/fpu\libc_nano.a(lib_a-nano-svfprintf.o)
 .ARM.attributes
                0x00000b93       0x34 c:/program files (x86)/atollic/truestudio for arm 8.0.0/armtools/bin/../lib/gcc/arm-atollic-eabi/6.3.1/../../../../arm-atollic-eabi/lib/armv7e-m/fpu\libc_nano.a(lib_a-nano-vfprintf_i.o)
 .ARM.attributes
                0x00000bc7       0x34 c:/program files (x86)/atollic/truestudio for arm 8.0.0/armtools/bin/../lib/gcc/arm-atollic-eabi/6.3.1/../../../../arm-atollic-eabi/lib/armv7e-m/fpu\libc_nano.a(lib_a-reent.o)
 .ARM.attributes
                0x00000bfb       0x34 c:/program files (x86)/atollic/truestudio for arm 8.0.0/armtools/bin/../lib/gcc/arm-atollic-eabi/6.3.1/../../../../arm-atollic-eabi/lib/armv7e-m/fpu\libc_nano.a(lib_a-wctomb_r.o)
 .ARM.attributes
                0x00000c2f       0x34 c:/program files (x86)/atollic/truestudio for arm 8.0.0/armtools/bin/../lib/gcc/arm-atollic-eabi/6.3.1/../../../../arm-atollic-eabi/lib/armv7e-m/fpu\libc_nano.a(lib_a-ctype_.o)
 .ARM.attributes
                0x00000c63       0x20 c:/program files (x86)/atollic/truestudio for arm 8.0.0/armtools/bin/../lib/gcc/arm-atollic-eabi/6.3.1/../../../../arm-atollic-eabi/lib/armv7e-m/fpu\libc_nano.a(lib_a-memchr.o)
 .ARM.attributes
                0x00000c83       0x34 c:/program files (x86)/atollic/truestudio for arm 8.0.0/armtools/bin/../lib/gcc/arm-atollic-eabi/6.3.1/../../../../arm-atollic-eabi/lib/armv7e-m/fpu\libc_nano.a(lib_a-memmove.o)
 .ARM.attributes
                0x00000cb7       0x34 c:/program files (x86)/atollic/truestudio for arm 8.0.0/armtools/bin/../lib/gcc/arm-atollic-eabi/6.3.1/../../../../arm-atollic-eabi/lib/armv7e-m/fpu\libc_nano.a(lib_a-nano-reallocr.o)
 .ARM.attributes
                0x00000ceb       0x34 c:/program files (x86)/atollic/truestudio for arm 8.0.0/armtools/bin/../lib/gcc/arm-atollic-eabi/6.3.1/../../../../arm-atollic-eabi/lib/armv7e-m/fpu\libc_nano.a(lib_a-nano-msizer.o)
 .ARM.attributes
                0x00000d1f       0x34 c:/program files (x86)/atollic/truestudio for arm 8.0.0/armtools/bin/../lib/gcc/arm-atollic-eabi/6.3.1/../../../../arm-atollic-eabi/lib/armv7e-m/fpu\libm.a(lib_a-w_sqrt.o)
 .ARM.attributes
                0x00000d53       0x34 c:/program files (x86)/atollic/truestudio for arm 8.0.0/armtools/bin/../lib/gcc/arm-atollic-eabi/6.3.1/../../../../arm-atollic-eabi/lib/armv7e-m/fpu\libm.a(lib_a-e_sqrt.o)
 .ARM.attributes
                0x00000d87       0x34 c:/program files (x86)/atollic/truestudio for arm 8.0.0/armtools/bin/../lib/gcc/arm-atollic-eabi/6.3.1/../../../../arm-atollic-eabi/lib/armv7e-m/fpu\libm.a(lib_a-s_lib_ver.o)
 .ARM.attributes
                0x00000dbb       0x34 c:/program files (x86)/atollic/truestudio for arm 8.0.0/armtools/bin/../lib/gcc/arm-atollic-eabi/6.3.1/../../../../arm-atollic-eabi/lib/armv7e-m/fpu\libm.a(lib_a-s_matherr.o)
 .ARM.attributes
                0x00000def       0x34 c:/program files (x86)/atollic/truestudio for arm 8.0.0/armtools/bin/../lib/gcc/arm-atollic-eabi/6.3.1/../../../../arm-atollic-eabi/lib/armv7e-m/fpu\libc_nano.a(lib_a-errno.o)
 .ARM.attributes
                0x00000e23       0x22 c:/program files (x86)/atollic/truestudio for arm 8.0.0/armtools/bin/../lib/gcc/arm-atollic-eabi/6.3.1/armv7e-m/fpu\libgcc.a(_arm_addsubdf3.o)
 .ARM.attributes
                0x00000e45       0x22 c:/program files (x86)/atollic/truestudio for arm 8.0.0/armtools/bin/../lib/gcc/arm-atollic-eabi/6.3.1/armv7e-m/fpu\libgcc.a(_arm_muldivdf3.o)
 .ARM.attributes
                0x00000e67       0x22 c:/program files (x86)/atollic/truestudio for arm 8.0.0/armtools/bin/../lib/gcc/arm-atollic-eabi/6.3.1/armv7e-m/fpu\libgcc.a(_arm_cmpdf2.o)
 .ARM.attributes
                0x00000e89       0x22 c:/program files (x86)/atollic/truestudio for arm 8.0.0/armtools/bin/../lib/gcc/arm-atollic-eabi/6.3.1/armv7e-m/fpu\libgcc.a(_arm_unorddf2.o)
 .ARM.attributes
                0x00000eab       0x22 c:/program files (x86)/atollic/truestudio for arm 8.0.0/armtools/bin/../lib/gcc/arm-atollic-eabi/6.3.1/armv7e-m/fpu\libgcc.a(_arm_fixunsdfsi.o)
 .ARM.attributes
                0x00000ecd       0x22 c:/program files (x86)/atollic/truestudio for arm 8.0.0/armtools/bin/../lib/gcc/arm-atollic-eabi/6.3.1/armv7e-m/fpu\libgcc.a(_arm_addsubsf3.o)
 .ARM.attributes
                0x00000eef       0x34 c:/program files (x86)/atollic/truestudio for arm 8.0.0/armtools/bin/../lib/gcc/arm-atollic-eabi/6.3.1/armv7e-m/fpu\libgcc.a(_fixunssfdi.o)
 .ARM.attributes
                0x00000f23       0x34 c:/program files (x86)/atollic/truestudio for arm 8.0.0/armtools/bin/../lib/gcc/arm-atollic-eabi/6.3.1/../../../../arm-atollic-eabi/lib/armv7e-m/fpu\libnosys.a(sbrk.o)
 .ARM.attributes
                0x00000f57       0x22 c:/program files (x86)/atollic/truestudio for arm 8.0.0/armtools/bin/../lib/gcc/arm-atollic-eabi/6.3.1/armv7e-m/fpu/crtn.o
OUTPUT(edesign19231865.elf elf32-littlearm)

.debug_info     0x00000000    0x350d2
 .debug_info    0x00000000      0xf58 Drivers\STM32F3xx_HAL_Driver\Src\stm32f3xx_hal.o
 .debug_info    0x00000f58     0x1369 Drivers\STM32F3xx_HAL_Driver\Src\stm32f3xx_hal_adc.o
 .debug_info    0x000022c1     0x22b4 Drivers\STM32F3xx_HAL_Driver\Src\stm32f3xx_hal_adc_ex.o
 .debug_info    0x00004575     0x149a Drivers\STM32F3xx_HAL_Driver\Src\stm32f3xx_hal_cortex.o
 .debug_info    0x00005a0f     0x103d Drivers\STM32F3xx_HAL_Driver\Src\stm32f3xx_hal_dma.o
 .debug_info    0x00006a4c      0xe95 Drivers\STM32F3xx_HAL_Driver\Src\stm32f3xx_hal_flash.o
 .debug_info    0x000078e1     0x1272 Drivers\STM32F3xx_HAL_Driver\Src\stm32f3xx_hal_flash_ex.o
 .debug_info    0x00008b53      0xf97 Drivers\STM32F3xx_HAL_Driver\Src\stm32f3xx_hal_gpio.o
 .debug_info    0x00009aea     0x399d Drivers\STM32F3xx_HAL_Driver\Src\stm32f3xx_hal_i2c.o
 .debug_info    0x0000d487     0x115a Drivers\STM32F3xx_HAL_Driver\Src\stm32f3xx_hal_i2c_ex.o
 .debug_info    0x0000e5e1      0xdcc Drivers\STM32F3xx_HAL_Driver\Src\stm32f3xx_hal_pwr.o
 .debug_info    0x0000f3ad     0x1ba3 Drivers\STM32F3xx_HAL_Driver\Src\stm32f3xx_hal_rcc.o
 .debug_info    0x00010f50      0xe5e Drivers\STM32F3xx_HAL_Driver\Src\stm32f3xx_hal_rcc_ex.o
 .debug_info    0x00011dae     0x160d Drivers\STM32F3xx_HAL_Driver\Src\stm32f3xx_hal_rtc.o
 .debug_info    0x000133bb     0x17b7 Drivers\STM32F3xx_HAL_Driver\Src\stm32f3xx_hal_rtc_ex.o
 .debug_info    0x00014b72     0x21d2 Drivers\STM32F3xx_HAL_Driver\Src\stm32f3xx_hal_uart.o
 .debug_info    0x00016d44     0x1135 Drivers\STM32F3xx_HAL_Driver\Src\stm32f3xx_hal_uart_ex.o
 .debug_info    0x00017e79     0x181e Src\adc_comms.o
 .debug_info    0x00019697     0x2058 Src\flash_memory.o
 .debug_info    0x0001b6ef     0x1d96 Src\functions.o
 .debug_info    0x0001d485     0x13ae Src\heating_schedule.o
 .debug_info    0x0001e833     0x2372 Src\init_iqs263.o
 .debug_info    0x00020ba5     0x1edb Src\initilize_peripherals.o
 .debug_info    0x00022a80     0x1793 Src\liters_pumped.o
 .debug_info    0x00024213     0x30fa Src\main.o
 .debug_info    0x0002730d     0x1a9b Src\seven_segment.o
 .debug_info    0x00028da8     0x22c4 Src\seven_segment_display.o
 .debug_info    0x0002b06c     0x1fbb Src\stm32f3xx_hal_msp.o
 .debug_info    0x0002d027     0x1af8 Src\stm32f3xx_it.o
 .debug_info    0x0002eb1f      0xc24 Src\system_stm32f3xx.o
 .debug_info    0x0002f743     0x27a9 Src\uart_comms.o
 .debug_info    0x00031eec     0x1df8 Src\user_main.o
 .debug_info    0x00033ce4     0x1365 Src\variables.o
 .debug_info    0x00035049       0x89 startup\startup_stm32f334x8.o

.debug_abbrev   0x00000000     0x4f68
 .debug_abbrev  0x00000000      0x29e Drivers\STM32F3xx_HAL_Driver\Src\stm32f3xx_hal.o
 .debug_abbrev  0x0000029e      0x1f6 Drivers\STM32F3xx_HAL_Driver\Src\stm32f3xx_hal_adc.o
 .debug_abbrev  0x00000494      0x305 Drivers\STM32F3xx_HAL_Driver\Src\stm32f3xx_hal_adc_ex.o
 .debug_abbrev  0x00000799      0x386 Drivers\STM32F3xx_HAL_Driver\Src\stm32f3xx_hal_cortex.o
 .debug_abbrev  0x00000b1f      0x29c Drivers\STM32F3xx_HAL_Driver\Src\stm32f3xx_hal_dma.o
 .debug_abbrev  0x00000dbb      0x2d1 Drivers\STM32F3xx_HAL_Driver\Src\stm32f3xx_hal_flash.o
 .debug_abbrev  0x0000108c      0x322 Drivers\STM32F3xx_HAL_Driver\Src\stm32f3xx_hal_flash_ex.o
 .debug_abbrev  0x000013ae      0x26d Drivers\STM32F3xx_HAL_Driver\Src\stm32f3xx_hal_gpio.o
 .debug_abbrev  0x0000161b      0x2a5 Drivers\STM32F3xx_HAL_Driver\Src\stm32f3xx_hal_i2c.o
 .debug_abbrev  0x000018c0      0x21d Drivers\STM32F3xx_HAL_Driver\Src\stm32f3xx_hal_i2c_ex.o
 .debug_abbrev  0x00001add      0x205 Drivers\STM32F3xx_HAL_Driver\Src\stm32f3xx_hal_pwr.o
 .debug_abbrev  0x00001ce2      0x30b Drivers\STM32F3xx_HAL_Driver\Src\stm32f3xx_hal_rcc.o
 .debug_abbrev  0x00001fed      0x2fc Drivers\STM32F3xx_HAL_Driver\Src\stm32f3xx_hal_rcc_ex.o
 .debug_abbrev  0x000022e9      0x27d Drivers\STM32F3xx_HAL_Driver\Src\stm32f3xx_hal_rtc.o
 .debug_abbrev  0x00002566      0x28c Drivers\STM32F3xx_HAL_Driver\Src\stm32f3xx_hal_rtc_ex.o
 .debug_abbrev  0x000027f2      0x2b1 Drivers\STM32F3xx_HAL_Driver\Src\stm32f3xx_hal_uart.o
 .debug_abbrev  0x00002aa3      0x26e Drivers\STM32F3xx_HAL_Driver\Src\stm32f3xx_hal_uart_ex.o
 .debug_abbrev  0x00002d11      0x1ff Src\adc_comms.o
 .debug_abbrev  0x00002f10      0x221 Src\flash_memory.o
 .debug_abbrev  0x00003131      0x207 Src\functions.o
 .debug_abbrev  0x00003338      0x1ff Src\heating_schedule.o
 .debug_abbrev  0x00003537      0x22a Src\init_iqs263.o
 .debug_abbrev  0x00003761      0x212 Src\initilize_peripherals.o
 .debug_abbrev  0x00003973      0x1e7 Src\liters_pumped.o
 .debug_abbrev  0x00003b5a      0x392 Src\main.o
 .debug_abbrev  0x00003eec      0x205 Src\seven_segment.o
 .debug_abbrev  0x000040f1      0x205 Src\seven_segment_display.o
 .debug_abbrev  0x000042f6      0x2b4 Src\stm32f3xx_hal_msp.o
 .debug_abbrev  0x000045aa      0x20c Src\stm32f3xx_it.o
 .debug_abbrev  0x000047b6      0x1cd Src\system_stm32f3xx.o
 .debug_abbrev  0x00004983      0x237 Src\uart_comms.o
 .debug_abbrev  0x00004bba      0x1ec Src\user_main.o
 .debug_abbrev  0x00004da6      0x1b0 Src\variables.o
 .debug_abbrev  0x00004f56       0x12 startup\startup_stm32f334x8.o

.debug_loc      0x00000000     0xb741
 .debug_loc     0x00000000       0x69 Drivers\STM32F3xx_HAL_Driver\Src\stm32f3xx_hal.o
 .debug_loc     0x00000069      0x1ef Drivers\STM32F3xx_HAL_Driver\Src\stm32f3xx_hal_adc.o
 .debug_loc     0x00000258     0x1ad4 Drivers\STM32F3xx_HAL_Driver\Src\stm32f3xx_hal_adc_ex.o
 .debug_loc     0x00001d2c      0x5ad Drivers\STM32F3xx_HAL_Driver\Src\stm32f3xx_hal_cortex.o
 .debug_loc     0x000022d9      0x708 Drivers\STM32F3xx_HAL_Driver\Src\stm32f3xx_hal_dma.o
 .debug_loc     0x000029e1      0x340 Drivers\STM32F3xx_HAL_Driver\Src\stm32f3xx_hal_flash.o
 .debug_loc     0x00002d21      0x6f4 Drivers\STM32F3xx_HAL_Driver\Src\stm32f3xx_hal_flash_ex.o
 .debug_loc     0x00003415      0x331 Drivers\STM32F3xx_HAL_Driver\Src\stm32f3xx_hal_gpio.o
 .debug_loc     0x00003746     0x3aed Drivers\STM32F3xx_HAL_Driver\Src\stm32f3xx_hal_i2c.o
 .debug_loc     0x00007233      0x21c Drivers\STM32F3xx_HAL_Driver\Src\stm32f3xx_hal_i2c_ex.o
 .debug_loc     0x0000744f       0x8d Drivers\STM32F3xx_HAL_Driver\Src\stm32f3xx_hal_pwr.o
 .debug_loc     0x000074dc      0x913 Drivers\STM32F3xx_HAL_Driver\Src\stm32f3xx_hal_rcc.o
 .debug_loc     0x00007def      0x4aa Drivers\STM32F3xx_HAL_Driver\Src\stm32f3xx_hal_rcc_ex.o
 .debug_loc     0x00008299      0xb47 Drivers\STM32F3xx_HAL_Driver\Src\stm32f3xx_hal_rtc.o
 .debug_loc     0x00008de0      0xb91 Drivers\STM32F3xx_HAL_Driver\Src\stm32f3xx_hal_rtc_ex.o
 .debug_loc     0x00009971     0x1635 Drivers\STM32F3xx_HAL_Driver\Src\stm32f3xx_hal_uart.o
 .debug_loc     0x0000afa6      0x31c Drivers\STM32F3xx_HAL_Driver\Src\stm32f3xx_hal_uart_ex.o
 .debug_loc     0x0000b2c2       0x23 Src\flash_memory.o
 .debug_loc     0x0000b2e5       0x21 Src\functions.o
 .debug_loc     0x0000b306       0x6e Src\main.o
 .debug_loc     0x0000b374      0x11b Src\seven_segment_display.o
 .debug_loc     0x0000b48f      0x1a0 Src\stm32f3xx_hal_msp.o
 .debug_loc     0x0000b62f       0xff Src\system_stm32f3xx.o
 .debug_loc     0x0000b72e       0x13 Src\uart_comms.o

.debug_aranges  0x00000000     0x10c0
 .debug_aranges
                0x00000000       0xc8 Drivers\STM32F3xx_HAL_Driver\Src\stm32f3xx_hal.o
 .debug_aranges
                0x000000c8       0xc8 Drivers\STM32F3xx_HAL_Driver\Src\stm32f3xx_hal_adc.o
 .debug_aranges
                0x00000190      0x168 Drivers\STM32F3xx_HAL_Driver\Src\stm32f3xx_hal_adc_ex.o
 .debug_aranges
                0x000002f8       0x90 Drivers\STM32F3xx_HAL_Driver\Src\stm32f3xx_hal_cortex.o
 .debug_aranges
                0x00000388       0x88 Drivers\STM32F3xx_HAL_Driver\Src\stm32f3xx_hal_dma.o
 .debug_aranges
                0x00000410       0x88 Drivers\STM32F3xx_HAL_Driver\Src\stm32f3xx_hal_flash.o
 .debug_aranges
                0x00000498       0x98 Drivers\STM32F3xx_HAL_Driver\Src\stm32f3xx_hal_flash_ex.o
 .debug_aranges
                0x00000530       0x58 Drivers\STM32F3xx_HAL_Driver\Src\stm32f3xx_hal_gpio.o
 .debug_aranges
                0x00000588      0x260 Drivers\STM32F3xx_HAL_Driver\Src\stm32f3xx_hal_i2c.o
 .debug_aranges
                0x000007e8       0x48 Drivers\STM32F3xx_HAL_Driver\Src\stm32f3xx_hal_i2c_ex.o
 .debug_aranges
                0x00000830       0x78 Drivers\STM32F3xx_HAL_Driver\Src\stm32f3xx_hal_pwr.o
 .debug_aranges
                0x000008a8       0x88 Drivers\STM32F3xx_HAL_Driver\Src\stm32f3xx_hal_rcc.o
 .debug_aranges
                0x00000930       0x38 Drivers\STM32F3xx_HAL_Driver\Src\stm32f3xx_hal_rcc_ex.o
 .debug_aranges
                0x00000968       0xb8 Drivers\STM32F3xx_HAL_Driver\Src\stm32f3xx_hal_rtc.o
 .debug_aranges
                0x00000a20      0x120 Drivers\STM32F3xx_HAL_Driver\Src\stm32f3xx_hal_rtc_ex.o
 .debug_aranges
                0x00000b40      0x1f0 Drivers\STM32F3xx_HAL_Driver\Src\stm32f3xx_hal_uart.o
 .debug_aranges
                0x00000d30       0x48 Drivers\STM32F3xx_HAL_Driver\Src\stm32f3xx_hal_uart_ex.o
 .debug_aranges
                0x00000d78       0x20 Src\adc_comms.o
 .debug_aranges
                0x00000d98       0x28 Src\flash_memory.o
 .debug_aranges
                0x00000dc0       0x50 Src\functions.o
 .debug_aranges
                0x00000e10       0x28 Src\heating_schedule.o
 .debug_aranges
                0x00000e38       0x28 Src\init_iqs263.o
 .debug_aranges
                0x00000e60       0x20 Src\initilize_peripherals.o
 .debug_aranges
                0x00000e80       0x20 Src\liters_pumped.o
 .debug_aranges
                0x00000ea0       0x60 Src\main.o
 .debug_aranges
                0x00000f00       0x20 Src\seven_segment.o
 .debug_aranges
                0x00000f20       0x20 Src\seven_segment_display.o
 .debug_aranges
                0x00000f40       0x60 Src\stm32f3xx_hal_msp.o
 .debug_aranges
                0x00000fa0       0x78 Src\stm32f3xx_it.o
 .debug_aranges
                0x00001018       0x28 Src\system_stm32f3xx.o
 .debug_aranges
                0x00001040       0x20 Src\uart_comms.o
 .debug_aranges
                0x00001060       0x20 Src\user_main.o
 .debug_aranges
                0x00001080       0x18 Src\variables.o
 .debug_aranges
                0x00001098       0x28 startup\startup_stm32f334x8.o

.debug_ranges   0x00000000      0xf38
 .debug_ranges  0x00000000       0xb8 Drivers\STM32F3xx_HAL_Driver\Src\stm32f3xx_hal.o
 .debug_ranges  0x000000b8       0xb8 Drivers\STM32F3xx_HAL_Driver\Src\stm32f3xx_hal_adc.o
 .debug_ranges  0x00000170      0x158 Drivers\STM32F3xx_HAL_Driver\Src\stm32f3xx_hal_adc_ex.o
 .debug_ranges  0x000002c8       0xe0 Drivers\STM32F3xx_HAL_Driver\Src\stm32f3xx_hal_cortex.o
 .debug_ranges  0x000003a8       0x78 Drivers\STM32F3xx_HAL_Driver\Src\stm32f3xx_hal_dma.o
 .debug_ranges  0x00000420       0x78 Drivers\STM32F3xx_HAL_Driver\Src\stm32f3xx_hal_flash.o
 .debug_ranges  0x00000498       0x88 Drivers\STM32F3xx_HAL_Driver\Src\stm32f3xx_hal_flash_ex.o
 .debug_ranges  0x00000520       0x48 Drivers\STM32F3xx_HAL_Driver\Src\stm32f3xx_hal_gpio.o
 .debug_ranges  0x00000568      0x250 Drivers\STM32F3xx_HAL_Driver\Src\stm32f3xx_hal_i2c.o
 .debug_ranges  0x000007b8       0x38 Drivers\STM32F3xx_HAL_Driver\Src\stm32f3xx_hal_i2c_ex.o
 .debug_ranges  0x000007f0       0x68 Drivers\STM32F3xx_HAL_Driver\Src\stm32f3xx_hal_pwr.o
 .debug_ranges  0x00000858       0x98 Drivers\STM32F3xx_HAL_Driver\Src\stm32f3xx_hal_rcc.o
 .debug_ranges  0x000008f0       0x40 Drivers\STM32F3xx_HAL_Driver\Src\stm32f3xx_hal_rcc_ex.o
 .debug_ranges  0x00000930       0xa8 Drivers\STM32F3xx_HAL_Driver\Src\stm32f3xx_hal_rtc.o
 .debug_ranges  0x000009d8      0x110 Drivers\STM32F3xx_HAL_Driver\Src\stm32f3xx_hal_rtc_ex.o
 .debug_ranges  0x00000ae8      0x1e0 Drivers\STM32F3xx_HAL_Driver\Src\stm32f3xx_hal_uart.o
 .debug_ranges  0x00000cc8       0x38 Drivers\STM32F3xx_HAL_Driver\Src\stm32f3xx_hal_uart_ex.o
 .debug_ranges  0x00000d00       0x10 Src\adc_comms.o
 .debug_ranges  0x00000d10       0x18 Src\flash_memory.o
 .debug_ranges  0x00000d28       0x40 Src\functions.o
 .debug_ranges  0x00000d68       0x18 Src\heating_schedule.o
 .debug_ranges  0x00000d80       0x18 Src\init_iqs263.o
 .debug_ranges  0x00000d98       0x10 Src\initilize_peripherals.o
 .debug_ranges  0x00000da8       0x10 Src\liters_pumped.o
 .debug_ranges  0x00000db8       0x50 Src\main.o
 .debug_ranges  0x00000e08       0x10 Src\seven_segment.o
 .debug_ranges  0x00000e18       0x10 Src\seven_segment_display.o
 .debug_ranges  0x00000e28       0x50 Src\stm32f3xx_hal_msp.o
 .debug_ranges  0x00000e78       0x68 Src\stm32f3xx_it.o
 .debug_ranges  0x00000ee0       0x18 Src\system_stm32f3xx.o
 .debug_ranges  0x00000ef8       0x10 Src\uart_comms.o
 .debug_ranges  0x00000f08       0x10 Src\user_main.o
 .debug_ranges  0x00000f18       0x20 startup\startup_stm32f334x8.o

.debug_macro    0x00000000    0x22687