Archive member included to satisfy reference by file (symbol)

c:/program files (x86)/atollic/truestudio for arm 8.0.0/armtools/bin/../lib/gcc/arm-atollic-eabi/6.3.1/../../../../arm-atollic-eabi/lib/armv7e-m/fpu\libc_nano.a(lib_a-calloc.o)
                              Src\initilize_peripherals.o (calloc)
c:/program files (x86)/atollic/truestudio for arm 8.0.0/armtools/bin/../lib/gcc/arm-atollic-eabi/6.3.1/../../../../arm-atollic-eabi/lib/armv7e-m/fpu\libc_nano.a(lib_a-impure.o)
                              c:/program files (x86)/atollic/truestudio for arm 8.0.0/armtools/bin/../lib/gcc/arm-atollic-eabi/6.3.1/../../../../arm-atollic-eabi/lib/armv7e-m/fpu\libc_nano.a(lib_a-calloc.o) (_impure_ptr)
c:/program files (x86)/atollic/truestudio for arm 8.0.0/armtools/bin/../lib/gcc/arm-atollic-eabi/6.3.1/../../../../arm-atollic-eabi/lib/armv7e-m/fpu\libc_nano.a(lib_a-init.o)
                              startup\startup_stm32f334x8.o (__libc_init_array)
c:/program files (x86)/atollic/truestudio for arm 8.0.0/armtools/bin/../lib/gcc/arm-atollic-eabi/6.3.1/../../../../arm-atollic-eabi/lib/armv7e-m/fpu\libc_nano.a(lib_a-itoa.o)
                              Src\uart_comms.o (itoa)
c:/program files (x86)/atollic/truestudio for arm 8.0.0/armtools/bin/../lib/gcc/arm-atollic-eabi/6.3.1/../../../../arm-atollic-eabi/lib/armv7e-m/fpu\libc_nano.a(lib_a-malloc.o)
                              Src\initilize_peripherals.o (malloc)
c:/program files (x86)/atollic/truestudio for arm 8.0.0/armtools/bin/../lib/gcc/arm-atollic-eabi/6.3.1/../../../../arm-atollic-eabi/lib/armv7e-m/fpu\libc_nano.a(lib_a-memcpy-stub.o)
                              Src\uart_comms.o (memcpy)
c:/program files (x86)/atollic/truestudio for arm 8.0.0/armtools/bin/../lib/gcc/arm-atollic-eabi/6.3.1/../../../../arm-atollic-eabi/lib/armv7e-m/fpu\libc_nano.a(lib_a-memset.o)
                              Src\uart_comms.o (memset)
c:/program files (x86)/atollic/truestudio for arm 8.0.0/armtools/bin/../lib/gcc/arm-atollic-eabi/6.3.1/../../../../arm-atollic-eabi/lib/armv7e-m/fpu\libc_nano.a(lib_a-nano-callocr.o)
                              c:/program files (x86)/atollic/truestudio for arm 8.0.0/armtools/bin/../lib/gcc/arm-atollic-eabi/6.3.1/../../../../arm-atollic-eabi/lib/armv7e-m/fpu\libc_nano.a(lib_a-calloc.o) (_calloc_r)
c:/program files (x86)/atollic/truestudio for arm 8.0.0/armtools/bin/../lib/gcc/arm-atollic-eabi/6.3.1/../../../../arm-atollic-eabi/lib/armv7e-m/fpu\libc_nano.a(lib_a-nano-freer.o)
                              c:/program files (x86)/atollic/truestudio for arm 8.0.0/armtools/bin/../lib/gcc/arm-atollic-eabi/6.3.1/../../../../arm-atollic-eabi/lib/armv7e-m/fpu\libc_nano.a(lib_a-malloc.o) (_free_r)
c:/program files (x86)/atollic/truestudio for arm 8.0.0/armtools/bin/../lib/gcc/arm-atollic-eabi/6.3.1/../../../../arm-atollic-eabi/lib/armv7e-m/fpu\libc_nano.a(lib_a-nano-mallocr.o)
                              c:/program files (x86)/atollic/truestudio for arm 8.0.0/armtools/bin/../lib/gcc/arm-atollic-eabi/6.3.1/../../../../arm-atollic-eabi/lib/armv7e-m/fpu\libc_nano.a(lib_a-malloc.o) (_malloc_r)
c:/program files (x86)/atollic/truestudio for arm 8.0.0/armtools/bin/../lib/gcc/arm-atollic-eabi/6.3.1/../../../../arm-atollic-eabi/lib/armv7e-m/fpu\libc_nano.a(lib_a-sbrkr.o)
                              c:/program files (x86)/atollic/truestudio for arm 8.0.0/armtools/bin/../lib/gcc/arm-atollic-eabi/6.3.1/../../../../arm-atollic-eabi/lib/armv7e-m/fpu\libc_nano.a(lib_a-nano-mallocr.o) (_sbrk_r)
c:/program files (x86)/atollic/truestudio for arm 8.0.0/armtools/bin/../lib/gcc/arm-atollic-eabi/6.3.1/../../../../arm-atollic-eabi/lib/armv7e-m/fpu\libc_nano.a(lib_a-sprintf.o)
                              Src\adc_comms.o (sprintf)
c:/program files (x86)/atollic/truestudio for arm 8.0.0/armtools/bin/../lib/gcc/arm-atollic-eabi/6.3.1/../../../../arm-atollic-eabi/lib/armv7e-m/fpu\libc_nano.a(lib_a-strlen.o)
                              Src\uart_comms.o (strlen)
c:/program files (x86)/atollic/truestudio for arm 8.0.0/armtools/bin/../lib/gcc/arm-atollic-eabi/6.3.1/../../../../arm-atollic-eabi/lib/armv7e-m/fpu\libc_nano.a(lib_a-strtok.o)
                              Src\uart_comms.o (strtok)
c:/program files (x86)/atollic/truestudio for arm 8.0.0/armtools/bin/../lib/gcc/arm-atollic-eabi/6.3.1/../../../../arm-atollic-eabi/lib/armv7e-m/fpu\libc_nano.a(lib_a-strtok_r.o)
                              c:/program files (x86)/atollic/truestudio for arm 8.0.0/armtools/bin/../lib/gcc/arm-atollic-eabi/6.3.1/../../../../arm-atollic-eabi/lib/armv7e-m/fpu\libc_nano.a(lib_a-strtok.o) (__strtok_r)
c:/program files (x86)/atollic/truestudio for arm 8.0.0/armtools/bin/../lib/gcc/arm-atollic-eabi/6.3.1/../../../../arm-atollic-eabi/lib/armv7e-m/fpu\libc_nano.a(lib_a-strtol.o)
                              Src\uart_comms.o (strtol)
[...]
Memory Configuration

Name             Origin             Length             Attributes
RAM              0x20000000         0x00003000         xrw
CCMRAM           0x10000000         0x00001000         rw
FLASH            0x08000000         0x00010000         xr
*default*        0x00000000         0xffffffff

Linker script and memory map

LOAD c:/program files (x86)/atollic/truestudio for arm 8.0.0/armtools/bin/../lib/gcc/arm-atollic-eabi/6.3.1/armv7e-m/fpu/crti.o
LOAD c:/program files (x86)/atollic/truestudio for arm 8.0.0/armtools/bin/../lib/gcc/arm-atollic-eabi/6.3.1/armv7e-m/fpu/crtbegin.o
LOAD Drivers\STM32F3xx_HAL_Driver\Src\stm32f3xx_hal.o
LOAD Drivers\STM32F3xx_HAL_Driver\Src\stm32f3xx_hal_adc.o
LOAD Drivers\STM32F3xx_HAL_Driver\Src\stm32f3xx_hal_adc_ex.o
LOAD Drivers\STM32F3xx_HAL_Driver\Src\stm32f3xx_hal_cortex.o
LOAD Drivers\STM32F3xx_HAL_Driver\Src\stm32f3xx_hal_dma.o
LOAD Drivers\STM32F3xx_HAL_Driver\Src\stm32f3xx_hal_flash.o
LOAD Drivers\STM32F3xx_HAL_Driver\Src\stm32f3xx_hal_flash_ex.o
LOAD Drivers\STM32F3xx_HAL_Driver\Src\stm32f3xx_hal_gpio.o
LOAD Drivers\STM32F3xx_HAL_Driver\Src\stm32f3xx_hal_i2c.o
LOAD Drivers\STM32F3xx_HAL_Driver\Src\stm32f3xx_hal_i2c_ex.o
LOAD Drivers\STM32F3xx_HAL_Driver\Src\stm32f3xx_hal_pwr.o
LOAD Drivers\STM32F3xx_HAL_Driver\Src\stm32f3xx_hal_pwr_ex.o
LOAD Drivers\STM32F3xx_HAL_Driver\Src\stm32f3xx_hal_rcc.o
LOAD Drivers\STM32F3xx_HAL_Driver\Src\stm32f3xx_hal_rcc_ex.o
LOAD Drivers\STM32F3xx_HAL_Driver\Src\stm32f3xx_hal_rtc.o
LOAD Drivers\STM32F3xx_HAL_Driver\Src\stm32f3xx_hal_rtc_ex.o
LOAD Drivers\STM32F3xx_HAL_Driver\Src\stm32f3xx_hal_tim.o
LOAD Drivers\STM32F3xx_HAL_Driver\Src\stm32f3xx_hal_tim_ex.o
LOAD Drivers\STM32F3xx_HAL_Driver\Src\stm32f3xx_hal_uart.o
LOAD Drivers\STM32F3xx_HAL_Driver\Src\stm32f3xx_hal_uart_ex.o
LOAD Src\adc_comms.o
LOAD Src\flash_memory.o
LOAD Src\functions.o
LOAD Src\heating_schedule.o
LOAD Src\initilize_peripherals.o
LOAD Src\liters_pumped.o
LOAD Src\main.o
LOAD Src\seven_segment.o
LOAD Src\seven_segment_display.o
LOAD Src\stm32f3xx_hal_msp.o
LOAD Src\stm32f3xx_it.o
LOAD Src\system_stm32f3xx.o
LOAD Src\uart_comms.o
LOAD Src\variables.o
LOAD startup\startup_stm32f334x8.o
                0x00000080                malloc_getpagesize_P = 0x80
START GROUP
LOAD c:/program files (x86)/atollic/truestudio for arm 8.0.0/armtools/bin/../lib/gcc/arm-atollic-eabi/6.3.1/../../../../arm-atollic-eabi/lib/armv7e-m/fpu\libc_nano.a
LOAD c:/program files (x86)/atollic/truestudio for arm 8.0.0/armtools/bin/../lib/gcc/arm-atollic-eabi/6.3.1/../../../../arm-atollic-eabi/lib/armv7e-m/fpu\libm.a
END GROUP
START GROUP
LOAD c:/program files (x86)/atollic/truestudio for arm 8.0.0/armtools/bin/../lib/gcc/arm-atollic-eabi/6.3.1/armv7e-m/fpu\libgcc.a
LOAD c:/program files (x86)/atollic/truestudio for arm 8.0.0/armtools/bin/../lib/gcc/arm-atollic-eabi/6.3.1/../../../../arm-atollic-eabi/lib/armv7e-m/fpu\libc_nano.a
END GROUP
START GROUP
LOAD c:/program files (x86)/atollic/truestudio for arm 8.0.0/armtools/bin/../lib/gcc/arm-atollic-eabi/6.3.1/armv7e-m/fpu\libgcc.a
LOAD c:/program files (x86)/atollic/truestudio for arm 8.0.0/armtools/bin/../lib/gcc/arm-atollic-eabi/6.3.1/../../../../arm-atollic-eabi/lib/armv7e-m/fpu\libc_nano.a
LOAD c:/program files (x86)/atollic/truestudio for arm 8.0.0/armtools/bin/../lib/gcc/arm-atollic-eabi/6.3.1/../../../../arm-atollic-eabi/lib/armv7e-m/fpu\libnosys.a
END GROUP
START GROUP
LOAD c:/program files (x86)/atollic/truestudio for arm 8.0.0/armtools/bin/../lib/gcc/arm-atollic-eabi/6.3.1/armv7e-m/fpu\libgcc.a
LOAD c:/program files (x86)/atollic/truestudio for arm 8.0.0/armtools/bin/../lib/gcc/arm-atollic-eabi/6.3.1/../../../../arm-atollic-eabi/lib/armv7e-m/fpu\libc_nano.a
LOAD c:/program files (x86)/atollic/truestudio for arm 8.0.0/armtools/bin/../lib/gcc/arm-atollic-eabi/6.3.1/../../../../arm-atollic-eabi/lib/armv7e-m/fpu\libnosys.a
END GROUP
LOAD c:/program files (x86)/atollic/truestudio for arm 8.0.0/armtools/bin/../lib/gcc/arm-atollic-eabi/6.3.1/armv7e-m/fpu/crtend.o
LOAD c:/program files (x86)/atollic/truestudio for arm 8.0.0/armtools/bin/../lib/gcc/arm-atollic-eabi/6.3.1/armv7e-m/fpu/crtn.o
                0x20003000                _estack = 0x20003000
                0x00000200                _Min_Heap_Size = 0x200
                0x00000400                _Min_Stack_Size = 0x400

.isr_vector     0x08000000      0x188
                0x08000000                . = ALIGN (0x4)
 *(.isr_vector)
 .isr_vector    0x08000000      0x188 startup\startup_stm32f334x8.o
                0x08000000                g_pfnVectors
                0x08000188                . = ALIGN (0x4)

.text           0x08000190     0x5c3c
                0x08000190                . = ALIGN (0x4)
 *(.text)
 .text          0x08000190       0x40 c:/program files (x86)/atollic/truestudio for arm 8.0.0/armtools/bin/../lib/gcc/arm-atollic-eabi/6.3.1/armv7e-m/fpu/crtbegin.o
 .text          0x080001d0       0x10 c:/program files (x86)/atollic/truestudio for arm 8.0.0/armtools/bin/../lib/gcc/arm-atollic-eabi/6.3.1/../../../../arm-atollic-eabi/lib/armv7e-m/fpu\libc_nano.a(lib_a-strlen.o)
                0x080001d0                strlen
 .text          0x080001e0       0xa0 c:/program files (x86)/atollic/truestudio for arm 8.0.0/armtools/bin/../lib/gcc/arm-atollic-eabi/6.3.1/../../../../arm-atollic-eabi/lib/armv7e-m/fpu\libc_nano.a(lib_a-memchr.o)
                0x080001e0                memchr
 .text          0x08000280      0x370 c:/program files (x86)/atollic/truestudio for arm 8.0.0/armtools/bin/../lib/gcc/arm-atollic-eabi/6.3.1/armv7e-m/fpu\libgcc.a(_arm_addsubdf3.o)
                0x08000280                __aeabi_drsub
                0x08000288                __aeabi_dsub
                0x08000288                __subdf3
                0x0800028c                __aeabi_dadd
                0x0800028c                __adddf3
                0x08000504                __floatunsidf
                0x08000504                __aeabi_ui2d
                0x08000524                __floatsidf
                0x08000524                __aeabi_i2d
                0x08000548                __aeabi_f2d
                0x08000548                __extendsfdf2
                0x08000584                __floatundidf
                0x08000584                __aeabi_ul2d
                0x08000594                __floatdidf
                0x08000594                __aeabi_l2d
 .text          0x080005f0      0x424 c:/program files (x86)/atollic/truestudio for arm 8.0.0/armtools/bin/../lib/gcc/arm-atollic-eabi/6.3.1/armv7e-m/fpu\libgcc.a(_arm_muldivdf3.o)
                0x080005f0                __aeabi_dmul
                0x080005f0                __muldf3
                0x08000844                __divdf3
                0x08000844                __aeabi_ddiv
 .text          0x08000a14      0x110 c:/program files (x86)/atollic/truestudio for arm 8.0.0/armtools/bin/../lib/gcc/arm-atollic-eabi/6.3.1/armv7e-m/fpu\libgcc.a(_arm_cmpdf2.o)
                0x08000a14                __gtdf2
                0x08000a14                __gedf2
                0x08000a1c                __ltdf2
                0x08000a1c                __ledf2
                0x08000a24                __nedf2
                0x08000a24                __eqdf2
                0x08000a24                __cmpdf2
                0x08000aa0                __aeabi_cdrcmple
                0x08000ab0                __aeabi_cdcmpeq
                0x08000ab0                __aeabi_cdcmple
                0x08000ac0                __aeabi_dcmpeq
                0x08000ad4                __aeabi_dcmplt
                0x08000ae8                __aeabi_dcmple
                0x08000afc                __aeabi_dcmpge
                0x08000b10                __aeabi_dcmpgt
 .text          0x08000b24       0x2c c:/program files (x86)/atollic/truestudio for arm 8.0.0/armtools/bin/../lib/gcc/arm-atollic-eabi/6.3.1/armv7e-m/fpu\libgcc.a(_arm_unorddf2.o)
                0x08000b24                __unorddf2
                0x08000b24                __aeabi_dcmpun
 .text          0x08000b50       0x40 c:/program files (x86)/atollic/truestudio for arm 8.0.0/armtools/bin/../lib/gcc/arm-atollic-eabi/6.3.1/armv7e-m/fpu\libgcc.a(_arm_fixunsdfsi.o)
                0x08000b50                __aeabi_d2uiz
                0x08000b50                __fixunsdfsi
 .text          0x08000b90       0x30 c:/program files (x86)/atollic/truestudio for arm 8.0.0/armtools/bin/../lib/gcc/arm-atollic-eabi/6.3.1/armv7e-m/fpu\libgcc.a(_aeabi_uldivmod.o)
                0x08000b90                __aeabi_uldivmod
 .text          0x08000bc0       0x48 c:/program files (x86)/atollic/truestudio for arm 8.0.0/armtools/bin/../lib/gcc/arm-atollic-eabi/6.3.1/armv7e-m/fpu\libgcc.a(_fixunsdfdi.o)
                0x08000bc0                __fixunsdfdi
                0x08000bc0                __aeabi_d2ulz
 .text          0x08000c08      0x2dc c:/program files (x86)/atollic/truestudio for arm 8.0.0/armtools/bin/../lib/gcc/arm-atollic-eabi/6.3.1/armv7e-m/fpu\libgcc.a(_udivmoddi4.o)
                0x08000c08                __udivmoddi4
 .text          0x08000ee4        0x4 c:/program files (x86)/atollic/truestudio for arm 8.0.0/armtools/bin/../lib/gcc/arm-atollic-eabi/6.3.1/armv7e-m/fpu\libgcc.a(_dvmd_tls.o)
                0x08000ee4                __aeabi_idiv0
                0x08000ee4                __aeabi_ldiv0
 *(.text*)
 .text.HAL_InitTick
                0x08000ee8       0x2c Drivers\STM32F3xx_HAL_Driver\Src\stm32f3xx_hal.o
                0x08000ee8                HAL_InitTick
 .text.HAL_Init
                0x08000f14       0x24 Drivers\STM32F3xx_HAL_Driver\Src\stm32f3xx_hal.o
                0x08000f14                HAL_Init
 .text.HAL_IncTick
                0x08000f38       0x10 Drivers\STM32F3xx_HAL_Driver\Src\stm32f3xx_hal.o
                0x08000f38                HAL_IncTick
 .text.HAL_GetTick
                0x08000f48        0xc Drivers\STM32F3xx_HAL_Driver\Src\stm32f3xx_hal.o
                0x08000f48                HAL_GetTick
 .text.ADC_Disable
                0x08000f54       0x74 Drivers\STM32F3xx_HAL_Driver\Src\stm32f3xx_hal_adc_ex.o
 .text.HAL_ADC_Init
                0x08000fc8      0x214 Drivers\STM32F3xx_HAL_Driver\Src\stm32f3xx_hal_adc_ex.o
                0x08000fc8                HAL_ADC_Init
 .text.HAL_ADC_ConfigChannel
                0x080011dc      0x32c Drivers\STM32F3xx_HAL_Driver\Src\stm32f3xx_hal_adc_ex.o
                0x080011dc                HAL_ADC_ConfigChannel
 .text.HAL_NVIC_SetPriorityGrouping
                0x08001508       0x24 Drivers\STM32F3xx_HAL_Driver\Src\stm32f3xx_hal_cortex.o
                0x08001508                HAL_NVIC_SetPriorityGrouping
 .text.HAL_NVIC_SetPriority
                0x0800152c       0x6c Drivers\STM32F3xx_HAL_Driver\Src\stm32f3xx_hal_cortex.o
                0x0800152c                HAL_NVIC_SetPriority
 .text.HAL_NVIC_EnableIRQ
                0x08001598       0x18 Drivers\STM32F3xx_HAL_Driver\Src\stm32f3xx_hal_cortex.o
                0x08001598                HAL_NVIC_EnableIRQ
 .text.HAL_SYSTICK_Config
                0x080015b0       0x34 Drivers\STM32F3xx_HAL_Driver\Src\stm32f3xx_hal_cortex.o
                0x080015b0                HAL_SYSTICK_Config
 .text.HAL_SYSTICK_CLKSourceConfig
                0x080015e4       0x18 Drivers\STM32F3xx_HAL_Driver\Src\stm32f3xx_hal_cortex.o
                0x080015e4                HAL_SYSTICK_CLKSourceConfig
 .text.HAL_SYSTICK_Callback
                0x080015fc        0x4 Drivers\STM32F3xx_HAL_Driver\Src\stm32f3xx_hal_cortex.o
                0x080015fc                HAL_SYSTICK_Callback
 .text.HAL_SYSTICK_IRQHandler
                0x08001600        0x8 Drivers\STM32F3xx_HAL_Driver\Src\stm32f3xx_hal_cortex.o
                0x08001600                HAL_SYSTICK_IRQHandler
 .text.HAL_DMA_Init
                0x08001608       0x70 Drivers\STM32F3xx_HAL_Driver\Src\stm32f3xx_hal_dma.o
                0x08001608                HAL_DMA_Init
 .text.HAL_DMA_Abort_IT
                0x08001678       0x48 Drivers\STM32F3xx_HAL_Driver\Src\stm32f3xx_hal_dma.o
                0x08001678                HAL_DMA_Abort_IT
 .text.HAL_DMA_IRQHandler
                0x080016c0       0x98 Drivers\STM32F3xx_HAL_Driver\Src\stm32f3xx_hal_dma.o
                0x080016c0                HAL_DMA_IRQHandler
 .text.HAL_GPIO_Init
                0x08001758      0x1d4 Drivers\STM32F3xx_HAL_Driver\Src\stm32f3xx_hal_gpio.o
                0x08001758                HAL_GPIO_Init
 .text.HAL_GPIO_WritePin
                0x0800192c        0xc Drivers\STM32F3xx_HAL_Driver\Src\stm32f3xx_hal_gpio.o
                0x0800192c                HAL_GPIO_WritePin
 .text.HAL_GPIO_EXTI_Callback
                0x08001938        0x4 Drivers\STM32F3xx_HAL_Driver\Src\stm32f3xx_hal_gpio.o
                0x08001938                HAL_GPIO_EXTI_Callback
 .text.HAL_GPIO_EXTI_IRQHandler
                0x0800193c       0x18 Drivers\STM32F3xx_HAL_Driver\Src\stm32f3xx_hal_gpio.o
                0x0800193c                HAL_GPIO_EXTI_IRQHandler
 .text.HAL_I2C_Init
                0x08001954       0xac Drivers\STM32F3xx_HAL_Driver\Src\stm32f3xx_hal_i2c.o
                0x08001954                HAL_I2C_Init
 .text.HAL_I2C_EV_IRQHandler
                0x08001a00       0x1c Drivers\STM32F3xx_HAL_Driver\Src\stm32f3xx_hal_i2c.o
                0x08001a00                HAL_I2C_EV_IRQHandler
 .text.HAL_I2CEx_ConfigAnalogFilter
                0x08001a1c       0x54 Drivers\STM32F3xx_HAL_Driver\Src\stm32f3xx_hal_i2c_ex.o
                0x08001a1c                HAL_I2CEx_ConfigAnalogFilter
 .text.HAL_I2CEx_ConfigDigitalFilter
                0x08001a70       0x50 Drivers\STM32F3xx_HAL_Driver\Src\stm32f3xx_hal_i2c_ex.o
                0x08001a70                HAL_I2CEx_ConfigDigitalFilter
 .text.HAL_PWR_EnableBkUpAccess
                0x08001ac0       0x10 Drivers\STM32F3xx_HAL_Driver\Src\stm32f3xx_hal_pwr.o
                0x08001ac0                HAL_PWR_EnableBkUpAccess
 .text.HAL_RCC_OscConfig
                0x08001ad0      0x59c Drivers\STM32F3xx_HAL_Driver\Src\stm32f3xx_hal_rcc.o
                0x08001ad0                HAL_RCC_OscConfig
 .text.HAL_RCC_GetSysClockFreq
                0x0800206c       0x68 Drivers\STM32F3xx_HAL_Driver\Src\stm32f3xx_hal_rcc.o
                0x0800206c                HAL_RCC_GetSysClockFreq
 .text.HAL_RCC_ClockConfig
                0x080020d4      0x190 Drivers\STM32F3xx_HAL_Driver\Src\stm32f3xx_hal_rcc.o
                0x080020d4                HAL_RCC_ClockConfig
 .text.HAL_RCC_GetHCLKFreq
                0x08002264        0xc Drivers\STM32F3xx_HAL_Driver\Src\stm32f3xx_hal_rcc.o
                0x08002264                HAL_RCC_GetHCLKFreq
 .text.HAL_RCC_GetPCLK1Freq
                0x08002270       0x30 Drivers\STM32F3xx_HAL_Driver\Src\stm32f3xx_hal_rcc.o
                0x08002270                HAL_RCC_GetPCLK1Freq
 .text.HAL_RCC_GetPCLK2Freq
                0x080022a0       0x30 Drivers\STM32F3xx_HAL_Driver\Src\stm32f3xx_hal_rcc.o
                0x080022a0                HAL_RCC_GetPCLK2Freq
 .text.HAL_RCCEx_PeriphCLKConfig
                0x080022d0      0x184 Drivers\STM32F3xx_HAL_Driver\Src\stm32f3xx_hal_rcc_ex.o
                0x080022d0                HAL_RCCEx_PeriphCLKConfig
 .text.HAL_RTC_GetTime
                0x08002454       0x6c Drivers\STM32F3xx_HAL_Driver\Src\stm32f3xx_hal_rtc.o
                0x08002454                HAL_RTC_GetTime
 .text.HAL_RTC_WaitForSynchro
                0x080024c0       0x34 Drivers\STM32F3xx_HAL_Driver\Src\stm32f3xx_hal_rtc.o
                0x080024c0                HAL_RTC_WaitForSynchro
 .text.RTC_EnterInitMode
                0x080024f4       0x34 Drivers\STM32F3xx_HAL_Driver\Src\stm32f3xx_hal_rtc.o
                0x080024f4                RTC_EnterInitMode
 .text.HAL_RTC_Init
                0x08002528       0xb0 Drivers\STM32F3xx_HAL_Driver\Src\stm32f3xx_hal_rtc.o
                0x08002528                HAL_RTC_Init
 .text.HAL_RTC_SetTime
                0x080025d8      0x140 Drivers\STM32F3xx_HAL_Driver\Src\stm32f3xx_hal_rtc.o
                0x080025d8                HAL_RTC_SetTime
 .text.HAL_RTC_SetDate
                0x08002718      0x11c Drivers\STM32F3xx_HAL_Driver\Src\stm32f3xx_hal_rtc.o
                0x08002718                HAL_RTC_SetDate
 .text.HAL_RTCEx_SetWakeUpTimer_IT
                0x08002834       0xec Drivers\STM32F3xx_HAL_Driver\Src\stm32f3xx_hal_rtc_ex.o
                0x08002834                HAL_RTCEx_SetWakeUpTimer_IT
 .text.HAL_RTCEx_WakeUpTimerIRQHandler
                0x08002920       0x30 Drivers\STM32F3xx_HAL_Driver\Src\stm32f3xx_hal_rtc_ex.o
                0x08002920                HAL_RTCEx_WakeUpTimerIRQHandler
 .text.HAL_RTCEx_BKUPWrite
                0x08002950        0xc Drivers\STM32F3xx_HAL_Driver\Src\stm32f3xx_hal_rtc_ex.o
                0x08002950                HAL_RTCEx_BKUPWrite
 .text.HAL_RTCEx_BKUPRead
                0x0800295c        0xc Drivers\STM32F3xx_HAL_Driver\Src\stm32f3xx_hal_rtc_ex.o
                0x0800295c                HAL_RTCEx_BKUPRead
 .text.HAL_TIM_Base_Start_IT
                0x08002968       0x18 Drivers\STM32F3xx_HAL_Driver\Src\stm32f3xx_hal_tim.o
                0x08002968                HAL_TIM_Base_Start_IT
 .text.HAL_TIM_ConfigClockSource
                0x08002980      0x190 Drivers\STM32F3xx_HAL_Driver\Src\stm32f3xx_hal_tim.o
                0x08002980                HAL_TIM_ConfigClockSource
 .text.HAL_TIM_OC_DelayElapsedCallback
                0x08002b10        0x4 Drivers\STM32F3xx_HAL_Driver\Src\stm32f3xx_hal_tim.o
                0x08002b10                HAL_TIM_OC_DelayElapsedCallback
 .text.HAL_TIM_PWM_PulseFinishedCallback
                0x08002b14        0x4 Drivers\STM32F3xx_HAL_Driver\Src\stm32f3xx_hal_tim.o
                0x08002b14                HAL_TIM_PWM_PulseFinishedCallback
 .text.HAL_TIM_TriggerCallback
                0x08002b18        0x4 Drivers\STM32F3xx_HAL_Driver\Src\stm32f3xx_hal_tim.o
                0x08002b18                HAL_TIM_TriggerCallback
 .text.HAL_TIM_IRQHandler
                0x08002b1c      0x170 Drivers\STM32F3xx_HAL_Driver\Src\stm32f3xx_hal_tim.o
                0x08002b1c                HAL_TIM_IRQHandler
 .text.TIM_Base_SetConfig
                0x08002c8c       0xc0 Drivers\STM32F3xx_HAL_Driver\Src\stm32f3xx_hal_tim.o
                0x08002c8c                TIM_Base_SetConfig
 .text.HAL_TIM_Base_Init
                0x08002d4c       0x38 Drivers\STM32F3xx_HAL_Driver\Src\stm32f3xx_hal_tim.o
                0x08002d4c                HAL_TIM_Base_Init
 .text.HAL_TIMEx_MasterConfigSynchronization
                0x08002d84       0x4c Drivers\STM32F3xx_HAL_Driver\Src\stm32f3xx_hal_tim_ex.o
                0x08002d84                HAL_TIMEx_MasterConfigSynchronization
 .text.HAL_TIMEx_CommutationCallback
                0x08002dd0        0x4 Drivers\STM32F3xx_HAL_Driver\Src\stm32f3xx_hal_tim_ex.o
                0x08002dd0                HAL_TIMEx_CommutationCallback
 .text.HAL_TIMEx_BreakCallback
                0x08002dd4        0x4 Drivers\STM32F3xx_HAL_Driver\Src\stm32f3xx_hal_tim_ex.o
                0x08002dd4                HAL_TIMEx_BreakCallback
 .text.HAL_TIMEx_Break2Callback
                0x08002dd8        0x4 Drivers\STM32F3xx_HAL_Driver\Src\stm32f3xx_hal_tim_ex.o
                0x08002dd8                HAL_TIMEx_Break2Callback
 .text.HAL_UART_Transmit_IT
                0x08002ddc       0x48 Drivers\STM32F3xx_HAL_Driver\Src\stm32f3xx_hal_uart.o
                0x08002ddc                HAL_UART_Transmit_IT
 .text.HAL_UART_Receive_IT
                0x08002e24       0x94 Drivers\STM32F3xx_HAL_Driver\Src\stm32f3xx_hal_uart.o
                0x08002e24                HAL_UART_Receive_IT
 .text.HAL_UART_TxCpltCallback
                0x08002eb8        0x4 Drivers\STM32F3xx_HAL_Driver\Src\stm32f3xx_hal_uart.o
                0x08002eb8                HAL_UART_TxCpltCallback
 .text.HAL_UART_ErrorCallback
                0x08002ebc        0x4 Drivers\STM32F3xx_HAL_Driver\Src\stm32f3xx_hal_uart.o
                0x08002ebc                HAL_UART_ErrorCallback
 .text.UART_DMAAbortOnError
                0x08002ec0       0x18 Drivers\STM32F3xx_HAL_Driver\Src\stm32f3xx_hal_uart.o
 .text.UART_SetConfig
                0x08002ed8      0x1ac Drivers\STM32F3xx_HAL_Driver\Src\stm32f3xx_hal_uart.o
                0x08002ed8                UART_SetConfig
 .text.UART_AdvFeatureConfig
                0x08003084       0xb0 Drivers\STM32F3xx_HAL_Driver\Src\stm32f3xx_hal_uart.o
                0x08003084                UART_AdvFeatureConfig
 .text.UART_WaitOnFlagUntilTimeout
                0x08003134       0x68 Drivers\STM32F3xx_HAL_Driver\Src\stm32f3xx_hal_uart.o
                0x08003134                UART_WaitOnFlagUntilTimeout
 .text.UART_CheckIdleState
                0x0800319c       0x70 Drivers\STM32F3xx_HAL_Driver\Src\stm32f3xx_hal_uart.o
                0x0800319c                UART_CheckIdleState
 .text.HAL_UART_Init
                0x0800320c       0x6c Drivers\STM32F3xx_HAL_Driver\Src\stm32f3xx_hal_uart.o
                0x0800320c                HAL_UART_Init
 .text.UART_Transmit_IT
                0x08003278       0x68 Drivers\STM32F3xx_HAL_Driver\Src\stm32f3xx_hal_uart.o
                0x08003278                UART_Transmit_IT
 .text.UART_Receive_IT
                0x080032e0       0x78 Drivers\STM32F3xx_HAL_Driver\Src\stm32f3xx_hal_uart.o
                0x080032e0                UART_Receive_IT
 .text.HAL_UART_IRQHandler
                0x08003358      0x160 Drivers\STM32F3xx_HAL_Driver\Src\stm32f3xx_hal_uart.o
                0x08003358                HAL_UART_IRQHandler
 .text.HAL_UARTEx_WakeupCallback
                0x080034b8        0x4 Drivers\STM32F3xx_HAL_Driver\Src\stm32f3xx_hal_uart_ex.o
                0x080034b8                HAL_UARTEx_WakeupCallback
 *fill*         0x080034bc        0x4 
 .text.adc_comms
                0x080034c0      0x1c8 Src\adc_comms.o
                0x080034c0                adc_comms
 .text.HAL_UART_RxCpltCallback
                0x08003688       0x24 Src\functions.o
                0x08003688                HAL_UART_RxCpltCallback
 .text.HAL_TIM_IC_CaptureCallback
                0x080036ac        0xc Src\functions.o
                0x080036ac                HAL_TIM_IC_CaptureCallback
 .text.HAL_RTCEx_WakeUpTimerEventCallback
                0x080036b8        0xc Src\functions.o
                0x080036b8                HAL_RTCEx_WakeUpTimerEventCallback
 .text.init_peripherals
                0x080036c4      0x288 Src\initilize_peripherals.o
                0x080036c4                init_peripherals
 .text.MX_GPIO_Init
                0x0800394c      0x174 Src\main.o
 .text.MX_DMA_Init
                0x08003ac0       0x34 Src\main.o
 .text.HAL_TIM_PeriodElapsedCallback
                0x08003af4        0x2 Src\main.o
                0x08003af4                HAL_TIM_PeriodElapsedCallback
 .text._Error_Handler
                0x08003af6        0x2 Src\main.o
                0x08003af6                _Error_Handler
 .text.MX_TIM2_Init
                0x08003af8       0x74 Src\main.o
 .text.MX_USART1_UART_Init
                0x08003b6c       0x40 Src\main.o
 .text.MX_ADC2_Init
                0x08003bac       0xc8 Src\main.o
 .text.MX_RTC_Init
                0x08003c74       0xc4 Src\main.o
 .text.MX_I2C1_Init
                0x08003d38       0x68 Src\main.o
 .text.SystemClock_Config
                0x08003da0       0xc0 Src\main.o
                0x08003da0                SystemClock_Config
 .text.main     0x08003e60       0xac Src\main.o
                0x08003e60                main
 .text.seven_segment
                0x08003f0c       0xd0 Src\seven_segment.o
                0x08003f0c                seven_segment
 .text.seven_segment_display
                0x08003fdc      0x3e0 Src\seven_segment_display.o
                0x08003fdc                seven_segment_display
 .text.HAL_MspInit
                0x080043bc       0x7c Src\stm32f3xx_hal_msp.o
                0x080043bc                HAL_MspInit
 .text.HAL_ADC_MspInit
                0x08004438       0xa4 Src\stm32f3xx_hal_msp.o
                0x08004438                HAL_ADC_MspInit
 .text.HAL_I2C_MspInit
                0x080044dc       0x64 Src\stm32f3xx_hal_msp.o
                0x080044dc                HAL_I2C_MspInit
 .text.HAL_RTC_MspInit
                0x08004540       0x40 Src\stm32f3xx_hal_msp.o
                0x08004540                HAL_RTC_MspInit
 .text.HAL_TIM_Base_MspInit
                0x08004580       0x3c Src\stm32f3xx_hal_msp.o
                0x08004580                HAL_TIM_Base_MspInit
 .text.HAL_UART_MspInit
                0x080045bc       0x5c Src\stm32f3xx_hal_msp.o
                0x080045bc                HAL_UART_MspInit
 .text.SVC_Handler
                0x08004618        0x4 Src\stm32f3xx_it.o
                0x08004618                SVC_Handler
 .text.PendSV_Handler
                0x0800461c        0x4 Src\stm32f3xx_it.o
                0x0800461c                PendSV_Handler
 .text.SysTick_Handler
                0x08004620       0x18 Src\stm32f3xx_it.o
                0x08004620                SysTick_Handler
 .text.RTC_WKUP_IRQHandler
                0x08004638        0xc Src\stm32f3xx_it.o
                0x08004638                RTC_WKUP_IRQHandler
 .text.EXTI0_IRQHandler
                0x08004644       0x14 Src\stm32f3xx_it.o
                0x08004644                EXTI0_IRQHandler
 .text.DMA1_Channel2_IRQHandler
                0x08004658        0xc Src\stm32f3xx_it.o
                0x08004658                DMA1_Channel2_IRQHandler
 .text.EXTI9_5_IRQHandler
                0x08004664       0x14 Src\stm32f3xx_it.o
                0x08004664                EXTI9_5_IRQHandler
 .text.TIM2_IRQHandler
                0x08004678       0x18 Src\stm32f3xx_it.o
                0x08004678                TIM2_IRQHandler
 .text.I2C1_EV_IRQHandler
                0x08004690        0xc Src\stm32f3xx_it.o
                0x08004690                I2C1_EV_IRQHandler
 .text.USART1_IRQHandler
                0x0800469c        0xc Src\stm32f3xx_it.o
                0x0800469c                USART1_IRQHandler
 .text.SystemInit
                0x080046a8       0x70 Src\system_stm32f3xx.o
                0x080046a8                SystemInit
 .text.uart_comms
                0x08004718      0x870 Src\uart_comms.o
                0x08004718                uart_comms
 .text.Reset_Handler
                0x08004f88       0x50 startup\startup_stm32f334x8.o
                0x08004f88                Reset_Handler
 .text.Default_Handler
                0x08004fd8        0x2 startup\startup_stm32f334x8.o
                0x08004fd8                RTC_Alarm_IRQHandler
                0x08004fd8                HRTIM1_Master_IRQHandler
                0x08004fd8                DebugMon_Handler
                0x08004fd8                TIM1_CC_IRQHandler
                0x08004fd8                HardFault_Handler
                0x08004fd8                HRTIM1_FLT_IRQHandler
                0x08004fd8                PVD_IRQHandler
                0x08004fd8                HRTIM1_TIMD_IRQHandler
                0x08004fd8                TAMP_STAMP_IRQHandler
                0x08004fd8                NMI_Handler
                0x08004fd8                EXTI3_IRQHandler
                0x08004fd8                FPU_IRQHandler
                0x08004fd8                CAN_TX_IRQHandler
                0x08004fd8                TIM1_UP_TIM16_IRQHandler
                0x08004fd8                UsageFault_Handler
                0x08004fd8                ADC1_2_IRQHandler
                0x08004fd8                HRTIM1_TIME_IRQHandler
                0x08004fd8                SPI1_IRQHandler
                0x08004fd8                CAN_SCE_IRQHandler
                0x08004fd8                HRTIM1_TIMC_IRQHandler
                0x08004fd8                DMA1_Channel4_IRQHandler
                0x08004fd8                USART3_IRQHandler
                0x08004fd8                DMA1_Channel7_IRQHandler
                0x08004fd8                TIM7_DAC2_IRQHandler
                0x08004fd8                CAN_RX1_IRQHandler
                0x08004fd8                DMA1_Channel6_IRQHandler
                0x08004fd8                TIM3_IRQHandler
                0x08004fd8                RCC_IRQHandler
                0x08004fd8                DMA1_Channel1_IRQHandler
                0x08004fd8                Default_Handler
                0x08004fd8                EXTI15_10_IRQHandler
                0x08004fd8                COMP2_IRQHandler
                0x08004fd8                HRTIM1_TIMA_IRQHandler
                0x08004fd8                TIM6_DAC1_IRQHandler
                0x08004fd8                MemManage_Handler
                0x08004fd8                DMA1_Channel5_IRQHandler
                0x08004fd8                EXTI4_IRQHandler
                0x08004fd8                HRTIM1_TIMB_IRQHandler
                0x08004fd8                TIM1_TRG_COM_TIM17_IRQHandler
                0x08004fd8                DMA1_Channel3_IRQHandler
                0x08004fd8                WWDG_IRQHandler
                0x08004fd8                EXTI1_IRQHandler
                0x08004fd8                COMP4_6_IRQHandler
                0x08004fd8                USART2_IRQHandler
                0x08004fd8                FLASH_IRQHandler
                0x08004fd8                BusFault_Handler
                0x08004fd8                CAN_RX0_IRQHandler
                0x08004fd8                I2C1_ER_IRQHandler
                0x08004fd8                EXTI2_TSC_IRQHandler
                0x08004fd8                TIM1_BRK_TIM15_IRQHandler
 *fill*         0x08004fda        0x2 
 .text.calloc   0x08004fdc       0x10 c:/program files (x86)/atollic/truestudio for arm 8.0.0/armtools/bin/../lib/gcc/arm-atollic-eabi/6.3.1/../../../../arm-atollic-eabi/lib/armv7e-m/fpu\libc_nano.a(lib_a-calloc.o)
                0x08004fdc                calloc
 .text.__libc_init_array
                0x08004fec       0x48 c:/program files (x86)/atollic/truestudio for arm 8.0.0/armtools/bin/../lib/gcc/arm-atollic-eabi/6.3.1/../../../../arm-atollic-eabi/lib/armv7e-m/fpu\libc_nano.a(lib_a-init.o)
                0x08004fec                __libc_init_array
 .text.__itoa   0x08005034       0x30 c:/program files (x86)/atollic/truestudio for arm 8.0.0/armtools/bin/../lib/gcc/arm-atollic-eabi/6.3.1/../../../../arm-atollic-eabi/lib/armv7e-m/fpu\libc_nano.a(lib_a-itoa.o)
                0x08005034                __itoa
 .text.itoa     0x08005064        0x4 c:/program files (x86)/atollic/truestudio for arm 8.0.0/armtools/bin/../lib/gcc/arm-atollic-eabi/6.3.1/../../../../arm-atollic-eabi/lib/armv7e-m/fpu\libc_nano.a(lib_a-itoa.o)
                0x08005064                itoa
 .text.malloc   0x08005068       0x10 c:/program files (x86)/atollic/truestudio for arm 8.0.0/armtools/bin/../lib/gcc/arm-atollic-eabi/6.3.1/../../../../arm-atollic-eabi/lib/armv7e-m/fpu\libc_nano.a(lib_a-malloc.o)
                0x08005068                malloc
 .text.memcpy   0x08005078       0x16 c:/program files (x86)/atollic/truestudio for arm 8.0.0/armtools/bin/../lib/gcc/arm-atollic-eabi/6.3.1/../../../../arm-atollic-eabi/lib/armv7e-m/fpu\libc_nano.a(lib_a-memcpy-stub.o)
                0x08005078                memcpy
 .text.memset   0x0800508e       0x10 c:/program files (x86)/atollic/truestudio for arm 8.0.0/armtools/bin/../lib/gcc/arm-atollic-eabi/6.3.1/../../../../arm-atollic-eabi/lib/armv7e-m/fpu\libc_nano.a(lib_a-memset.o)
                0x0800508e                memset
 .text._calloc_r
                0x0800509e       0x1c c:/program files (x86)/atollic/truestudio for arm 8.0.0/armtools/bin/../lib/gcc/arm-atollic-eabi/6.3.1/../../../../arm-atollic-eabi/lib/armv7e-m/fpu\libc_nano.a(lib_a-nano-callocr.o)
                0x0800509e                _calloc_r
 *fill*         0x080050ba        0x2 
 .text._free_r  0x080050bc       0x9c c:/program files (x86)/atollic/truestudio for arm 8.0.0/armtools/bin/../lib/gcc/arm-atollic-eabi/6.3.1/../../../../arm-atollic-eabi/lib/armv7e-m/fpu\libc_nano.a(lib_a-nano-freer.o)
                0x080050bc                _free_r
 .text._malloc_r
                0x08005158       0xbc c:/program files (x86)/atollic/truestudio for arm 8.0.0/armtools/bin/../lib/gcc/arm-atollic-eabi/6.3.1/../../../../arm-atollic-eabi/lib/armv7e-m/fpu\libc_nano.a(lib_a-nano-mallocr.o)
                0x08005158                _malloc_r
 .text._sbrk_r  0x08005214       0x20 c:/program files (x86)/atollic/truestudio for arm 8.0.0/armtools/bin/../lib/gcc/arm-atollic-eabi/6.3.1/../../../../arm-atollic-eabi/lib/armv7e-m/fpu\libc_nano.a(lib_a-sbrkr.o)
                0x08005214                _sbrk_r
 .text.sprintf  0x08005234       0x48 c:/program files (x86)/atollic/truestudio for arm 8.0.0/armtools/bin/../lib/gcc/arm-atollic-eabi/6.3.1/../../../../arm-atollic-eabi/lib/armv7e-m/fpu\libc_nano.a(lib_a-sprintf.o)
                0x08005234                siprintf
                0x08005234                sprintf
 .text.strtok   0x0800527c       0x54 c:/program files (x86)/atollic/truestudio for arm 8.0.0/armtools/bin/../lib/gcc/arm-atollic-eabi/6.3.1/../../../../arm-atollic-eabi/lib/armv7e-m/fpu\libc_nano.a(lib_a-strtok.o)
                0x0800527c                strtok
 .text.__strtok_r
                0x080052d0       0x52 c:/program files (x86)/atollic/truestudio for arm 8.0.0/armtools/bin/../lib/gcc/arm-atollic-eabi/6.3.1/../../../../arm-atollic-eabi/lib/armv7e-m/fpu\libc_nano.a(lib_a-strtok_r.o)
                0x080052d0                __strtok_r
 .text._strtol_l.isra.0
                0x08005322      0x100 c:/program files (x86)/atollic/truestudio for arm 8.0.0/armtools/bin/../lib/gcc/arm-atollic-eabi/6.3.1/../../../../arm-atollic-eabi/lib/armv7e-m/fpu\libc_nano.a(lib_a-strtol.o)
 *fill*         0x08005422        0x2 
 .text.strtol   0x08005424       0x2c c:/program files (x86)/atollic/truestudio for arm 8.0.0/armtools/bin/../lib/gcc/arm-atollic-eabi/6.3.1/../../../../arm-atollic-eabi/lib/armv7e-m/fpu\libc_nano.a(lib_a-strtol.o)
                0x08005424                strtol
 .text.__utoa   0x08005450       0x80 c:/program files (x86)/atollic/truestudio for arm 8.0.0/armtools/bin/../lib/gcc/arm-atollic-eabi/6.3.1/../../../../arm-atollic-eabi/lib/armv7e-m/fpu\libc_nano.a(lib_a-utoa.o)
                0x08005450                __utoa
 .text.__locale_ctype_ptr_l
                0x080054d0        0x6 c:/program files (x86)/atollic/truestudio for arm 8.0.0/armtools/bin/../lib/gcc/arm-atollic-eabi/6.3.1/../../../../arm-atollic-eabi/lib/armv7e-m/fpu\libc_nano.a(lib_a-locale.o)
                0x080054d0                __locale_ctype_ptr_l
 .text.__ascii_mbtowc
                0x080054d6       0x24 c:/program files (x86)/atollic/truestudio for arm 8.0.0/armtools/bin/../lib/gcc/arm-atollic-eabi/6.3.1/../../../../arm-atollic-eabi/lib/armv7e-m/fpu\libc_nano.a(lib_a-mbtowc_r.o)
                0x080054d6                __ascii_mbtowc
 .text.__malloc_lock
                0x080054fa        0x2 c:/program files (x86)/atollic/truestudio for arm 8.0.0/armtools/bin/../lib/gcc/arm-atollic-eabi/6.3.1/../../../../arm-atollic-eabi/lib/armv7e-m/fpu\libc_nano.a(lib_a-mlock.o)
                0x080054fa                __malloc_lock
 .text.__malloc_unlock
                0x080054fc        0x2 c:/program files (x86)/atollic/truestudio for arm 8.0.0/armtools/bin/../lib/gcc/arm-atollic-eabi/6.3.1/../../../../arm-atollic-eabi/lib/armv7e-m/fpu\libc_nano.a(lib_a-mlock.o)
                0x080054fc                __malloc_unlock
 .text.__ssputs_r
                0x080054fe       0xb6 c:/program files (x86)/atollic/truestudio for arm 8.0.0/armtools/bin/../lib/gcc/arm-atollic-eabi/6.3.1/../../../../arm-atollic-eabi/lib/armv7e-m/fpu\libc_nano.a(lib_a-nano-svfprintf.o)
                0x080054fe                __ssputs_r
 .text._svfprintf_r
                0x080055b4      0x1e8 c:/program files (x86)/atollic/truestudio for arm 8.0.0/armtools/bin/../lib/gcc/arm-atollic-eabi/6.3.1/../../../../arm-atollic-eabi/lib/armv7e-m/fpu\libc_nano.a(lib_a-nano-svfprintf.o)
                0x080055b4                _svfiprintf_r
                0x080055b4                _svfprintf_r
 .text._printf_common
                0x0800579c       0xec c:/program files (x86)/atollic/truestudio for arm 8.0.0/armtools/bin/../lib/gcc/arm-atollic-eabi/6.3.1/../../../../arm-atollic-eabi/lib/armv7e-m/fpu\libc_nano.a(lib_a-nano-vfprintf_i.o)
                0x0800579c                _printf_common
 .text._printf_i
                0x08005888      0x240 c:/program files (x86)/atollic/truestudio for arm 8.0.0/armtools/bin/../lib/gcc/arm-atollic-eabi/6.3.1/../../../../arm-atollic-eabi/lib/armv7e-m/fpu\libc_nano.a(lib_a-nano-vfprintf_i.o)
                0x08005888                _printf_i
 .text.__ascii_wctomb
                0x08005ac8       0x1a c:/program files (x86)/atollic/truestudio for arm 8.0.0/armtools/bin/../lib/gcc/arm-atollic-eabi/6.3.1/../../../../arm-atollic-eabi/lib/armv7e-m/fpu\libc_nano.a(lib_a-wctomb_r.o)
                0x08005ac8                __ascii_wctomb
 .text.memmove  0x08005ae2       0x34 c:/program files (x86)/atollic/truestudio for arm 8.0.0/armtools/bin/../lib/gcc/arm-atollic-eabi/6.3.1/../../../../arm-atollic-eabi/lib/armv7e-m/fpu\libc_nano.a(lib_a-memmove.o)
                0x08005ae2                memmove
 .text._realloc_r
                0x08005b16       0x4c c:/program files (x86)/atollic/truestudio for arm 8.0.0/armtools/bin/../lib/gcc/arm-atollic-eabi/6.3.1/../../../../arm-atollic-eabi/lib/armv7e-m/fpu\libc_nano.a(lib_a-nano-reallocr.o)
                0x08005b16                _realloc_r
 .text._malloc_usable_size_r
                0x08005b62       0x12 c:/program files (x86)/atollic/truestudio for arm 8.0.0/armtools/bin/../lib/gcc/arm-atollic-eabi/6.3.1/../../../../arm-atollic-eabi/lib/armv7e-m/fpu\libc_nano.a(lib_a-nano-msizer.o)
                0x08005b62                _malloc_usable_size_r
 .text.sqrt     0x08005b74       0xb4 c:/program files (x86)/atollic/truestudio for arm 8.0.0/armtools/bin/../lib/gcc/arm-atollic-eabi/6.3.1/../../../../arm-atollic-eabi/lib/armv7e-m/fpu\libm.a(lib_a-w_sqrt.o)
                0x08005b74                sqrt
 .text.__ieee754_sqrt
                0x08005c28      0x160 c:/program files (x86)/atollic/truestudio for arm 8.0.0/armtools/bin/../lib/gcc/arm-atollic-eabi/6.3.1/../../../../arm-atollic-eabi/lib/armv7e-m/fpu\libm.a(lib_a-e_sqrt.o)
                0x08005c28                __ieee754_sqrt
 .text.matherr  0x08005d88        0x4 c:/program files (x86)/atollic/truestudio for arm 8.0.0/armtools/bin/../lib/gcc/arm-atollic-eabi/6.3.1/../../../../arm-atollic-eabi/lib/armv7e-m/fpu\libm.a(lib_a-s_matherr.o)
                0x08005d88                matherr
 .text.__errno  0x08005d8c        0xc c:/program files (x86)/atollic/truestudio for arm 8.0.0/armtools/bin/../lib/gcc/arm-atollic-eabi/6.3.1/../../../../arm-atollic-eabi/lib/armv7e-m/fpu\libc_nano.a(lib_a-errno.o)
                0x08005d8c                __errno
 .text._sbrk    0x08005d98       0x1c c:/program files (x86)/atollic/truestudio for arm 8.0.0/armtools/bin/../lib/gcc/arm-atollic-eabi/6.3.1/../../../../arm-atollic-eabi/lib/armv7e-m/fpu\libnosys.a(sbrk.o)
                0x08005d98                _sbrk
 *(.glue_7)
 .glue_7        0x08005db4        0x0 linker stubs
 *(.glue_7t)
 .glue_7t       0x08005db4        0x0 linker stubs
 *(.eh_frame)
 .eh_frame      0x08005db4        0x0 c:/program files (x86)/atollic/truestudio for arm 8.0.0/armtools/bin/../lib/gcc/arm-atollic-eabi/6.3.1/armv7e-m/fpu/crtbegin.o
 *(.init)
 .init          0x08005db4        0x4 c:/program files (x86)/atollic/truestudio for arm 8.0.0/armtools/bin/../lib/gcc/arm-atollic-eabi/6.3.1/armv7e-m/fpu/crti.o
                0x08005db4                _init
 .init          0x08005db8        0x8 c:/program files (x86)/atollic/truestudio for arm 8.0.0/armtools/bin/../lib/gcc/arm-atollic-eabi/6.3.1/armv7e-m/fpu/crtn.o
 *(.fini)
 .fini          0x08005dc0        0x4 c:/program files (x86)/atollic/truestudio for arm 8.0.0/armtools/bin/../lib/gcc/arm-atollic-eabi/6.3.1/armv7e-m/fpu/crti.o
                0x08005dc0                _fini
 .fini          0x08005dc4        0x8 c:/program files (x86)/atollic/truestudio for arm 8.0.0/armtools/bin/../lib/gcc/arm-atollic-eabi/6.3.1/armv7e-m/fpu/crtn.o
                0x08005dcc                . = ALIGN (0x4)
                0x08005dcc                _etext = .

.vfp11_veneer   0x08005dcc        0x0
 .vfp11_veneer  0x08005dcc        0x0 linker stubs

.v4_bx          0x08005dcc        0x0
 .v4_bx         0x08005dcc        0x0 linker stubs

.iplt           0x08005dcc        0x0
 .iplt          0x08005dcc        0x0 c:/program files (x86)/atollic/truestudio for arm 8.0.0/armtools/bin/../lib/gcc/arm-atollic-eabi/6.3.1/armv7e-m/fpu/crtbegin.o

.rodata         0x08005dcc      0x1e8
                0x08005dcc                . = ALIGN (0x4)
 *(.rodata)
 *(.rodata*)
 .rodata.aPLLMULFactorTable
                0x08005dcc       0x10 Drivers\STM32F3xx_HAL_Driver\Src\stm32f3xx_hal_rcc.o
                0x08005dcc                aPLLMULFactorTable
 .rodata.aPredivFactorTable
                0x08005ddc       0x10 Drivers\STM32F3xx_HAL_Driver\Src\stm32f3xx_hal_rcc.o
                0x08005ddc                aPredivFactorTable
 .rodata.CSWTCH.45
                0x08005dec        0x4 Drivers\STM32F3xx_HAL_Driver\Src\stm32f3xx_hal_uart.o
 .rodata.adc_comms.str1.4
                0x08005df0        0x4 Src\adc_comms.o
 .rodata.init_peripherals.str1.4
                0x08005df4        0x4 Src\initilize_peripherals.o
 .rodata.MX_TIM2_Init.str1.4
                0x08005df4        0xe Src\main.o
 *fill*         0x08005e02        0x2 
 .rodata.HAL_ADC_MspInit.str1.4
                0x08005e04       0x1b Src\stm32f3xx_hal_msp.o
 *fill*         0x08005e1f        0x1 
 .rodata.AHBPrescTable
                0x08005e20       0x10 Src\system_stm32f3xx.o
                0x08005e20                AHBPrescTable
 .rodata.APBPrescTable
                0x08005e30        0x8 Src\system_stm32f3xx.o
                0x08005e30                APBPrescTable
 .rodata.uart_comms.str1.4
                0x08005e38       0x14 Src\uart_comms.o
                                 0x11 (size before relaxing)
 .rodata.__utoa.str1.1
                0x08005e4c       0x25 c:/program files (x86)/atollic/truestudio for arm 8.0.0/armtools/bin/../lib/gcc/arm-atollic-eabi/6.3.1/../../../../arm-atollic-eabi/lib/armv7e-m/fpu\libc_nano.a(lib_a-utoa.o)
 .rodata._setlocale_r.str1.1
                0x08005e71        0x8 c:/program files (x86)/atollic/truestudio for arm 8.0.0/armtools/bin/../lib/gcc/arm-atollic-eabi/6.3.1/../../../../arm-atollic-eabi/lib/armv7e-m/fpu\libc_nano.a(lib_a-locale.o)
                                  0x9 (size before relaxing)
 .rodata.str1.1
                0x08005e79        0x2 c:/program files (x86)/atollic/truestudio for arm 8.0.0/armtools/bin/../lib/gcc/arm-atollic-eabi/6.3.1/../../../../arm-atollic-eabi/lib/armv7e-m/fpu\libc_nano.a(lib_a-locale.o)
 .rodata._svfprintf_r.str1.1
                0x08005e7b       0x11 c:/program files (x86)/atollic/truestudio for arm 8.0.0/armtools/bin/../lib/gcc/arm-atollic-eabi/6.3.1/../../../../arm-atollic-eabi/lib/armv7e-m/fpu\libc_nano.a(lib_a-nano-svfprintf.o)
 .rodata._printf_i.str1.1
                0x08005e8c       0x22 c:/program files (x86)/atollic/truestudio for arm 8.0.0/armtools/bin/../lib/gcc/arm-atollic-eabi/6.3.1/../../../../arm-atollic-eabi/lib/armv7e-m/fpu\libc_nano.a(lib_a-nano-vfprintf_i.o)
 .rodata._ctype_
                0x08005eae      0x101 c:/program files (x86)/atollic/truestudio for arm 8.0.0/armtools/bin/../lib/gcc/arm-atollic-eabi/6.3.1/../../../../arm-atollic-eabi/lib/armv7e-m/fpu\libc_nano.a(lib_a-ctype_.o)
                0x08005eae                _ctype_
 .rodata.sqrt.str1.1
                0x08005faf        0x5 c:/program files (x86)/atollic/truestudio for arm 8.0.0/armtools/bin/../lib/gcc/arm-atollic-eabi/6.3.1/../../../../arm-atollic-eabi/lib/armv7e-m/fpu\libm.a(lib_a-w_sqrt.o)
                0x08005fb4                . = ALIGN (0x4)

.ARM.extab
 *(.ARM.extab* .gnu.linkonce.armextab.*)

.ARM            0x08005fb4        0x8
                0x08005fb4                __exidx_start = .
 *(.ARM.exidx*)
 .ARM.exidx     0x08005fb4        0x8 c:/program files (x86)/atollic/truestudio for arm 8.0.0/armtools/bin/../lib/gcc/arm-atollic-eabi/6.3.1/armv7e-m/fpu\libgcc.a(_udivmoddi4.o)
                0x08005fbc                __exidx_end = .

.rel.dyn        0x08005fbc        0x0
 .rel.iplt      0x08005fbc        0x0 c:/program files (x86)/atollic/truestudio for arm 8.0.0/armtools/bin/../lib/gcc/arm-atollic-eabi/6.3.1/armv7e-m/fpu/crtbegin.o

.preinit_array  0x08005fbc        0x0
                0x08005fbc                PROVIDE (__preinit_array_start, .)
 *(.preinit_array*)
                0x08005fbc                PROVIDE (__preinit_array_end, .)

.init_array     0x08005fbc        0x4
                0x08005fbc                PROVIDE (__init_array_start, .)
 *(SORT(.init_array.*))
 *(.init_array*)
 .init_array    0x08005fbc        0x4 c:/program files (x86)/atollic/truestudio for arm 8.0.0/armtools/bin/../lib/gcc/arm-atollic-eabi/6.3.1/armv7e-m/fpu/crtbegin.o
                0x08005fc0                PROVIDE (__init_array_end, .)

.fini_array     0x08005fc0        0x4
                [!provide]                PROVIDE (__fini_array_start, .)
 *(SORT(.fini_array.*))
 *(.fini_array*)
 .fini_array    0x08005fc0        0x4 c:/program files (x86)/atollic/truestudio for arm 8.0.0/armtools/bin/../lib/gcc/arm-atollic-eabi/6.3.1/armv7e-m/fpu/crtbegin.o
                [!provide]                PROVIDE (__fini_array_end, .)
                0x08005fc4                _sidata = LOADADDR (.data)

.data           0x20000000      0x200 load address 0x08005fc4
                0x20000000                . = ALIGN (0x4)
                0x20000000                _sdata = .
 *(.data)
 *(.data*)
 .data.SystemCoreClock
                0x20000000        0x4 Src\system_stm32f3xx.o
                0x20000000                SystemCoreClock
 .data.comma    0x20000004        0x2 Src\variables.o
                0x20000004                comma
 *fill*         0x20000006        0x2 
 .data.endSimbol
                0x20000008        0x8 Src\variables.o
                0x20000008                endSimbol
 .data.heater_OFF
                0x20000010        0x3 Src\variables.o
                0x20000010                heater_OFF
 *fill*         0x20000013        0x1 
 .data.heater_ON
                0x20000014        0x2 Src\variables.o
                0x20000014                heater_ON
 *fill*         0x20000016        0x2 
 .data.studentnumber1
                0x20000018        0x8 Src\variables.o
                0x20000018                studentnumber1
 .data.valve_CLOSE
                0x20000020        0x6 Src\variables.o
                0x20000020                valve_CLOSE
 *fill*         0x20000026        0x2 
 .data.valve_OPEN
                0x20000028        0x4 Src\variables.o
                0x20000028                valve_OPEN
 .data._impure_ptr
                0x2000002c        0x4 c:/program files (x86)/atollic/truestudio for arm 8.0.0/armtools/bin/../lib/gcc/arm-atollic-eabi/6.3.1/../../../../arm-atollic-eabi/lib/armv7e-m/fpu\libc_nano.a(lib_a-impure.o)
                0x2000002c                _impure_ptr
 .data.impure_data
                0x20000030       0x60 c:/program files (x86)/atollic/truestudio for arm 8.0.0/armtools/bin/../lib/gcc/arm-atollic-eabi/6.3.1/../../../../arm-atollic-eabi/lib/armv7e-m/fpu\libc_nano.a(lib_a-impure.o)
 .data.__global_locale
                0x20000090      0x16c c:/program files (x86)/atollic/truestudio for arm 8.0.0/armtools/bin/../lib/gcc/arm-atollic-eabi/6.3.1/../../../../arm-atollic-eabi/lib/armv7e-m/fpu\libc_nano.a(lib_a-locale.o)
                0x20000090                __global_locale
 .data.__fdlib_version
                0x200001fc        0x1 c:/program files (x86)/atollic/truestudio for arm 8.0.0/armtools/bin/../lib/gcc/arm-atollic-eabi/6.3.1/../../../../arm-atollic-eabi/lib/armv7e-m/fpu\libm.a(lib_a-s_lib_ver.o)
                0x200001fc                __fdlib_version
                0x20000200                . = ALIGN (0x4)
 *fill*         0x200001fd        0x3 
                0x20000200                _edata = .
                0x080061c4                _siccmram = LOADADDR (.ccmram)

.igot.plt       0x20000200        0x0 load address 0x080061c4
 .igot.plt      0x20000200        0x0 c:/program files (x86)/atollic/truestudio for arm 8.0.0/armtools/bin/../lib/gcc/arm-atollic-eabi/6.3.1/armv7e-m/fpu/crtbegin.o

.ccmram         0x10000000        0x0 load address 0x080061c4
                0x10000000                . = ALIGN (0x4)
                0x10000000                _sccmram = .
 *(.ccmram)
 *(.ccmram*)
                0x10000000                . = ALIGN (0x4)
                0x10000000                _eccmram = .
                0x10000000                . = ALIGN (0x4)

.bss            0x20000200      0x304
                0x20000200                _sbss = .
                0x20000200                __bss_start__ = _sbss
 *(.bss)
 .bss           0x20000200       0x1c c:/program files (x86)/atollic/truestudio for arm 8.0.0/armtools/bin/../lib/gcc/arm-atollic-eabi/6.3.1/armv7e-m/fpu/crtbegin.o
 *(.bss*)
 .bss.ADC1_buffer
                0x2000021c        0x4 Src\variables.o
                0x2000021c                ADC1_buffer
 .bss.ADC2_buffer
                0x20000220        0x4 Src\variables.o
                0x20000220                ADC2_buffer
 *fill*         0x20000224        0x4 
 .bss.adc_buffer_current
                0x20000228        0x8 Src\variables.o
                0x20000228                adc_buffer_current
 .bss.adc_buffer_voltage
                0x20000230        0x8 Src\variables.o
                0x20000230                adc_buffer_voltage
 .bss.adc_counter
                0x20000238        0x2 Src\variables.o
                0x20000238                adc_counter
 .bss.adc_flag  0x2000023a        0x1 Src\variables.o
                0x2000023a                adc_flag
 *fill*         0x2000023b        0x1 
 .bss.adc_raw_current
                0x2000023c        0x4 Src\variables.o
                0x2000023c                adc_raw_current
 .bss.adc_raw_voltage
                0x20000240        0x4 Src\variables.o
                0x20000240                adc_raw_voltage
 .bss.ambient_temp
                0x20000244        0x4 Src\variables.o
                0x20000244                ambient_temp
 .bss.auto_heating
                0x20000248        0x1 Src\variables.o
                0x20000248                auto_heating
 *fill*         0x20000249        0x3 
 .bss.current_int_rms
                0x2000024c        0x4 Src\variables.o
                0x2000024c                current_int_rms
 .bss.current_rms
                0x20000250        0x4 Src\variables.o
                0x20000250                current_rms
 .bss.date      0x20000254        0x4 Src\variables.o
                0x20000254                date
 .bss.enableFlashLogging
                0x20000258        0x1 Src\variables.o
                0x20000258                enableFlashLogging
 *fill*         0x20000259        0x3 
 .bss.geyser_temp
                0x2000025c        0x4 Src\variables.o
                0x2000025c                geyser_temp
 .bss.heat_schedule1
                0x20000260        0x4 Src\variables.o
                0x20000260                heat_schedule1
 .bss.heat_schedule2
                0x20000264        0x4 Src\variables.o
                0x20000264                heat_schedule2
 .bss.heat_schedule3
                0x20000268        0x4 Src\variables.o
                0x20000268                heat_schedule3
 .bss.heater_state
                0x2000026c        0x4 Src\variables.o
                0x2000026c                heater_state
 .bss.heating_info
                0x20000270        0x4 Src\variables.o
                0x20000270                heating_info
 .bss.new_time  0x20000274        0x4 Src\variables.o
                0x20000274                new_time
 .bss.raw_ambient_temp
                0x20000278        0x4 Src\variables.o
                0x20000278                raw_ambient_temp
 .bss.raw_geyser_temp
                0x2000027c        0x4 Src\variables.o
                0x2000027c                raw_geyser_temp
 .bss.return_value
                0x20000280        0x4 Src\variables.o
                0x20000280                return_value
 .bss.rtcSecFlag
                0x20000284        0x1 Src\variables.o
                0x20000284                rtcSecFlag
 .bss.rx_flag   0x20000285        0x1 Src\variables.o
                0x20000285                rx_flag
 .bss.segment_counter
                0x20000286        0x1 Src\variables.o
                0x20000286                segment_counter
 *fill*         0x20000287        0x1 
 .bss.segment_val
                0x20000288        0x4 Src\variables.o
                0x20000288                segment_val
 .bss.set_temp  0x2000028c        0x4 Src\variables.o
                0x2000028c                set_temp
 .bss.sizeOfTemp
                0x20000290        0x1 Src\variables.o
                0x20000290                sizeOfTemp
 .bss.systick_flag
                0x20000291        0x1 Src\variables.o
                0x20000291                systick_flag
 *fill*         0x20000292        0x2 
 .bss.temp_time_var
                0x20000294        0x4 Src\variables.o
                0x20000294                temp_time_var
 .bss.tim2_flag
                0x20000298        0x1 Src\variables.o
                0x20000298                tim2_flag
 .bss.tim3_flag
                0x20000299        0x1 Src\variables.o
                0x20000299                tim3_flag
 *fill*         0x2000029a        0x2 
 .bss.time      0x2000029c        0x4 Src\variables.o
                0x2000029c                time
 .bss.total_water
                0x200002a0        0x4 Src\variables.o
                0x200002a0                total_water
 .bss.touch_flag
                0x200002a4        0x1 Src\variables.o
                0x200002a4                touch_flag
 *fill*         0x200002a5        0x3 
 .bss.uart_command
                0x200002a8        0x4 Src\variables.o
                0x200002a8                uart_command
 .bss.uart_command_copy
                0x200002ac        0x4 Src\variables.o
                0x200002ac                uart_command_copy
 .bss.uart_counter
                0x200002b0        0x1 Src\variables.o
                0x200002b0                uart_counter
 *fill*         0x200002b1        0x3 
 .bss.valve_state
                0x200002b4        0x4 Src\variables.o
                0x200002b4                valve_state
 .bss.voltage_int_rms
                0x200002b8        0x4 Src\variables.o
                0x200002b8                voltage_int_rms
 .bss.voltage_rms
                0x200002bc        0x4 Src\variables.o
                0x200002bc                voltage_rms
 .bss.water_acc
                0x200002c0        0x4 Src\variables.o
                0x200002c0                water_acc
 .bss.__malloc_free_list
                0x200002c4        0x4 c:/program files (x86)/atollic/truestudio for arm 8.0.0/armtools/bin/../lib/gcc/arm-atollic-eabi/6.3.1/../../../../arm-atollic-eabi/lib/armv7e-m/fpu\libc_nano.a(lib_a-nano-mallocr.o)
                0x200002c4                __malloc_free_list
 .bss.__malloc_sbrk_start
                0x200002c8        0x4 c:/program files (x86)/atollic/truestudio for arm 8.0.0/armtools/bin/../lib/gcc/arm-atollic-eabi/6.3.1/../../../../arm-atollic-eabi/lib/armv7e-m/fpu\libc_nano.a(lib_a-nano-mallocr.o)
                0x200002c8                __malloc_sbrk_start
 .bss.heap_end.5239
                0x200002cc        0x4 c:/program files (x86)/atollic/truestudio for arm 8.0.0/armtools/bin/../lib/gcc/arm-atollic-eabi/6.3.1/../../../../arm-atollic-eabi/lib/armv7e-m/fpu\libnosys.a(sbrk.o)
 *(COMMON)
 COMMON         0x200002d0        0x4 Drivers\STM32F3xx_HAL_Driver\Src\stm32f3xx_hal.o
                0x200002d0                uwTick
 COMMON         0x200002d4      0x214 Src\main.o
                0x200002d4                hadc2
                0x20000328                hi2c1
                0x20000374                Channel_3
                0x2000038c                Channel_1
                0x200003a4                Channel_4
                0x200003bc                huart1
                0x2000042c                hrtc
                0x2000044c                Channel_2
                0x20000464                htim2
                0x200004a4                hdma_adc2
 COMMON         0x200004e8       0x18 Src\variables.o
                0x200004e8                studentnumber
                0x200004ec                rx_buffer
                0x200004f0                heating_time_size
                0x200004f4                heating_schedule_info
 COMMON         0x20000500        0x4 c:/program files (x86)/atollic/truestudio for arm 8.0.0/armtools/bin/../lib/gcc/arm-atollic-eabi/6.3.1/../../../../arm-atollic-eabi/lib/armv7e-m/fpu\libc_nano.a(lib_a-reent.o)
                0x20000500                errno
                0x20000504                . = ALIGN (0x4)
                0x20000504                _ebss = .
                0x20000504                __bss_end__ = _ebss

._user_heap_stack
                0x20000504      0x600
                0x20000504                . = ALIGN (0x4)
                0x20000504                PROVIDE (end, .)
                [!provide]                PROVIDE (_end, .)
                0x20000704                . = (. + _Min_Heap_Size)
 *fill*         0x20000504      0x200 
                0x20000b04                . = (. + _Min_Stack_Size)
 *fill*         0x20000704      0x400 
                0x20000b04                . = ALIGN (0x4)

/DISCARD/
 libc.a(*)
 libm.a(*)
 libgcc.a(*)

.ARM.attributes
                0x00000000       0x30
 *(.ARM.attributes)
 .ARM.attributes
                0x00000000       0x22 c:/program files (x86)/atollic/truestudio for arm 8.0.0/armtools/bin/../lib/gcc/arm-atollic-eabi/6.3.1/armv7e-m/fpu/crti.o
 .ARM.attributes
                0x00000022       0x34 c:/program files (x86)/atollic/truestudio for arm 8.0.0/armtools/bin/../lib/gcc/arm-atollic-eabi/6.3.1/armv7e-m/fpu/crtbegin.o
 .ARM.attributes
                0x00000056       0x39 Drivers\STM32F3xx_HAL_Driver\Src\stm32f3xx_hal.o
 .ARM.attributes
                0x0000008f       0x39 Drivers\STM32F3xx_HAL_Driver\Src\stm32f3xx_hal_adc_ex.o
 .ARM.attributes
                0x000000c8       0x39 Drivers\STM32F3xx_HAL_Driver\Src\stm32f3xx_hal_cortex.o
 .ARM.attributes
                0x00000101       0x39 Drivers\STM32F3xx_HAL_Driver\Src\stm32f3xx_hal_dma.o
 .ARM.attributes
                0x0000013a       0x39 Drivers\STM32F3xx_HAL_Driver\Src\stm32f3xx_hal_gpio.o
 .ARM.attributes
                0x00000173       0x39 Drivers\STM32F3xx_HAL_Driver\Src\stm32f3xx_hal_i2c.o
 .ARM.attributes
                0x000001ac       0x39 Drivers\STM32F3xx_HAL_Driver\Src\stm32f3xx_hal_i2c_ex.o
 .ARM.attributes
                0x000001e5       0x39 Drivers\STM32F3xx_HAL_Driver\Src\stm32f3xx_hal_pwr.o
 .ARM.attributes
                0x0000021e       0x39 Drivers\STM32F3xx_HAL_Driver\Src\stm32f3xx_hal_rcc.o
 .ARM.attributes
                0x00000257       0x39 Drivers\STM32F3xx_HAL_Driver\Src\stm32f3xx_hal_rcc_ex.o
 .ARM.attributes
                0x00000290       0x39 Drivers\STM32F3xx_HAL_Driver\Src\stm32f3xx_hal_rtc.o
 .ARM.attributes
                0x000002c9       0x39 Drivers\STM32F3xx_HAL_Driver\Src\stm32f3xx_hal_rtc_ex.o
 .ARM.attributes
                0x00000302       0x39 Drivers\STM32F3xx_HAL_Driver\Src\stm32f3xx_hal_tim.o
 .ARM.attributes
                0x0000033b       0x39 Drivers\STM32F3xx_HAL_Driver\Src\stm32f3xx_hal_tim_ex.o
 .ARM.attributes
                0x00000374       0x39 Drivers\STM32F3xx_HAL_Driver\Src\stm32f3xx_hal_uart.o
 .ARM.attributes
                0x000003ad       0x39 Drivers\STM32F3xx_HAL_Driver\Src\stm32f3xx_hal_uart_ex.o
 .ARM.attributes
                0x000003e6       0x39 Src\adc_comms.o
 .ARM.attributes
                0x0000041f       0x35 Src\functions.o
 .ARM.attributes
                0x00000454       0x35 Src\initilize_peripherals.o
 .ARM.attributes
                0x00000489       0x39 Src\main.o
 .ARM.attributes
                0x000004c2       0x39 Src\seven_segment.o
 .ARM.attributes
                0x000004fb       0x39 Src\seven_segment_display.o
 .ARM.attributes
                0x00000534       0x39 Src\stm32f3xx_hal_msp.o
 .ARM.attributes
                0x0000056d       0x39 Src\stm32f3xx_it.o
 .ARM.attributes
                0x000005a6       0x39 Src\system_stm32f3xx.o
 .ARM.attributes
                0x000005df       0x39 Src\uart_comms.o
 .ARM.attributes
                0x00000618       0x39 Src\variables.o
 .ARM.attributes
                0x00000651       0x21 startup\startup_stm32f334x8.o
 .ARM.attributes
                0x00000672       0x34 c:/program files (x86)/atollic/truestudio for arm 8.0.0/armtools/bin/../lib/gcc/arm-atollic-eabi/6.3.1/../../../../arm-atollic-eabi/lib/armv7e-m/fpu\libc_nano.a(lib_a-calloc.o)
 .ARM.attributes
                0x000006a6       0x34 c:/program files (x86)/atollic/truestudio for arm 8.0.0/armtools/bin/../lib/gcc/arm-atollic-eabi/6.3.1/../../../../arm-atollic-eabi/lib/armv7e-m/fpu\libc_nano.a(lib_a-impure.o)
 .ARM.attributes
                0x000006da       0x34 c:/program files (x86)/atollic/truestudio for arm 8.0.0/armtools/bin/../lib/gcc/arm-atollic-eabi/6.3.1/../../../../arm-atollic-eabi/lib/armv7e-m/fpu\libc_nano.a(lib_a-init.o)
 .ARM.attributes
                0x0000070e       0x34 c:/program files (x86)/atollic/truestudio for arm 8.0.0/armtools/bin/../lib/gcc/arm-atollic-eabi/6.3.1/../../../../arm-atollic-eabi/lib/armv7e-m/fpu\libc_nano.a(lib_a-itoa.o)
 .ARM.attributes
                0x00000742       0x34 c:/program files (x86)/atollic/truestudio for arm 8.0.0/armtools/bin/../lib/gcc/arm-atollic-eabi/6.3.1/../../../../arm-atollic-eabi/lib/armv7e-m/fpu\libc_nano.a(lib_a-malloc.o)
 .ARM.attributes
                0x00000776       0x34 c:/program files (x86)/atollic/truestudio for arm 8.0.0/armtools/bin/../lib/gcc/arm-atollic-eabi/6.3.1/../../../../arm-atollic-eabi/lib/armv7e-m/fpu\libc_nano.a(lib_a-memcpy-stub.o)
 .ARM.attributes
                0x000007aa       0x34 c:/program files (x86)/atollic/truestudio for arm 8.0.0/armtools/bin/../lib/gcc/arm-atollic-eabi/6.3.1/../../../../arm-atollic-eabi/lib/armv7e-m/fpu\libc_nano.a(lib_a-memset.o)
 .ARM.attributes
                0x000007de       0x34 c:/program files (x86)/atollic/truestudio for arm 8.0.0/armtools/bin/../lib/gcc/arm-atollic-eabi/6.3.1/../../../../arm-atollic-eabi/lib/armv7e-m/fpu\libc_nano.a(lib_a-nano-callocr.o)
 .ARM.attributes
                0x00000812       0x34 c:/program files (x86)/atollic/truestudio for arm 8.0.0/armtools/bin/../lib/gcc/arm-atollic-eabi/6.3.1/../../../../arm-atollic-eabi/lib/armv7e-m/fpu\libc_nano.a(lib_a-nano-freer.o)
 .ARM.attributes
                0x00000846       0x34 c:/program files (x86)/atollic/truestudio for arm 8.0.0/armtools/bin/../lib/gcc/arm-atollic-eabi/6.3.1/../../../../arm-atollic-eabi/lib/armv7e-m/fpu\libc_nano.a(lib_a-nano-mallocr.o)
 .ARM.attributes
                0x0000087a       0x34 c:/program files (x86)/atollic/truestudio for arm 8.0.0/armtools/bin/../lib/gcc/arm-atollic-eabi/6.3.1/../../../../arm-atollic-eabi/lib/armv7e-m/fpu\libc_nano.a(lib_a-sbrkr.o)
 .ARM.attributes
                0x000008ae       0x34 c:/program files (x86)/atollic/truestudio for arm 8.0.0/armtools/bin/../lib/gcc/arm-atollic-eabi/6.3.1/../../../../arm-atollic-eabi/lib/armv7e-m/fpu\libc_nano.a(lib_a-sprintf.o)
 .ARM.attributes
                0x000008e2       0x1b c:/program files (x86)/atollic/truestudio for arm 8.0.0/armtools/bin/../lib/gcc/arm-atollic-eabi/6.3.1/../../../../arm-atollic-eabi/lib/armv7e-m/fpu\libc_nano.a(lib_a-strlen.o)
 .ARM.attributes
                0x000008fd       0x34 c:/program files (x86)/atollic/truestudio for arm 8.0.0/armtools/bin/../lib/gcc/arm-atollic-eabi/6.3.1/../../../../arm-atollic-eabi/lib/armv7e-m/fpu\libc_nano.a(lib_a-strtok.o)
 .ARM.attributes
                0x00000931       0x34 c:/program files (x86)/atollic/truestudio for arm 8.0.0/armtools/bin/../lib/gcc/arm-atollic-eabi/6.3.1/../../../../arm-atollic-eabi/lib/armv7e-m/fpu\libc_nano.a(lib_a-strtok_r.o)
 .ARM.attributes
                0x00000965       0x34 c:/program files (x86)/atollic/truestudio for arm 8.0.0/armtools/bin/../lib/gcc/arm-atollic-eabi/6.3.1/../../../../arm-atollic-eabi/lib/armv7e-m/fpu\libc_nano.a(lib_a-strtol.o)
 .ARM.attributes
                0x00000999       0x34 c:/program files (x86)/atollic/truestudio for arm 8.0.0/armtools/bin/../lib/gcc/arm-atollic-eabi/6.3.1/../../../../arm-atollic-eabi/lib/armv7e-m/fpu\libc_nano.a(lib_a-utoa.o)
 .ARM.attributes
                0x000009cd       0x34 c:/program files (x86)/atollic/truestudio for arm 8.0.0/armtools/bin/../lib/gcc/arm-atollic-eabi/6.3.1/../../../../arm-atollic-eabi/lib/armv7e-m/fpu\libc_nano.a(lib_a-locale.o)
 .ARM.attributes
                0x00000a01       0x34 c:/program files (x86)/atollic/truestudio for arm 8.0.0/armtools/bin/../lib/gcc/arm-atollic-eabi/6.3.1/../../../../arm-atollic-eabi/lib/armv7e-m/fpu\libc_nano.a(lib_a-mbtowc_r.o)
 .ARM.attributes
                0x00000a35       0x34 c:/program files (x86)/atollic/truestudio for arm 8.0.0/armtools/bin/../lib/gcc/arm-atollic-eabi/6.3.1/../../../../arm-atollic-eabi/lib/armv7e-m/fpu\libc_nano.a(lib_a-mlock.o)
 .ARM.attributes
                0x00000a69       0x34 c:/program files (x86)/atollic/truestudio for arm 8.0.0/armtools/bin/../lib/gcc/arm-atollic-eabi/6.3.1/../../../../arm-atollic-eabi/lib/armv7e-m/fpu\libc_nano.a(lib_a-nano-svfprintf.o)
 .ARM.attributes
                0x00000a9d       0x34 c:/program files (x86)/atollic/truestudio for arm 8.0.0/armtools/bin/../lib/gcc/arm-atollic-eabi/6.3.1/../../../../arm-atollic-eabi/lib/armv7e-m/fpu\libc_nano.a(lib_a-nano-vfprintf_i.o)
 .ARM.attributes
                0x00000ad1       0x34 c:/program files (x86)/atollic/truestudio for arm 8.0.0/armtools/bin/../lib/gcc/arm-atollic-eabi/6.3.1/../../../../arm-atollic-eabi/lib/armv7e-m/fpu\libc_nano.a(lib_a-reent.o)
 .ARM.attributes
                0x00000b05       0x34 c:/program files (x86)/atollic/truestudio for arm 8.0.0/armtools/bin/../lib/gcc/arm-atollic-eabi/6.3.1/../../../../arm-atollic-eabi/lib/armv7e-m/fpu\libc_nano.a(lib_a-wctomb_r.o)
 .ARM.attributes
                0x00000b39       0x34 c:/program files (x86)/atollic/truestudio for arm 8.0.0/armtools/bin/../lib/gcc/arm-atollic-eabi/6.3.1/../../../../arm-atollic-eabi/lib/armv7e-m/fpu\libc_nano.a(lib_a-ctype_.o)
 .ARM.attributes
                0x00000b6d       0x20 c:/program files (x86)/atollic/truestudio for arm 8.0.0/armtools/bin/../lib/gcc/arm-atollic-eabi/6.3.1/../../../../arm-atollic-eabi/lib/armv7e-m/fpu\libc_nano.a(lib_a-memchr.o)
 .ARM.attributes
                0x00000b8d       0x34 c:/program files (x86)/atollic/truestudio for arm 8.0.0/armtools/bin/../lib/gcc/arm-atollic-eabi/6.3.1/../../../../arm-atollic-eabi/lib/armv7e-m/fpu\libc_nano.a(lib_a-memmove.o)
 .ARM.attributes
                0x00000bc1       0x34 c:/program files (x86)/atollic/truestudio for arm 8.0.0/armtools/bin/../lib/gcc/arm-atollic-eabi/6.3.1/../../../../arm-atollic-eabi/lib/armv7e-m/fpu\libc_nano.a(lib_a-nano-reallocr.o)
 .ARM.attributes
                0x00000bf5       0x34 c:/program files (x86)/atollic/truestudio for arm 8.0.0/armtools/bin/../lib/gcc/arm-atollic-eabi/6.3.1/../../../../arm-atollic-eabi/lib/armv7e-m/fpu\libc_nano.a(lib_a-nano-msizer.o)
 .ARM.attributes
                0x00000c29       0x34 c:/program files (x86)/atollic/truestudio for arm 8.0.0/armtools/bin/../lib/gcc/arm-atollic-eabi/6.3.1/../../../../arm-atollic-eabi/lib/armv7e-m/fpu\libm.a(lib_a-w_sqrt.o)
 .ARM.attributes
                0x00000c5d       0x34 c:/program files (x86)/atollic/truestudio for arm 8.0.0/armtools/bin/../lib/gcc/arm-atollic-eabi/6.3.1/../../../../arm-atollic-eabi/lib/armv7e-m/fpu\libm.a(lib_a-e_sqrt.o)
 .ARM.attributes
                0x00000c91       0x34 c:/program files (x86)/atollic/truestudio for arm 8.0.0/armtools/bin/../lib/gcc/arm-atollic-eabi/6.3.1/../../../../arm-atollic-eabi/lib/armv7e-m/fpu\libm.a(lib_a-s_lib_ver.o)
 .ARM.attributes
                0x00000cc5       0x34 c:/program files (x86)/atollic/truestudio for arm 8.0.0/armtools/bin/../lib/gcc/arm-atollic-eabi/6.3.1/../../../../arm-atollic-eabi/lib/armv7e-m/fpu\libm.a(lib_a-s_matherr.o)
 .ARM.attributes
                0x00000cf9       0x34 c:/program files (x86)/atollic/truestudio for arm 8.0.0/armtools/bin/../lib/gcc/arm-atollic-eabi/6.3.1/../../../../arm-atollic-eabi/lib/armv7e-m/fpu\libc_nano.a(lib_a-errno.o)
 .ARM.attributes
                0x00000d2d       0x22 c:/program files (x86)/atollic/truestudio for arm 8.0.0/armtools/bin/../lib/gcc/arm-atollic-eabi/6.3.1/armv7e-m/fpu\libgcc.a(_arm_addsubdf3.o)
 .ARM.attributes
                0x00000d4f       0x22 c:/program files (x86)/atollic/truestudio for arm 8.0.0/armtools/bin/../lib/gcc/arm-atollic-eabi/6.3.1/armv7e-m/fpu\libgcc.a(_arm_muldivdf3.o)
 .ARM.attributes
                0x00000d71       0x22 c:/program files (x86)/atollic/truestudio for arm 8.0.0/armtools/bin/../lib/gcc/arm-atollic-eabi/6.3.1/armv7e-m/fpu\libgcc.a(_arm_cmpdf2.o)
 .ARM.attributes
                0x00000d93       0x22 c:/program files (x86)/atollic/truestudio for arm 8.0.0/armtools/bin/../lib/gcc/arm-atollic-eabi/6.3.1/armv7e-m/fpu\libgcc.a(_arm_unorddf2.o)
 .ARM.attributes
                0x00000db5       0x22 c:/program files (x86)/atollic/truestudio for arm 8.0.0/armtools/bin/../lib/gcc/arm-atollic-eabi/6.3.1/armv7e-m/fpu\libgcc.a(_arm_fixunsdfsi.o)
 .ARM.attributes
                0x00000dd7       0x22 c:/program files (x86)/atollic/truestudio for arm 8.0.0/armtools/bin/../lib/gcc/arm-atollic-eabi/6.3.1/armv7e-m/fpu\libgcc.a(_aeabi_uldivmod.o)
 .ARM.attributes
                0x00000df9       0x34 c:/program files (x86)/atollic/truestudio for arm 8.0.0/armtools/bin/../lib/gcc/arm-atollic-eabi/6.3.1/armv7e-m/fpu\libgcc.a(_fixunsdfdi.o)
 .ARM.attributes
                0x00000e2d       0x34 c:/program files (x86)/atollic/truestudio for arm 8.0.0/armtools/bin/../lib/gcc/arm-atollic-eabi/6.3.1/armv7e-m/fpu\libgcc.a(_udivmoddi4.o)
 .ARM.attributes
                0x00000e61       0x22 c:/program files (x86)/atollic/truestudio for arm 8.0.0/armtools/bin/../lib/gcc/arm-atollic-eabi/6.3.1/armv7e-m/fpu\libgcc.a(_dvmd_tls.o)
 .ARM.attributes
                0x00000e83       0x34 c:/program files (x86)/atollic/truestudio for arm 8.0.0/armtools/bin/../lib/gcc/arm-atollic-eabi/6.3.1/../../../../arm-atollic-eabi/lib/armv7e-m/fpu\libnosys.a(sbrk.o)
 .ARM.attributes
                0x00000eb7       0x22 c:/program files (x86)/atollic/truestudio for arm 8.0.0/armtools/bin/../lib/gcc/arm-atollic-eabi/6.3.1/armv7e-m/fpu/crtn.o
OUTPUT(edesign19231865.elf elf32-littlearm)

.debug_info     0x00000000    0x2f58c
 .debug_info    0x00000000      0xf54 Drivers\STM32F3xx_HAL_Driver\Src\stm32f3xx_hal.o
 .debug_info    0x00000f54     0x2291 Drivers\STM32F3xx_HAL_Driver\Src\stm32f3xx_hal_adc_ex.o
 .debug_info    0x000031e5     0x149c Drivers\STM32F3xx_HAL_Driver\Src\stm32f3xx_hal_cortex.o
 .debug_info    0x00004681     0x1046 Drivers\STM32F3xx_HAL_Driver\Src\stm32f3xx_hal_dma.o
 .debug_info    0x000056c7      0xf9e Drivers\STM32F3xx_HAL_Driver\Src\stm32f3xx_hal_gpio.o
 .debug_info    0x00006665     0x44aa Drivers\STM32F3xx_HAL_Driver\Src\stm32f3xx_hal_i2c.o
 .debug_info    0x0000ab0f     0x1152 Drivers\STM32F3xx_HAL_Driver\Src\stm32f3xx_hal_i2c_ex.o
 .debug_info    0x0000bc61      0xdcc Drivers\STM32F3xx_HAL_Driver\Src\stm32f3xx_hal_pwr.o
 .debug_info    0x0000ca2d     0x1b46 Drivers\STM32F3xx_HAL_Driver\Src\stm32f3xx_hal_rcc.o
 .debug_info    0x0000e573      0xe93 Drivers\STM32F3xx_HAL_Driver\Src\stm32f3xx_hal_rcc_ex.o
 .debug_info    0x0000f406     0x18f6 Drivers\STM32F3xx_HAL_Driver\Src\stm32f3xx_hal_rtc.o
 .debug_info    0x00010cfc     0x17ad Drivers\STM32F3xx_HAL_Driver\Src\stm32f3xx_hal_rtc_ex.o
 .debug_info    0x000124a9     0x4055 Drivers\STM32F3xx_HAL_Driver\Src\stm32f3xx_hal_tim.o
 .debug_info    0x000164fe     0x1f1c Drivers\STM32F3xx_HAL_Driver\Src\stm32f3xx_hal_tim_ex.o
 .debug_info    0x0001841a     0x227f Drivers\STM32F3xx_HAL_Driver\Src\stm32f3xx_hal_uart.o
 .debug_info    0x0001a699     0x1137 Drivers\STM32F3xx_HAL_Driver\Src\stm32f3xx_hal_uart_ex.o
 .debug_info    0x0001b7d0     0x18f6 Src\adc_comms.o
 .debug_info    0x0001d0c6     0x1b70 Src\functions.o
 .debug_info    0x0001ec36     0x1f57 Src\initilize_peripherals.o
 .debug_info    0x00020b8d     0x2eb6 Src\main.o
 .debug_info    0x00023a43     0x1ace Src\seven_segment.o
 .debug_info    0x00025511     0x2289 Src\seven_segment_display.o
 .debug_info    0x0002779a     0x22ab Src\stm32f3xx_hal_msp.o
 .debug_info    0x00029a45     0x17ea Src\stm32f3xx_it.o
 .debug_info    0x0002b22f      0xc24 Src\system_stm32f3xx.o
 .debug_info    0x0002be53     0x264c Src\uart_comms.o
 .debug_info    0x0002e49f     0x106b Src\variables.o
 .debug_info    0x0002f50a       0x82 startup\startup_stm32f334x8.o

.debug_abbrev   0x00000000     0x4904
 .debug_abbrev  0x00000000      0x2b6 Drivers\STM32F3xx_HAL_Driver\Src\stm32f3xx_hal.o
 .debug_abbrev  0x000002b6      0x369 Drivers\STM32F3xx_HAL_Driver\Src\stm32f3xx_hal_adc_ex.o
 .debug_abbrev  0x0000061f      0x377 Drivers\STM32F3xx_HAL_Driver\Src\stm32f3xx_hal_cortex.o
 .debug_abbrev  0x00000996      0x2b7 Drivers\STM32F3xx_HAL_Driver\Src\stm32f3xx_hal_dma.o
 .debug_abbrev  0x00000c4d      0x27a Drivers\STM32F3xx_HAL_Driver\Src\stm32f3xx_hal_gpio.o
 .debug_abbrev  0x00000ec7      0x3ed Drivers\STM32F3xx_HAL_Driver\Src\stm32f3xx_hal_i2c.o
 .debug_abbrev  0x000012b4      0x21b Drivers\STM32F3xx_HAL_Driver\Src\stm32f3xx_hal_i2c_ex.o
 .debug_abbrev  0x000014cf      0x205 Drivers\STM32F3xx_HAL_Driver\Src\stm32f3xx_hal_pwr.o
 .debug_abbrev  0x000016d4      0x357 Drivers\STM32F3xx_HAL_Driver\Src\stm32f3xx_hal_rcc.o
 .debug_abbrev  0x00001a2b      0x319 Drivers\STM32F3xx_HAL_Driver\Src\stm32f3xx_hal_rcc_ex.o
 .debug_abbrev  0x00001d44      0x34a Drivers\STM32F3xx_HAL_Driver\Src\stm32f3xx_hal_rtc.o
 .debug_abbrev  0x0000208e      0x2d8 Drivers\STM32F3xx_HAL_Driver\Src\stm32f3xx_hal_rtc_ex.o
 .debug_abbrev  0x00002366      0x3c6 Drivers\STM32F3xx_HAL_Driver\Src\stm32f3xx_hal_tim.o
 .debug_abbrev  0x0000272c      0x35a Drivers\STM32F3xx_HAL_Driver\Src\stm32f3xx_hal_tim_ex.o
 .debug_abbrev  0x00002a86      0x3b5 Drivers\STM32F3xx_HAL_Driver\Src\stm32f3xx_hal_uart.o
 .debug_abbrev  0x00002e3b      0x28c Drivers\STM32F3xx_HAL_Driver\Src\stm32f3xx_hal_uart_ex.o
 .debug_abbrev  0x000030c7      0x20e Src\adc_comms.o
 .debug_abbrev  0x000032d5      0x238 Src\functions.o
 .debug_abbrev  0x0000350d      0x22a Src\initilize_peripherals.o
 .debug_abbrev  0x00003737      0x2d0 Src\main.o
 .debug_abbrev  0x00003a07      0x21f Src\seven_segment.o
 .debug_abbrev  0x00003c26      0x22f Src\seven_segment_display.o
 .debug_abbrev  0x00003e55      0x2d2 Src\stm32f3xx_hal_msp.o
 .debug_abbrev  0x00004127      0x222 Src\stm32f3xx_it.o
 .debug_abbrev  0x00004349      0x1cd Src\system_stm32f3xx.o
 .debug_abbrev  0x00004516      0x22c Src\uart_comms.o
 .debug_abbrev  0x00004742      0x1b0 Src\variables.o
 .debug_abbrev  0x000048f2       0x12 startup\startup_stm32f334x8.o

.debug_loc      0x00000000    0x12bff
 .debug_loc     0x00000000       0x69 Drivers\STM32F3xx_HAL_Driver\Src\stm32f3xx_hal.o
 .debug_loc     0x00000069     0x1c3c Drivers\STM32F3xx_HAL_Driver\Src\stm32f3xx_hal_adc_ex.o
 .debug_loc     0x00001ca5      0x619 Drivers\STM32F3xx_HAL_Driver\Src\stm32f3xx_hal_cortex.o
 .debug_loc     0x000022be      0x65a Drivers\STM32F3xx_HAL_Driver\Src\stm32f3xx_hal_dma.o
 .debug_loc     0x00002918      0x3ba Drivers\STM32F3xx_HAL_Driver\Src\stm32f3xx_hal_gpio.o
 .debug_loc     0x00002cd2     0x533b Drivers\STM32F3xx_HAL_Driver\Src\stm32f3xx_hal_i2c.o
 .debug_loc     0x0000800d      0x196 Drivers\STM32F3xx_HAL_Driver\Src\stm32f3xx_hal_i2c_ex.o
 .debug_loc     0x000081a3       0x8d Drivers\STM32F3xx_HAL_Driver\Src\stm32f3xx_hal_pwr.o
 .debug_loc     0x00008230      0x908 Drivers\STM32F3xx_HAL_Driver\Src\stm32f3xx_hal_rcc.o
 .debug_loc     0x00008b38      0x4dd Drivers\STM32F3xx_HAL_Driver\Src\stm32f3xx_hal_rcc_ex.o
 .debug_loc     0x00009015     0x1095 Drivers\STM32F3xx_HAL_Driver\Src\stm32f3xx_hal_rtc.o
 .debug_loc     0x0000a0aa      0xd39 Drivers\STM32F3xx_HAL_Driver\Src\stm32f3xx_hal_rtc_ex.o
 .debug_loc     0x0000ade3     0x491c Drivers\STM32F3xx_HAL_Driver\Src\stm32f3xx_hal_tim.o
 .debug_loc     0x0000f6ff     0x164c Drivers\STM32F3xx_HAL_Driver\Src\stm32f3xx_hal_tim_ex.o
 .debug_loc     0x00010d4b     0x1770 Drivers\STM32F3xx_HAL_Driver\Src\stm32f3xx_hal_uart.o
 .debug_loc     0x000124bb      0x360 Drivers\STM32F3xx_HAL_Driver\Src\stm32f3xx_hal_uart_ex.o
 .debug_loc     0x0001281b       0x42 Src\functions.o
 .debug_loc     0x0001285d      0x11b Src\seven_segment_display.o
 .debug_loc     0x00012978      0x17e Src\stm32f3xx_hal_msp.o
 .debug_loc     0x00012af6      0x109 Src\system_stm32f3xx.o

.debug_aranges  0x00000000     0x1058
 .debug_aranges
                0x00000000       0xc0 Drivers\STM32F3xx_HAL_Driver\Src\stm32f3xx_hal.o
 .debug_aranges
                0x000000c0      0x150 Drivers\STM32F3xx_HAL_Driver\Src\stm32f3xx_hal_adc_ex.o
 .debug_aranges
                0x00000210       0x90 Drivers\STM32F3xx_HAL_Driver\Src\stm32f3xx_hal_cortex.o
 .debug_aranges
                0x000002a0       0x78 Drivers\STM32F3xx_HAL_Driver\Src\stm32f3xx_hal_dma.o
 .debug_aranges
                0x00000318       0x58 Drivers\STM32F3xx_HAL_Driver\Src\stm32f3xx_hal_gpio.o
 .debug_aranges
                0x00000370      0x1e8 Drivers\STM32F3xx_HAL_Driver\Src\stm32f3xx_hal_i2c.o
 .debug_aranges
                0x00000558       0x48 Drivers\STM32F3xx_HAL_Driver\Src\stm32f3xx_hal_i2c_ex.o
 .debug_aranges
                0x000005a0       0x78 Drivers\STM32F3xx_HAL_Driver\Src\stm32f3xx_hal_pwr.o
 .debug_aranges
                0x00000618       0x88 Drivers\STM32F3xx_HAL_Driver\Src\stm32f3xx_hal_rcc.o
 .debug_aranges
                0x000006a0       0x30 Drivers\STM32F3xx_HAL_Driver\Src\stm32f3xx_hal_rcc_ex.o
 .debug_aranges
                0x000006d0       0xa8 Drivers\STM32F3xx_HAL_Driver\Src\stm32f3xx_hal_rtc.o
 .debug_aranges
                0x00000778      0x100 Drivers\STM32F3xx_HAL_Driver\Src\stm32f3xx_hal_rtc_ex.o
 .debug_aranges
                0x00000878      0x268 Drivers\STM32F3xx_HAL_Driver\Src\stm32f3xx_hal_tim.o
 .debug_aranges
                0x00000ae0      0x118 Drivers\STM32F3xx_HAL_Driver\Src\stm32f3xx_hal_tim_ex.o
 .debug_aranges
                0x00000bf8      0x198 Drivers\STM32F3xx_HAL_Driver\Src\stm32f3xx_hal_uart.o
 .debug_aranges
                0x00000d90       0x48 Drivers\STM32F3xx_HAL_Driver\Src\stm32f3xx_hal_uart_ex.o
 .debug_aranges
                0x00000dd8       0x20 Src\adc_comms.o
 .debug_aranges
                0x00000df8       0x38 Src\functions.o
 .debug_aranges
                0x00000e30       0x20 Src\initilize_peripherals.o
 .debug_aranges
                0x00000e50       0x70 Src\main.o
 .debug_aranges
                0x00000ec0       0x20 Src\seven_segment.o
 .debug_aranges
                0x00000ee0       0x20 Src\seven_segment_display.o
 .debug_aranges
                0x00000f00       0x70 Src\stm32f3xx_hal_msp.o
 .debug_aranges
                0x00000f70       0x60 Src\stm32f3xx_it.o
 .debug_aranges
                0x00000fd0       0x28 Src\system_stm32f3xx.o
 .debug_aranges
                0x00000ff8       0x20 Src\uart_comms.o
 .debug_aranges
                0x00001018       0x18 Src\variables.o
 .debug_aranges
                0x00001030       0x28 startup\startup_stm32f334x8.o

.debug_ranges   0x00000000     0x21c8
 .debug_ranges  0x00000000       0xb0 Drivers\STM32F3xx_HAL_Driver\Src\stm32f3xx_hal.o
 .debug_ranges  0x000000b0      0x140 Drivers\STM32F3xx_HAL_Driver\Src\stm32f3xx_hal_adc_ex.o
 .debug_ranges  0x000001f0      0x148 Drivers\STM32F3xx_HAL_Driver\Src\stm32f3xx_hal_cortex.o
 .debug_ranges  0x00000338      0x128 Drivers\STM32F3xx_HAL_Driver\Src\stm32f3xx_hal_dma.o
 .debug_ranges  0x00000460       0x60 Drivers\STM32F3xx_HAL_Driver\Src\stm32f3xx_hal_gpio.o
 .debug_ranges  0x000004c0      0xa40 Drivers\STM32F3xx_HAL_Driver\Src\stm32f3xx_hal_i2c.o
 .debug_ranges  0x00000f00       0x78 Drivers\STM32F3xx_HAL_Driver\Src\stm32f3xx_hal_i2c_ex.o
 .debug_ranges  0x00000f78       0x68 Drivers\STM32F3xx_HAL_Driver\Src\stm32f3xx_hal_pwr.o
 .debug_ranges  0x00000fe0      0x270 Drivers\STM32F3xx_HAL_Driver\Src\stm32f3xx_hal_rcc.o
 .debug_ranges  0x00001250       0xb0 Drivers\STM32F3xx_HAL_Driver\Src\stm32f3xx_hal_rcc_ex.o
 .debug_ranges  0x00001300      0x380 Drivers\STM32F3xx_HAL_Driver\Src\stm32f3xx_hal_rtc.o
 .debug_ranges  0x00001680       0xf0 Drivers\STM32F3xx_HAL_Driver\Src\stm32f3xx_hal_rtc_ex.o
 .debug_ranges  0x00001770      0x4e0 Drivers\STM32F3xx_HAL_Driver\Src\stm32f3xx_hal_tim.o
 .debug_ranges  0x00001c50      0x108 Drivers\STM32F3xx_HAL_Driver\Src\stm32f3xx_hal_tim_ex.o
 .debug_ranges  0x00001d58      0x1a0 Drivers\STM32F3xx_HAL_Driver\Src\stm32f3xx_hal_uart.o
 .debug_ranges  0x00001ef8       0x38 Drivers\STM32F3xx_HAL_Driver\Src\stm32f3xx_hal_uart_ex.o
 .debug_ranges  0x00001f30       0x10 Src\adc_comms.o
 .debug_ranges  0x00001f40       0x28 Src\functions.o
 .debug_ranges  0x00001f68       0x10 Src\initilize_peripherals.o
 .debug_ranges  0x00001f78       0x60 Src\main.o
 .debug_ranges  0x00001fd8       0x10 Src\seven_segment.o
 .debug_ranges  0x00001fe8       0x10 Src\seven_segment_display.o
 .debug_ranges  0x00001ff8      0x138 Src\stm32f3xx_hal_msp.o
 .debug_ranges  0x00002130       0x50 Src\stm32f3xx_it.o
 .debug_ranges  0x00002180       0x18 Src\system_stm32f3xx.o
 .debug_ranges  0x00002198       0x10 Src\uart_comms.o
 .debug_ranges  0x000021a8       0x20 startup\startup_stm32f334x8.o

.debug_macro    0x00000000    0x22417
 .debug_macro   0x00000000      0x36a Drivers\STM32F3xx_HAL_Driver\Src\stm32f3xx_hal.o
 .debug_macro   0x0000036a      0x8b6 Drivers\STM32F3xx_HAL_Driver\Src\stm32f3xx_hal.o
 .debug_macro   0x00000c20      0x148 Drivers\STM32F3xx_HAL_Driver\Src\stm32f3xx_hal.o
 .debug_macro   0x00000d68       0xb1 Drivers\STM32F3xx_HAL_Driver\Src\stm32f3xx_hal.o
 .debug_macro   0x00000e19       0x2f Drivers\STM32F3xx_HAL_Driver\Src\stm32f3xx_hal.o
 .debug_macro   0x00000e48       0x28 Drivers\STM32F3xx_HAL_Driver\Src\stm32f3xx_hal.o
 .debug_macro   0x00000e70       0x22 Drivers\STM32F3xx_HAL_Driver\Src\stm32f3xx_hal.o
 .debug_macro   0x00000e92       0x87 Drivers\STM32F3xx_HAL_Driver\Src\stm32f3xx_hal.o
 .debug_macro   0x00000f19       0x51 Drivers\STM32F3xx_HAL_Driver\Src\stm32f3xx_hal.o
 .debug_macro   0x00000f6a       0xef Drivers\STM32F3xx_HAL_Driver\Src\stm32f3xx_hal.o
 .debug_macro   0x00001059       0x6a Drivers\STM32F3xx_HAL_Driver\Src\stm32f3xx_hal.o
 .debug_macro   0x000010c3      0x1df Drivers\STM32F3xx_HAL_Driver\Src\stm32f3xx_hal.o
 .debug_macro   0x000012a2       0x35 Drivers\STM32F3xx_HAL_Driver\Src\stm32f3xx_hal.o
 .debug_macro   0x000012d7       0x50 Drivers\STM32F3xx_HAL_Driver\Src\stm32f3xx_hal.o
 .debug_macro   0x00001327      0xd40 Drivers\STM32F3xx_HAL_Driver\Src\stm32f3xx_hal.o
 .debug_macro   0x00002067    0x15472 Drivers\STM32F3xx_HAL_Driver\Src\stm32f3xx_hal.o
 .debug_macro   0x000174d9       0x43 Drivers\STM32F3xx_HAL_Driver\Src\stm32f3xx_hal.o
 .debug_macro   0x0001751c       0x46 Drivers\STM32F3xx_HAL_Driver\Src\stm32f3xx_hal.o
 .debug_macro   0x00017562       0x3c Drivers\STM32F3xx_HAL_Driver\Src\stm32f3xx_hal.o
 .debug_macro   0x0001759e       0x9c Drivers\STM32F3xx_HAL_Driver\Src\stm32f3xx_hal.o
 .debug_macro   0x0001763a       0x16 Drivers\STM32F3xx_HAL_Driver\Src\stm32f3xx_hal.o
 .debug_macro   0x00017650       0x97 Drivers\STM32F3xx_HAL_Driver\Src\stm32f3xx_hal.o
 .debug_macro   0x000176e7      0x30d Drivers\STM32F3xx_HAL_Driver\Src\stm32f3xx_hal.o
 .debug_macro   0x000179f4       0xfd Drivers\STM32F3xx_HAL_Driver\Src\stm32f3xx_hal.o
 .debug_macro   0x00017af1       0x10 Drivers\STM32F3xx_HAL_Driver\Src\stm32f3xx_hal.o
 .debug_macro   0x00017b01       0x52 Drivers\STM32F3xx_HAL_Driver\Src\stm32f3xx_hal.o
 .debug_macro   0x00017b53       0x1f Drivers\STM32F3xx_HAL_Driver\Src\stm32f3xx_hal.o
 .debug_macro   0x00017b72       0x43 Drivers\STM32F3xx_HAL_Driver\Src\stm32f3xx_hal.o
 .debug_macro   0x00017bb5       0x20 Drivers\STM32F3xx_HAL_Driver\Src\stm32f3xx_hal.o
 .debug_macro   0x00017bd5      0x1a3 Drivers\STM32F3xx_HAL_Driver\Src\stm32f3xx_hal.o
 .debug_macro   0x00017d78       0x10 Drivers\STM32F3xx_HAL_Driver\Src\stm32f3xx_hal.o
 .debug_macro   0x00017d88       0x1c Drivers\STM32F3xx_HAL_Driver\Src\stm32f3xx_hal.o
 .debug_macro   0x00017da4       0x52 Drivers\STM32F3xx_HAL_Driver\Src\stm32f3xx_hal.o
 .debug_macro   0x00017df6       0x40 Drivers\STM32F3xx_HAL_Driver\Src\stm32f3xx_hal.o
 .debug_macro   0x00017e36       0x10 Drivers\STM32F3xx_HAL_Driver\Src\stm32f3xx_hal.o
 .debug_macro   0x00017e46       0x40 Drivers\STM32F3xx_HAL_Driver\Src\stm32f3xx_hal.o
 .debug_macro   0x00017e86       0xd7 Drivers\STM32F3xx_HAL_Driver\Src\stm32f3xx_hal.o
 .debug_macro   0x00017f5d       0x16 Drivers\STM32F3xx_HAL_Driver\Src\stm32f3xx_hal.o
 .debug_macro   0x00017f73      0x161 Drivers\STM32F3xx_HAL_Driver\Src\stm32f3xx_hal.o
 .debug_macro   0x000180d4       0x49 Drivers\STM32F3xx_HAL_Driver\Src\stm32f3xx_hal.o
 .debug_macro   0x0001811d      0x8ff Drivers\STM32F3xx_HAL_Driver\Src\stm32f3xx_hal.o
 .debug_macro   0x00018a1c      0x358 Drivers\STM32F3xx_HAL_Driver\Src\stm32f3xx_hal.o
 .debug_macro   0x00018d74      0x13a Drivers\STM32F3xx_HAL_Driver\Src\stm32f3xx_hal.o
 .debug_macro   0x00018eae      0x130 Drivers\STM32F3xx_HAL_Driver\Src\stm32f3xx_hal.o
 .debug_macro   0x00018fde      0x1bc Drivers\STM32F3xx_HAL_Driver\Src\stm32f3xx_hal.o
 .debug_macro   0x0001919a       0x34 Drivers\STM32F3xx_HAL_Driver\Src\stm32f3xx_hal.o
 .debug_macro   0x000191ce       0x3c Drivers\STM32F3xx_HAL_Driver\Src\stm32f3xx_hal.o
 .debug_macro   0x0001920a       0x57 Drivers\STM32F3xx_HAL_Driver\Src\stm32f3xx_hal.o
 .debug_macro   0x00019261      0x84c Drivers\STM32F3xx_HAL_Driver\Src\stm32f3xx_hal.o
 .debug_macro   0x00019aad       0x77 Drivers\STM32F3xx_HAL_Driver\Src\stm32f3xx_hal.o
 .debug_macro   0x00019b24       0xcb Drivers\STM32F3xx_HAL_Driver\Src\stm32f3xx_hal.o
 .debug_macro   0x00019bef      0x1a0 Drivers\STM32F3xx_HAL_Driver\Src\stm32f3xx_hal.o
 .debug_macro   0x00019d8f      0x202 Drivers\STM32F3xx_HAL_Driver\Src\stm32f3xx_hal.o
 .debug_macro   0x00019f91       0x5b Drivers\STM32F3xx_HAL_Driver\Src\stm32f3xx_hal.o
 .debug_macro   0x00019fec       0x90 Drivers\STM32F3xx_HAL_Driver\Src\stm32f3xx_hal.o
 .debug_macro   0x0001a07c       0x82 Drivers\STM32F3xx_HAL_Driver\Src\stm32f3xx_hal.o
 .debug_macro   0x0001a0fe       0xd3 Drivers\STM32F3xx_HAL_Driver\Src\stm32f3xx_hal.o
 .debug_macro   0x0001a1d1      0x2fe Drivers\STM32F3xx_HAL_Driver\Src\stm32f3xx_hal.o
 .debug_macro   0x0001a4cf      0x388 Drivers\STM32F3xx_HAL_Driver\Src\stm32f3xx_hal.o
 .debug_macro   0x0001a857       0xeb Drivers\STM32F3xx_HAL_Driver\Src\stm32f3xx_hal.o
 .debug_macro   0x0001a942      0x6af Drivers\STM32F3xx_HAL_Driver\Src\stm32f3xx_hal.o
 .debug_macro   0x0001aff1      0x352 Drivers\STM32F3xx_HAL_Driver\Src\stm32f3xx_hal.o
 .debug_macro   0x0001b343      0x566 Drivers\STM32F3xx_HAL_Driver\Src\stm32f3xx_hal.o
 .debug_macro   0x0001b8a9       0x31 Drivers\STM32F3xx_HAL_Driver\Src\stm32f3xx_hal.o
 .debug_macro   0x0001b8da      0x298 Drivers\STM32F3xx_HAL_Driver\Src\stm32f3xx_hal.o
 .debug_macro   0x0001bb72      0x370 Drivers\STM32F3xx_HAL_Driver\Src\stm32f3xx_hal_adc_ex.o
 .debug_macro   0x0001bee2      0x346 Drivers\STM32F3xx_HAL_Driver\Src\stm32f3xx_hal_cortex.o
 .debug_macro   0x0001c228      0x346 Drivers\STM32F3xx_HAL_Driver\Src\stm32f3xx_hal_dma.o
 .debug_macro   0x0001c56e      0x37e Drivers\STM32F3xx_HAL_Driver\Src\stm32f3xx_hal_gpio.o
 .debug_macro   0x0001c8ec      0x412 Drivers\STM32F3xx_HAL_Driver\Src\stm32f3xx_hal_i2c.o
 .debug_macro   0x0001ccfe      0x346 Drivers\STM32F3xx_HAL_Driver\Src\stm32f3xx_hal_i2c_ex.o
 .debug_macro   0x0001d044      0x346 Drivers\STM32F3xx_HAL_Driver\Src\stm32f3xx_hal_pwr.o
 .debug_macro   0x0001d38a      0x36a Drivers\STM32F3xx_HAL_Driver\Src\stm32f3xx_hal_rcc.o
 .debug_macro   0x0001d6f4      0x346 Drivers\STM32F3xx_HAL_Driver\Src\stm32f3xx_hal_rcc_ex.o
 .debug_macro   0x0001da3a      0x347 Drivers\STM32F3xx_HAL_Driver\Src\stm32f3xx_hal_rtc.o
 .debug_macro   0x0001dd81      0x346 Drivers\STM32F3xx_HAL_Driver\Src\stm32f3xx_hal_rtc_ex.o
 .debug_macro   0x0001e0c7      0x346 Drivers\STM32F3xx_HAL_Driver\Src\stm32f3xx_hal_tim.o
 .debug_macro   0x0001e40d      0x352 Drivers\STM32F3xx_HAL_Driver\Src\stm32f3xx_hal_tim_ex.o
 .debug_macro   0x0001e75f      0x34e Drivers\STM32F3xx_HAL_Driver\Src\stm32f3xx_hal_uart.o
 .debug_macro   0x0001eaad      0x346 Drivers\STM32F3xx_HAL_Driver\Src\stm32f3xx_hal_uart_ex.o
 .debug_macro   0x0001edf3      0x3bf Src\adc_comms.o
 .debug_macro   0x0001f1b2       0x40 Src\adc_comms.o
 .debug_macro   0x0001f1f2       0x8d Src\adc_comms.o
 .debug_macro   0x0001f27f       0x16 Src\adc_comms.o
 .debug_macro   0x0001f295      0x10e Src\adc_comms.o
 .debug_macro   0x0001f3a3       0x8d Src\adc_comms.o
 .debug_macro   0x0001f430       0x57 Src\adc_comms.o
 .debug_macro   0x0001f487       0x16 Src\adc_comms.o
 .debug_macro   0x0001f49d       0x29 Src\adc_comms.o
 .debug_macro   0x0001f4c6       0x16 Src\adc_comms.o
 .debug_macro   0x0001f4dc       0x35 Src\adc_comms.o
 .debug_macro   0x0001f511       0x20 Src\adc_comms.o
 .debug_macro   0x0001f531       0x1c Src\adc_comms.o
 .debug_macro   0x0001f54d      0x1e1 Src\adc_comms.o
 .debug_macro   0x0001f72e      0x3c4 Src\functions.o
 .debug_macro   0x0001faf2      0x8c2 Src\functions.o
 .debug_macro   0x000203b4      0x3c4 Src\initilize_peripherals.o
 .debug_macro   0x00020778      0x3cf Src\main.o
 .debug_macro   0x00020b47      0x3bf Src\seven_segment.o
 .debug_macro   0x00020f06      0x3bf Src\seven_segment_display.o
 .debug_macro   0x000212c5      0x346 Src\stm32f3xx_hal_msp.o
 .debug_macro   0x0002160b      0x350 Src\stm32f3xx_it.o
 .debug_macro   0x0002195b      0x34c Src\system_stm32f3xx.o
 .debug_macro   0x00021ca7      0x3bf Src\uart_comms.o
 .debug_macro   0x00022066      0x3b1 Src\variables.o

.debug_line     0x00000000    0x13c07
 .debug_line    0x00000000      0x89b Drivers\STM32F3xx_HAL_Driver\Src\stm32f3xx_hal.o
 .debug_line    0x0000089b     0x1699 Drivers\STM32F3xx_HAL_Driver\Src\stm32f3xx_hal_adc_ex.o
 .debug_line    0x00001f34      0x904 Drivers\STM32F3xx_HAL_Driver\Src\stm32f3xx_hal_cortex.o
 .debug_line    0x00002838      0xa94 Drivers\STM32F3xx_HAL_Driver\Src\stm32f3xx_hal_dma.o
 .debug_line    0x000032cc      0x8d3 Drivers\STM32F3xx_HAL_Driver\Src\stm32f3xx_hal_gpio.o
 .debug_line    0x00003b9f     0x1ffd Drivers\STM32F3xx_HAL_Driver\Src\stm32f3xx_hal_i2c.o
 .debug_line    0x00005b9c      0x8c7 Drivers\STM32F3xx_HAL_Driver\Src\stm32f3xx_hal_i2c_ex.o
 .debug_line    0x00006463      0x818 Drivers\STM32F3xx_HAL_Driver\Src\stm32f3xx_hal_pwr.o
 .debug_line    0x00006c7b      0xd0d Drivers\STM32F3xx_HAL_Driver\Src\stm32f3xx_hal_rcc.o
 .debug_line    0x00007988      0x8eb Drivers\STM32F3xx_HAL_Driver\Src\stm32f3xx_hal_rcc_ex.o
 .debug_line    0x00008273      0xd0d Drivers\STM32F3xx_HAL_Driver\Src\stm32f3xx_hal_rtc.o
 .debug_line    0x00008f80      0xfdd Drivers\STM32F3xx_HAL_Driver\Src\stm32f3xx_hal_rtc_ex.o
 .debug_line    0x00009f5d     0x1a76 Drivers\STM32F3xx_HAL_Driver\Src\stm32f3xx_hal_tim.o
 .debug_line    0x0000b9d3      0xea0 Drivers\STM32F3xx_HAL_Driver\Src\stm32f3xx_hal_tim_ex.o
 .debug_line    0x0000c873     0x1372 Drivers\STM32F3xx_HAL_Driver\Src\stm32f3xx_hal_uart.o
 .debug_line    0x0000dbe5      0x882 Drivers\STM32F3xx_HAL_Driver\Src\stm32f3xx_hal_uart_ex.o
 .debug_line    0x0000e467      0x7a1 Src\adc_comms.o
 .debug_line    0x0000ec08      0x7b6 Src\functions.o
 .debug_line    0x0000f3be      0x812 Src\initilize_peripherals.o
 .debug_line    0x0000fbd0      0x902 Src\main.o
 .debug_line    0x000104d2      0x790 Src\seven_segment.o
 .debug_line    0x00010c62      0x814 Src\seven_segment_display.o
 .debug_line    0x00011476      0x89a Src\stm32f3xx_hal_msp.o
 .debug_line    0x00011d10      0x7a2 Src\stm32f3xx_it.o
 .debug_line    0x000124b2      0x750 Src\system_stm32f3xx.o
 .debug_line    0x00012c02      0x835 Src\uart_comms.o
 .debug_line    0x00013437      0x751 Src\variables.o
 .debug_line    0x00013b88       0x7f startup\startup_stm32f334x8.o

.debug_str      0x00000000    0xb2d51
 .debug_str     0x00000000    0xac5da Drivers\STM32F3xx_HAL_Driver\Src\stm32f3xx_hal.o
                              0xac947 (size before relaxing)