Archive member included to satisfy reference by file (symbol)

c:/program files (x86)/atollic/truestudio for arm 8.0.0/armtools/bin/../lib/gcc/arm-atollic-eabi/6.3.1/../../../../arm-atollic-eabi/lib/armv7e-m/fpu\libc_nano.a(lib_a-init.o)
                              startup\startup_stm32f334x8.o (__libc_init_array)
c:/program files (x86)/atollic/truestudio for arm 8.0.0/armtools/bin/../lib/gcc/arm-atollic-eabi/6.3.1/../../../../arm-atollic-eabi/lib/armv7e-m/fpu\libc_nano.a(lib_a-malloc.o)
                              Src\functions.o (malloc)
c:/program files (x86)/atollic/truestudio for arm 8.0.0/armtools/bin/../lib/gcc/arm-atollic-eabi/6.3.1/../../../../arm-atollic-eabi/lib/armv7e-m/fpu\libc_nano.a(lib_a-memcpy-stub.o)
                              Src\functions.o (memcpy)
c:/program files (x86)/atollic/truestudio for arm 8.0.0/armtools/bin/../lib/gcc/arm-atollic-eabi/6.3.1/../../../../arm-atollic-eabi/lib/armv7e-m/fpu\libc_nano.a(lib_a-memset.o)
                              Src\functions.o (memset)
c:/program files (x86)/atollic/truestudio for arm 8.0.0/armtools/bin/../lib/gcc/arm-atollic-eabi/6.3.1/../../../../arm-atollic-eabi/lib/armv7e-m/fpu\libc_nano.a(lib_a-nano-freer.o)
                              c:/program files (x86)/atollic/truestudio for arm 8.0.0/armtools/bin/../lib/gcc/arm-atollic-eabi/6.3.1/../../../../arm-atollic-eabi/lib/armv7e-m/fpu\libc_nano.a(lib_a-malloc.o) (_free_r)
c:/program files (x86)/atollic/truestudio for arm 8.0.0/armtools/bin/../lib/gcc/arm-atollic-eabi/6.3.1/../../../../arm-atollic-eabi/lib/armv7e-m/fpu\libc_nano.a(lib_a-nano-mallocr.o)
                              c:/program files (x86)/atollic/truestudio for arm 8.0.0/armtools/bin/../lib/gcc/arm-atollic-eabi/6.3.1/../../../../arm-atollic-eabi/lib/armv7e-m/fpu\libc_nano.a(lib_a-malloc.o) (_malloc_r)
c:/program files (x86)/atollic/truestudio for arm 8.0.0/armtools/bin/../lib/gcc/arm-atollic-eabi/6.3.1/../../../../arm-atollic-eabi/lib/armv7e-m/fpu\libc_nano.a(lib_a-sbrkr.o)
                              c:/program files (x86)/atollic/truestudio for arm 8.0.0/armtools/bin/../lib/gcc/arm-atollic-eabi/6.3.1/../../../../arm-atollic-eabi/lib/armv7e-m/fpu\libc_nano.a(lib_a-nano-mallocr.o) (_sbrk_r)
c:/program files (x86)/atollic/truestudio for arm 8.0.0/armtools/bin/../lib/gcc/arm-atollic-eabi/6.3.1/../../../../arm-atollic-eabi/lib/armv7e-m/fpu\libc_nano.a(lib_a-impure.o)
                              c:/program files (x86)/atollic/truestudio for arm 8.0.0/armtools/bin/../lib/gcc/arm-atollic-eabi/6.3.1/../../../../arm-atollic-eabi/lib/armv7e-m/fpu\libc_nano.a(lib_a-malloc.o) (_impure_ptr)
c:/program files (x86)/atollic/truestudio for arm 8.0.0/armtools/bin/../lib/gcc/arm-atollic-eabi/6.3.1/../../../../arm-atollic-eabi/lib/armv7e-m/fpu\libc_nano.a(lib_a-mlock.o)
                              c:/program files (x86)/atollic/truestudio for arm 8.0.0/armtools/bin/../lib/gcc/arm-atollic-eabi/6.3.1/../../../../arm-atollic-eabi/lib/armv7e-m/fpu\libc_nano.a(lib_a-nano-freer.o) (__malloc_lock)
c:/program files (x86)/atollic/truestudio for arm 8.0.0/armtools/bin/../lib/gcc/arm-atollic-eabi/6.3.1/../../../../arm-atollic-eabi/lib/armv7e-m/fpu\libc_nano.a(lib_a-reent.o)
                              c:/program files (x86)/atollic/truestudio for arm 8.0.0/armtools/bin/../lib/gcc/arm-atollic-eabi/6.3.1/../../../../arm-atollic-eabi/lib/armv7e-m/fpu\libc_nano.a(lib_a-sbrkr.o) (errno)
c:/program files (x86)/atollic/truestudio for arm 8.0.0/armtools/bin/../lib/gcc/arm-atollic-eabi/6.3.1/armv7e-m/fpu\libgcc.a(_lshrdi3.o)
                              Drivers\STM32F3xx_HAL_Driver\Src\stm32f3xx_hal_flash.o (__aeabi_llsr)
c:/program files (x86)/atollic/truestudio for arm 8.0.0/armtools/bin/../lib/gcc/arm-atollic-eabi/6.3.1/../../../../arm-atollic-eabi/lib/armv7e-m/fpu\libnosys.a(sbrk.o)
                              c:/program files (x86)/atollic/truestudio for arm 8.0.0/armtools/bin/../lib/gcc/arm-atollic-eabi/6.3.1/../../../../arm-atollic-eabi/lib/armv7e-m/fpu\libc_nano.a(lib_a-sbrkr.o) (_sbrk)

Allocating common symbols
Common symbol       size              file

errno               0x4               c:/program files (x86)/atollic/truestudio for arm 8.0.0/armtools/bin/../lib/gcc/arm-atollic-eabi/6.3.1/../../../../arm-atollic-eabi/lib/armv7e-m/fpu\libc_nano.a(lib_a-reent.o)
hadc2               0x54              Src\main.o
studentnumber       0x4               Src\variables.o
uwTick              0x4               Drivers\STM32F3xx_HAL_Driver\Src\stm32f3xx_hal.o
pFlash              0x20              Drivers\STM32F3xx_HAL_Driver\Src\stm32f3xx_hal_flash.o
rx_buffer           0x1               Src\variables.o
huart1              0x70              Src\main.o
htim2               0x40              Src\main.o

Discarded input sections

 .text          0x00000000        0x0 c:/program files (x86)/atollic/truestudio for arm 8.0.0/armtools/bin/../lib/gcc/arm-atollic-eabi/6.3.1/armv7e-m/fpu/crti.o
[...]
Memory Configuration

Name             Origin             Length             Attributes
RAM              0x20000000         0x00003000         xrw
CCMRAM           0x10000000         0x00001000         rw
FLASH            0x08000000         0x00010000         xr
*default*        0x00000000         0xffffffff

Linker script and memory map

LOAD c:/program files (x86)/atollic/truestudio for arm 8.0.0/armtools/bin/../lib/gcc/arm-atollic-eabi/6.3.1/armv7e-m/fpu/crti.o
LOAD c:/program files (x86)/atollic/truestudio for arm 8.0.0/armtools/bin/../lib/gcc/arm-atollic-eabi/6.3.1/armv7e-m/fpu/crtbegin.o
LOAD Drivers\STM32F3xx_HAL_Driver\Src\stm32f3xx_hal.o
LOAD Drivers\STM32F3xx_HAL_Driver\Src\stm32f3xx_hal_adc.o
LOAD Drivers\STM32F3xx_HAL_Driver\Src\stm32f3xx_hal_adc_ex.o
LOAD Drivers\STM32F3xx_HAL_Driver\Src\stm32f3xx_hal_cortex.o
LOAD Drivers\STM32F3xx_HAL_Driver\Src\stm32f3xx_hal_dma.o
LOAD Drivers\STM32F3xx_HAL_Driver\Src\stm32f3xx_hal_flash.o
LOAD Drivers\STM32F3xx_HAL_Driver\Src\stm32f3xx_hal_flash_ex.o
LOAD Drivers\STM32F3xx_HAL_Driver\Src\stm32f3xx_hal_gpio.o
LOAD Drivers\STM32F3xx_HAL_Driver\Src\stm32f3xx_hal_i2c.o
LOAD Drivers\STM32F3xx_HAL_Driver\Src\stm32f3xx_hal_i2c_ex.o
LOAD Drivers\STM32F3xx_HAL_Driver\Src\stm32f3xx_hal_pwr.o
LOAD Drivers\STM32F3xx_HAL_Driver\Src\stm32f3xx_hal_pwr_ex.o
LOAD Drivers\STM32F3xx_HAL_Driver\Src\stm32f3xx_hal_rcc.o
LOAD Drivers\STM32F3xx_HAL_Driver\Src\stm32f3xx_hal_rcc_ex.o
LOAD Drivers\STM32F3xx_HAL_Driver\Src\stm32f3xx_hal_tim.o
LOAD Drivers\STM32F3xx_HAL_Driver\Src\stm32f3xx_hal_tim_ex.o
LOAD Drivers\STM32F3xx_HAL_Driver\Src\stm32f3xx_hal_uart.o
LOAD Drivers\STM32F3xx_HAL_Driver\Src\stm32f3xx_hal_uart_ex.o
LOAD Src\functions.o
LOAD Src\main.o
LOAD Src\stm32f3xx_hal_msp.o
LOAD Src\stm32f3xx_it.o
LOAD Src\system_stm32f3xx.o
LOAD Src\variables.o
LOAD startup\startup_stm32f334x8.o
                0x00000080                malloc_getpagesize_P = 0x80
START GROUP
LOAD c:/program files (x86)/atollic/truestudio for arm 8.0.0/armtools/bin/../lib/gcc/arm-atollic-eabi/6.3.1/../../../../arm-atollic-eabi/lib/armv7e-m/fpu\libc_nano.a
LOAD c:/program files (x86)/atollic/truestudio for arm 8.0.0/armtools/bin/../lib/gcc/arm-atollic-eabi/6.3.1/../../../../arm-atollic-eabi/lib/armv7e-m/fpu\libm.a
END GROUP
START GROUP
LOAD c:/program files (x86)/atollic/truestudio for arm 8.0.0/armtools/bin/../lib/gcc/arm-atollic-eabi/6.3.1/armv7e-m/fpu\libgcc.a
LOAD c:/program files (x86)/atollic/truestudio for arm 8.0.0/armtools/bin/../lib/gcc/arm-atollic-eabi/6.3.1/../../../../arm-atollic-eabi/lib/armv7e-m/fpu\libc_nano.a
END GROUP
START GROUP
LOAD c:/program files (x86)/atollic/truestudio for arm 8.0.0/armtools/bin/../lib/gcc/arm-atollic-eabi/6.3.1/armv7e-m/fpu\libgcc.a
LOAD c:/program files (x86)/atollic/truestudio for arm 8.0.0/armtools/bin/../lib/gcc/arm-atollic-eabi/6.3.1/../../../../arm-atollic-eabi/lib/armv7e-m/fpu\libc_nano.a
LOAD c:/program files (x86)/atollic/truestudio for arm 8.0.0/armtools/bin/../lib/gcc/arm-atollic-eabi/6.3.1/../../../../arm-atollic-eabi/lib/armv7e-m/fpu\libnosys.a
END GROUP
START GROUP
LOAD c:/program files (x86)/atollic/truestudio for arm 8.0.0/armtools/bin/../lib/gcc/arm-atollic-eabi/6.3.1/armv7e-m/fpu\libgcc.a
LOAD c:/program files (x86)/atollic/truestudio for arm 8.0.0/armtools/bin/../lib/gcc/arm-atollic-eabi/6.3.1/../../../../arm-atollic-eabi/lib/armv7e-m/fpu\libc_nano.a
LOAD c:/program files (x86)/atollic/truestudio for arm 8.0.0/armtools/bin/../lib/gcc/arm-atollic-eabi/6.3.1/../../../../arm-atollic-eabi/lib/armv7e-m/fpu\libnosys.a
END GROUP
LOAD c:/program files (x86)/atollic/truestudio for arm 8.0.0/armtools/bin/../lib/gcc/arm-atollic-eabi/6.3.1/armv7e-m/fpu/crtend.o
LOAD c:/program files (x86)/atollic/truestudio for arm 8.0.0/armtools/bin/../lib/gcc/arm-atollic-eabi/6.3.1/armv7e-m/fpu/crtn.o
                0x20003000                _estack = 0x20003000
                0x00000200                _Min_Heap_Size = 0x200
                0x00000400                _Min_Stack_Size = 0x400

.isr_vector     0x08000000      0x188
                0x08000000                . = ALIGN (0x4)
 *(.isr_vector)
 .isr_vector    0x08000000      0x188 startup\startup_stm32f334x8.o
                0x08000000                g_pfnVectors
                0x08000188                . = ALIGN (0x4)

.text           0x08000188     0x2e70
                0x08000188                . = ALIGN (0x4)
 *(.text)
 .text          0x08000188       0x40 c:/program files (x86)/atollic/truestudio for arm 8.0.0/armtools/bin/../lib/gcc/arm-atollic-eabi/6.3.1/armv7e-m/fpu/crtbegin.o
 *(.text*)
 .text.HAL_InitTick
                0x080001c8       0x28 Drivers\STM32F3xx_HAL_Driver\Src\stm32f3xx_hal.o
                0x080001c8                HAL_InitTick
 .text.HAL_Init
                0x080001f0       0x24 Drivers\STM32F3xx_HAL_Driver\Src\stm32f3xx_hal.o
                0x080001f0                HAL_Init
 .text.HAL_IncTick
                0x08000214       0x10 Drivers\STM32F3xx_HAL_Driver\Src\stm32f3xx_hal.o
                0x08000214                HAL_IncTick
 .text.HAL_GetTick
                0x08000224        0xc Drivers\STM32F3xx_HAL_Driver\Src\stm32f3xx_hal.o
                0x08000224                HAL_GetTick
 .text.HAL_ADC_LevelOutOfWindowCallback
                0x08000230        0x2 Drivers\STM32F3xx_HAL_Driver\Src\stm32f3xx_hal_adc.o
                0x08000230                HAL_ADC_LevelOutOfWindowCallback
 .text.HAL_ADC_ErrorCallback
                0x08000232        0x2 Drivers\STM32F3xx_HAL_Driver\Src\stm32f3xx_hal_adc.o
                0x08000232                HAL_ADC_ErrorCallback
 .text.ADC_Disable
                0x08000234       0x6e Drivers\STM32F3xx_HAL_Driver\Src\stm32f3xx_hal_adc_ex.o
 *fill*         0x080002a2        0x2 
 .text.ADC_Enable
                0x080002a4       0x5c Drivers\STM32F3xx_HAL_Driver\Src\stm32f3xx_hal_adc_ex.o
 .text.HAL_ADC_Init
                0x08000300      0x1f0 Drivers\STM32F3xx_HAL_Driver\Src\stm32f3xx_hal_adc_ex.o
                0x08000300                HAL_ADC_Init
 .text.HAL_ADC_Start_IT
                0x080004f0       0xf8 Drivers\STM32F3xx_HAL_Driver\Src\stm32f3xx_hal_adc_ex.o
                0x080004f0                HAL_ADC_Start_IT
 .text.HAL_ADC_GetValue
                0x080005e8        0x6 Drivers\STM32F3xx_HAL_Driver\Src\stm32f3xx_hal_adc_ex.o
                0x080005e8                HAL_ADC_GetValue
 .text.HAL_ADCEx_InjectedConvCpltCallback
                0x080005ee        0x2 Drivers\STM32F3xx_HAL_Driver\Src\stm32f3xx_hal_adc_ex.o
                0x080005ee                HAL_ADCEx_InjectedConvCpltCallback
 .text.HAL_ADCEx_InjectedQueueOverflowCallback
                0x080005f0        0x2 Drivers\STM32F3xx_HAL_Driver\Src\stm32f3xx_hal_adc_ex.o
                0x080005f0                HAL_ADCEx_InjectedQueueOverflowCallback
 .text.HAL_ADCEx_LevelOutOfWindow2Callback
                0x080005f2        0x2 Drivers\STM32F3xx_HAL_Driver\Src\stm32f3xx_hal_adc_ex.o
                0x080005f2                HAL_ADCEx_LevelOutOfWindow2Callback
 .text.HAL_ADCEx_LevelOutOfWindow3Callback
                0x080005f4        0x2 Drivers\STM32F3xx_HAL_Driver\Src\stm32f3xx_hal_adc_ex.o
                0x080005f4                HAL_ADCEx_LevelOutOfWindow3Callback
 *fill*         0x080005f6        0x2 
 .text.HAL_ADC_IRQHandler
                0x080005f8      0x27c Drivers\STM32F3xx_HAL_Driver\Src\stm32f3xx_hal_adc_ex.o
                0x080005f8                HAL_ADC_IRQHandler
 .text.HAL_ADC_ConfigChannel
                0x08000874      0x300 Drivers\STM32F3xx_HAL_Driver\Src\stm32f3xx_hal_adc_ex.o
                0x08000874                HAL_ADC_ConfigChannel
 .text.HAL_NVIC_SetPriorityGrouping
                0x08000b74       0x24 Drivers\STM32F3xx_HAL_Driver\Src\stm32f3xx_hal_cortex.o
                0x08000b74                HAL_NVIC_SetPriorityGrouping
 .text.HAL_NVIC_SetPriority
                0x08000b98       0x68 Drivers\STM32F3xx_HAL_Driver\Src\stm32f3xx_hal_cortex.o
                0x08000b98                HAL_NVIC_SetPriority
 .text.HAL_NVIC_EnableIRQ
                0x08000c00       0x18 Drivers\STM32F3xx_HAL_Driver\Src\stm32f3xx_hal_cortex.o
                0x08000c00                HAL_NVIC_EnableIRQ
 .text.HAL_SYSTICK_Config
                0x08000c18       0x2c Drivers\STM32F3xx_HAL_Driver\Src\stm32f3xx_hal_cortex.o
                0x08000c18                HAL_SYSTICK_Config
 .text.HAL_SYSTICK_CLKSourceConfig
                0x08000c44       0x18 Drivers\STM32F3xx_HAL_Driver\Src\stm32f3xx_hal_cortex.o
                0x08000c44                HAL_SYSTICK_CLKSourceConfig
 .text.HAL_SYSTICK_Callback
                0x08000c5c        0x2 Drivers\STM32F3xx_HAL_Driver\Src\stm32f3xx_hal_cortex.o
                0x08000c5c                HAL_SYSTICK_Callback
 .text.HAL_SYSTICK_IRQHandler
                0x08000c5e        0x8 Drivers\STM32F3xx_HAL_Driver\Src\stm32f3xx_hal_cortex.o
                0x08000c5e                HAL_SYSTICK_IRQHandler
 .text.HAL_DMA_Abort_IT
                0x08000c66       0x48 Drivers\STM32F3xx_HAL_Driver\Src\stm32f3xx_hal_dma.o
                0x08000c66                HAL_DMA_Abort_IT
 *fill*         0x08000cae        0x2 
 .text.HAL_GPIO_Init
                0x08000cb0      0x174 Drivers\STM32F3xx_HAL_Driver\Src\stm32f3xx_hal_gpio.o
                0x08000cb0                HAL_GPIO_Init
 .text.HAL_GPIO_WritePin
                0x08000e24        0xa Drivers\STM32F3xx_HAL_Driver\Src\stm32f3xx_hal_gpio.o
                0x08000e24                HAL_GPIO_WritePin
 *fill*         0x08000e2e        0x2 
 .text.HAL_RCC_OscConfig
                0x08000e30      0x4e4 Drivers\STM32F3xx_HAL_Driver\Src\stm32f3xx_hal_rcc.o
                0x08000e30                HAL_RCC_OscConfig
 .text.HAL_RCC_GetSysClockFreq
                0x08001314       0x64 Drivers\STM32F3xx_HAL_Driver\Src\stm32f3xx_hal_rcc.o
                0x08001314                HAL_RCC_GetSysClockFreq
 .text.HAL_RCC_ClockConfig
                0x08001378      0x184 Drivers\STM32F3xx_HAL_Driver\Src\stm32f3xx_hal_rcc.o
                0x08001378                HAL_RCC_ClockConfig
 .text.HAL_RCC_GetHCLKFreq
                0x080014fc        0xc Drivers\STM32F3xx_HAL_Driver\Src\stm32f3xx_hal_rcc.o
                0x080014fc                HAL_RCC_GetHCLKFreq
 .text.HAL_RCC_GetPCLK1Freq
                0x08001508       0x30 Drivers\STM32F3xx_HAL_Driver\Src\stm32f3xx_hal_rcc.o
                0x08001508                HAL_RCC_GetPCLK1Freq
 .text.HAL_RCC_GetPCLK2Freq
                0x08001538       0x30 Drivers\STM32F3xx_HAL_Driver\Src\stm32f3xx_hal_rcc.o
                0x08001538                HAL_RCC_GetPCLK2Freq
 .text.HAL_RCCEx_PeriphCLKConfig
                0x08001568      0x170 Drivers\STM32F3xx_HAL_Driver\Src\stm32f3xx_hal_rcc_ex.o
                0x08001568                HAL_RCCEx_PeriphCLKConfig
 .text.HAL_TIM_Base_Start_IT
                0x080016d8       0x16 Drivers\STM32F3xx_HAL_Driver\Src\stm32f3xx_hal_tim.o
                0x080016d8                HAL_TIM_Base_Start_IT
 .text.HAL_TIM_OC_DelayElapsedCallback
                0x080016ee        0x2 Drivers\STM32F3xx_HAL_Driver\Src\stm32f3xx_hal_tim.o
                0x080016ee                HAL_TIM_OC_DelayElapsedCallback
 .text.HAL_TIM_IC_CaptureCallback
                0x080016f0        0x2 Drivers\STM32F3xx_HAL_Driver\Src\stm32f3xx_hal_tim.o
                0x080016f0                HAL_TIM_IC_CaptureCallback
 .text.HAL_TIM_PWM_PulseFinishedCallback
                0x080016f2        0x2 Drivers\STM32F3xx_HAL_Driver\Src\stm32f3xx_hal_tim.o
                0x080016f2                HAL_TIM_PWM_PulseFinishedCallback
 .text.HAL_TIM_TriggerCallback
                0x080016f4        0x2 Drivers\STM32F3xx_HAL_Driver\Src\stm32f3xx_hal_tim.o
                0x080016f4                HAL_TIM_TriggerCallback
 .text.HAL_TIM_IRQHandler
                0x080016f6      0x160 Drivers\STM32F3xx_HAL_Driver\Src\stm32f3xx_hal_tim.o
                0x080016f6                HAL_TIM_IRQHandler
 *fill*         0x08001856        0x2 
 .text.TIM_Base_SetConfig
                0x08001858       0x94 Drivers\STM32F3xx_HAL_Driver\Src\stm32f3xx_hal_tim.o
                0x08001858                TIM_Base_SetConfig
 .text.HAL_TIM_Base_Init
                0x080018ec       0x34 Drivers\STM32F3xx_HAL_Driver\Src\stm32f3xx_hal_tim.o
                0x080018ec                HAL_TIM_Base_Init
 .text.TIM_ETR_SetConfig
                0x08001920       0x14 Drivers\STM32F3xx_HAL_Driver\Src\stm32f3xx_hal_tim.o
                0x08001920                TIM_ETR_SetConfig
 .text.HAL_TIM_ConfigClockSource
                0x08001934      0x16c Drivers\STM32F3xx_HAL_Driver\Src\stm32f3xx_hal_tim.o
                0x08001934                HAL_TIM_ConfigClockSource
 .text.HAL_TIMEx_MasterConfigSynchronization
                0x08001aa0       0x44 Drivers\STM32F3xx_HAL_Driver\Src\stm32f3xx_hal_tim_ex.o
                0x08001aa0                HAL_TIMEx_MasterConfigSynchronization
 .text.HAL_TIMEx_CommutationCallback
                0x08001ae4        0x2 Drivers\STM32F3xx_HAL_Driver\Src\stm32f3xx_hal_tim_ex.o
                0x08001ae4                HAL_TIMEx_CommutationCallback
 .text.HAL_TIMEx_BreakCallback
                0x08001ae6        0x2 Drivers\STM32F3xx_HAL_Driver\Src\stm32f3xx_hal_tim_ex.o
                0x08001ae6                HAL_TIMEx_BreakCallback
 .text.HAL_TIMEx_Break2Callback
                0x08001ae8        0x2 Drivers\STM32F3xx_HAL_Driver\Src\stm32f3xx_hal_tim_ex.o
                0x08001ae8                HAL_TIMEx_Break2Callback
 .text.UART_EndRxTransfer
                0x08001aea       0x1a Drivers\STM32F3xx_HAL_Driver\Src\stm32f3xx_hal_uart.o
 .text.HAL_UART_Receive_IT
                0x08001b04       0x88 Drivers\STM32F3xx_HAL_Driver\Src\stm32f3xx_hal_uart.o
                0x08001b04                HAL_UART_Receive_IT
 .text.HAL_UART_TxCpltCallback
                0x08001b8c        0x2 Drivers\STM32F3xx_HAL_Driver\Src\stm32f3xx_hal_uart.o
                0x08001b8c                HAL_UART_TxCpltCallback
 .text.HAL_UART_ErrorCallback
                0x08001b8e        0x2 Drivers\STM32F3xx_HAL_Driver\Src\stm32f3xx_hal_uart.o
                0x08001b8e                HAL_UART_ErrorCallback
 .text.UART_DMAAbortOnError
                0x08001b90       0x14 Drivers\STM32F3xx_HAL_Driver\Src\stm32f3xx_hal_uart.o
 .text.UART_SetConfig
                0x08001ba4      0x14c Drivers\STM32F3xx_HAL_Driver\Src\stm32f3xx_hal_uart.o
                0x08001ba4                UART_SetConfig
 .text.UART_AdvFeatureConfig
                0x08001cf0       0xa8 Drivers\STM32F3xx_HAL_Driver\Src\stm32f3xx_hal_uart.o
                0x08001cf0                UART_AdvFeatureConfig
 .text.UART_WaitOnFlagUntilTimeout
                0x08001d98       0x62 Drivers\STM32F3xx_HAL_Driver\Src\stm32f3xx_hal_uart.o
                0x08001d98                UART_WaitOnFlagUntilTimeout
 .text.HAL_UART_Transmit
                0x08001dfa       0xb2 Drivers\STM32F3xx_HAL_Driver\Src\stm32f3xx_hal_uart.o
                0x08001dfa                HAL_UART_Transmit
 .text.UART_CheckIdleState
                0x08001eac       0x64 Drivers\STM32F3xx_HAL_Driver\Src\stm32f3xx_hal_uart.o
                0x08001eac                UART_CheckIdleState
 .text.HAL_UART_Init
                0x08001f10       0x64 Drivers\STM32F3xx_HAL_Driver\Src\stm32f3xx_hal_uart.o
                0x08001f10                HAL_UART_Init
 .text.UART_Transmit_IT
                0x08001f74       0x5c Drivers\STM32F3xx_HAL_Driver\Src\stm32f3xx_hal_uart.o
                0x08001f74                UART_Transmit_IT
 .text.UART_EndTransmit_IT
                0x08001fd0       0x1a Drivers\STM32F3xx_HAL_Driver\Src\stm32f3xx_hal_uart.o
                0x08001fd0                UART_EndTransmit_IT
 .text.UART_Receive_IT
                0x08001fea       0x6c Drivers\STM32F3xx_HAL_Driver\Src\stm32f3xx_hal_uart.o
                0x08001fea                UART_Receive_IT
 *fill*         0x08002056        0x2 
 .text.HAL_UART_IRQHandler
                0x08002058      0x12c Drivers\STM32F3xx_HAL_Driver\Src\stm32f3xx_hal_uart.o
                0x08002058                HAL_UART_IRQHandler
 .text.HAL_UARTEx_WakeupCallback
                0x08002184        0x2 Drivers\STM32F3xx_HAL_Driver\Src\stm32f3xx_hal_uart_ex.o
                0x08002184                HAL_UARTEx_WakeupCallback
 *fill*         0x08002186        0x2 
 .text.uart_comms
                0x08002188      0x1d0 Src\functions.o
                0x08002188                uart_comms
 .text.HAL_UART_RxCpltCallback
                0x08002358        0xc Src\functions.o
                0x08002358                HAL_UART_RxCpltCallback
 .text.init_peripherals
                0x08002364       0xe4 Src\functions.o
                0x08002364                init_peripherals
 .text.adc_comms
                0x08002448       0x18 Src\functions.o
                0x08002448                adc_comms
 .text.HAL_ADC_ConvCpltCallback
                0x08002460        0xc Src\functions.o
                0x08002460                HAL_ADC_ConvCpltCallback
 .text.seven_segment_display
                0x0800246c      0x330 Src\functions.o
                0x0800246c                seven_segment_display
 .text.seven_segment
                0x0800279c       0xf8 Src\functions.o
                0x0800279c                seven_segment
 .text.MX_GPIO_Init
                0x08002894      0x124 Src\main.o
 .text.HAL_TIM_PeriodElapsedCallback
                0x080029b8        0x2 Src\main.o
                0x080029b8                HAL_TIM_PeriodElapsedCallback
 .text._Error_Handler
                0x080029ba        0x2 Src\main.o
                0x080029ba                _Error_Handler
 .text.MX_TIM2_Init
                0x080029bc       0x74 Src\main.o
 .text.MX_USART1_UART_Init
                0x08002a30       0x40 Src\main.o
 .text.MX_ADC2_Init
                0x08002a70       0x70 Src\main.o
 .text.SystemClock_Config
                0x08002ae0       0xa0 Src\main.o
                0x08002ae0                SystemClock_Config
 .text.main     0x08002b80       0x84 Src\main.o
                0x08002b80                main
 .text.HAL_MspInit
                0x08002c04       0x7c Src\stm32f3xx_hal_msp.o
                0x08002c04                HAL_MspInit
 .text.HAL_ADC_MspInit
                0x08002c80       0x54 Src\stm32f3xx_hal_msp.o
                0x08002c80                HAL_ADC_MspInit
 .text.HAL_TIM_Base_MspInit
                0x08002cd4       0x36 Src\stm32f3xx_hal_msp.o
                0x08002cd4                HAL_TIM_Base_MspInit
 *fill*         0x08002d0a        0x2 
 .text.HAL_UART_MspInit
                0x08002d0c       0x5c Src\stm32f3xx_hal_msp.o
                0x08002d0c                HAL_UART_MspInit
 .text.SysTick_Handler
                0x08002d68        0xe Src\stm32f3xx_it.o
                0x08002d68                SysTick_Handler
 *fill*         0x08002d76        0x2 
 .text.ADC1_2_IRQHandler
                0x08002d78        0xc Src\stm32f3xx_it.o
                0x08002d78                ADC1_2_IRQHandler
 .text.TIM2_IRQHandler
                0x08002d84       0x18 Src\stm32f3xx_it.o
                0x08002d84                TIM2_IRQHandler
 .text.USART1_IRQHandler
                0x08002d9c        0xc Src\stm32f3xx_it.o
                0x08002d9c                USART1_IRQHandler
 .text.SystemInit
                0x08002da8       0x68 Src\system_stm32f3xx.o
                0x08002da8                SystemInit
 .text.Reset_Handler
                0x08002e10       0x50 startup\startup_stm32f334x8.o
                0x08002e10                Reset_Handler
 .text.Default_Handler
                0x08002e60        0x2 startup\startup_stm32f334x8.o
                0x08002e60                RTC_Alarm_IRQHandler
                0x08002e60                HRTIM1_Master_IRQHandler
                0x08002e60                DebugMon_Handler
                0x08002e60                TIM1_CC_IRQHandler
                0x08002e60                HardFault_Handler
                0x08002e60                HRTIM1_FLT_IRQHandler
                0x08002e60                PVD_IRQHandler
                0x08002e60                HRTIM1_TIMD_IRQHandler
                0x08002e60                TAMP_STAMP_IRQHandler
                0x08002e60                PendSV_Handler
                0x08002e60                NMI_Handler
                0x08002e60                EXTI3_IRQHandler
                0x08002e60                EXTI0_IRQHandler
                0x08002e60                FPU_IRQHandler
                0x08002e60                CAN_TX_IRQHandler
                0x08002e60                TIM1_UP_TIM16_IRQHandler
                0x08002e60                UsageFault_Handler
                0x08002e60                HRTIM1_TIME_IRQHandler
                0x08002e60                SPI1_IRQHandler
                0x08002e60                CAN_SCE_IRQHandler
                0x08002e60                HRTIM1_TIMC_IRQHandler
                0x08002e60                DMA1_Channel4_IRQHandler
                0x08002e60                USART3_IRQHandler
                0x08002e60                DMA1_Channel7_IRQHandler
                0x08002e60                TIM7_DAC2_IRQHandler
                0x08002e60                CAN_RX1_IRQHandler
                0x08002e60                I2C1_EV_IRQHandler
                0x08002e60                DMA1_Channel6_IRQHandler
                0x08002e60                TIM3_IRQHandler
                0x08002e60                RCC_IRQHandler
                0x08002e60                DMA1_Channel1_IRQHandler
                0x08002e60                Default_Handler
                0x08002e60                EXTI15_10_IRQHandler
                0x08002e60                COMP2_IRQHandler
                0x08002e60                HRTIM1_TIMA_IRQHandler
                0x08002e60                TIM6_DAC1_IRQHandler
                0x08002e60                EXTI9_5_IRQHandler
                0x08002e60                RTC_WKUP_IRQHandler
                0x08002e60                MemManage_Handler
                0x08002e60                SVC_Handler
                0x08002e60                DMA1_Channel5_IRQHandler
                0x08002e60                EXTI4_IRQHandler
                0x08002e60                HRTIM1_TIMB_IRQHandler
                0x08002e60                TIM1_TRG_COM_TIM17_IRQHandler
                0x08002e60                DMA1_Channel3_IRQHandler
                0x08002e60                WWDG_IRQHandler
                0x08002e60                EXTI1_IRQHandler
                0x08002e60                COMP4_6_IRQHandler
                0x08002e60                USART2_IRQHandler
                0x08002e60                DMA1_Channel2_IRQHandler
                0x08002e60                FLASH_IRQHandler
                0x08002e60                BusFault_Handler
                0x08002e60                CAN_RX0_IRQHandler
                0x08002e60                I2C1_ER_IRQHandler
                0x08002e60                EXTI2_TSC_IRQHandler
                0x08002e60                TIM1_BRK_TIM15_IRQHandler
 *fill*         0x08002e62        0x2 
 .text.__libc_init_array
                0x08002e64       0x48 c:/program files (x86)/atollic/truestudio for arm 8.0.0/armtools/bin/../lib/gcc/arm-atollic-eabi/6.3.1/../../../../arm-atollic-eabi/lib/armv7e-m/fpu\libc_nano.a(lib_a-init.o)
                0x08002e64                __libc_init_array
 .text.malloc   0x08002eac       0x10 c:/program files (x86)/atollic/truestudio for arm 8.0.0/armtools/bin/../lib/gcc/arm-atollic-eabi/6.3.1/../../../../arm-atollic-eabi/lib/armv7e-m/fpu\libc_nano.a(lib_a-malloc.o)
                0x08002eac                malloc
 .text.memcpy   0x08002ebc       0x16 c:/program files (x86)/atollic/truestudio for arm 8.0.0/armtools/bin/../lib/gcc/arm-atollic-eabi/6.3.1/../../../../arm-atollic-eabi/lib/armv7e-m/fpu\libc_nano.a(lib_a-memcpy-stub.o)
                0x08002ebc                memcpy
 .text.memset   0x08002ed2       0x10 c:/program files (x86)/atollic/truestudio for arm 8.0.0/armtools/bin/../lib/gcc/arm-atollic-eabi/6.3.1/../../../../arm-atollic-eabi/lib/armv7e-m/fpu\libc_nano.a(lib_a-memset.o)
                0x08002ed2                memset
 *fill*         0x08002ee2        0x2 
 .text._malloc_r
                0x08002ee4       0xbc c:/program files (x86)/atollic/truestudio for arm 8.0.0/armtools/bin/../lib/gcc/arm-atollic-eabi/6.3.1/../../../../arm-atollic-eabi/lib/armv7e-m/fpu\libc_nano.a(lib_a-nano-mallocr.o)
                0x08002ee4                _malloc_r
 .text._sbrk_r  0x08002fa0       0x20 c:/program files (x86)/atollic/truestudio for arm 8.0.0/armtools/bin/../lib/gcc/arm-atollic-eabi/6.3.1/../../../../arm-atollic-eabi/lib/armv7e-m/fpu\libc_nano.a(lib_a-sbrkr.o)
                0x08002fa0                _sbrk_r
 .text.__malloc_lock
                0x08002fc0        0x2 c:/program files (x86)/atollic/truestudio for arm 8.0.0/armtools/bin/../lib/gcc/arm-atollic-eabi/6.3.1/../../../../arm-atollic-eabi/lib/armv7e-m/fpu\libc_nano.a(lib_a-mlock.o)
                0x08002fc0                __malloc_lock
 .text.__malloc_unlock
                0x08002fc2        0x2 c:/program files (x86)/atollic/truestudio for arm 8.0.0/armtools/bin/../lib/gcc/arm-atollic-eabi/6.3.1/../../../../arm-atollic-eabi/lib/armv7e-m/fpu\libc_nano.a(lib_a-mlock.o)
                0x08002fc2                __malloc_unlock
 .text._sbrk    0x08002fc4       0x1c c:/program files (x86)/atollic/truestudio for arm 8.0.0/armtools/bin/../lib/gcc/arm-atollic-eabi/6.3.1/../../../../arm-atollic-eabi/lib/armv7e-m/fpu\libnosys.a(sbrk.o)
                0x08002fc4                _sbrk
 *(.glue_7)
 .glue_7        0x08002fe0        0x0 linker stubs
 *(.glue_7t)
 .glue_7t       0x08002fe0        0x0 linker stubs
 *(.eh_frame)
 .eh_frame      0x08002fe0        0x0 c:/program files (x86)/atollic/truestudio for arm 8.0.0/armtools/bin/../lib/gcc/arm-atollic-eabi/6.3.1/armv7e-m/fpu/crtbegin.o
 *(.init)
 .init          0x08002fe0        0x4 c:/program files (x86)/atollic/truestudio for arm 8.0.0/armtools/bin/../lib/gcc/arm-atollic-eabi/6.3.1/armv7e-m/fpu/crti.o
                0x08002fe0                _init
 .init          0x08002fe4        0x8 c:/program files (x86)/atollic/truestudio for arm 8.0.0/armtools/bin/../lib/gcc/arm-atollic-eabi/6.3.1/armv7e-m/fpu/crtn.o
 *(.fini)
 .fini          0x08002fec        0x4 c:/program files (x86)/atollic/truestudio for arm 8.0.0/armtools/bin/../lib/gcc/arm-atollic-eabi/6.3.1/armv7e-m/fpu/crti.o
                0x08002fec                _fini
 .fini          0x08002ff0        0x8 c:/program files (x86)/atollic/truestudio for arm 8.0.0/armtools/bin/../lib/gcc/arm-atollic-eabi/6.3.1/armv7e-m/fpu/crtn.o
                0x08002ff8                . = ALIGN (0x4)
                0x08002ff8                _etext = .

.vfp11_veneer   0x08002ff8        0x0
 .vfp11_veneer  0x08002ff8        0x0 linker stubs

.v4_bx          0x08002ff8        0x0
 .v4_bx         0x08002ff8        0x0 linker stubs

.iplt           0x08002ff8        0x0
 .iplt          0x08002ff8        0x0 c:/program files (x86)/atollic/truestudio for arm 8.0.0/armtools/bin/../lib/gcc/arm-atollic-eabi/6.3.1/armv7e-m/fpu/crtbegin.o

.rodata         0x08002ff8       0x58
                0x08002ff8                . = ALIGN (0x4)
 *(.rodata)
 *(.rodata*)
 .rodata.aPLLMULFactorTable
                0x08002ff8       0x10 Drivers\STM32F3xx_HAL_Driver\Src\stm32f3xx_hal_rcc.o
                0x08002ff8                aPLLMULFactorTable
 .rodata.aPredivFactorTable
                0x08003008       0x10 Drivers\STM32F3xx_HAL_Driver\Src\stm32f3xx_hal_rcc.o
                0x08003008                aPredivFactorTable
 .rodata.CSWTCH.45
                0x08003018        0x4 Drivers\STM32F3xx_HAL_Driver\Src\stm32f3xx_hal_uart.o
 .rodata.MX_TIM2_Init.str1.4
                0x0800301c       0x10 Src\main.o
                                  0xe (size before relaxing)
 .rodata.AHBPrescTable
                0x0800302c       0x10 Src\system_stm32f3xx.o
                0x0800302c                AHBPrescTable
 .rodata.APBPrescTable
                0x0800303c        0x8 Src\system_stm32f3xx.o
                0x0800303c                APBPrescTable
 .rodata.str1.1
                0x08003044        0x9 Src\variables.o
                0x08003050                . = ALIGN (0x4)
 *fill*         0x0800304d        0x3 

.rel.dyn        0x08003050        0x0
 .rel.iplt      0x08003050        0x0 c:/program files (x86)/atollic/truestudio for arm 8.0.0/armtools/bin/../lib/gcc/arm-atollic-eabi/6.3.1/armv7e-m/fpu/crtbegin.o

.ARM.extab
 *(.ARM.extab* .gnu.linkonce.armextab.*)

.ARM            0x08003050        0x0
                0x08003050                __exidx_start = .
 *(.ARM.exidx*)
                0x08003050                __exidx_end = .

.preinit_array  0x08003050        0x0
                0x08003050                PROVIDE (__preinit_array_start, .)
 *(.preinit_array*)
                0x08003050                PROVIDE (__preinit_array_end, .)

.init_array     0x08003050        0x4
                0x08003050                PROVIDE (__init_array_start, .)
 *(SORT(.init_array.*))
 *(.init_array*)
 .init_array    0x08003050        0x4 c:/program files (x86)/atollic/truestudio for arm 8.0.0/armtools/bin/../lib/gcc/arm-atollic-eabi/6.3.1/armv7e-m/fpu/crtbegin.o
                0x08003054                PROVIDE (__init_array_end, .)

.fini_array     0x08003054        0x4
                [!provide]                PROVIDE (__fini_array_start, .)
 *(SORT(.fini_array.*))
 *(.fini_array*)
 .fini_array    0x08003054        0x4 c:/program files (x86)/atollic/truestudio for arm 8.0.0/armtools/bin/../lib/gcc/arm-atollic-eabi/6.3.1/armv7e-m/fpu/crtbegin.o
                [!provide]                PROVIDE (__fini_array_end, .)
                0x08003058                _sidata = LOADADDR (.data)

.data           0x20000000       0x80 load address 0x08003058
                0x20000000                . = ALIGN (0x4)
                0x20000000                _sdata = .
 *(.data)
 *(.data*)
 .data.SystemCoreClock
                0x20000000        0x4 Src\system_stm32f3xx.o
                0x20000000                SystemCoreClock
 .data.comma    0x20000004        0x2 Src\variables.o
                0x20000004                comma
 .data.endSimbol
                0x20000006        0x8 Src\variables.o
                0x20000006                endSimbol
 .data.segment_counter
                0x2000000e        0x1 Src\variables.o
                0x2000000e                segment_counter
 .data.studentnumber1
                0x2000000f        0x8 Src\variables.o
                0x2000000f                studentnumber1
 *fill*         0x20000017        0x1 
 .data.time     0x20000018        0x4 Src\variables.o
                0x20000018                time
 .data._impure_ptr
                0x2000001c        0x4 c:/program files (x86)/atollic/truestudio for arm 8.0.0/armtools/bin/../lib/gcc/arm-atollic-eabi/6.3.1/../../../../arm-atollic-eabi/lib/armv7e-m/fpu\libc_nano.a(lib_a-impure.o)
                0x2000001c                _impure_ptr
 .data.impure_data
                0x20000020       0x60 c:/program files (x86)/atollic/truestudio for arm 8.0.0/armtools/bin/../lib/gcc/arm-atollic-eabi/6.3.1/../../../../arm-atollic-eabi/lib/armv7e-m/fpu\libc_nano.a(lib_a-impure.o)
                0x20000080                . = ALIGN (0x4)
                0x20000080                _edata = .
                0x080030d8                _siccmram = LOADADDR (.ccmram)

.igot.plt       0x20000080        0x0 load address 0x080030d8
 .igot.plt      0x20000080        0x0 c:/program files (x86)/atollic/truestudio for arm 8.0.0/armtools/bin/../lib/gcc/arm-atollic-eabi/6.3.1/armv7e-m/fpu/crtbegin.o

.ccmram         0x10000000        0x0 load address 0x080030d8
                0x10000000                . = ALIGN (0x4)
                0x10000000                _sccmram = .
 *(.ccmram)
 *(.ccmram*)
                0x10000000                . = ALIGN (0x4)
                0x10000000                _eccmram = .
                0x10000000                . = ALIGN (0x4)

.bss            0x20000080      0x158
                0x20000080                _sbss = .
                0x20000080                __bss_start__ = _sbss
 *(.bss)
 .bss           0x20000080       0x1c c:/program files (x86)/atollic/truestudio for arm 8.0.0/armtools/bin/../lib/gcc/arm-atollic-eabi/6.3.1/armv7e-m/fpu/crtbegin.o
 *(.bss*)
 .bss.tim2_flag
                0x2000009c        0x1 Src\main.o
                0x2000009c                tim2_flag
 .bss.adc_flag  0x2000009d        0x1 Src\variables.o
                0x2000009d                adc_flag
 .bss.adc_raw_value
                0x2000009e        0x1 Src\variables.o
                0x2000009e                adc_raw_value
 .bss.auto_heating
                0x2000009f        0x1 Src\variables.o
                0x2000009f                auto_heating
 .bss.return_value
                0x200000a0        0x4 Src\variables.o
                0x200000a0                return_value
 .bss.rx_flag   0x200000a4        0x1 Src\variables.o
                0x200000a4                rx_flag
 .bss.segment_val
                0x200000a5        0x1 Src\variables.o
                0x200000a5                segment_val
 *fill*         0x200000a6        0x2 
 .bss.set_temp  0x200000a8        0x4 Src\variables.o
                0x200000a8                set_temp
 .bss.sizeOfTemp
                0x200000ac        0x1 Src\variables.o
                0x200000ac                sizeOfTemp
 *fill*         0x200000ad        0x3 
 .bss.uart_command
                0x200000b0        0x4 Src\variables.o
                0x200000b0                uart_command
 .bss.uart_counter
                0x200000b4        0x1 Src\variables.o
                0x200000b4                uart_counter
 *fill*         0x200000b5        0x3 
 .bss.__malloc_free_list
                0x200000b8        0x4 c:/program files (x86)/atollic/truestudio for arm 8.0.0/armtools/bin/../lib/gcc/arm-atollic-eabi/6.3.1/../../../../arm-atollic-eabi/lib/armv7e-m/fpu\libc_nano.a(lib_a-nano-mallocr.o)
                0x200000b8                __malloc_free_list
 .bss.__malloc_sbrk_start
                0x200000bc        0x4 c:/program files (x86)/atollic/truestudio for arm 8.0.0/armtools/bin/../lib/gcc/arm-atollic-eabi/6.3.1/../../../../arm-atollic-eabi/lib/armv7e-m/fpu\libc_nano.a(lib_a-nano-mallocr.o)
                0x200000bc                __malloc_sbrk_start
 .bss.heap_end.5239
                0x200000c0        0x4 c:/program files (x86)/atollic/truestudio for arm 8.0.0/armtools/bin/../lib/gcc/arm-atollic-eabi/6.3.1/../../../../arm-atollic-eabi/lib/armv7e-m/fpu\libnosys.a(sbrk.o)
 *(COMMON)
 COMMON         0x200000c4        0x4 Drivers\STM32F3xx_HAL_Driver\Src\stm32f3xx_hal.o
                0x200000c4                uwTick
 COMMON         0x200000c8      0x104 Src\main.o
                0x200000c8                hadc2
                0x2000011c                huart1
                0x2000018c                htim2
 COMMON         0x200001cc        0x5 Src\variables.o
                0x200001cc                studentnumber
                0x200001d0                rx_buffer
 *fill*         0x200001d1        0x3 
 COMMON         0x200001d4        0x4 c:/program files (x86)/atollic/truestudio for arm 8.0.0/armtools/bin/../lib/gcc/arm-atollic-eabi/6.3.1/../../../../arm-atollic-eabi/lib/armv7e-m/fpu\libc_nano.a(lib_a-reent.o)
                0x200001d4                errno
                0x200001d8                . = ALIGN (0x4)
                0x200001d8                _ebss = .
                0x200001d8                __bss_end__ = _ebss

._user_heap_stack
                0x200001d8      0x600
                0x200001d8                . = ALIGN (0x4)
                0x200001d8                PROVIDE (end, .)
                [!provide]                PROVIDE (_end, .)
                0x200003d8                . = (. + _Min_Heap_Size)
 *fill*         0x200001d8      0x200 
                0x200007d8                . = (. + _Min_Stack_Size)
 *fill*         0x200003d8      0x400 
                0x200007d8                . = ALIGN (0x4)

/DISCARD/
 libc.a(*)
 libm.a(*)
 libgcc.a(*)

.ARM.attributes
                0x00000000       0x30
 *(.ARM.attributes)
 .ARM.attributes
                0x00000000       0x22 c:/program files (x86)/atollic/truestudio for arm 8.0.0/armtools/bin/../lib/gcc/arm-atollic-eabi/6.3.1/armv7e-m/fpu/crti.o
 .ARM.attributes
                0x00000022       0x34 c:/program files (x86)/atollic/truestudio for arm 8.0.0/armtools/bin/../lib/gcc/arm-atollic-eabi/6.3.1/armv7e-m/fpu/crtbegin.o
 .ARM.attributes
                0x00000056       0x39 Drivers\STM32F3xx_HAL_Driver\Src\stm32f3xx_hal.o
 .ARM.attributes
                0x0000008f       0x39 Drivers\STM32F3xx_HAL_Driver\Src\stm32f3xx_hal_adc.o
 .ARM.attributes
                0x000000c8       0x39 Drivers\STM32F3xx_HAL_Driver\Src\stm32f3xx_hal_adc_ex.o
 .ARM.attributes
                0x00000101       0x39 Drivers\STM32F3xx_HAL_Driver\Src\stm32f3xx_hal_cortex.o
 .ARM.attributes
                0x0000013a       0x39 Drivers\STM32F3xx_HAL_Driver\Src\stm32f3xx_hal_dma.o
 .ARM.attributes
                0x00000173       0x39 Drivers\STM32F3xx_HAL_Driver\Src\stm32f3xx_hal_gpio.o
 .ARM.attributes
                0x000001ac       0x39 Drivers\STM32F3xx_HAL_Driver\Src\stm32f3xx_hal_rcc.o
 .ARM.attributes
                0x000001e5       0x39 Drivers\STM32F3xx_HAL_Driver\Src\stm32f3xx_hal_rcc_ex.o
 .ARM.attributes
                0x0000021e       0x39 Drivers\STM32F3xx_HAL_Driver\Src\stm32f3xx_hal_tim.o
 .ARM.attributes
                0x00000257       0x39 Drivers\STM32F3xx_HAL_Driver\Src\stm32f3xx_hal_tim_ex.o
 .ARM.attributes
                0x00000290       0x39 Drivers\STM32F3xx_HAL_Driver\Src\stm32f3xx_hal_uart.o
 .ARM.attributes
                0x000002c9       0x39 Drivers\STM32F3xx_HAL_Driver\Src\stm32f3xx_hal_uart_ex.o
 .ARM.attributes
                0x00000302       0x39 Src\functions.o
 .ARM.attributes
                0x0000033b       0x39 Src\main.o
 .ARM.attributes
                0x00000374       0x39 Src\stm32f3xx_hal_msp.o
 .ARM.attributes
                0x000003ad       0x39 Src\stm32f3xx_it.o
 .ARM.attributes
                0x000003e6       0x39 Src\system_stm32f3xx.o
 .ARM.attributes
                0x0000041f       0x39 Src\variables.o
 .ARM.attributes
                0x00000458       0x21 startup\startup_stm32f334x8.o
 .ARM.attributes
                0x00000479       0x34 c:/program files (x86)/atollic/truestudio for arm 8.0.0/armtools/bin/../lib/gcc/arm-atollic-eabi/6.3.1/../../../../arm-atollic-eabi/lib/armv7e-m/fpu\libc_nano.a(lib_a-init.o)
 .ARM.attributes
                0x000004ad       0x34 c:/program files (x86)/atollic/truestudio for arm 8.0.0/armtools/bin/../lib/gcc/arm-atollic-eabi/6.3.1/../../../../arm-atollic-eabi/lib/armv7e-m/fpu\libc_nano.a(lib_a-malloc.o)
 .ARM.attributes
                0x000004e1       0x34 c:/program files (x86)/atollic/truestudio for arm 8.0.0/armtools/bin/../lib/gcc/arm-atollic-eabi/6.3.1/../../../../arm-atollic-eabi/lib/armv7e-m/fpu\libc_nano.a(lib_a-memcpy-stub.o)
 .ARM.attributes
                0x00000515       0x34 c:/program files (x86)/atollic/truestudio for arm 8.0.0/armtools/bin/../lib/gcc/arm-atollic-eabi/6.3.1/../../../../arm-atollic-eabi/lib/armv7e-m/fpu\libc_nano.a(lib_a-memset.o)
 .ARM.attributes
                0x00000549       0x34 c:/program files (x86)/atollic/truestudio for arm 8.0.0/armtools/bin/../lib/gcc/arm-atollic-eabi/6.3.1/../../../../arm-atollic-eabi/lib/armv7e-m/fpu\libc_nano.a(lib_a-nano-mallocr.o)
 .ARM.attributes
                0x0000057d       0x34 c:/program files (x86)/atollic/truestudio for arm 8.0.0/armtools/bin/../lib/gcc/arm-atollic-eabi/6.3.1/../../../../arm-atollic-eabi/lib/armv7e-m/fpu\libc_nano.a(lib_a-sbrkr.o)
 .ARM.attributes
                0x000005b1       0x34 c:/program files (x86)/atollic/truestudio for arm 8.0.0/armtools/bin/../lib/gcc/arm-atollic-eabi/6.3.1/../../../../arm-atollic-eabi/lib/armv7e-m/fpu\libc_nano.a(lib_a-impure.o)
 .ARM.attributes
                0x000005e5       0x34 c:/program files (x86)/atollic/truestudio for arm 8.0.0/armtools/bin/../lib/gcc/arm-atollic-eabi/6.3.1/../../../../arm-atollic-eabi/lib/armv7e-m/fpu\libc_nano.a(lib_a-mlock.o)
 .ARM.attributes
                0x00000619       0x34 c:/program files (x86)/atollic/truestudio for arm 8.0.0/armtools/bin/../lib/gcc/arm-atollic-eabi/6.3.1/../../../../arm-atollic-eabi/lib/armv7e-m/fpu\libc_nano.a(lib_a-reent.o)
 .ARM.attributes
                0x0000064d       0x34 c:/program files (x86)/atollic/truestudio for arm 8.0.0/armtools/bin/../lib/gcc/arm-atollic-eabi/6.3.1/../../../../arm-atollic-eabi/lib/armv7e-m/fpu\libnosys.a(sbrk.o)
 .ARM.attributes
                0x00000681       0x22 c:/program files (x86)/atollic/truestudio for arm 8.0.0/armtools/bin/../lib/gcc/arm-atollic-eabi/6.3.1/armv7e-m/fpu/crtn.o
OUTPUT(edesign19231865.elf elf32-littlearm)

.debug_info     0x00000000    0x1bc9c
 .debug_info    0x00000000      0xf50 Drivers\STM32F3xx_HAL_Driver\Src\stm32f3xx_hal.o
 .debug_info    0x00000f50     0x12ee Drivers\STM32F3xx_HAL_Driver\Src\stm32f3xx_hal_adc.o
 .debug_info    0x0000223e     0x2273 Drivers\STM32F3xx_HAL_Driver\Src\stm32f3xx_hal_adc_ex.o
 .debug_info    0x000044b1     0x1494 Drivers\STM32F3xx_HAL_Driver\Src\stm32f3xx_hal_cortex.o
 .debug_info    0x00005945     0x1040 Drivers\STM32F3xx_HAL_Driver\Src\stm32f3xx_hal_dma.o
 .debug_info    0x00006985      0xf98 Drivers\STM32F3xx_HAL_Driver\Src\stm32f3xx_hal_gpio.o
 .debug_info    0x0000791d     0x1b01 Drivers\STM32F3xx_HAL_Driver\Src\stm32f3xx_hal_rcc.o
 .debug_info    0x0000941e      0xe40 Drivers\STM32F3xx_HAL_Driver\Src\stm32f3xx_hal_rcc_ex.o
 .debug_info    0x0000a25e     0x3d10 Drivers\STM32F3xx_HAL_Driver\Src\stm32f3xx_hal_tim.o
 .debug_info    0x0000df6e     0x1d4c Drivers\STM32F3xx_HAL_Driver\Src\stm32f3xx_hal_tim_ex.o
 .debug_info    0x0000fcba     0x2221 Drivers\STM32F3xx_HAL_Driver\Src\stm32f3xx_hal_uart.o
 .debug_info    0x00011edb     0x113a Drivers\STM32F3xx_HAL_Driver\Src\stm32f3xx_hal_uart_ex.o
 .debug_info    0x00013015     0x2309 Src\functions.o
 .debug_info    0x0001531e     0x21f8 Src\main.o
 .debug_info    0x00017516     0x1b1b Src\stm32f3xx_hal_msp.o
 .debug_info    0x00019031     0x1512 Src\stm32f3xx_it.o
 .debug_info    0x0001a543      0xc20 Src\system_stm32f3xx.o
 .debug_info    0x0001b163      0xab0 Src\variables.o
 .debug_info    0x0001bc13       0x89 startup\startup_stm32f334x8.o

.debug_abbrev   0x00000000     0x3065
 .debug_abbrev  0x00000000      0x2b3 Drivers\STM32F3xx_HAL_Driver\Src\stm32f3xx_hal.o
 .debug_abbrev  0x000002b3      0x24c Drivers\STM32F3xx_HAL_Driver\Src\stm32f3xx_hal_adc.o
 .debug_abbrev  0x000004ff      0x359 Drivers\STM32F3xx_HAL_Driver\Src\stm32f3xx_hal_adc_ex.o
 .debug_abbrev  0x00000858      0x374 Drivers\STM32F3xx_HAL_Driver\Src\stm32f3xx_hal_cortex.o
 .debug_abbrev  0x00000bcc      0x2ad Drivers\STM32F3xx_HAL_Driver\Src\stm32f3xx_hal_dma.o
 .debug_abbrev  0x00000e79      0x268 Drivers\STM32F3xx_HAL_Driver\Src\stm32f3xx_hal_gpio.o
 .debug_abbrev  0x000010e1      0x345 Drivers\STM32F3xx_HAL_Driver\Src\stm32f3xx_hal_rcc.o
 .debug_abbrev  0x00001426      0x318 Drivers\STM32F3xx_HAL_Driver\Src\stm32f3xx_hal_rcc_ex.o
 .debug_abbrev  0x0000173e      0x3ab Drivers\STM32F3xx_HAL_Driver\Src\stm32f3xx_hal_tim.o
 .debug_abbrev  0x00001ae9      0x30d Drivers\STM32F3xx_HAL_Driver\Src\stm32f3xx_hal_tim_ex.o
 .debug_abbrev  0x00001df6      0x384 Drivers\STM32F3xx_HAL_Driver\Src\stm32f3xx_hal_uart.o
 .debug_abbrev  0x0000217a      0x279 Drivers\STM32F3xx_HAL_Driver\Src\stm32f3xx_hal_uart_ex.o
 .debug_abbrev  0x000023f3      0x255 Src\functions.o
 .debug_abbrev  0x00002648      0x2bf Src\main.o
 .debug_abbrev  0x00002907      0x221 Src\stm32f3xx_hal_msp.o
 .debug_abbrev  0x00002b28      0x1e9 Src\stm32f3xx_it.o
 .debug_abbrev  0x00002d11      0x1ca Src\system_stm32f3xx.o
 .debug_abbrev  0x00002edb      0x178 Src\variables.o
 .debug_abbrev  0x00003053       0x12 startup\startup_stm32f334x8.o

.debug_loc      0x00000000     0x8ed6
 .debug_loc     0x00000000       0x69 Drivers\STM32F3xx_HAL_Driver\Src\stm32f3xx_hal.o
 .debug_loc     0x00000069      0x108 Drivers\STM32F3xx_HAL_Driver\Src\stm32f3xx_hal_adc.o
 .debug_loc     0x00000171     0x1842 Drivers\STM32F3xx_HAL_Driver\Src\stm32f3xx_hal_adc_ex.o
 .debug_loc     0x000019b3      0x4da Drivers\STM32F3xx_HAL_Driver\Src\stm32f3xx_hal_cortex.o
 .debug_loc     0x00001e8d      0x5de Drivers\STM32F3xx_HAL_Driver\Src\stm32f3xx_hal_dma.o
 .debug_loc     0x0000246b      0x2ba Drivers\STM32F3xx_HAL_Driver\Src\stm32f3xx_hal_gpio.o
 .debug_loc     0x00002725      0x8a8 Drivers\STM32F3xx_HAL_Driver\Src\stm32f3xx_hal_rcc.o
 .debug_loc     0x00002fcd      0x42c Drivers\STM32F3xx_HAL_Driver\Src\stm32f3xx_hal_rcc_ex.o
 .debug_loc     0x000033f9     0x31ea Drivers\STM32F3xx_HAL_Driver\Src\stm32f3xx_hal_tim.o
 .debug_loc     0x000065e3      0xeca Drivers\STM32F3xx_HAL_Driver\Src\stm32f3xx_hal_tim_ex.o
 .debug_loc     0x000074ad     0x146f Drivers\STM32F3xx_HAL_Driver\Src\stm32f3xx_hal_uart.o
 .debug_loc     0x0000891c      0x2fd Drivers\STM32F3xx_HAL_Driver\Src\stm32f3xx_hal_uart_ex.o
 .debug_loc     0x00008c19       0xf4 Src\functions.o
 .debug_loc     0x00008d0d       0xe7 Src\stm32f3xx_hal_msp.o
 .debug_loc     0x00008df4       0xe2 Src\system_stm32f3xx.o

.debug_aranges  0x00000000      0xb98
 .debug_aranges
                0x00000000       0xc0 Drivers\STM32F3xx_HAL_Driver\Src\stm32f3xx_hal.o
 .debug_aranges
                0x000000c0       0x60 Drivers\STM32F3xx_HAL_Driver\Src\stm32f3xx_hal_adc.o
 .debug_aranges
                0x00000120      0x150 Drivers\STM32F3xx_HAL_Driver\Src\stm32f3xx_hal_adc_ex.o
 .debug_aranges
                0x00000270       0x90 Drivers\STM32F3xx_HAL_Driver\Src\stm32f3xx_hal_cortex.o
 .debug_aranges
                0x00000300       0x78 Drivers\STM32F3xx_HAL_Driver\Src\stm32f3xx_hal_dma.o
 .debug_aranges
                0x00000378       0x58 Drivers\STM32F3xx_HAL_Driver\Src\stm32f3xx_hal_gpio.o
 .debug_aranges
                0x000003d0       0x88 Drivers\STM32F3xx_HAL_Driver\Src\stm32f3xx_hal_rcc.o
 .debug_aranges
                0x00000458       0x38 Drivers\STM32F3xx_HAL_Driver\Src\stm32f3xx_hal_rcc_ex.o
 .debug_aranges
                0x00000490      0x268 Drivers\STM32F3xx_HAL_Driver\Src\stm32f3xx_hal_tim.o
 .debug_aranges
                0x000006f8      0x120 Drivers\STM32F3xx_HAL_Driver\Src\stm32f3xx_hal_tim_ex.o
 .debug_aranges
                0x00000818      0x1a0 Drivers\STM32F3xx_HAL_Driver\Src\stm32f3xx_hal_uart.o
 .debug_aranges
                0x000009b8       0x48 Drivers\STM32F3xx_HAL_Driver\Src\stm32f3xx_hal_uart_ex.o
 .debug_aranges
                0x00000a00       0x50 Src\functions.o
 .debug_aranges
                0x00000a50       0x58 Src\main.o
 .debug_aranges
                0x00000aa8       0x50 Src\stm32f3xx_hal_msp.o
 .debug_aranges
                0x00000af8       0x38 Src\stm32f3xx_it.o
 .debug_aranges
                0x00000b30       0x28 Src\system_stm32f3xx.o
 .debug_aranges
                0x00000b58       0x18 Src\variables.o
 .debug_aranges
                0x00000b70       0x28 startup\startup_stm32f334x8.o

.debug_ranges   0x00000000      0xec0
 .debug_ranges  0x00000000       0xb0 Drivers\STM32F3xx_HAL_Driver\Src\stm32f3xx_hal.o
 .debug_ranges  0x000000b0       0x50 Drivers\STM32F3xx_HAL_Driver\Src\stm32f3xx_hal_adc.o
 .debug_ranges  0x00000100      0x140 Drivers\STM32F3xx_HAL_Driver\Src\stm32f3xx_hal_adc_ex.o
 .debug_ranges  0x00000240      0x120 Drivers\STM32F3xx_HAL_Driver\Src\stm32f3xx_hal_cortex.o
 .debug_ranges  0x00000360       0xd8 Drivers\STM32F3xx_HAL_Driver\Src\stm32f3xx_hal_dma.o
 .debug_ranges  0x00000438       0x68 Drivers\STM32F3xx_HAL_Driver\Src\stm32f3xx_hal_gpio.o
 .debug_ranges  0x000004a0      0x1d8 Drivers\STM32F3xx_HAL_Driver\Src\stm32f3xx_hal_rcc.o
 .debug_ranges  0x00000678       0x78 Drivers\STM32F3xx_HAL_Driver\Src\stm32f3xx_hal_rcc_ex.o
 .debug_ranges  0x000006f0      0x348 Drivers\STM32F3xx_HAL_Driver\Src\stm32f3xx_hal_tim.o
 .debug_ranges  0x00000a38      0x110 Drivers\STM32F3xx_HAL_Driver\Src\stm32f3xx_hal_tim_ex.o
 .debug_ranges  0x00000b48      0x190 Drivers\STM32F3xx_HAL_Driver\Src\stm32f3xx_hal_uart.o
 .debug_ranges  0x00000cd8       0x38 Drivers\STM32F3xx_HAL_Driver\Src\stm32f3xx_hal_uart_ex.o
 .debug_ranges  0x00000d10       0x40 Src\functions.o
 .debug_ranges  0x00000d50       0x48 Src\main.o
 .debug_ranges  0x00000d98       0xc8 Src\stm32f3xx_hal_msp.o
 .debug_ranges  0x00000e60       0x28 Src\stm32f3xx_it.o
 .debug_ranges  0x00000e88       0x18 Src\system_stm32f3xx.o
 .debug_ranges  0x00000ea0       0x20 startup\startup_stm32f334x8.o

.debug_line     0x00000000     0x7804
 .debug_line    0x00000000      0x420 Drivers\STM32F3xx_HAL_Driver\Src\stm32f3xx_hal.o
 .debug_line    0x00000420      0x371 Drivers\STM32F3xx_HAL_Driver\Src\stm32f3xx_hal_adc.o
 .debug_line    0x00000791     0x106b Drivers\STM32F3xx_HAL_Driver\Src\stm32f3xx_hal_adc_ex.o
 .debug_line    0x000017fc      0x420 Drivers\STM32F3xx_HAL_Driver\Src\stm32f3xx_hal_cortex.o
 .debug_line    0x00001c1c      0x57a Drivers\STM32F3xx_HAL_Driver\Src\stm32f3xx_hal_dma.o
 .debug_line    0x00002196      0x453 Drivers\STM32F3xx_HAL_Driver\Src\stm32f3xx_hal_gpio.o
 .debug_line    0x000025e9      0x840 Drivers\STM32F3xx_HAL_Driver\Src\stm32f3xx_hal_rcc.o
 .debug_line    0x00002e29      0x4a6 Drivers\STM32F3xx_HAL_Driver\Src\stm32f3xx_hal_rcc_ex.o
 .debug_line    0x000032cf     0x11d5 Drivers\STM32F3xx_HAL_Driver\Src\stm32f3xx_hal_tim.o
 .debug_line    0x000044a4      0x8f9 Drivers\STM32F3xx_HAL_Driver\Src\stm32f3xx_hal_tim_ex.o
 .debug_line    0x00004d9d      0xd0c Drivers\STM32F3xx_HAL_Driver\Src\stm32f3xx_hal_uart.o
 .debug_line    0x00005aa9      0x3e9 Drivers\STM32F3xx_HAL_Driver\Src\stm32f3xx_hal_uart_ex.o
 .debug_line    0x00005e92      0x4ed Src\functions.o
 .debug_line    0x0000637f      0x83b Src\main.o
 .debug_line    0x00006bba      0x3e0 Src\stm32f3xx_hal_msp.o
 .debug_line    0x00006f9a      0x34c Src\stm32f3xx_it.o
 .debug_line    0x000072e6      0x27a Src\system_stm32f3xx.o
 .debug_line    0x00007560      0x225 Src\variables.o
 .debug_line    0x00007785       0x7f startup\startup_stm32f334x8.o

.debug_str      0x00000000    0xaa959
 .debug_str     0x00000000      0xabf Drivers\STM32F3xx_HAL_Driver\Src\stm32f3xx_hal.o
                                0xcb1 (size before relaxing)
 .debug_str     0x00000abf      0x61c Drivers\STM32F3xx_HAL_Driver\Src\stm32f3xx_hal_adc.o
                                0xd52 (size before relaxing)
 .debug_str     0x000010db      0x650 Drivers\STM32F3xx_HAL_Driver\Src\stm32f3xx_hal_adc_ex.o
                               0x136d (size before relaxing)
 .debug_str     0x0000172b      0x2af Drivers\STM32F3xx_HAL_Driver\Src\stm32f3xx_hal_cortex.o
                                0xdd7 (size before relaxing)
 .debug_str     0x000019da      0x229 Drivers\STM32F3xx_HAL_Driver\Src\stm32f3xx_hal_dma.o
                                0xacc (size before relaxing)
 .debug_str     0x00001c03      0x209 Drivers\STM32F3xx_HAL_Driver\Src\stm32f3xx_hal_gpio.o
                                0x957 (size before relaxing)
 .debug_str     0x00001e0c      0x306 Drivers\STM32F3xx_HAL_Driver\Src\stm32f3xx_hal_rcc.o
                                0xac4 (size before relaxing)
 .debug_str     0x00002112      0x194 Drivers\STM32F3xx_HAL_Driver\Src\stm32f3xx_hal_rcc_ex.o
                                0x916 (size before relaxing)
 .debug_str     0x000022a6      0xf60 Drivers\STM32F3xx_HAL_Driver\Src\stm32f3xx_hal_tim.o
                               0x1861 (size before relaxing)
 .debug_str     0x00003206      0x5a3 Drivers\STM32F3xx_HAL_Driver\Src\stm32f3xx_hal_tim_ex.o
                               0x129c (size before relaxing)
 .debug_str     0x000037a9      0x926 Drivers\STM32F3xx_HAL_Driver\Src\stm32f3xx_hal_uart.o
                               0x12d9 (size before relaxing)
 .debug_str     0x000040cf       0xed Drivers\STM32F3xx_HAL_Driver\Src\stm32f3xx_hal_uart_ex.o
                                0xcdd (size before relaxing)
 .debug_str     0x000041bc      0x16c Src\functions.o
                               0x1113 (size before relaxing)
 .debug_str     0x00004328    0xa655a Src\main.o
                              0xa7e8c (size before relaxing)
 .debug_str     0x000aa882       0x25 Src\stm32f3xx_hal_msp.o
                               0x13fc (size before relaxing)
 .debug_str     0x000aa8a7       0x48 Src\stm32f3xx_it.o
                                0xf9a (size before relaxing)
 .debug_str     0x000aa8ef       0x50 Src\system_stm32f3xx.o
                                0x741 (size before relaxing)
 .debug_str     0x000aa93f       0x1a Src\variables.o
                                0x6d8 (size before relaxing)

.comment        0x00000000       0x7c
 .comment       0x00000000       0x7c Drivers\STM32F3xx_HAL_Driver\Src\stm32f3xx_hal.o
                                 0x7d (size before relaxing)
 .comment       0x0000007c       0x7d Drivers\STM32F3xx_HAL_Driver\Src\stm32f3xx_hal_adc.o
 .comment       0x0000007c       0x7d Drivers\STM32F3xx_HAL_Driver\Src\stm32f3xx_hal_adc_ex.o
 .comment       0x0000007c       0x7d Drivers\STM32F3xx_HAL_Driver\Src\stm32f3xx_hal_cortex.o
 .comment       0x0000007c       0x7d Drivers\STM32F3xx_HAL_Driver\Src\stm32f3xx_hal_dma.o
 .comment       0x0000007c       0x7d Drivers\STM32F3xx_HAL_Driver\Src\stm32f3xx_hal_gpio.o
 .comment       0x0000007c       0x7d Drivers\STM32F3xx_HAL_Driver\Src\stm32f3xx_hal_rcc.o
 .comment       0x0000007c       0x7d Drivers\STM32F3xx_HAL_Driver\Src\stm32f3xx_hal_rcc_ex.o
 .comment       0x0000007c       0x7d Drivers\STM32F3xx_HAL_Driver\Src\stm32f3xx_hal_tim.o
 .comment       0x0000007c       0x7d Drivers\STM32F3xx_HAL_Driver\Src\stm32f3xx_hal_tim_ex.o
 .comment       0x0000007c       0x7d Drivers\STM32F3xx_HAL_Driver\Src\stm32f3xx_hal_uart.o
 .comment       0x0000007c       0x7d Drivers\STM32F3xx_HAL_Driver\Src\stm32f3xx_hal_uart_ex.o
 .comment       0x0000007c       0x7d Src\functions.o
 .comment       0x0000007c       0x7d Src\main.o
 .comment       0x0000007c       0x7d Src\stm32f3xx_hal_msp.o
 .comment       0x0000007c       0x7d Src\stm32f3xx_it.o
 .comment       0x0000007c       0x7d Src\system_stm32f3xx.o
 .comment       0x0000007c       0x7d Src\variables.o

.debug_frame    0x00000000     0x23f8
 .debug_frame   0x00000000      0x194 Drivers\STM32F3xx_HAL_Driver\Src\stm32f3xx_hal.o
 .debug_frame   0x00000194      0x170 Drivers\STM32F3xx_HAL_Driver\Src\stm32f3xx_hal_adc.o
 .debug_frame   0x00000304      0x474 Drivers\STM32F3xx_HAL_Driver\Src\stm32f3xx_hal_adc_ex.o
 .debug_frame   0x00000778      0x120 Drivers\STM32F3xx_HAL_Driver\Src\stm32f3xx_hal_cortex.o
 .debug_frame   0x00000898      0x13c Drivers\STM32F3xx_HAL_Driver\Src\stm32f3xx_hal_dma.o
 .debug_frame   0x000009d4       0xd8 Drivers\STM32F3xx_HAL_Driver\Src\stm32f3xx_hal_gpio.o
 .debug_frame   0x00000aac      0x140 Drivers\STM32F3xx_HAL_Driver\Src\stm32f3xx_hal_rcc.o
 .debug_frame   0x00000bec       0xa8 Drivers\STM32F3xx_HAL_Driver\Src\stm32f3xx_hal_rcc_ex.o
 .debug_frame   0x00000c94      0x8b8 Drivers\STM32F3xx_HAL_Driver\Src\stm32f3xx_hal_tim.o
 .debug_frame   0x0000154c      0x3e4 Drivers\STM32F3xx_HAL_Driver\Src\stm32f3xx_hal_tim_ex.o
 .debug_frame   0x00001930      0x568 Drivers\STM32F3xx_HAL_Driver\Src\stm32f3xx_hal_uart.o
 .debug_frame   0x00001e98       0xa0 Drivers\STM32F3xx_HAL_Driver\Src\stm32f3xx_hal_uart_ex.o
 .debug_frame   0x00001f38       0xc8 Src\functions.o
 .debug_frame   0x00002000       0xe4 Src\main.o
 .debug_frame   0x000020e4       0xd0 Src\stm32f3xx_hal_msp.o
 .debug_frame   0x000021b4       0x64 Src\stm32f3xx_it.o
 .debug_frame   0x00002218       0x38 Src\system_stm32f3xx.o
 .debug_frame   0x00002250       0x2c c:/program files (x86)/atollic/truestudio for arm 8.0.0/armtools/bin/../lib/gcc/arm-atollic-eabi/6.3.1/../../../../arm-atollic-eabi/lib/armv7e-m/fpu\libc_nano.a(lib_a-init.o)
 .debug_frame   0x0000227c       0x30 c:/program files (x86)/atollic/truestudio for arm 8.0.0/armtools/bin/../lib/gcc/arm-atollic-eabi/6.3.1/../../../../arm-atollic-eabi/lib/armv7e-m/fpu\libc_nano.a(lib_a-malloc.o)
 .debug_frame   0x000022ac       0x28 c:/program files (x86)/atollic/truestudio for arm 8.0.0/armtools/bin/../lib/gcc/arm-atollic-eabi/6.3.1/../../../../arm-atollic-eabi/lib/armv7e-m/fpu\libc_nano.a(lib_a-memcpy-stub.o)
 .debug_frame   0x000022d4       0x20 c:/program files (x86)/atollic/truestudio for arm 8.0.0/armtools/bin/../lib/gcc/arm-atollic-eabi/6.3.1/../../../../arm-atollic-eabi/lib/armv7e-m/fpu\libc_nano.a(lib_a-memset.o)
 .debug_frame   0x000022f4       0x2c c:/program files (x86)/atollic/truestudio for arm 8.0.0/armtools/bin/../lib/gcc/arm-atollic-eabi/6.3.1/../../../../arm-atollic-eabi/lib/armv7e-m/fpu\libc_nano.a(lib_a-nano-mallocr.o)
 .debug_frame   0x00002320       0x2c c:/program files (x86)/atollic/truestudio for arm 8.0.0/armtools/bin/../lib/gcc/arm-atollic-eabi/6.3.1/../../../../arm-atollic-eabi/lib/armv7e-m/fpu\libc_nano.a(lib_a-sbrkr.o)
 .debug_frame   0x0000234c       0x30 c:/program files (x86)/atollic/truestudio for arm 8.0.0/armtools/bin/../lib/gcc/arm-atollic-eabi/6.3.1/../../../../arm-atollic-eabi/lib/armv7e-m/fpu\libc_nano.a(lib_a-mlock.o)
 .debug_frame   0x0000237c       0x5c c:/program files (x86)/atollic/truestudio for arm 8.0.0/armtools/bin/../lib/gcc/arm-atollic-eabi/6.3.1/../../../../arm-atollic-eabi/lib/armv7e-m/fpu\libc_nano.a(lib_a-reent.o)
 .debug_frame   0x000023d8       0x20 c:/program files (x86)/atollic/truestudio for arm 8.0.0/armtools/bin/../lib/gcc/arm-atollic-eabi/6.3.1/../../../../arm-atollic-eabi/lib/armv7e-m/fpu\libnosys.a(sbrk.o)

.debug_macro    0x00000000    0x1b3ec
 .debug_macro   0x00000000      0x3a3 Src\main.o
 .debug_macro   0x000003a3      0x8b6 Src\main.o
 .debug_macro   0x00000c59       0x40 Src\main.o
 .debug_macro   0x00000c99       0xab Src\main.o
 .debug_macro   0x00000d44       0x2f Src\main.o
 .debug_macro   0x00000d73       0x28 Src\main.o
 .debug_macro   0x00000d9b       0x22 Src\main.o
 .debug_macro   0x00000dbd       0x87 Src\main.o
 .debug_macro   0x00000e44       0x51 Src\main.o
 .debug_macro   0x00000e95       0xef Src\main.o
 .debug_macro   0x00000f84       0x6a Src\main.o
 .debug_macro   0x00000fee      0x1df Src\main.o
 .debug_macro   0x000011cd       0x35 Src\main.o
 .debug_macro   0x00001202       0x50 Src\main.o
 .debug_macro   0x00001252      0xd40 Src\main.o
 .debug_macro   0x00001f92    0x15472 Src\main.o
 .debug_macro   0x00017404       0x43 Src\main.o
 .debug_macro   0x00017447       0x46 Src\main.o
 .debug_macro   0x0001748d       0x3c Src\main.o
 .debug_macro   0x000174c9       0x9c Src\main.o
 .debug_macro   0x00017565       0x16 Src\main.o
 .debug_macro   0x0001757b       0x97 Src\main.o
 .debug_macro   0x00017612      0x30d Src\main.o
 .debug_macro   0x0001791f       0xfd Src\main.o
 .debug_macro   0x00017a1c       0x10 Src\main.o
 .debug_macro   0x00017a2c       0x52 Src\main.o
 .debug_macro   0x00017a7e       0x1f Src\main.o
 .debug_macro   0x00017a9d       0x43 Src\main.o
 .debug_macro   0x00017ae0       0x20 Src\main.o
 .debug_macro   0x00017b00      0x1a3 Src\main.o
 .debug_macro   0x00017ca3       0x10 Src\main.o
 .debug_macro   0x00017cb3       0x1c Src\main.o
 .debug_macro   0x00017ccf       0x52 Src\main.o
 .debug_macro   0x00017d21       0x40 Src\main.o
 .debug_macro   0x00017d61       0x10 Src\main.o
 .debug_macro   0x00017d71       0x40 Src\main.o
 .debug_macro   0x00017db1       0xd7 Src\main.o
 .debug_macro   0x00017e88       0x16 Src\main.o
 .debug_macro   0x00017e9e      0x161 Src\main.o
 .debug_macro   0x00017fff       0x49 Src\main.o
 .debug_macro   0x00018048      0x8ff Src\main.o
 .debug_macro   0x00018947      0x358 Src\main.o
 .debug_macro   0x00018c9f      0x13a Src\main.o
 .debug_macro   0x00018dd9      0x130 Src\main.o
 .debug_macro   0x00018f09      0x1bc Src\main.o
 .debug_macro   0x000190c5       0x34 Src\main.o
 .debug_macro   0x000190f9       0x3c Src\main.o
 .debug_macro   0x00019135       0x57 Src\main.o
 .debug_macro   0x0001918c      0x84c Src\main.o
 .debug_macro   0x000199d8       0x77 Src\main.o
 .debug_macro   0x00019a4f       0xcb Src\main.o
 .debug_macro   0x00019b1a      0x1a0 Src\main.o
 .debug_macro   0x00019cba      0x202 Src\main.o
 .debug_macro   0x00019ebc       0x5b Src\main.o
 .debug_macro   0x00019f17       0x90 Src\main.o
 .debug_macro   0x00019fa7       0x82 Src\main.o
 .debug_macro   0x0001a029       0xd3 Src\main.o
 .debug_macro   0x0001a0fc      0x6af Src\main.o
 .debug_macro   0x0001a7ab      0x352 Src\main.o
 .debug_macro   0x0001aafd      0x566 Src\main.o
 .debug_macro   0x0001b063       0x31 Src\main.o
 .debug_macro   0x0001b094      0x298 Src\main.o
 .debug_macro   0x0001b32c       0x16 Src\main.o
 .debug_macro   0x0001b342       0x35 Src\main.o
 .debug_macro   0x0001b377       0x16 Src\main.o
 .debug_macro   0x0001b38d       0x29 Src\main.o
 .debug_macro   0x0001b3b6       0x16 Src\main.o
 .debug_macro   0x0001b3cc       0x20 Src\main.o
