Archive member included to satisfy reference by file (symbol)

c:/program files (x86)/atollic/truestudio for arm 8.0.0/armtools/bin/../lib/gcc/arm-atollic-eabi/6.3.1/../../../../arm-atollic-eabi/lib/armv7e-m/fpu\libc_nano.a(lib_a-calloc.o)
                              Src\functions.o (calloc)
c:/program files (x86)/atollic/truestudio for arm 8.0.0/armtools/bin/../lib/gcc/arm-atollic-eabi/6.3.1/../../../../arm-atollic-eabi/lib/armv7e-m/fpu\libc_nano.a(lib_a-impure.o)
                              c:/program files (x86)/atollic/truestudio for arm 8.0.0/armtools/bin/../lib/gcc/arm-atollic-eabi/6.3.1/../../../../arm-atollic-eabi/lib/armv7e-m/fpu\libc_nano.a(lib_a-calloc.o) (_impure_ptr)
c:/program files (x86)/atollic/truestudio for arm 8.0.0/armtools/bin/../lib/gcc/arm-atollic-eabi/6.3.1/../../../../arm-atollic-eabi/lib/armv7e-m/fpu\libc_nano.a(lib_a-init.o)
                              startup\startup_stm32f334x8.o (__libc_init_array)
c:/program files (x86)/atollic/truestudio for arm 8.0.0/armtools/bin/../lib/gcc/arm-atollic-eabi/6.3.1/../../../../arm-atollic-eabi/lib/armv7e-m/fpu\libc_nano.a(lib_a-malloc.o)
                              Src\functions.o (malloc)
c:/program files (x86)/atollic/truestudio for arm 8.0.0/armtools/bin/../lib/gcc/arm-atollic-eabi/6.3.1/../../../../arm-atollic-eabi/lib/armv7e-m/fpu\libc_nano.a(lib_a-memcpy-stub.o)
                              Src\functions.o (memcpy)
c:/program files (x86)/atollic/truestudio for arm 8.0.0/armtools/bin/../lib/gcc/arm-atollic-eabi/6.3.1/../../../../arm-atollic-eabi/lib/armv7e-m/fpu\libc_nano.a(lib_a-memset.o)
                              Src\functions.o (memset)
c:/program files (x86)/atollic/truestudio for arm 8.0.0/armtools/bin/../lib/gcc/arm-atollic-eabi/6.3.1/../../../../arm-atollic-eabi/lib/armv7e-m/fpu\libc_nano.a(lib_a-nano-callocr.o)
                              c:/program files (x86)/atollic/truestudio for arm 8.0.0/armtools/bin/../lib/gcc/arm-atollic-eabi/6.3.1/../../../../arm-atollic-eabi/lib/armv7e-m/fpu\libc_nano.a(lib_a-calloc.o) (_calloc_r)
c:/program files (x86)/atollic/truestudio for arm 8.0.0/armtools/bin/../lib/gcc/arm-atollic-eabi/6.3.1/../../../../arm-atollic-eabi/lib/armv7e-m/fpu\libc_nano.a(lib_a-nano-freer.o)
                              c:/program files (x86)/atollic/truestudio for arm 8.0.0/armtools/bin/../lib/gcc/arm-atollic-eabi/6.3.1/../../../../arm-atollic-eabi/lib/armv7e-m/fpu\libc_nano.a(lib_a-malloc.o) (_free_r)
c:/program files (x86)/atollic/truestudio for arm 8.0.0/armtools/bin/../lib/gcc/arm-atollic-eabi/6.3.1/../../../../arm-atollic-eabi/lib/armv7e-m/fpu\libc_nano.a(lib_a-nano-mallocr.o)
                              c:/program files (x86)/atollic/truestudio for arm 8.0.0/armtools/bin/../lib/gcc/arm-atollic-eabi/6.3.1/../../../../arm-atollic-eabi/lib/armv7e-m/fpu\libc_nano.a(lib_a-malloc.o) (_malloc_r)
c:/program files (x86)/atollic/truestudio for arm 8.0.0/armtools/bin/../lib/gcc/arm-atollic-eabi/6.3.1/../../../../arm-atollic-eabi/lib/armv7e-m/fpu\libc_nano.a(lib_a-sbrkr.o)
                              c:/program files (x86)/atollic/truestudio for arm 8.0.0/armtools/bin/../lib/gcc/arm-atollic-eabi/6.3.1/../../../../arm-atollic-eabi/lib/armv7e-m/fpu\libc_nano.a(lib_a-nano-mallocr.o) (_sbrk_r)
c:/program files (x86)/atollic/truestudio for arm 8.0.0/armtools/bin/../lib/gcc/arm-atollic-eabi/6.3.1/../../../../arm-atollic-eabi/lib/armv7e-m/fpu\libc_nano.a(lib_a-sprintf.o)
                              Src\functions.o (sprintf)
c:/program files (x86)/atollic/truestudio for arm 8.0.0/armtools/bin/../lib/gcc/arm-atollic-eabi/6.3.1/../../../../arm-atollic-eabi/lib/armv7e-m/fpu\libc_nano.a(lib_a-strlen.o)
                              Src\functions.o (strlen)
c:/program files (x86)/atollic/truestudio for arm 8.0.0/armtools/bin/../lib/gcc/arm-atollic-eabi/6.3.1/../../../../arm-atollic-eabi/lib/armv7e-m/fpu\libc_nano.a(lib_a-mlock.o)
                              c:/program files (x86)/atollic/truestudio for arm 8.0.0/armtools/bin/../lib/gcc/arm-atollic-eabi/6.3.1/../../../../arm-atollic-eabi/lib/armv7e-m/fpu\libc_nano.a(lib_a-nano-freer.o) (__malloc_lock)
c:/program files (x86)/atollic/truestudio for arm 8.0.0/armtools/bin/../lib/gcc/arm-atollic-eabi/6.3.1/../../../../arm-atollic-eabi/lib/armv7e-m/fpu\libc_nano.a(lib_a-nano-svfprintf.o)
                              c:/program files (x86)/atollic/truestudio for arm 8.0.0/armtools/bin/../lib/gcc/arm-atollic-eabi/6.3.1/../../../../arm-atollic-eabi/lib/armv7e-m/fpu\libc_nano.a(lib_a-sprintf.o) (_svfprintf_r)
c:/program files (x86)/atollic/truestudio for arm 8.0.0/armtools/bin/../lib/gcc/arm-atollic-eabi/6.3.1/../../../../arm-atollic-eabi/lib/armv7e-m/fpu\libc_nano.a(lib_a-nano-vfprintf_i.o)
                              c:/program files (x86)/atollic/truestudio for arm 8.0.0/armtools/bin/../lib/gcc/arm-atollic-eabi/6.3.1/../../../../arm-atollic-eabi/lib/armv7e-m/fpu\libc_nano.a(lib_a-nano-svfprintf.o) (_printf_i)
[...]
Memory Configuration

Name             Origin             Length             Attributes
RAM              0x20000000         0x00003000         xrw
CCMRAM           0x10000000         0x00001000         rw
FLASH            0x08000000         0x00010000         xr
*default*        0x00000000         0xffffffff

Linker script and memory map

LOAD c:/program files (x86)/atollic/truestudio for arm 8.0.0/armtools/bin/../lib/gcc/arm-atollic-eabi/6.3.1/armv7e-m/fpu/crti.o
LOAD c:/program files (x86)/atollic/truestudio for arm 8.0.0/armtools/bin/../lib/gcc/arm-atollic-eabi/6.3.1/armv7e-m/fpu/crtbegin.o
LOAD Drivers\STM32F3xx_HAL_Driver\Src\stm32f3xx_hal.o
LOAD Drivers\STM32F3xx_HAL_Driver\Src\stm32f3xx_hal_adc.o
LOAD Drivers\STM32F3xx_HAL_Driver\Src\stm32f3xx_hal_adc_ex.o
LOAD Drivers\STM32F3xx_HAL_Driver\Src\stm32f3xx_hal_cortex.o
LOAD Drivers\STM32F3xx_HAL_Driver\Src\stm32f3xx_hal_dma.o
LOAD Drivers\STM32F3xx_HAL_Driver\Src\stm32f3xx_hal_flash.o
LOAD Drivers\STM32F3xx_HAL_Driver\Src\stm32f3xx_hal_flash_ex.o
LOAD Drivers\STM32F3xx_HAL_Driver\Src\stm32f3xx_hal_gpio.o
LOAD Drivers\STM32F3xx_HAL_Driver\Src\stm32f3xx_hal_i2c.o
LOAD Drivers\STM32F3xx_HAL_Driver\Src\stm32f3xx_hal_i2c_ex.o
LOAD Drivers\STM32F3xx_HAL_Driver\Src\stm32f3xx_hal_pwr.o
LOAD Drivers\STM32F3xx_HAL_Driver\Src\stm32f3xx_hal_pwr_ex.o
LOAD Drivers\STM32F3xx_HAL_Driver\Src\stm32f3xx_hal_rcc.o
LOAD Drivers\STM32F3xx_HAL_Driver\Src\stm32f3xx_hal_rcc_ex.o
LOAD Drivers\STM32F3xx_HAL_Driver\Src\stm32f3xx_hal_tim.o
LOAD Drivers\STM32F3xx_HAL_Driver\Src\stm32f3xx_hal_tim_ex.o
LOAD Drivers\STM32F3xx_HAL_Driver\Src\stm32f3xx_hal_uart.o
LOAD Drivers\STM32F3xx_HAL_Driver\Src\stm32f3xx_hal_uart_ex.o
LOAD Src\functions.o
LOAD Src\main.o
LOAD Src\stm32f3xx_hal_msp.o
LOAD Src\stm32f3xx_it.o
LOAD Src\system_stm32f3xx.o
LOAD Src\variables.o
LOAD startup\startup_stm32f334x8.o
                0x00000080                malloc_getpagesize_P = 0x80
START GROUP
LOAD c:/program files (x86)/atollic/truestudio for arm 8.0.0/armtools/bin/../lib/gcc/arm-atollic-eabi/6.3.1/../../../../arm-atollic-eabi/lib/armv7e-m/fpu\libc_nano.a
LOAD c:/program files (x86)/atollic/truestudio for arm 8.0.0/armtools/bin/../lib/gcc/arm-atollic-eabi/6.3.1/../../../../arm-atollic-eabi/lib/armv7e-m/fpu\libm.a
END GROUP
START GROUP
LOAD c:/program files (x86)/atollic/truestudio for arm 8.0.0/armtools/bin/../lib/gcc/arm-atollic-eabi/6.3.1/armv7e-m/fpu\libgcc.a
LOAD c:/program files (x86)/atollic/truestudio for arm 8.0.0/armtools/bin/../lib/gcc/arm-atollic-eabi/6.3.1/../../../../arm-atollic-eabi/lib/armv7e-m/fpu\libc_nano.a
END GROUP
START GROUP
LOAD c:/program files (x86)/atollic/truestudio for arm 8.0.0/armtools/bin/../lib/gcc/arm-atollic-eabi/6.3.1/armv7e-m/fpu\libgcc.a
LOAD c:/program files (x86)/atollic/truestudio for arm 8.0.0/armtools/bin/../lib/gcc/arm-atollic-eabi/6.3.1/../../../../arm-atollic-eabi/lib/armv7e-m/fpu\libc_nano.a
LOAD c:/program files (x86)/atollic/truestudio for arm 8.0.0/armtools/bin/../lib/gcc/arm-atollic-eabi/6.3.1/../../../../arm-atollic-eabi/lib/armv7e-m/fpu\libnosys.a
END GROUP
START GROUP
LOAD c:/program files (x86)/atollic/truestudio for arm 8.0.0/armtools/bin/../lib/gcc/arm-atollic-eabi/6.3.1/armv7e-m/fpu\libgcc.a
LOAD c:/program files (x86)/atollic/truestudio for arm 8.0.0/armtools/bin/../lib/gcc/arm-atollic-eabi/6.3.1/../../../../arm-atollic-eabi/lib/armv7e-m/fpu\libc_nano.a
LOAD c:/program files (x86)/atollic/truestudio for arm 8.0.0/armtools/bin/../lib/gcc/arm-atollic-eabi/6.3.1/../../../../arm-atollic-eabi/lib/armv7e-m/fpu\libnosys.a
END GROUP
LOAD c:/program files (x86)/atollic/truestudio for arm 8.0.0/armtools/bin/../lib/gcc/arm-atollic-eabi/6.3.1/armv7e-m/fpu/crtend.o
LOAD c:/program files (x86)/atollic/truestudio for arm 8.0.0/armtools/bin/../lib/gcc/arm-atollic-eabi/6.3.1/armv7e-m/fpu/crtn.o
                0x20003000                _estack = 0x20003000
                0x00000200                _Min_Heap_Size = 0x200
                0x00000400                _Min_Stack_Size = 0x400

.isr_vector     0x08000000      0x188
                0x08000000                . = ALIGN (0x4)
 *(.isr_vector)
 .isr_vector    0x08000000      0x188 startup\startup_stm32f334x8.o
                0x08000000                g_pfnVectors
                0x08000188                . = ALIGN (0x4)

.text           0x08000190     0x5300
                0x08000190                . = ALIGN (0x4)
 *(.text)
 .text          0x08000190       0x40 c:/program files (x86)/atollic/truestudio for arm 8.0.0/armtools/bin/../lib/gcc/arm-atollic-eabi/6.3.1/armv7e-m/fpu/crtbegin.o
 .text          0x080001d0       0x10 c:/program files (x86)/atollic/truestudio for arm 8.0.0/armtools/bin/../lib/gcc/arm-atollic-eabi/6.3.1/../../../../arm-atollic-eabi/lib/armv7e-m/fpu\libc_nano.a(lib_a-strlen.o)
                0x080001d0                strlen
 .text          0x080001e0       0xa0 c:/program files (x86)/atollic/truestudio for arm 8.0.0/armtools/bin/../lib/gcc/arm-atollic-eabi/6.3.1/../../../../arm-atollic-eabi/lib/armv7e-m/fpu\libc_nano.a(lib_a-memchr.o)
                0x080001e0                memchr
 .text          0x08000280      0x370 c:/program files (x86)/atollic/truestudio for arm 8.0.0/armtools/bin/../lib/gcc/arm-atollic-eabi/6.3.1/armv7e-m/fpu\libgcc.a(_arm_addsubdf3.o)
                0x08000280                __aeabi_drsub
                0x08000288                __aeabi_dsub
                0x08000288                __subdf3
                0x0800028c                __aeabi_dadd
                0x0800028c                __adddf3
                0x08000504                __floatunsidf
                0x08000504                __aeabi_ui2d
                0x08000524                __floatsidf
                0x08000524                __aeabi_i2d
                0x08000548                __aeabi_f2d
                0x08000548                __extendsfdf2
                0x08000584                __floatundidf
                0x08000584                __aeabi_ul2d
                0x08000594                __floatdidf
                0x08000594                __aeabi_l2d
 .text          0x080005f0      0x424 c:/program files (x86)/atollic/truestudio for arm 8.0.0/armtools/bin/../lib/gcc/arm-atollic-eabi/6.3.1/armv7e-m/fpu\libgcc.a(_arm_muldivdf3.o)
                0x080005f0                __aeabi_dmul
                0x080005f0                __muldf3
                0x08000844                __divdf3
                0x08000844                __aeabi_ddiv
 .text          0x08000a14      0x110 c:/program files (x86)/atollic/truestudio for arm 8.0.0/armtools/bin/../lib/gcc/arm-atollic-eabi/6.3.1/armv7e-m/fpu\libgcc.a(_arm_cmpdf2.o)
                0x08000a14                __gtdf2
                0x08000a14                __gedf2
                0x08000a1c                __ltdf2
                0x08000a1c                __ledf2
                0x08000a24                __nedf2
                0x08000a24                __eqdf2
                0x08000a24                __cmpdf2
                0x08000aa0                __aeabi_cdrcmple
                0x08000ab0                __aeabi_cdcmpeq
                0x08000ab0                __aeabi_cdcmple
                0x08000ac0                __aeabi_dcmpeq
                0x08000ad4                __aeabi_dcmplt
                0x08000ae8                __aeabi_dcmple
                0x08000afc                __aeabi_dcmpge
                0x08000b10                __aeabi_dcmpgt
 .text          0x08000b24       0x2c c:/program files (x86)/atollic/truestudio for arm 8.0.0/armtools/bin/../lib/gcc/arm-atollic-eabi/6.3.1/armv7e-m/fpu\libgcc.a(_arm_unorddf2.o)
                0x08000b24                __unorddf2
                0x08000b24                __aeabi_dcmpun
 .text          0x08000b50       0x40 c:/program files (x86)/atollic/truestudio for arm 8.0.0/armtools/bin/../lib/gcc/arm-atollic-eabi/6.3.1/armv7e-m/fpu\libgcc.a(_arm_fixunsdfsi.o)
                0x08000b50                __aeabi_d2uiz
                0x08000b50                __fixunsdfsi
 .text          0x08000b90       0x30 c:/program files (x86)/atollic/truestudio for arm 8.0.0/armtools/bin/../lib/gcc/arm-atollic-eabi/6.3.1/armv7e-m/fpu\libgcc.a(_aeabi_uldivmod.o)
                0x08000b90                __aeabi_uldivmod
 .text          0x08000bc0       0x48 c:/program files (x86)/atollic/truestudio for arm 8.0.0/armtools/bin/../lib/gcc/arm-atollic-eabi/6.3.1/armv7e-m/fpu\libgcc.a(_fixunsdfdi.o)
                0x08000bc0                __fixunsdfdi
                0x08000bc0                __aeabi_d2ulz
 .text          0x08000c08      0x2dc c:/program files (x86)/atollic/truestudio for arm 8.0.0/armtools/bin/../lib/gcc/arm-atollic-eabi/6.3.1/armv7e-m/fpu\libgcc.a(_udivmoddi4.o)
                0x08000c08                __udivmoddi4
 .text          0x08000ee4        0x4 c:/program files (x86)/atollic/truestudio for arm 8.0.0/armtools/bin/../lib/gcc/arm-atollic-eabi/6.3.1/armv7e-m/fpu\libgcc.a(_dvmd_tls.o)
                0x08000ee4                __aeabi_idiv0
                0x08000ee4                __aeabi_ldiv0
 *(.text*)
 .text.HAL_InitTick
                0x08000ee8       0x2c Drivers\STM32F3xx_HAL_Driver\Src\stm32f3xx_hal.o
                0x08000ee8                HAL_InitTick
 .text.HAL_Init
                0x08000f14       0x24 Drivers\STM32F3xx_HAL_Driver\Src\stm32f3xx_hal.o
                0x08000f14                HAL_Init
 .text.HAL_IncTick
                0x08000f38       0x10 Drivers\STM32F3xx_HAL_Driver\Src\stm32f3xx_hal.o
                0x08000f38                HAL_IncTick
 .text.HAL_GetTick
                0x08000f48        0xc Drivers\STM32F3xx_HAL_Driver\Src\stm32f3xx_hal.o
                0x08000f48                HAL_GetTick
 .text.HAL_ADC_ConvHalfCpltCallback
                0x08000f54        0x4 Drivers\STM32F3xx_HAL_Driver\Src\stm32f3xx_hal_adc.o
                0x08000f54                HAL_ADC_ConvHalfCpltCallback
 .text.HAL_ADC_ErrorCallback
                0x08000f58        0x4 Drivers\STM32F3xx_HAL_Driver\Src\stm32f3xx_hal_adc.o
                0x08000f58                HAL_ADC_ErrorCallback
 .text.ADC_Disable
                0x08000f5c       0x74 Drivers\STM32F3xx_HAL_Driver\Src\stm32f3xx_hal_adc_ex.o
 .text.ADC_Enable
                0x08000fd0       0x74 Drivers\STM32F3xx_HAL_Driver\Src\stm32f3xx_hal_adc_ex.o
 .text.ADC_DMAError
                0x08001044       0x18 Drivers\STM32F3xx_HAL_Driver\Src\stm32f3xx_hal_adc_ex.o
 .text.ADC_DMAHalfConvCplt
                0x0800105c        0x8 Drivers\STM32F3xx_HAL_Driver\Src\stm32f3xx_hal_adc_ex.o
 .text.ADC_DMAConvCplt
                0x08001064       0x44 Drivers\STM32F3xx_HAL_Driver\Src\stm32f3xx_hal_adc_ex.o
 .text.HAL_ADC_Init
                0x080010a8      0x214 Drivers\STM32F3xx_HAL_Driver\Src\stm32f3xx_hal_adc_ex.o
                0x080010a8                HAL_ADC_Init
 .text.HAL_ADC_Start_DMA
                0x080012bc      0x10c Drivers\STM32F3xx_HAL_Driver\Src\stm32f3xx_hal_adc_ex.o
                0x080012bc                HAL_ADC_Start_DMA
 .text.HAL_ADCEx_Calibration_Start
                0x080013c8       0x8c Drivers\STM32F3xx_HAL_Driver\Src\stm32f3xx_hal_adc_ex.o
                0x080013c8                HAL_ADCEx_Calibration_Start
 .text.HAL_ADC_ConfigChannel
                0x08001454      0x32c Drivers\STM32F3xx_HAL_Driver\Src\stm32f3xx_hal_adc_ex.o
                0x08001454                HAL_ADC_ConfigChannel
 .text.HAL_NVIC_SetPriorityGrouping
                0x08001780       0x24 Drivers\STM32F3xx_HAL_Driver\Src\stm32f3xx_hal_cortex.o
                0x08001780                HAL_NVIC_SetPriorityGrouping
 .text.HAL_NVIC_SetPriority
                0x080017a4       0x6c Drivers\STM32F3xx_HAL_Driver\Src\stm32f3xx_hal_cortex.o
                0x080017a4                HAL_NVIC_SetPriority
 .text.HAL_NVIC_EnableIRQ
                0x08001810       0x18 Drivers\STM32F3xx_HAL_Driver\Src\stm32f3xx_hal_cortex.o
                0x08001810                HAL_NVIC_EnableIRQ
 .text.HAL_SYSTICK_Config
                0x08001828       0x34 Drivers\STM32F3xx_HAL_Driver\Src\stm32f3xx_hal_cortex.o
                0x08001828                HAL_SYSTICK_Config
 .text.HAL_SYSTICK_CLKSourceConfig
                0x0800185c       0x18 Drivers\STM32F3xx_HAL_Driver\Src\stm32f3xx_hal_cortex.o
                0x0800185c                HAL_SYSTICK_CLKSourceConfig
 .text.HAL_SYSTICK_Callback
                0x08001874        0x4 Drivers\STM32F3xx_HAL_Driver\Src\stm32f3xx_hal_cortex.o
                0x08001874                HAL_SYSTICK_Callback
 .text.HAL_SYSTICK_IRQHandler
                0x08001878        0x8 Drivers\STM32F3xx_HAL_Driver\Src\stm32f3xx_hal_cortex.o
                0x08001878                HAL_SYSTICK_IRQHandler
 .text.HAL_DMA_Init
                0x08001880       0x70 Drivers\STM32F3xx_HAL_Driver\Src\stm32f3xx_hal_dma.o
                0x08001880                HAL_DMA_Init
 .text.HAL_DMA_Start_IT
                0x080018f0       0x84 Drivers\STM32F3xx_HAL_Driver\Src\stm32f3xx_hal_dma.o
                0x080018f0                HAL_DMA_Start_IT
 .text.HAL_DMA_Abort_IT
                0x08001974       0x48 Drivers\STM32F3xx_HAL_Driver\Src\stm32f3xx_hal_dma.o
                0x08001974                HAL_DMA_Abort_IT
 .text.HAL_DMA_IRQHandler
                0x080019bc       0x98 Drivers\STM32F3xx_HAL_Driver\Src\stm32f3xx_hal_dma.o
                0x080019bc                HAL_DMA_IRQHandler
 .text.HAL_GPIO_Init
                0x08001a54      0x1d4 Drivers\STM32F3xx_HAL_Driver\Src\stm32f3xx_hal_gpio.o
                0x08001a54                HAL_GPIO_Init
 .text.HAL_GPIO_WritePin
                0x08001c28        0xc Drivers\STM32F3xx_HAL_Driver\Src\stm32f3xx_hal_gpio.o
                0x08001c28                HAL_GPIO_WritePin
 .text.HAL_RCC_OscConfig
                0x08001c34      0x59c Drivers\STM32F3xx_HAL_Driver\Src\stm32f3xx_hal_rcc.o
                0x08001c34                HAL_RCC_OscConfig
 .text.HAL_RCC_GetSysClockFreq
                0x080021d0       0x68 Drivers\STM32F3xx_HAL_Driver\Src\stm32f3xx_hal_rcc.o
                0x080021d0                HAL_RCC_GetSysClockFreq
 .text.HAL_RCC_ClockConfig
                0x08002238      0x190 Drivers\STM32F3xx_HAL_Driver\Src\stm32f3xx_hal_rcc.o
                0x08002238                HAL_RCC_ClockConfig
 .text.HAL_RCC_GetHCLKFreq
                0x080023c8        0xc Drivers\STM32F3xx_HAL_Driver\Src\stm32f3xx_hal_rcc.o
                0x080023c8                HAL_RCC_GetHCLKFreq
 .text.HAL_RCC_GetPCLK1Freq
                0x080023d4       0x30 Drivers\STM32F3xx_HAL_Driver\Src\stm32f3xx_hal_rcc.o
                0x080023d4                HAL_RCC_GetPCLK1Freq
 .text.HAL_RCC_GetPCLK2Freq
                0x08002404       0x30 Drivers\STM32F3xx_HAL_Driver\Src\stm32f3xx_hal_rcc.o
                0x08002404                HAL_RCC_GetPCLK2Freq
 .text.HAL_RCCEx_PeriphCLKConfig
                0x08002434      0x184 Drivers\STM32F3xx_HAL_Driver\Src\stm32f3xx_hal_rcc_ex.o
                0x08002434                HAL_RCCEx_PeriphCLKConfig
 .text.TIM_SlaveTimer_SetConfig
                0x080025b8       0xb4 Drivers\STM32F3xx_HAL_Driver\Src\stm32f3xx_hal_tim.o
 .text.HAL_TIM_Base_Start_IT
                0x0800266c       0x18 Drivers\STM32F3xx_HAL_Driver\Src\stm32f3xx_hal_tim.o
                0x0800266c                HAL_TIM_Base_Start_IT
 .text.HAL_TIM_IC_MspInit
                0x08002684        0x4 Drivers\STM32F3xx_HAL_Driver\Src\stm32f3xx_hal_tim.o
                0x08002684                HAL_TIM_IC_MspInit
 .text.HAL_TIM_IC_Start_IT
                0x08002688       0x68 Drivers\STM32F3xx_HAL_Driver\Src\stm32f3xx_hal_tim.o
                0x08002688                HAL_TIM_IC_Start_IT
 .text.HAL_TIM_ConfigClockSource
                0x080026f0      0x190 Drivers\STM32F3xx_HAL_Driver\Src\stm32f3xx_hal_tim.o
                0x080026f0                HAL_TIM_ConfigClockSource
 .text.HAL_TIM_SlaveConfigSynchronization
                0x08002880       0x40 Drivers\STM32F3xx_HAL_Driver\Src\stm32f3xx_hal_tim.o
                0x08002880                HAL_TIM_SlaveConfigSynchronization
 .text.HAL_TIM_OC_DelayElapsedCallback
                0x080028c0        0x4 Drivers\STM32F3xx_HAL_Driver\Src\stm32f3xx_hal_tim.o
                0x080028c0                HAL_TIM_OC_DelayElapsedCallback
 .text.HAL_TIM_IC_CaptureCallback
                0x080028c4        0x4 Drivers\STM32F3xx_HAL_Driver\Src\stm32f3xx_hal_tim.o
                0x080028c4                HAL_TIM_IC_CaptureCallback
 .text.HAL_TIM_PWM_PulseFinishedCallback
                0x080028c8        0x4 Drivers\STM32F3xx_HAL_Driver\Src\stm32f3xx_hal_tim.o
                0x080028c8                HAL_TIM_PWM_PulseFinishedCallback
 .text.HAL_TIM_IRQHandler
                0x080028cc      0x170 Drivers\STM32F3xx_HAL_Driver\Src\stm32f3xx_hal_tim.o
                0x080028cc                HAL_TIM_IRQHandler
 .text.TIM_Base_SetConfig
                0x08002a3c       0xc0 Drivers\STM32F3xx_HAL_Driver\Src\stm32f3xx_hal_tim.o
                0x08002a3c                TIM_Base_SetConfig
 .text.HAL_TIM_Base_Init
                0x08002afc       0x38 Drivers\STM32F3xx_HAL_Driver\Src\stm32f3xx_hal_tim.o
                0x08002afc                HAL_TIM_Base_Init
 .text.HAL_TIM_IC_Init
                0x08002b34       0x38 Drivers\STM32F3xx_HAL_Driver\Src\stm32f3xx_hal_tim.o
                0x08002b34                HAL_TIM_IC_Init
 .text.TIM_TI1_SetConfig
                0x08002b6c       0x58 Drivers\STM32F3xx_HAL_Driver\Src\stm32f3xx_hal_tim.o
                0x08002b6c                TIM_TI1_SetConfig
 .text.HAL_TIM_IC_ConfigChannel
                0x08002bc4      0x128 Drivers\STM32F3xx_HAL_Driver\Src\stm32f3xx_hal_tim.o
                0x08002bc4                HAL_TIM_IC_ConfigChannel
 .text.HAL_TIMEx_MasterConfigSynchronization
                0x08002cec       0x4c Drivers\STM32F3xx_HAL_Driver\Src\stm32f3xx_hal_tim_ex.o
                0x08002cec                HAL_TIMEx_MasterConfigSynchronization
 .text.HAL_TIMEx_CommutationCallback
                0x08002d38        0x4 Drivers\STM32F3xx_HAL_Driver\Src\stm32f3xx_hal_tim_ex.o
                0x08002d38                HAL_TIMEx_CommutationCallback
 .text.HAL_TIMEx_BreakCallback
                0x08002d3c        0x4 Drivers\STM32F3xx_HAL_Driver\Src\stm32f3xx_hal_tim_ex.o
                0x08002d3c                HAL_TIMEx_BreakCallback
 .text.HAL_TIMEx_Break2Callback
                0x08002d40        0x4 Drivers\STM32F3xx_HAL_Driver\Src\stm32f3xx_hal_tim_ex.o
                0x08002d40                HAL_TIMEx_Break2Callback
 .text.HAL_UART_Transmit_IT
                0x08002d44       0x48 Drivers\STM32F3xx_HAL_Driver\Src\stm32f3xx_hal_uart.o
                0x08002d44                HAL_UART_Transmit_IT
 .text.HAL_UART_Receive_IT
                0x08002d8c       0x94 Drivers\STM32F3xx_HAL_Driver\Src\stm32f3xx_hal_uart.o
                0x08002d8c                HAL_UART_Receive_IT
 .text.HAL_UART_TxCpltCallback
                0x08002e20        0x4 Drivers\STM32F3xx_HAL_Driver\Src\stm32f3xx_hal_uart.o
                0x08002e20                HAL_UART_TxCpltCallback
 .text.HAL_UART_ErrorCallback
                0x08002e24        0x4 Drivers\STM32F3xx_HAL_Driver\Src\stm32f3xx_hal_uart.o
                0x08002e24                HAL_UART_ErrorCallback
 .text.UART_DMAAbortOnError
                0x08002e28       0x18 Drivers\STM32F3xx_HAL_Driver\Src\stm32f3xx_hal_uart.o
 .text.UART_SetConfig
                0x08002e40      0x1ac Drivers\STM32F3xx_HAL_Driver\Src\stm32f3xx_hal_uart.o
                0x08002e40                UART_SetConfig
 .text.UART_AdvFeatureConfig
                0x08002fec       0xb0 Drivers\STM32F3xx_HAL_Driver\Src\stm32f3xx_hal_uart.o
                0x08002fec                UART_AdvFeatureConfig
 .text.UART_WaitOnFlagUntilTimeout
                0x0800309c       0x68 Drivers\STM32F3xx_HAL_Driver\Src\stm32f3xx_hal_uart.o
                0x0800309c                UART_WaitOnFlagUntilTimeout
 .text.HAL_UART_Transmit
                0x08003104       0xb8 Drivers\STM32F3xx_HAL_Driver\Src\stm32f3xx_hal_uart.o
                0x08003104                HAL_UART_Transmit
 .text.UART_CheckIdleState
                0x080031bc       0x70 Drivers\STM32F3xx_HAL_Driver\Src\stm32f3xx_hal_uart.o
                0x080031bc                UART_CheckIdleState
 .text.HAL_UART_Init
                0x0800322c       0x6c Drivers\STM32F3xx_HAL_Driver\Src\stm32f3xx_hal_uart.o
                0x0800322c                HAL_UART_Init
 .text.UART_Transmit_IT
                0x08003298       0x68 Drivers\STM32F3xx_HAL_Driver\Src\stm32f3xx_hal_uart.o
                0x08003298                UART_Transmit_IT
 .text.UART_Receive_IT
                0x08003300       0x78 Drivers\STM32F3xx_HAL_Driver\Src\stm32f3xx_hal_uart.o
                0x08003300                UART_Receive_IT
 .text.HAL_UART_IRQHandler
                0x08003378      0x160 Drivers\STM32F3xx_HAL_Driver\Src\stm32f3xx_hal_uart.o
                0x08003378                HAL_UART_IRQHandler
 .text.HAL_UARTEx_WakeupCallback
                0x080034d8        0x4 Drivers\STM32F3xx_HAL_Driver\Src\stm32f3xx_hal_uart_ex.o
                0x080034d8                HAL_UARTEx_WakeupCallback
 .text.uart_comms
                0x080034dc      0x498 Src\functions.o
                0x080034dc                uart_comms
 .text.HAL_UART_RxCpltCallback
                0x08003974       0x24 Src\functions.o
                0x08003974                HAL_UART_RxCpltCallback
 .text.init_peripherals
                0x08003998      0x1c4 Src\functions.o
                0x08003998                init_peripherals
 *fill*         0x08003b5c        0x4 
 .text.adc_comms
                0x08003b60      0x240 Src\functions.o
                0x08003b60                adc_comms
 .text.HAL_ADC_ConvCpltCallback
                0x08003da0        0xc Src\functions.o
                0x08003da0                HAL_ADC_ConvCpltCallback
 .text.HAL_TIM_TriggerCallback
                0x08003dac        0xc Src\functions.o
                0x08003dac                HAL_TIM_TriggerCallback
 .text.seven_segment_display
                0x08003db8      0x3e0 Src\functions.o
                0x08003db8                seven_segment_display
 .text.seven_segment
                0x08004198       0xd0 Src\functions.o
                0x08004198                seven_segment
 .text.liters_pumped
                0x08004268       0x50 Src\functions.o
                0x08004268                liters_pumped
 .text.SystemClock_Config
                0x080042b8       0x88 Src\main.o
                0x080042b8                SystemClock_Config
 .text.startup.main
                0x08004340      0x324 Src\main.o
                0x08004340                main
 .text.HAL_TIM_PeriodElapsedCallback
                0x08004664        0x4 Src\main.o
                0x08004664                HAL_TIM_PeriodElapsedCallback
 .text._Error_Handler
                0x08004668        0x4 Src\main.o
                0x08004668                _Error_Handler
 .text.HAL_MspInit
                0x0800466c       0x7c Src\stm32f3xx_hal_msp.o
                0x0800466c                HAL_MspInit
 .text.HAL_ADC_MspInit
                0x080046e8       0xa4 Src\stm32f3xx_hal_msp.o
                0x080046e8                HAL_ADC_MspInit
 .text.HAL_TIM_Base_MspInit
                0x0800478c       0x78 Src\stm32f3xx_hal_msp.o
                0x0800478c                HAL_TIM_Base_MspInit
 .text.HAL_UART_MspInit
                0x08004804       0x5c Src\stm32f3xx_hal_msp.o
                0x08004804                HAL_UART_MspInit
 .text.SVC_Handler
                0x08004860        0x4 Src\stm32f3xx_it.o
                0x08004860                SVC_Handler
 .text.PendSV_Handler
                0x08004864        0x4 Src\stm32f3xx_it.o
                0x08004864                PendSV_Handler
 .text.SysTick_Handler
                0x08004868       0x18 Src\stm32f3xx_it.o
                0x08004868                SysTick_Handler
 .text.DMA1_Channel2_IRQHandler
                0x08004880        0xc Src\stm32f3xx_it.o
                0x08004880                DMA1_Channel2_IRQHandler
 .text.TIM2_IRQHandler
                0x0800488c        0xc Src\stm32f3xx_it.o
                0x0800488c                TIM2_IRQHandler
 .text.USART1_IRQHandler
                0x08004898        0xc Src\stm32f3xx_it.o
                0x08004898                USART1_IRQHandler
 .text.SystemInit
                0x080048a4       0x70 Src\system_stm32f3xx.o
                0x080048a4                SystemInit
 .text.Reset_Handler
                0x08004914       0x50 startup\startup_stm32f334x8.o
                0x08004914                Reset_Handler
 .text.Default_Handler
                0x08004964        0x2 startup\startup_stm32f334x8.o
                0x08004964                RTC_Alarm_IRQHandler
                0x08004964                HRTIM1_Master_IRQHandler
                0x08004964                DebugMon_Handler
                0x08004964                TIM1_CC_IRQHandler
                0x08004964                HardFault_Handler
                0x08004964                HRTIM1_FLT_IRQHandler
                0x08004964                PVD_IRQHandler
                0x08004964                HRTIM1_TIMD_IRQHandler
                0x08004964                TAMP_STAMP_IRQHandler
                0x08004964                NMI_Handler
                0x08004964                EXTI3_IRQHandler
                0x08004964                EXTI0_IRQHandler
                0x08004964                FPU_IRQHandler
                0x08004964                CAN_TX_IRQHandler
                0x08004964                TIM1_UP_TIM16_IRQHandler
                0x08004964                UsageFault_Handler
                0x08004964                ADC1_2_IRQHandler
                0x08004964                HRTIM1_TIME_IRQHandler
                0x08004964                SPI1_IRQHandler
                0x08004964                CAN_SCE_IRQHandler
                0x08004964                HRTIM1_TIMC_IRQHandler
                0x08004964                DMA1_Channel4_IRQHandler
                0x08004964                USART3_IRQHandler
                0x08004964                DMA1_Channel7_IRQHandler
                0x08004964                TIM7_DAC2_IRQHandler
                0x08004964                CAN_RX1_IRQHandler
                0x08004964                I2C1_EV_IRQHandler
                0x08004964                DMA1_Channel6_IRQHandler
                0x08004964                TIM3_IRQHandler
                0x08004964                RCC_IRQHandler
                0x08004964                DMA1_Channel1_IRQHandler
                0x08004964                Default_Handler
                0x08004964                EXTI15_10_IRQHandler
                0x08004964                COMP2_IRQHandler
                0x08004964                HRTIM1_TIMA_IRQHandler
                0x08004964                TIM6_DAC1_IRQHandler
                0x08004964                EXTI9_5_IRQHandler
                0x08004964                RTC_WKUP_IRQHandler
                0x08004964                MemManage_Handler
                0x08004964                DMA1_Channel5_IRQHandler
                0x08004964                EXTI4_IRQHandler
                0x08004964                HRTIM1_TIMB_IRQHandler
                0x08004964                TIM1_TRG_COM_TIM17_IRQHandler
                0x08004964                DMA1_Channel3_IRQHandler
                0x08004964                WWDG_IRQHandler
                0x08004964                EXTI1_IRQHandler
                0x08004964                COMP4_6_IRQHandler
                0x08004964                USART2_IRQHandler
                0x08004964                FLASH_IRQHandler
                0x08004964                BusFault_Handler
                0x08004964                CAN_RX0_IRQHandler
                0x08004964                I2C1_ER_IRQHandler
                0x08004964                EXTI2_TSC_IRQHandler
                0x08004964                TIM1_BRK_TIM15_IRQHandler
 *fill*         0x08004966        0x2 
 .text.calloc   0x08004968       0x10 c:/program files (x86)/atollic/truestudio for arm 8.0.0/armtools/bin/../lib/gcc/arm-atollic-eabi/6.3.1/../../../../arm-atollic-eabi/lib/armv7e-m/fpu\libc_nano.a(lib_a-calloc.o)
                0x08004968                calloc
 .text.__libc_init_array
                0x08004978       0x48 c:/program files (x86)/atollic/truestudio for arm 8.0.0/armtools/bin/../lib/gcc/arm-atollic-eabi/6.3.1/../../../../arm-atollic-eabi/lib/armv7e-m/fpu\libc_nano.a(lib_a-init.o)
                0x08004978                __libc_init_array
 .text.malloc   0x080049c0       0x10 c:/program files (x86)/atollic/truestudio for arm 8.0.0/armtools/bin/../lib/gcc/arm-atollic-eabi/6.3.1/../../../../arm-atollic-eabi/lib/armv7e-m/fpu\libc_nano.a(lib_a-malloc.o)
                0x080049c0                malloc
 .text.memcpy   0x080049d0       0x16 c:/program files (x86)/atollic/truestudio for arm 8.0.0/armtools/bin/../lib/gcc/arm-atollic-eabi/6.3.1/../../../../arm-atollic-eabi/lib/armv7e-m/fpu\libc_nano.a(lib_a-memcpy-stub.o)
                0x080049d0                memcpy
 .text.memset   0x080049e6       0x10 c:/program files (x86)/atollic/truestudio for arm 8.0.0/armtools/bin/../lib/gcc/arm-atollic-eabi/6.3.1/../../../../arm-atollic-eabi/lib/armv7e-m/fpu\libc_nano.a(lib_a-memset.o)
                0x080049e6                memset
 .text._calloc_r
                0x080049f6       0x1c c:/program files (x86)/atollic/truestudio for arm 8.0.0/armtools/bin/../lib/gcc/arm-atollic-eabi/6.3.1/../../../../arm-atollic-eabi/lib/armv7e-m/fpu\libc_nano.a(lib_a-nano-callocr.o)
                0x080049f6                _calloc_r
 *fill*         0x08004a12        0x2 
 .text._free_r  0x08004a14       0x9c c:/program files (x86)/atollic/truestudio for arm 8.0.0/armtools/bin/../lib/gcc/arm-atollic-eabi/6.3.1/../../../../arm-atollic-eabi/lib/armv7e-m/fpu\libc_nano.a(lib_a-nano-freer.o)
                0x08004a14                _free_r
 .text._malloc_r
                0x08004ab0       0xbc c:/program files (x86)/atollic/truestudio for arm 8.0.0/armtools/bin/../lib/gcc/arm-atollic-eabi/6.3.1/../../../../arm-atollic-eabi/lib/armv7e-m/fpu\libc_nano.a(lib_a-nano-mallocr.o)
                0x08004ab0                _malloc_r
 .text._sbrk_r  0x08004b6c       0x20 c:/program files (x86)/atollic/truestudio for arm 8.0.0/armtools/bin/../lib/gcc/arm-atollic-eabi/6.3.1/../../../../arm-atollic-eabi/lib/armv7e-m/fpu\libc_nano.a(lib_a-sbrkr.o)
                0x08004b6c                _sbrk_r
 .text.sprintf  0x08004b8c       0x48 c:/program files (x86)/atollic/truestudio for arm 8.0.0/armtools/bin/../lib/gcc/arm-atollic-eabi/6.3.1/../../../../arm-atollic-eabi/lib/armv7e-m/fpu\libc_nano.a(lib_a-sprintf.o)
                0x08004b8c                siprintf
                0x08004b8c                sprintf
 .text.__malloc_lock
                0x08004bd4        0x2 c:/program files (x86)/atollic/truestudio for arm 8.0.0/armtools/bin/../lib/gcc/arm-atollic-eabi/6.3.1/../../../../arm-atollic-eabi/lib/armv7e-m/fpu\libc_nano.a(lib_a-mlock.o)
                0x08004bd4                __malloc_lock
 .text.__malloc_unlock
                0x08004bd6        0x2 c:/program files (x86)/atollic/truestudio for arm 8.0.0/armtools/bin/../lib/gcc/arm-atollic-eabi/6.3.1/../../../../arm-atollic-eabi/lib/armv7e-m/fpu\libc_nano.a(lib_a-mlock.o)
                0x08004bd6                __malloc_unlock
 .text.__ssputs_r
                0x08004bd8       0xb6 c:/program files (x86)/atollic/truestudio for arm 8.0.0/armtools/bin/../lib/gcc/arm-atollic-eabi/6.3.1/../../../../arm-atollic-eabi/lib/armv7e-m/fpu\libc_nano.a(lib_a-nano-svfprintf.o)
                0x08004bd8                __ssputs_r
 *fill*         0x08004c8e        0x2 
 .text._svfprintf_r
                0x08004c90      0x1e8 c:/program files (x86)/atollic/truestudio for arm 8.0.0/armtools/bin/../lib/gcc/arm-atollic-eabi/6.3.1/../../../../arm-atollic-eabi/lib/armv7e-m/fpu\libc_nano.a(lib_a-nano-svfprintf.o)
                0x08004c90                _svfiprintf_r
                0x08004c90                _svfprintf_r
 .text._printf_common
                0x08004e78       0xec c:/program files (x86)/atollic/truestudio for arm 8.0.0/armtools/bin/../lib/gcc/arm-atollic-eabi/6.3.1/../../../../arm-atollic-eabi/lib/armv7e-m/fpu\libc_nano.a(lib_a-nano-vfprintf_i.o)
                0x08004e78                _printf_common
 .text._printf_i
                0x08004f64      0x240 c:/program files (x86)/atollic/truestudio for arm 8.0.0/armtools/bin/../lib/gcc/arm-atollic-eabi/6.3.1/../../../../arm-atollic-eabi/lib/armv7e-m/fpu\libc_nano.a(lib_a-nano-vfprintf_i.o)
                0x08004f64                _printf_i
 .text.memmove  0x080051a4       0x34 c:/program files (x86)/atollic/truestudio for arm 8.0.0/armtools/bin/../lib/gcc/arm-atollic-eabi/6.3.1/../../../../arm-atollic-eabi/lib/armv7e-m/fpu\libc_nano.a(lib_a-memmove.o)
                0x080051a4                memmove
 .text._realloc_r
                0x080051d8       0x4c c:/program files (x86)/atollic/truestudio for arm 8.0.0/armtools/bin/../lib/gcc/arm-atollic-eabi/6.3.1/../../../../arm-atollic-eabi/lib/armv7e-m/fpu\libc_nano.a(lib_a-nano-reallocr.o)
                0x080051d8                _realloc_r
 .text._malloc_usable_size_r
                0x08005224       0x12 c:/program files (x86)/atollic/truestudio for arm 8.0.0/armtools/bin/../lib/gcc/arm-atollic-eabi/6.3.1/../../../../arm-atollic-eabi/lib/armv7e-m/fpu\libc_nano.a(lib_a-nano-msizer.o)
                0x08005224                _malloc_usable_size_r
 *fill*         0x08005236        0x2 
 .text.sqrt     0x08005238       0xb4 c:/program files (x86)/atollic/truestudio for arm 8.0.0/armtools/bin/../lib/gcc/arm-atollic-eabi/6.3.1/../../../../arm-atollic-eabi/lib/armv7e-m/fpu\libm.a(lib_a-w_sqrt.o)
                0x08005238                sqrt
 .text.__ieee754_sqrt
                0x080052ec      0x160 c:/program files (x86)/atollic/truestudio for arm 8.0.0/armtools/bin/../lib/gcc/arm-atollic-eabi/6.3.1/../../../../arm-atollic-eabi/lib/armv7e-m/fpu\libm.a(lib_a-e_sqrt.o)
                0x080052ec                __ieee754_sqrt
 .text.matherr  0x0800544c        0x4 c:/program files (x86)/atollic/truestudio for arm 8.0.0/armtools/bin/../lib/gcc/arm-atollic-eabi/6.3.1/../../../../arm-atollic-eabi/lib/armv7e-m/fpu\libm.a(lib_a-s_matherr.o)
                0x0800544c                matherr
 .text.__errno  0x08005450        0xc c:/program files (x86)/atollic/truestudio for arm 8.0.0/armtools/bin/../lib/gcc/arm-atollic-eabi/6.3.1/../../../../arm-atollic-eabi/lib/armv7e-m/fpu\libc_nano.a(lib_a-errno.o)
                0x08005450                __errno
 .text._sbrk    0x0800545c       0x1c c:/program files (x86)/atollic/truestudio for arm 8.0.0/armtools/bin/../lib/gcc/arm-atollic-eabi/6.3.1/../../../../arm-atollic-eabi/lib/armv7e-m/fpu\libnosys.a(sbrk.o)
                0x0800545c                _sbrk
 *(.glue_7)
 .glue_7        0x08005478        0x0 linker stubs
 *(.glue_7t)
 .glue_7t       0x08005478        0x0 linker stubs
 *(.eh_frame)
 .eh_frame      0x08005478        0x0 c:/program files (x86)/atollic/truestudio for arm 8.0.0/armtools/bin/../lib/gcc/arm-atollic-eabi/6.3.1/armv7e-m/fpu/crtbegin.o
 *(.init)
 .init          0x08005478        0x4 c:/program files (x86)/atollic/truestudio for arm 8.0.0/armtools/bin/../lib/gcc/arm-atollic-eabi/6.3.1/armv7e-m/fpu/crti.o
                0x08005478                _init
 .init          0x0800547c        0x8 c:/program files (x86)/atollic/truestudio for arm 8.0.0/armtools/bin/../lib/gcc/arm-atollic-eabi/6.3.1/armv7e-m/fpu/crtn.o
 *(.fini)
 .fini          0x08005484        0x4 c:/program files (x86)/atollic/truestudio for arm 8.0.0/armtools/bin/../lib/gcc/arm-atollic-eabi/6.3.1/armv7e-m/fpu/crti.o
                0x08005484                _fini
 .fini          0x08005488        0x8 c:/program files (x86)/atollic/truestudio for arm 8.0.0/armtools/bin/../lib/gcc/arm-atollic-eabi/6.3.1/armv7e-m/fpu/crtn.o
                0x08005490                . = ALIGN (0x4)
                0x08005490                _etext = .

.vfp11_veneer   0x08005490        0x0
 .vfp11_veneer  0x08005490        0x0 linker stubs

.v4_bx          0x08005490        0x0
 .v4_bx         0x08005490        0x0 linker stubs

.iplt           0x08005490        0x0
 .iplt          0x08005490        0x0 c:/program files (x86)/atollic/truestudio for arm 8.0.0/armtools/bin/../lib/gcc/arm-atollic-eabi/6.3.1/armv7e-m/fpu/crtbegin.o

.rodata         0x08005490       0xa0
                0x08005490                . = ALIGN (0x4)
 *(.rodata)
 *(.rodata*)
 .rodata.aPLLMULFactorTable
                0x08005490       0x10 Drivers\STM32F3xx_HAL_Driver\Src\stm32f3xx_hal_rcc.o
                0x08005490                aPLLMULFactorTable
 .rodata.aPredivFactorTable
                0x080054a0       0x10 Drivers\STM32F3xx_HAL_Driver\Src\stm32f3xx_hal_rcc.o
                0x080054a0                aPredivFactorTable
 .rodata.CSWTCH.45
                0x080054b0        0x4 Drivers\STM32F3xx_HAL_Driver\Src\stm32f3xx_hal_uart.o
 .rodata.init_peripherals.str1.4
                0x080054b4        0x4 Src\functions.o
 .rodata.HAL_ADC_MspInit.str1.4
                0x080054b8       0x1b Src\stm32f3xx_hal_msp.o
 *fill*         0x080054d3        0x1 
 .rodata.AHBPrescTable
                0x080054d4       0x10 Src\system_stm32f3xx.o
                0x080054d4                AHBPrescTable
 .rodata.APBPrescTable
                0x080054e4        0x8 Src\system_stm32f3xx.o
                0x080054e4                APBPrescTable
 .rodata.str1.4
                0x080054ec        0xc Src\variables.o
                                  0x9 (size before relaxing)
 .rodata._svfprintf_r.str1.1
                0x080054f8       0x11 c:/program files (x86)/atollic/truestudio for arm 8.0.0/armtools/bin/../lib/gcc/arm-atollic-eabi/6.3.1/../../../../arm-atollic-eabi/lib/armv7e-m/fpu\libc_nano.a(lib_a-nano-svfprintf.o)
 .rodata._printf_i.str1.1
                0x08005509       0x22 c:/program files (x86)/atollic/truestudio for arm 8.0.0/armtools/bin/../lib/gcc/arm-atollic-eabi/6.3.1/../../../../arm-atollic-eabi/lib/armv7e-m/fpu\libc_nano.a(lib_a-nano-vfprintf_i.o)
 .rodata.sqrt.str1.1
                0x0800552b        0x5 c:/program files (x86)/atollic/truestudio for arm 8.0.0/armtools/bin/../lib/gcc/arm-atollic-eabi/6.3.1/../../../../arm-atollic-eabi/lib/armv7e-m/fpu\libm.a(lib_a-w_sqrt.o)
                0x08005530                . = ALIGN (0x4)

.ARM.extab
 *(.ARM.extab* .gnu.linkonce.armextab.*)

.ARM            0x08005530        0x8
                0x08005530                __exidx_start = .
 *(.ARM.exidx*)
 .ARM.exidx     0x08005530        0x8 c:/program files (x86)/atollic/truestudio for arm 8.0.0/armtools/bin/../lib/gcc/arm-atollic-eabi/6.3.1/armv7e-m/fpu\libgcc.a(_udivmoddi4.o)
                0x08005538                __exidx_end = .

.rel.dyn        0x08005538        0x0
 .rel.iplt      0x08005538        0x0 c:/program files (x86)/atollic/truestudio for arm 8.0.0/armtools/bin/../lib/gcc/arm-atollic-eabi/6.3.1/armv7e-m/fpu/crtbegin.o

.preinit_array  0x08005538        0x0
                0x08005538                PROVIDE (__preinit_array_start, .)
 *(.preinit_array*)
                0x08005538                PROVIDE (__preinit_array_end, .)

.init_array     0x08005538        0x4
                0x08005538                PROVIDE (__init_array_start, .)
 *(SORT(.init_array.*))
 *(.init_array*)
 .init_array    0x08005538        0x4 c:/program files (x86)/atollic/truestudio for arm 8.0.0/armtools/bin/../lib/gcc/arm-atollic-eabi/6.3.1/armv7e-m/fpu/crtbegin.o
                0x0800553c                PROVIDE (__init_array_end, .)

.fini_array     0x0800553c        0x4
                [!provide]                PROVIDE (__fini_array_start, .)
 *(SORT(.fini_array.*))
 *(.fini_array*)
 .fini_array    0x0800553c        0x4 c:/program files (x86)/atollic/truestudio for arm 8.0.0/armtools/bin/../lib/gcc/arm-atollic-eabi/6.3.1/armv7e-m/fpu/crtbegin.o
                [!provide]                PROVIDE (__fini_array_end, .)
                0x08005540                _sidata = LOADADDR (.data)

.data           0x20000000       0x98 load address 0x08005540
                0x20000000                . = ALIGN (0x4)
                0x20000000                _sdata = .
 *(.data)
 *(.data*)
 .data.SystemCoreClock
                0x20000000        0x4 Src\system_stm32f3xx.o
                0x20000000                SystemCoreClock
 .data.comma    0x20000004        0x2 Src\variables.o
                0x20000004                comma
 *fill*         0x20000006        0x2 
 .data.endSimbol
                0x20000008        0x8 Src\variables.o
                0x20000008                endSimbol
 .data.heater_OFF
                0x20000010        0x3 Src\variables.o
                0x20000010                heater_OFF
 *fill*         0x20000013        0x1 
 .data.heater_ON
                0x20000014        0x2 Src\variables.o
                0x20000014                heater_ON
 *fill*         0x20000016        0x2 
 .data.studentnumber1
                0x20000018        0x8 Src\variables.o
                0x20000018                studentnumber1
 .data.time     0x20000020        0x4 Src\variables.o
                0x20000020                time
 .data.valve_CLOSE
                0x20000024        0x6 Src\variables.o
                0x20000024                valve_CLOSE
 *fill*         0x2000002a        0x2 
 .data.valve_OPEN
                0x2000002c        0x4 Src\variables.o
                0x2000002c                valve_OPEN
 .data._impure_ptr
                0x20000030        0x4 c:/program files (x86)/atollic/truestudio for arm 8.0.0/armtools/bin/../lib/gcc/arm-atollic-eabi/6.3.1/../../../../arm-atollic-eabi/lib/armv7e-m/fpu\libc_nano.a(lib_a-impure.o)
                0x20000030                _impure_ptr
 .data.impure_data
                0x20000034       0x60 c:/program files (x86)/atollic/truestudio for arm 8.0.0/armtools/bin/../lib/gcc/arm-atollic-eabi/6.3.1/../../../../arm-atollic-eabi/lib/armv7e-m/fpu\libc_nano.a(lib_a-impure.o)
 .data.__fdlib_version
                0x20000094        0x1 c:/program files (x86)/atollic/truestudio for arm 8.0.0/armtools/bin/../lib/gcc/arm-atollic-eabi/6.3.1/../../../../arm-atollic-eabi/lib/armv7e-m/fpu\libm.a(lib_a-s_lib_ver.o)
                0x20000094                __fdlib_version
                0x20000098                . = ALIGN (0x4)
 *fill*         0x20000095        0x3 
                0x20000098                _edata = .
                0x080055d8                _siccmram = LOADADDR (.ccmram)

.igot.plt       0x20000098        0x0 load address 0x080055d8
 .igot.plt      0x20000098        0x0 c:/program files (x86)/atollic/truestudio for arm 8.0.0/armtools/bin/../lib/gcc/arm-atollic-eabi/6.3.1/armv7e-m/fpu/crtbegin.o

.ccmram         0x10000000        0x0 load address 0x080055d8
                0x10000000                . = ALIGN (0x4)
                0x10000000                _sccmram = .
 *(.ccmram)
 *(.ccmram*)
                0x10000000                . = ALIGN (0x4)
                0x10000000                _eccmram = .
                0x10000000                . = ALIGN (0x4)

.bss            0x20000098      0x240
                0x20000098                _sbss = .
                0x20000098                __bss_start__ = _sbss
 *(.bss)
 .bss           0x20000098       0x1c c:/program files (x86)/atollic/truestudio for arm 8.0.0/armtools/bin/../lib/gcc/arm-atollic-eabi/6.3.1/armv7e-m/fpu/crtbegin.o
 *(.bss*)
 .bss.tim2_flag
                0x200000b4        0x1 Src\main.o
                0x200000b4                tim2_flag
 *fill*         0x200000b5        0x3 
 .bss.ADC1_buffer
                0x200000b8        0x4 Src\variables.o
                0x200000b8                ADC1_buffer
 .bss.ADC2_buffer
                0x200000bc        0x4 Src\variables.o
                0x200000bc                ADC2_buffer
 .bss.adc_buffer_current
                0x200000c0        0x8 Src\variables.o
                0x200000c0                adc_buffer_current
 .bss.adc_buffer_voltage
                0x200000c8        0x8 Src\variables.o
                0x200000c8                adc_buffer_voltage
 .bss.adc_counter
                0x200000d0        0x2 Src\variables.o
                0x200000d0                adc_counter
 .bss.adc_flag  0x200000d2        0x1 Src\variables.o
                0x200000d2                adc_flag
 *fill*         0x200000d3        0x1 
 .bss.adc_raw_current
                0x200000d4        0x4 Src\variables.o
                0x200000d4                adc_raw_current
 .bss.adc_raw_voltage
                0x200000d8        0x4 Src\variables.o
                0x200000d8                adc_raw_voltage
 .bss.ambient_temp
                0x200000dc        0x4 Src\variables.o
                0x200000dc                ambient_temp
 .bss.auto_heating
                0x200000e0        0x1 Src\variables.o
                0x200000e0                auto_heating
 *fill*         0x200000e1        0x3 
 .bss.current_int_rms
                0x200000e4        0x4 Src\variables.o
                0x200000e4                current_int_rms
 .bss.current_rms
                0x200000e8        0x4 Src\variables.o
                0x200000e8                current_rms
 .bss.geyser_temp
                0x200000ec        0x4 Src\variables.o
                0x200000ec                geyser_temp
 .bss.heater_state
                0x200000f0        0x4 Src\variables.o
                0x200000f0                heater_state
 .bss.raw_ambient_temp
                0x200000f4        0x4 Src\variables.o
                0x200000f4                raw_ambient_temp
 .bss.raw_geyser_temp
                0x200000f8        0x4 Src\variables.o
                0x200000f8                raw_geyser_temp
 .bss.return_value
                0x200000fc        0x4 Src\variables.o
                0x200000fc                return_value
 .bss.rx_flag   0x20000100        0x1 Src\variables.o
                0x20000100                rx_flag
 .bss.segment_counter
                0x20000101        0x1 Src\variables.o
                0x20000101                segment_counter
 *fill*         0x20000102        0x2 
 .bss.segment_val
                0x20000104        0x4 Src\variables.o
                0x20000104                segment_val
 .bss.set_temp  0x20000108        0x4 Src\variables.o
                0x20000108                set_temp
 .bss.sizeOfTemp
                0x2000010c        0x1 Src\variables.o
                0x2000010c                sizeOfTemp
 .bss.tim3_flag
                0x2000010d        0x1 Src\variables.o
                0x2000010d                tim3_flag
 *fill*         0x2000010e        0x2 
 .bss.tim3_now  0x20000110        0x4 Src\variables.o
                0x20000110                tim3_now
 .bss.tim3_prev
                0x20000114        0x4 Src\variables.o
                0x20000114                tim3_prev
 .bss.total_water
                0x20000118        0x4 Src\variables.o
                0x20000118                total_water
 .bss.uart_command
                0x2000011c        0x4 Src\variables.o
                0x2000011c                uart_command
 .bss.uart_counter
                0x20000120        0x1 Src\variables.o
                0x20000120                uart_counter
 *fill*         0x20000121        0x3 
 .bss.valve_state
                0x20000124        0x4 Src\variables.o
                0x20000124                valve_state
 .bss.voltage_int_rms
                0x20000128        0x4 Src\variables.o
                0x20000128                voltage_int_rms
 .bss.voltage_rms
                0x2000012c        0x4 Src\variables.o
                0x2000012c                voltage_rms
 .bss.water_acc
                0x20000130        0x4 Src\variables.o
                0x20000130                water_acc
 .bss.__malloc_free_list
                0x20000134        0x4 c:/program files (x86)/atollic/truestudio for arm 8.0.0/armtools/bin/../lib/gcc/arm-atollic-eabi/6.3.1/../../../../arm-atollic-eabi/lib/armv7e-m/fpu\libc_nano.a(lib_a-nano-mallocr.o)
                0x20000134                __malloc_free_list
 .bss.__malloc_sbrk_start
                0x20000138        0x4 c:/program files (x86)/atollic/truestudio for arm 8.0.0/armtools/bin/../lib/gcc/arm-atollic-eabi/6.3.1/../../../../arm-atollic-eabi/lib/armv7e-m/fpu\libc_nano.a(lib_a-nano-mallocr.o)
                0x20000138                __malloc_sbrk_start
 .bss.heap_end.5239
                0x2000013c        0x4 c:/program files (x86)/atollic/truestudio for arm 8.0.0/armtools/bin/../lib/gcc/arm-atollic-eabi/6.3.1/../../../../arm-atollic-eabi/lib/armv7e-m/fpu\libnosys.a(sbrk.o)
 *(COMMON)
 COMMON         0x20000140        0x4 Drivers\STM32F3xx_HAL_Driver\Src\stm32f3xx_hal.o
                0x20000140                uwTick
 COMMON         0x20000144      0x188 Src\main.o
                0x20000144                hadc2
                0x20000198                htim3
                0x200001d8                huart1
                0x20000248                htim2
                0x20000288                hdma_adc2
 COMMON         0x200002cc        0x5 Src\variables.o
                0x200002cc                studentnumber
                0x200002d0                rx_buffer
 *fill*         0x200002d1        0x3 
 COMMON         0x200002d4        0x4 c:/program files (x86)/atollic/truestudio for arm 8.0.0/armtools/bin/../lib/gcc/arm-atollic-eabi/6.3.1/../../../../arm-atollic-eabi/lib/armv7e-m/fpu\libc_nano.a(lib_a-reent.o)
                0x200002d4                errno
                0x200002d8                . = ALIGN (0x4)
                0x200002d8                _ebss = .
                0x200002d8                __bss_end__ = _ebss

._user_heap_stack
                0x200002d8      0x600
                0x200002d8                . = ALIGN (0x4)
                0x200002d8                PROVIDE (end, .)
                [!provide]                PROVIDE (_end, .)
                0x200004d8                . = (. + _Min_Heap_Size)
 *fill*         0x200002d8      0x200 
                0x200008d8                . = (. + _Min_Stack_Size)
 *fill*         0x200004d8      0x400 
                0x200008d8                . = ALIGN (0x4)

/DISCARD/
 libc.a(*)
 libm.a(*)
 libgcc.a(*)

.ARM.attributes
                0x00000000       0x30
 *(.ARM.attributes)
 .ARM.attributes
                0x00000000       0x22 c:/program files (x86)/atollic/truestudio for arm 8.0.0/armtools/bin/../lib/gcc/arm-atollic-eabi/6.3.1/armv7e-m/fpu/crti.o
 .ARM.attributes
                0x00000022       0x34 c:/program files (x86)/atollic/truestudio for arm 8.0.0/armtools/bin/../lib/gcc/arm-atollic-eabi/6.3.1/armv7e-m/fpu/crtbegin.o
 .ARM.attributes
                0x00000056       0x39 Drivers\STM32F3xx_HAL_Driver\Src\stm32f3xx_hal.o
 .ARM.attributes
                0x0000008f       0x39 Drivers\STM32F3xx_HAL_Driver\Src\stm32f3xx_hal_adc.o
 .ARM.attributes
                0x000000c8       0x39 Drivers\STM32F3xx_HAL_Driver\Src\stm32f3xx_hal_adc_ex.o
 .ARM.attributes
                0x00000101       0x39 Drivers\STM32F3xx_HAL_Driver\Src\stm32f3xx_hal_cortex.o
 .ARM.attributes
                0x0000013a       0x39 Drivers\STM32F3xx_HAL_Driver\Src\stm32f3xx_hal_dma.o
 .ARM.attributes
                0x00000173       0x39 Drivers\STM32F3xx_HAL_Driver\Src\stm32f3xx_hal_gpio.o
 .ARM.attributes
                0x000001ac       0x39 Drivers\STM32F3xx_HAL_Driver\Src\stm32f3xx_hal_rcc.o
 .ARM.attributes
                0x000001e5       0x39 Drivers\STM32F3xx_HAL_Driver\Src\stm32f3xx_hal_rcc_ex.o
 .ARM.attributes
                0x0000021e       0x39 Drivers\STM32F3xx_HAL_Driver\Src\stm32f3xx_hal_tim.o
 .ARM.attributes
                0x00000257       0x39 Drivers\STM32F3xx_HAL_Driver\Src\stm32f3xx_hal_tim_ex.o
 .ARM.attributes
                0x00000290       0x39 Drivers\STM32F3xx_HAL_Driver\Src\stm32f3xx_hal_uart.o
 .ARM.attributes
                0x000002c9       0x39 Drivers\STM32F3xx_HAL_Driver\Src\stm32f3xx_hal_uart_ex.o
 .ARM.attributes
                0x00000302       0x35 Src\functions.o
 .ARM.attributes
                0x00000337       0x35 Src\main.o
 .ARM.attributes
                0x0000036c       0x39 Src\stm32f3xx_hal_msp.o
 .ARM.attributes
                0x000003a5       0x39 Src\stm32f3xx_it.o
 .ARM.attributes
                0x000003de       0x39 Src\system_stm32f3xx.o
 .ARM.attributes
                0x00000417       0x39 Src\variables.o
 .ARM.attributes
                0x00000450       0x21 startup\startup_stm32f334x8.o
 .ARM.attributes
                0x00000471       0x34 c:/program files (x86)/atollic/truestudio for arm 8.0.0/armtools/bin/../lib/gcc/arm-atollic-eabi/6.3.1/../../../../arm-atollic-eabi/lib/armv7e-m/fpu\libc_nano.a(lib_a-calloc.o)
 .ARM.attributes
                0x000004a5       0x34 c:/program files (x86)/atollic/truestudio for arm 8.0.0/armtools/bin/../lib/gcc/arm-atollic-eabi/6.3.1/../../../../arm-atollic-eabi/lib/armv7e-m/fpu\libc_nano.a(lib_a-impure.o)
 .ARM.attributes
                0x000004d9       0x34 c:/program files (x86)/atollic/truestudio for arm 8.0.0/armtools/bin/../lib/gcc/arm-atollic-eabi/6.3.1/../../../../arm-atollic-eabi/lib/armv7e-m/fpu\libc_nano.a(lib_a-init.o)
 .ARM.attributes
                0x0000050d       0x34 c:/program files (x86)/atollic/truestudio for arm 8.0.0/armtools/bin/../lib/gcc/arm-atollic-eabi/6.3.1/../../../../arm-atollic-eabi/lib/armv7e-m/fpu\libc_nano.a(lib_a-malloc.o)
 .ARM.attributes
                0x00000541       0x34 c:/program files (x86)/atollic/truestudio for arm 8.0.0/armtools/bin/../lib/gcc/arm-atollic-eabi/6.3.1/../../../../arm-atollic-eabi/lib/armv7e-m/fpu\libc_nano.a(lib_a-memcpy-stub.o)
 .ARM.attributes
                0x00000575       0x34 c:/program files (x86)/atollic/truestudio for arm 8.0.0/armtools/bin/../lib/gcc/arm-atollic-eabi/6.3.1/../../../../arm-atollic-eabi/lib/armv7e-m/fpu\libc_nano.a(lib_a-memset.o)
 .ARM.attributes
                0x000005a9       0x34 c:/program files (x86)/atollic/truestudio for arm 8.0.0/armtools/bin/../lib/gcc/arm-atollic-eabi/6.3.1/../../../../arm-atollic-eabi/lib/armv7e-m/fpu\libc_nano.a(lib_a-nano-callocr.o)
 .ARM.attributes
                0x000005dd       0x34 c:/program files (x86)/atollic/truestudio for arm 8.0.0/armtools/bin/../lib/gcc/arm-atollic-eabi/6.3.1/../../../../arm-atollic-eabi/lib/armv7e-m/fpu\libc_nano.a(lib_a-nano-freer.o)
 .ARM.attributes
                0x00000611       0x34 c:/program files (x86)/atollic/truestudio for arm 8.0.0/armtools/bin/../lib/gcc/arm-atollic-eabi/6.3.1/../../../../arm-atollic-eabi/lib/armv7e-m/fpu\libc_nano.a(lib_a-nano-mallocr.o)
 .ARM.attributes
                0x00000645       0x34 c:/program files (x86)/atollic/truestudio for arm 8.0.0/armtools/bin/../lib/gcc/arm-atollic-eabi/6.3.1/../../../../arm-atollic-eabi/lib/armv7e-m/fpu\libc_nano.a(lib_a-sbrkr.o)
 .ARM.attributes
                0x00000679       0x34 c:/program files (x86)/atollic/truestudio for arm 8.0.0/armtools/bin/../lib/gcc/arm-atollic-eabi/6.3.1/../../../../arm-atollic-eabi/lib/armv7e-m/fpu\libc_nano.a(lib_a-sprintf.o)
 .ARM.attributes
                0x000006ad       0x1b c:/program files (x86)/atollic/truestudio for arm 8.0.0/armtools/bin/../lib/gcc/arm-atollic-eabi/6.3.1/../../../../arm-atollic-eabi/lib/armv7e-m/fpu\libc_nano.a(lib_a-strlen.o)
 .ARM.attributes
                0x000006c8       0x34 c:/program files (x86)/atollic/truestudio for arm 8.0.0/armtools/bin/../lib/gcc/arm-atollic-eabi/6.3.1/../../../../arm-atollic-eabi/lib/armv7e-m/fpu\libc_nano.a(lib_a-mlock.o)
 .ARM.attributes
                0x000006fc       0x34 c:/program files (x86)/atollic/truestudio for arm 8.0.0/armtools/bin/../lib/gcc/arm-atollic-eabi/6.3.1/../../../../arm-atollic-eabi/lib/armv7e-m/fpu\libc_nano.a(lib_a-nano-svfprintf.o)
 .ARM.attributes
                0x00000730       0x34 c:/program files (x86)/atollic/truestudio for arm 8.0.0/armtools/bin/../lib/gcc/arm-atollic-eabi/6.3.1/../../../../arm-atollic-eabi/lib/armv7e-m/fpu\libc_nano.a(lib_a-nano-vfprintf_i.o)
 .ARM.attributes
                0x00000764       0x34 c:/program files (x86)/atollic/truestudio for arm 8.0.0/armtools/bin/../lib/gcc/arm-atollic-eabi/6.3.1/../../../../arm-atollic-eabi/lib/armv7e-m/fpu\libc_nano.a(lib_a-reent.o)
 .ARM.attributes
                0x00000798       0x20 c:/program files (x86)/atollic/truestudio for arm 8.0.0/armtools/bin/../lib/gcc/arm-atollic-eabi/6.3.1/../../../../arm-atollic-eabi/lib/armv7e-m/fpu\libc_nano.a(lib_a-memchr.o)
 .ARM.attributes
                0x000007b8       0x34 c:/program files (x86)/atollic/truestudio for arm 8.0.0/armtools/bin/../lib/gcc/arm-atollic-eabi/6.3.1/../../../../arm-atollic-eabi/lib/armv7e-m/fpu\libc_nano.a(lib_a-memmove.o)
 .ARM.attributes
                0x000007ec       0x34 c:/program files (x86)/atollic/truestudio for arm 8.0.0/armtools/bin/../lib/gcc/arm-atollic-eabi/6.3.1/../../../../arm-atollic-eabi/lib/armv7e-m/fpu\libc_nano.a(lib_a-nano-reallocr.o)
 .ARM.attributes
                0x00000820       0x34 c:/program files (x86)/atollic/truestudio for arm 8.0.0/armtools/bin/../lib/gcc/arm-atollic-eabi/6.3.1/../../../../arm-atollic-eabi/lib/armv7e-m/fpu\libc_nano.a(lib_a-nano-msizer.o)
 .ARM.attributes
                0x00000854       0x34 c:/program files (x86)/atollic/truestudio for arm 8.0.0/armtools/bin/../lib/gcc/arm-atollic-eabi/6.3.1/../../../../arm-atollic-eabi/lib/armv7e-m/fpu\libm.a(lib_a-w_sqrt.o)
 .ARM.attributes
                0x00000888       0x34 c:/program files (x86)/atollic/truestudio for arm 8.0.0/armtools/bin/../lib/gcc/arm-atollic-eabi/6.3.1/../../../../arm-atollic-eabi/lib/armv7e-m/fpu\libm.a(lib_a-e_sqrt.o)
 .ARM.attributes
                0x000008bc       0x34 c:/program files (x86)/atollic/truestudio for arm 8.0.0/armtools/bin/../lib/gcc/arm-atollic-eabi/6.3.1/../../../../arm-atollic-eabi/lib/armv7e-m/fpu\libm.a(lib_a-s_lib_ver.o)
 .ARM.attributes
                0x000008f0       0x34 c:/program files (x86)/atollic/truestudio for arm 8.0.0/armtools/bin/../lib/gcc/arm-atollic-eabi/6.3.1/../../../../arm-atollic-eabi/lib/armv7e-m/fpu\libm.a(lib_a-s_matherr.o)
 .ARM.attributes
                0x00000924       0x34 c:/program files (x86)/atollic/truestudio for arm 8.0.0/armtools/bin/../lib/gcc/arm-atollic-eabi/6.3.1/../../../../arm-atollic-eabi/lib/armv7e-m/fpu\libc_nano.a(lib_a-errno.o)
 .ARM.attributes
                0x00000958       0x22 c:/program files (x86)/atollic/truestudio for arm 8.0.0/armtools/bin/../lib/gcc/arm-atollic-eabi/6.3.1/armv7e-m/fpu\libgcc.a(_arm_addsubdf3.o)
 .ARM.attributes
                0x0000097a       0x22 c:/program files (x86)/atollic/truestudio for arm 8.0.0/armtools/bin/../lib/gcc/arm-atollic-eabi/6.3.1/armv7e-m/fpu\libgcc.a(_arm_muldivdf3.o)
 .ARM.attributes
                0x0000099c       0x22 c:/program files (x86)/atollic/truestudio for arm 8.0.0/armtools/bin/../lib/gcc/arm-atollic-eabi/6.3.1/armv7e-m/fpu\libgcc.a(_arm_cmpdf2.o)
 .ARM.attributes
                0x000009be       0x22 c:/program files (x86)/atollic/truestudio for arm 8.0.0/armtools/bin/../lib/gcc/arm-atollic-eabi/6.3.1/armv7e-m/fpu\libgcc.a(_arm_unorddf2.o)
 .ARM.attributes
                0x000009e0       0x22 c:/program files (x86)/atollic/truestudio for arm 8.0.0/armtools/bin/../lib/gcc/arm-atollic-eabi/6.3.1/armv7e-m/fpu\libgcc.a(_arm_fixunsdfsi.o)
 .ARM.attributes
                0x00000a02       0x22 c:/program files (x86)/atollic/truestudio for arm 8.0.0/armtools/bin/../lib/gcc/arm-atollic-eabi/6.3.1/armv7e-m/fpu\libgcc.a(_aeabi_uldivmod.o)
 .ARM.attributes
                0x00000a24       0x34 c:/program files (x86)/atollic/truestudio for arm 8.0.0/armtools/bin/../lib/gcc/arm-atollic-eabi/6.3.1/armv7e-m/fpu\libgcc.a(_fixunsdfdi.o)
 .ARM.attributes
                0x00000a58       0x34 c:/program files (x86)/atollic/truestudio for arm 8.0.0/armtools/bin/../lib/gcc/arm-atollic-eabi/6.3.1/armv7e-m/fpu\libgcc.a(_udivmoddi4.o)
 .ARM.attributes
                0x00000a8c       0x22 c:/program files (x86)/atollic/truestudio for arm 8.0.0/armtools/bin/../lib/gcc/arm-atollic-eabi/6.3.1/armv7e-m/fpu\libgcc.a(_dvmd_tls.o)
 .ARM.attributes
                0x00000aae       0x34 c:/program files (x86)/atollic/truestudio for arm 8.0.0/armtools/bin/../lib/gcc/arm-atollic-eabi/6.3.1/../../../../arm-atollic-eabi/lib/armv7e-m/fpu\libnosys.a(sbrk.o)
 .ARM.attributes
                0x00000ae2       0x22 c:/program files (x86)/atollic/truestudio for arm 8.0.0/armtools/bin/../lib/gcc/arm-atollic-eabi/6.3.1/armv7e-m/fpu/crtn.o
OUTPUT(edesign19231865.elf elf32-littlearm)

.debug_info     0x00000000    0x1cf6e
 .debug_info    0x00000000      0xf50 Drivers\STM32F3xx_HAL_Driver\Src\stm32f3xx_hal.o
 .debug_info    0x00000f50     0x12ee Drivers\STM32F3xx_HAL_Driver\Src\stm32f3xx_hal_adc.o
 .debug_info    0x0000223e     0x228d Drivers\STM32F3xx_HAL_Driver\Src\stm32f3xx_hal_adc_ex.o
 .debug_info    0x000044cb     0x1498 Drivers\STM32F3xx_HAL_Driver\Src\stm32f3xx_hal_cortex.o
 .debug_info    0x00005963     0x1042 Drivers\STM32F3xx_HAL_Driver\Src\stm32f3xx_hal_dma.o
 .debug_info    0x000069a5      0xf9a Drivers\STM32F3xx_HAL_Driver\Src\stm32f3xx_hal_gpio.o
 .debug_info    0x0000793f     0x1b42 Drivers\STM32F3xx_HAL_Driver\Src\stm32f3xx_hal_rcc.o
 .debug_info    0x00009481      0xe8f Drivers\STM32F3xx_HAL_Driver\Src\stm32f3xx_hal_rcc_ex.o
 .debug_info    0x0000a310     0x4051 Drivers\STM32F3xx_HAL_Driver\Src\stm32f3xx_hal_tim.o
 .debug_info    0x0000e361     0x1f18 Drivers\STM32F3xx_HAL_Driver\Src\stm32f3xx_hal_tim_ex.o
 .debug_info    0x00010279     0x227b Drivers\STM32F3xx_HAL_Driver\Src\stm32f3xx_hal_uart.o
 .debug_info    0x000124f4     0x1133 Drivers\STM32F3xx_HAL_Driver\Src\stm32f3xx_hal_uart_ex.o
 .debug_info    0x00013627     0x2b95 Src\functions.o
 .debug_info    0x000161bc     0x2569 Src\main.o
 .debug_info    0x00018725     0x1c03 Src\stm32f3xx_hal_msp.o
 .debug_info    0x0001a328     0x11f5 Src\stm32f3xx_it.o
 .debug_info    0x0001b51d      0xc20 Src\system_stm32f3xx.o
 .debug_info    0x0001c13d      0xda8 Src\variables.o
 .debug_info    0x0001cee5       0x89 startup\startup_stm32f334x8.o

.debug_abbrev   0x00000000     0x3313
 .debug_abbrev  0x00000000      0x2b3 Drivers\STM32F3xx_HAL_Driver\Src\stm32f3xx_hal.o
 .debug_abbrev  0x000002b3      0x24c Drivers\STM32F3xx_HAL_Driver\Src\stm32f3xx_hal_adc.o
 .debug_abbrev  0x000004ff      0x366 Drivers\STM32F3xx_HAL_Driver\Src\stm32f3xx_hal_adc_ex.o
 .debug_abbrev  0x00000865      0x374 Drivers\STM32F3xx_HAL_Driver\Src\stm32f3xx_hal_cortex.o
 .debug_abbrev  0x00000bd9      0x2b4 Drivers\STM32F3xx_HAL_Driver\Src\stm32f3xx_hal_dma.o
 .debug_abbrev  0x00000e8d      0x277 Drivers\STM32F3xx_HAL_Driver\Src\stm32f3xx_hal_gpio.o
 .debug_abbrev  0x00001104      0x354 Drivers\STM32F3xx_HAL_Driver\Src\stm32f3xx_hal_rcc.o
 .debug_abbrev  0x00001458      0x316 Drivers\STM32F3xx_HAL_Driver\Src\stm32f3xx_hal_rcc_ex.o
 .debug_abbrev  0x0000176e      0x3c3 Drivers\STM32F3xx_HAL_Driver\Src\stm32f3xx_hal_tim.o
 .debug_abbrev  0x00001b31      0x357 Drivers\STM32F3xx_HAL_Driver\Src\stm32f3xx_hal_tim_ex.o
 .debug_abbrev  0x00001e88      0x3b2 Drivers\STM32F3xx_HAL_Driver\Src\stm32f3xx_hal_uart.o
 .debug_abbrev  0x0000223a      0x289 Drivers\STM32F3xx_HAL_Driver\Src\stm32f3xx_hal_uart_ex.o
 .debug_abbrev  0x000024c3      0x2ee Src\functions.o
 .debug_abbrev  0x000027b1      0x367 Src\main.o
 .debug_abbrev  0x00002b18      0x279 Src\stm32f3xx_hal_msp.o
 .debug_abbrev  0x00002d91      0x208 Src\stm32f3xx_it.o
 .debug_abbrev  0x00002f99      0x1ca Src\system_stm32f3xx.o
 .debug_abbrev  0x00003163      0x19e Src\variables.o
 .debug_abbrev  0x00003301       0x12 startup\startup_stm32f334x8.o

.debug_loc      0x00000000     0xb955
 .debug_loc     0x00000000       0x69 Drivers\STM32F3xx_HAL_Driver\Src\stm32f3xx_hal.o
 .debug_loc     0x00000069      0x108 Drivers\STM32F3xx_HAL_Driver\Src\stm32f3xx_hal_adc.o
 .debug_loc     0x00000171     0x1c3c Drivers\STM32F3xx_HAL_Driver\Src\stm32f3xx_hal_adc_ex.o
 .debug_loc     0x00001dad      0x619 Drivers\STM32F3xx_HAL_Driver\Src\stm32f3xx_hal_cortex.o
 .debug_loc     0x000023c6      0x65a Drivers\STM32F3xx_HAL_Driver\Src\stm32f3xx_hal_dma.o
 .debug_loc     0x00002a20      0x3ba Drivers\STM32F3xx_HAL_Driver\Src\stm32f3xx_hal_gpio.o
 .debug_loc     0x00002dda      0x908 Drivers\STM32F3xx_HAL_Driver\Src\stm32f3xx_hal_rcc.o
 .debug_loc     0x000036e2      0x4dd Drivers\STM32F3xx_HAL_Driver\Src\stm32f3xx_hal_rcc_ex.o
 .debug_loc     0x00003bbf     0x491c Drivers\STM32F3xx_HAL_Driver\Src\stm32f3xx_hal_tim.o
 .debug_loc     0x000084db     0x164c Drivers\STM32F3xx_HAL_Driver\Src\stm32f3xx_hal_tim_ex.o
 .debug_loc     0x00009b27     0x1770 Drivers\STM32F3xx_HAL_Driver\Src\stm32f3xx_hal_uart.o
 .debug_loc     0x0000b297      0x360 Drivers\STM32F3xx_HAL_Driver\Src\stm32f3xx_hal_uart_ex.o
 .debug_loc     0x0000b5f7      0x13c Src\functions.o
 .debug_loc     0x0000b733      0x119 Src\stm32f3xx_hal_msp.o
 .debug_loc     0x0000b84c      0x109 Src\system_stm32f3xx.o

.debug_aranges  0x00000000      0xb78
 .debug_aranges
                0x00000000       0xc0 Drivers\STM32F3xx_HAL_Driver\Src\stm32f3xx_hal.o
 .debug_aranges
                0x000000c0       0x60 Drivers\STM32F3xx_HAL_Driver\Src\stm32f3xx_hal_adc.o
 .debug_aranges
                0x00000120      0x150 Drivers\STM32F3xx_HAL_Driver\Src\stm32f3xx_hal_adc_ex.o
 .debug_aranges
                0x00000270       0x90 Drivers\STM32F3xx_HAL_Driver\Src\stm32f3xx_hal_cortex.o
 .debug_aranges
                0x00000300       0x78 Drivers\STM32F3xx_HAL_Driver\Src\stm32f3xx_hal_dma.o
 .debug_aranges
                0x00000378       0x58 Drivers\STM32F3xx_HAL_Driver\Src\stm32f3xx_hal_gpio.o
 .debug_aranges
                0x000003d0       0x88 Drivers\STM32F3xx_HAL_Driver\Src\stm32f3xx_hal_rcc.o
 .debug_aranges
                0x00000458       0x30 Drivers\STM32F3xx_HAL_Driver\Src\stm32f3xx_hal_rcc_ex.o
 .debug_aranges
                0x00000488      0x268 Drivers\STM32F3xx_HAL_Driver\Src\stm32f3xx_hal_tim.o
 .debug_aranges
                0x000006f0      0x118 Drivers\STM32F3xx_HAL_Driver\Src\stm32f3xx_hal_tim_ex.o
 .debug_aranges
                0x00000808      0x198 Drivers\STM32F3xx_HAL_Driver\Src\stm32f3xx_hal_uart.o
 .debug_aranges
                0x000009a0       0x48 Drivers\STM32F3xx_HAL_Driver\Src\stm32f3xx_hal_uart_ex.o
 .debug_aranges
                0x000009e8       0x60 Src\functions.o
 .debug_aranges
                0x00000a48       0x38 Src\main.o
 .debug_aranges
                0x00000a80       0x50 Src\stm32f3xx_hal_msp.o
 .debug_aranges
                0x00000ad0       0x40 Src\stm32f3xx_it.o
 .debug_aranges
                0x00000b10       0x28 Src\system_stm32f3xx.o
 .debug_aranges
                0x00000b38       0x18 Src\variables.o
 .debug_aranges
                0x00000b50       0x28 startup\startup_stm32f334x8.o

.debug_ranges   0x00000000     0x1268
 .debug_ranges  0x00000000       0xb0 Drivers\STM32F3xx_HAL_Driver\Src\stm32f3xx_hal.o
 .debug_ranges  0x000000b0       0x50 Drivers\STM32F3xx_HAL_Driver\Src\stm32f3xx_hal_adc.o
 .debug_ranges  0x00000100      0x140 Drivers\STM32F3xx_HAL_Driver\Src\stm32f3xx_hal_adc_ex.o
 .debug_ranges  0x00000240      0x148 Drivers\STM32F3xx_HAL_Driver\Src\stm32f3xx_hal_cortex.o
 .debug_ranges  0x00000388      0x128 Drivers\STM32F3xx_HAL_Driver\Src\stm32f3xx_hal_dma.o
 .debug_ranges  0x000004b0       0x60 Drivers\STM32F3xx_HAL_Driver\Src\stm32f3xx_hal_gpio.o
 .debug_ranges  0x00000510      0x270 Drivers\STM32F3xx_HAL_Driver\Src\stm32f3xx_hal_rcc.o
 .debug_ranges  0x00000780       0xb0 Drivers\STM32F3xx_HAL_Driver\Src\stm32f3xx_hal_rcc_ex.o
 .debug_ranges  0x00000830      0x4e0 Drivers\STM32F3xx_HAL_Driver\Src\stm32f3xx_hal_tim.o
 .debug_ranges  0x00000d10      0x108 Drivers\STM32F3xx_HAL_Driver\Src\stm32f3xx_hal_tim_ex.o
 .debug_ranges  0x00000e18      0x1a0 Drivers\STM32F3xx_HAL_Driver\Src\stm32f3xx_hal_uart.o
 .debug_ranges  0x00000fb8       0x38 Drivers\STM32F3xx_HAL_Driver\Src\stm32f3xx_hal_uart_ex.o
 .debug_ranges  0x00000ff0       0x50 Src\functions.o
 .debug_ranges  0x00001040       0xb0 Src\main.o
 .debug_ranges  0x000010f0      0x110 Src\stm32f3xx_hal_msp.o
 .debug_ranges  0x00001200       0x30 Src\stm32f3xx_it.o
 .debug_ranges  0x00001230       0x18 Src\system_stm32f3xx.o
 .debug_ranges  0x00001248       0x20 startup\startup_stm32f334x8.o

.debug_line     0x00000000     0x8bb5
 .debug_line    0x00000000      0x425 Drivers\STM32F3xx_HAL_Driver\Src\stm32f3xx_hal.o
 .debug_line    0x00000425      0x371 Drivers\STM32F3xx_HAL_Driver\Src\stm32f3xx_hal_adc.o
 .debug_line    0x00000796     0x1273 Drivers\STM32F3xx_HAL_Driver\Src\stm32f3xx_hal_adc_ex.o
 .debug_line    0x00001a09      0x448 Drivers\STM32F3xx_HAL_Driver\Src\stm32f3xx_hal_cortex.o
 .debug_line    0x00001e51      0x63d Drivers\STM32F3xx_HAL_Driver\Src\stm32f3xx_hal_dma.o
 .debug_line    0x0000248e      0x46a Drivers\STM32F3xx_HAL_Driver\Src\stm32f3xx_hal_gpio.o
 .debug_line    0x000028f8      0x8dd Drivers\STM32F3xx_HAL_Driver\Src\stm32f3xx_hal_rcc.o
 .debug_line    0x000031d5      0x4bd Drivers\STM32F3xx_HAL_Driver\Src\stm32f3xx_hal_rcc_ex.o
 .debug_line    0x00003692     0x163d Drivers\STM32F3xx_HAL_Driver\Src\stm32f3xx_hal_tim.o
 .debug_line    0x00004ccf      0xa67 Drivers\STM32F3xx_HAL_Driver\Src\stm32f3xx_hal_tim_ex.o
 .debug_line    0x00005736      0xf65 Drivers\STM32F3xx_HAL_Driver\Src\stm32f3xx_hal_uart.o
 .debug_line    0x0000669b      0x443 Drivers\STM32F3xx_HAL_Driver\Src\stm32f3xx_hal_uart_ex.o
 .debug_line    0x00006ade      0x9ed Src\functions.o
 .debug_line    0x000074cb      0x88e Src\main.o
 .debug_line    0x00007d59      0x449 Src\stm32f3xx_hal_msp.o
 .debug_line    0x000081a2      0x32c Src\stm32f3xx_it.o
 .debug_line    0x000084ce      0x285 Src\system_stm32f3xx.o
 .debug_line    0x00008753      0x3e3 Src\variables.o
 .debug_line    0x00008b36       0x7f startup\startup_stm32f334x8.o

.debug_str      0x00000000    0xab3fe
 .debug_str     0x00000000      0xabf Drivers\STM32F3xx_HAL_Driver\Src\stm32f3xx_hal.o
                                0xcb1 (size before relaxing)
 .debug_str     0x00000abf      0x61c Drivers\STM32F3xx_HAL_Driver\Src\stm32f3xx_hal_adc.o
                                0xd52 (size before relaxing)
 .debug_str     0x000010db      0x650 Drivers\STM32F3xx_HAL_Driver\Src\stm32f3xx_hal_adc_ex.o
                               0x136d (size before relaxing)
 .debug_str     0x0000172b      0x2af Drivers\STM32F3xx_HAL_Driver\Src\stm32f3xx_hal_cortex.o
                                0xdd7 (size before relaxing)
 .debug_str     0x000019da      0x229 Drivers\STM32F3xx_HAL_Driver\Src\stm32f3xx_hal_dma.o
                                0xacc (size before relaxing)
 .debug_str     0x00001c03      0x209 Drivers\STM32F3xx_HAL_Driver\Src\stm32f3xx_hal_gpio.o
                                0x957 (size before relaxing)
 .debug_str     0x00001e0c      0x306 Drivers\STM32F3xx_HAL_Driver\Src\stm32f3xx_hal_rcc.o
                                0xac4 (size before relaxing)
 .debug_str     0x00002112      0x194 Drivers\STM32F3xx_HAL_Driver\Src\stm32f3xx_hal_rcc_ex.o
                                0x916 (size before relaxing)
 .debug_str     0x000022a6      0xf60 Drivers\STM32F3xx_HAL_Driver\Src\stm32f3xx_hal_tim.o
                               0x1861 (size before relaxing)
 .debug_str     0x00003206      0x5a3 Drivers\STM32F3xx_HAL_Driver\Src\stm32f3xx_hal_tim_ex.o
                               0x129c (size before relaxing)
 .debug_str     0x000037a9      0x926 Drivers\STM32F3xx_HAL_Driver\Src\stm32f3xx_hal_uart.o
                               0x12d9 (size before relaxing)
 .debug_str     0x000040cf       0xed Drivers\STM32F3xx_HAL_Driver\Src\stm32f3xx_hal_uart_ex.o
                                0xcdd (size before relaxing)
 .debug_str     0x000041bc    0xa6fa0 Src\functions.o
                              0xa809c (size before relaxing)
 .debug_str     0x000ab15c       0xb7 Src\main.o
                              0xa89a1 (size before relaxing)
 .debug_str     0x000ab213       0x25 Src\stm32f3xx_hal_msp.o
                               0x1457 (size before relaxing)
 .debug_str     0x000ab238       0x7c Src\stm32f3xx_it.o
                                0xd8f (size before relaxing)
 .debug_str     0x000ab2b4       0x50 Src\system_stm32f3xx.o
                                0x741 (size before relaxing)
 .debug_str     0x000ab304       0xfa Src\variables.o
                               0x7bab (size before relaxing)

.comment        0x00000000       0x7c
 .comment       0x00000000       0x7c Drivers\STM32F3xx_HAL_Driver\Src\stm32f3xx_hal.o
                                 0x7d (size before relaxing)
 .comment       0x0000007c       0x7d Drivers\STM32F3xx_HAL_Driver\Src\stm32f3xx_hal_adc.o
 .comment       0x0000007c       0x7d Drivers\STM32F3xx_HAL_Driver\Src\stm32f3xx_hal_adc_ex.o
 .comment       0x0000007c       0x7d Drivers\STM32F3xx_HAL_Driver\Src\stm32f3xx_hal_cortex.o
 .comment       0x0000007c       0x7d Drivers\STM32F3xx_HAL_Driver\Src\stm32f3xx_hal_dma.o
 .comment       0x0000007c       0x7d Drivers\STM32F3xx_HAL_Driver\Src\stm32f3xx_hal_gpio.o
 .comment       0x0000007c       0x7d Drivers\STM32F3xx_HAL_Driver\Src\stm32f3xx_hal_rcc.o
 .comment       0x0000007c       0x7d Drivers\STM32F3xx_HAL_Driver\Src\stm32f3xx_hal_rcc_ex.o
 .comment       0x0000007c       0x7d Drivers\STM32F3xx_HAL_Driver\Src\stm32f3xx_hal_tim.o
 .comment       0x0000007c       0x7d Drivers\STM32F3xx_HAL_Driver\Src\stm32f3xx_hal_tim_ex.o
 .comment       0x0000007c       0x7d Drivers\STM32F3xx_HAL_Driver\Src\stm32f3xx_hal_uart.o
 .comment       0x0000007c       0x7d Drivers\STM32F3xx_HAL_Driver\Src\stm32f3xx_hal_uart_ex.o
 .comment       0x0000007c       0x7d Src\functions.o
 .comment       0x0000007c       0x7d Src\main.o
 .comment       0x0000007c       0x7d Src\stm32f3xx_hal_msp.o
 .comment       0x0000007c       0x7d Src\stm32f3xx_it.o
 .comment       0x0000007c       0x7d Src\system_stm32f3xx.o
 .comment       0x0000007c       0x7d Src\variables.o

.debug_frame    0x00000000     0x2d18
 .debug_frame   0x00000000      0x198 Drivers\STM32F3xx_HAL_Driver\Src\stm32f3xx_hal.o
 .debug_frame   0x00000198      0x170 Drivers\STM32F3xx_HAL_Driver\Src\stm32f3xx_hal_adc.o
 .debug_frame   0x00000308      0x4ec Drivers\STM32F3xx_HAL_Driver\Src\stm32f3xx_hal_adc_ex.o
 .debug_frame   0x000007f4      0x140 Drivers\STM32F3xx_HAL_Driver\Src\stm32f3xx_hal_cortex.o
 .debug_frame   0x00000934      0x184 Drivers\STM32F3xx_HAL_Driver\Src\stm32f3xx_hal_dma.o
 .debug_frame   0x00000ab8       0xf8 Drivers\STM32F3xx_HAL_Driver\Src\stm32f3xx_hal_gpio.o
 .debug_frame   0x00000bb0      0x160 Drivers\STM32F3xx_HAL_Driver\Src\stm32f3xx_hal_rcc.o
 .debug_frame   0x00000d10       0x98 Drivers\STM32F3xx_HAL_Driver\Src\stm32f3xx_hal_rcc_ex.o
 .debug_frame   0x00000da8      0x9cc Drivers\STM32F3xx_HAL_Driver\Src\stm32f3xx_hal_tim.o
 .debug_frame   0x00001774      0x428 Drivers\STM32F3xx_HAL_Driver\Src\stm32f3xx_hal_tim_ex.o
 .debug_frame   0x00001b9c      0x5ec Drivers\STM32F3xx_HAL_Driver\Src\stm32f3xx_hal_uart.o
 .debug_frame   0x00002188       0xd4 Drivers\STM32F3xx_HAL_Driver\Src\stm32f3xx_hal_uart_ex.o
 .debug_frame   0x0000225c      0x15c Src\functions.o
 .debug_frame   0x000023b8       0x6c Src\main.o
 .debug_frame   0x00002424       0xe4 Src\stm32f3xx_hal_msp.o
 .debug_frame   0x00002508       0x78 Src\stm32f3xx_it.o
 .debug_frame   0x00002580       0x3c Src\system_stm32f3xx.o
 .debug_frame   0x000025bc       0x20 c:/program files (x86)/atollic/truestudio for arm 8.0.0/armtools/bin/../lib/gcc/arm-atollic-eabi/6.3.1/../../../../arm-atollic-eabi/lib/armv7e-m/fpu\libc_nano.a(lib_a-calloc.o)
 .debug_frame   0x000025dc       0x2c c:/program files (x86)/atollic/truestudio for arm 8.0.0/armtools/bin/../lib/gcc/arm-atollic-eabi/6.3.1/../../../../arm-atollic-eabi/lib/armv7e-m/fpu\libc_nano.a(lib_a-init.o)
 .debug_frame   0x00002608       0x30 c:/program files (x86)/atollic/truestudio for arm 8.0.0/armtools/bin/../lib/gcc/arm-atollic-eabi/6.3.1/../../../../arm-atollic-eabi/lib/armv7e-m/fpu\libc_nano.a(lib_a-malloc.o)
 .debug_frame   0x00002638       0x28 c:/program files (x86)/atollic/truestudio for arm 8.0.0/armtools/bin/../lib/gcc/arm-atollic-eabi/6.3.1/../../../../arm-atollic-eabi/lib/armv7e-m/fpu\libc_nano.a(lib_a-memcpy-stub.o)
 .debug_frame   0x00002660       0x20 c:/program files (x86)/atollic/truestudio for arm 8.0.0/armtools/bin/../lib/gcc/arm-atollic-eabi/6.3.1/../../../../arm-atollic-eabi/lib/armv7e-m/fpu\libc_nano.a(lib_a-memset.o)
 .debug_frame   0x00002680       0x2c c:/program files (x86)/atollic/truestudio for arm 8.0.0/armtools/bin/../lib/gcc/arm-atollic-eabi/6.3.1/../../../../arm-atollic-eabi/lib/armv7e-m/fpu\libc_nano.a(lib_a-nano-callocr.o)
 .debug_frame   0x000026ac       0x38 c:/program files (x86)/atollic/truestudio for arm 8.0.0/armtools/bin/../lib/gcc/arm-atollic-eabi/6.3.1/../../../../arm-atollic-eabi/lib/armv7e-m/fpu\libc_nano.a(lib_a-nano-freer.o)
 .debug_frame   0x000026e4       0x2c c:/program files (x86)/atollic/truestudio for arm 8.0.0/armtools/bin/../lib/gcc/arm-atollic-eabi/6.3.1/../../../../arm-atollic-eabi/lib/armv7e-m/fpu\libc_nano.a(lib_a-nano-mallocr.o)
 .debug_frame   0x00002710       0x2c c:/program files (x86)/atollic/truestudio for arm 8.0.0/armtools/bin/../lib/gcc/arm-atollic-eabi/6.3.1/../../../../arm-atollic-eabi/lib/armv7e-m/fpu\libc_nano.a(lib_a-sbrkr.o)
 .debug_frame   0x0000273c       0x70 c:/program files (x86)/atollic/truestudio for arm 8.0.0/armtools/bin/../lib/gcc/arm-atollic-eabi/6.3.1/../../../../arm-atollic-eabi/lib/armv7e-m/fpu\libc_nano.a(lib_a-sprintf.o)
 .debug_frame   0x000027ac       0x30 c:/program files (x86)/atollic/truestudio for arm 8.0.0/armtools/bin/../lib/gcc/arm-atollic-eabi/6.3.1/../../../../arm-atollic-eabi/lib/armv7e-m/fpu\libc_nano.a(lib_a-mlock.o)
 .debug_frame   0x000027dc       0x90 c:/program files (x86)/atollic/truestudio for arm 8.0.0/armtools/bin/../lib/gcc/arm-atollic-eabi/6.3.1/../../../../arm-atollic-eabi/lib/armv7e-m/fpu\libc_nano.a(lib_a-nano-svfprintf.o)
 .debug_frame   0x0000286c       0x60 c:/program files (x86)/atollic/truestudio for arm 8.0.0/armtools/bin/../lib/gcc/arm-atollic-eabi/6.3.1/../../../../arm-atollic-eabi/lib/armv7e-m/fpu\libc_nano.a(lib_a-nano-vfprintf_i.o)
 .debug_frame   0x000028cc       0x5c c:/program files (x86)/atollic/truestudio for arm 8.0.0/armtools/bin/../lib/gcc/arm-atollic-eabi/6.3.1/../../../../arm-atollic-eabi/lib/armv7e-m/fpu\libc_nano.a(lib_a-reent.o)
 .debug_frame   0x00002928       0x28 c:/program files (x86)/atollic/truestudio for arm 8.0.0/armtools/bin/../lib/gcc/arm-atollic-eabi/6.3.1/../../../../arm-atollic-eabi/lib/armv7e-m/fpu\libc_nano.a(lib_a-memmove.o)
 .debug_frame   0x00002950       0x3c c:/program files (x86)/atollic/truestudio for arm 8.0.0/armtools/bin/../lib/gcc/arm-atollic-eabi/6.3.1/../../../../arm-atollic-eabi/lib/armv7e-m/fpu\libc_nano.a(lib_a-nano-reallocr.o)
 .debug_frame   0x0000298c       0x20 c:/program files (x86)/atollic/truestudio for arm 8.0.0/armtools/bin/../lib/gcc/arm-atollic-eabi/6.3.1/../../../../arm-atollic-eabi/lib/armv7e-m/fpu\libc_nano.a(lib_a-nano-msizer.o)
 .debug_frame   0x000029ac       0x4c c:/program files (x86)/atollic/truestudio for arm 8.0.0/armtools/bin/../lib/gcc/arm-atollic-eabi/6.3.1/../../../../arm-atollic-eabi/lib/armv7e-m/fpu\libm.a(lib_a-w_sqrt.o)
 .debug_frame   0x000029f8       0x30 c:/program files (x86)/atollic/truestudio for arm 8.0.0/armtools/bin/../lib/gcc/arm-atollic-eabi/6.3.1/../../../../arm-atollic-eabi/lib/armv7e-m/fpu\libm.a(lib_a-e_sqrt.o)
 .debug_frame   0x00002a28       0x20 c:/program files (x86)/atollic/truestudio for arm 8.0.0/armtools/bin/../lib/gcc/arm-atollic-eabi/6.3.1/../../../../arm-atollic-eabi/lib/armv7e-m/fpu\libm.a(lib_a-s_matherr.o)
 .debug_frame   0x00002a48       0x20 c:/program files (x86)/atollic/truestudio for arm 8.0.0/armtools/bin/../lib/gcc/arm-atollic-eabi/6.3.1/../../../../arm-atollic-eabi/lib/armv7e-m/fpu\libc_nano.a(lib_a-errno.o)
 .debug_frame   0x00002a68       0xac c:/program files (x86)/atollic/truestudio for arm 8.0.0/armtools/bin/../lib/gcc/arm-atollic-eabi/6.3.1/armv7e-m/fpu\libgcc.a(_arm_addsubdf3.o)
 .debug_frame   0x00002b14       0x50 c:/program files (x86)/atollic/truestudio for arm 8.0.0/armtools/bin/../lib/gcc/arm-atollic-eabi/6.3.1/armv7e-m/fpu\libgcc.a(_arm_muldivdf3.o)
 .debug_frame   0x00002b64       0xc4 c:/program files (x86)/atollic/truestudio for arm 8.0.0/armtools/bin/../lib/gcc/arm-atollic-eabi/6.3.1/armv7e-m/fpu\libgcc.a(_arm_cmpdf2.o)
 .debug_frame   0x00002c28       0x20 c:/program files (x86)/atollic/truestudio for arm 8.0.0/armtools/bin/../lib/gcc/arm-atollic-eabi/6.3.1/armv7e-m/fpu\libgcc.a(_arm_unorddf2.o)
 .debug_frame   0x00002c48       0x24 c:/program files (x86)/atollic/truestudio for arm 8.0.0/armtools/bin/../lib/gcc/arm-atollic-eabi/6.3.1/armv7e-m/fpu\libgcc.a(_arm_fixunsdfsi.o)
 .debug_frame   0x00002c6c       0x2c c:/program files (x86)/atollic/truestudio for arm 8.0.0/armtools/bin/../lib/gcc/arm-atollic-eabi/6.3.1/armv7e-m/fpu\libgcc.a(_aeabi_uldivmod.o)
 .debug_frame   0x00002c98       0x2c c:/program files (x86)/atollic/truestudio for arm 8.0.0/armtools/bin/../lib/gcc/arm-atollic-eabi/6.3.1/armv7e-m/fpu\libgcc.a(_fixunsdfdi.o)
 .debug_frame   0x00002cc4       0x34 c:/program files (x86)/atollic/truestudio for arm 8.0.0/armtools/bin/../lib/gcc/arm-atollic-eabi/6.3.1/armv7e-m/fpu\libgcc.a(_udivmoddi4.o)
 .debug_frame   0x00002cf8       0x20 c:/program files (x86)/atollic/truestudio for arm 8.0.0/armtools/bin/../lib/gcc/arm-atollic-eabi/6.3.1/../../../../arm-atollic-eabi/lib/armv7e-m/fpu\libnosys.a(sbrk.o)

.debug_macro    0x00000000    0x1c6f7
 .debug_macro   0x00000000      0x3ab Src\functions.o
 .debug_macro   0x000003ab      0x8c2 Src\functions.o
 .debug_macro   0x00000c6d       0x22 Src\functions.o
 .debug_macro   0x00000c8f       0x40 Src\functions.o
 .debug_macro   0x00000ccf       0x8d Src\functions.o
 .debug_macro   0x00000d5c       0x3c Src\functions.o
 .debug_macro   0x00000d98       0x9c Src\functions.o
 .debug_macro   0x00000e34       0x16 Src\functions.o
 .debug_macro   0x00000e4a      0x10e Src\functions.o
 .debug_macro   0x00000f58       0x8d Src\functions.o
 .debug_macro   0x00000fe5       0x57 Src\functions.o
 .debug_macro   0x0000103c       0x52 Src\functions.o
 .debug_macro   0x0000108e       0x1f Src\functions.o
 .debug_macro   0x000010ad       0x43 Src\functions.o
 .debug_macro   0x000010f0       0x20 Src\functions.o
 .debug_macro   0x00001110      0x1a3 Src\functions.o
 .debug_macro   0x000012b3      0x30d Src\functions.o
 .debug_macro   0x000015c0       0x16 Src\functions.o
 .debug_macro   0x000015d6       0x29 Src\functions.o
 .debug_macro   0x000015ff       0x16 Src\functions.o
 .debug_macro   0x00001615       0x35 Src\functions.o
 .debug_macro   0x0000164a       0x20 Src\functions.o
 .debug_macro   0x0000166a       0x1c Src\functions.o
 .debug_macro   0x00001686       0x10 Src\functions.o
 .debug_macro   0x00001696       0x10 Src\functions.o
 .debug_macro   0x000016a6       0x6a Src\functions.o
 .debug_macro   0x00001710       0x1c Src\functions.o
 .debug_macro   0x0000172c       0x52 Src\functions.o
 .debug_macro   0x0000177e       0x40 Src\functions.o
 .debug_macro   0x000017be       0x10 Src\functions.o
 .debug_macro   0x000017ce       0x40 Src\functions.o
 .debug_macro   0x0000180e       0xd7 Src\functions.o
 .debug_macro   0x000018e5       0x16 Src\functions.o
 .debug_macro   0x000018fb      0x161 Src\functions.o
 .debug_macro   0x00001a5c      0x1e1 Src\functions.o
 .debug_macro   0x00001c3d       0x10 Src\functions.o
 .debug_macro   0x00001c4d       0xab Src\functions.o
 .debug_macro   0x00001cf8       0x2f Src\functions.o
 .debug_macro   0x00001d27       0x28 Src\functions.o
 .debug_macro   0x00001d4f       0xef Src\functions.o
 .debug_macro   0x00001e3e      0x1df Src\functions.o
 .debug_macro   0x0000201d       0x35 Src\functions.o
 .debug_macro   0x00002052       0x50 Src\functions.o
 .debug_macro   0x000020a2      0xd40 Src\functions.o
 .debug_macro   0x00002de2    0x15472 Src\functions.o
 .debug_macro   0x00018254       0x43 Src\functions.o
 .debug_macro   0x00018297       0x49 Src\functions.o
 .debug_macro   0x000182e0      0x8ff Src\functions.o
 .debug_macro   0x00018bdf      0x358 Src\functions.o
 .debug_macro   0x00018f37      0x13a Src\functions.o
 .debug_macro   0x00019071      0x130 Src\functions.o
 .debug_macro   0x000191a1      0x1bc Src\functions.o
 .debug_macro   0x0001935d       0x34 Src\functions.o
 .debug_macro   0x00019391       0x3c Src\functions.o
 .debug_macro   0x000193cd       0x57 Src\functions.o
 .debug_macro   0x00019424      0x84c Src\functions.o
 .debug_macro   0x00019c70       0x77 Src\functions.o
 .debug_macro   0x00019ce7       0xcb Src\functions.o
 .debug_macro   0x00019db2      0x1a0 Src\functions.o
 .debug_macro   0x00019f52      0x202 Src\functions.o
 .debug_macro   0x0001a154       0x5b Src\functions.o
 .debug_macro   0x0001a1af       0x90 Src\functions.o
 .debug_macro   0x0001a23f       0x82 Src\functions.o
 .debug_macro   0x0001a2c1       0xd3 Src\functions.o
 .debug_macro   0x0001a394      0x6af Src\functions.o
 .debug_macro   0x0001aa43      0x352 Src\functions.o
 .debug_macro   0x0001ad95      0x566 Src\functions.o
 .debug_macro   0x0001b2fb       0x31 Src\functions.o
 .debug_macro   0x0001b32c      0x298 Src\functions.o
 .debug_macro   0x0001b5c4      0x3bb Src\main.o
 .debug_macro   0x0001b97f       0x87 Src\main.o
 .debug_macro   0x0001ba06       0x51 Src\main.o
 .debug_macro   0x0001ba57       0x46 Src\main.o
 .debug_macro   0x0001ba9d       0x16 Src\main.o
 .debug_macro   0x0001bab3       0x97 Src\main.o
 .debug_macro   0x0001bb4a       0xfd Src\main.o
 .debug_macro   0x0001bc47      0x1fa Src\variables.o
 .debug_macro   0x0001be41      0x8b6 Src\variables.o
