Archive member included to satisfy reference by file (symbol)

c:/program files (x86)/atollic/truestudio for arm 8.0.0/armtools/bin/../lib/gcc/arm-atollic-eabi/6.3.1/../../../../arm-atollic-eabi/lib/armv7e-m/fpu\libc_nano.a(lib_a-init.o)
                              startup\startup_stm32f334x8.o (__libc_init_array)
c:/program files (x86)/atollic/truestudio for arm 8.0.0/armtools/bin/../lib/gcc/arm-atollic-eabi/6.3.1/../../../../arm-atollic-eabi/lib/armv7e-m/fpu\libc_nano.a(lib_a-itoa.o)
                              Src\flash_memory.o (itoa)
c:/program files (x86)/atollic/truestudio for arm 8.0.0/armtools/bin/../lib/gcc/arm-atollic-eabi/6.3.1/../../../../arm-atollic-eabi/lib/armv7e-m/fpu\libc_nano.a(lib_a-malloc.o)
                              Src\initilize_peripherals.o (malloc)
c:/program files (x86)/atollic/truestudio for arm 8.0.0/armtools/bin/../lib/gcc/arm-atollic-eabi/6.3.1/../../../../arm-atollic-eabi/lib/armv7e-m/fpu\libc_nano.a(lib_a-memcpy-stub.o)
                              Src\flash_memory.o (memcpy)
c:/program files (x86)/atollic/truestudio for arm 8.0.0/armtools/bin/../lib/gcc/arm-atollic-eabi/6.3.1/../../../../arm-atollic-eabi/lib/armv7e-m/fpu\libc_nano.a(lib_a-memset.o)
                              Src\flash_memory.o (memset)
c:/program files (x86)/atollic/truestudio for arm 8.0.0/armtools/bin/../lib/gcc/arm-atollic-eabi/6.3.1/../../../../arm-atollic-eabi/lib/armv7e-m/fpu\libc_nano.a(lib_a-nano-freer.o)
                              c:/program files (x86)/atollic/truestudio for arm 8.0.0/armtools/bin/../lib/gcc/arm-atollic-eabi/6.3.1/../../../../arm-atollic-eabi/lib/armv7e-m/fpu\libc_nano.a(lib_a-malloc.o) (_free_r)
c:/program files (x86)/atollic/truestudio for arm 8.0.0/armtools/bin/../lib/gcc/arm-atollic-eabi/6.3.1/../../../../arm-atollic-eabi/lib/armv7e-m/fpu\libc_nano.a(lib_a-nano-mallocr.o)
                              c:/program files (x86)/atollic/truestudio for arm 8.0.0/armtools/bin/../lib/gcc/arm-atollic-eabi/6.3.1/../../../../arm-atollic-eabi/lib/armv7e-m/fpu\libc_nano.a(lib_a-malloc.o) (_malloc_r)
c:/program files (x86)/atollic/truestudio for arm 8.0.0/armtools/bin/../lib/gcc/arm-atollic-eabi/6.3.1/../../../../arm-atollic-eabi/lib/armv7e-m/fpu\libc_nano.a(lib_a-sbrkr.o)
                              c:/program files (x86)/atollic/truestudio for arm 8.0.0/armtools/bin/../lib/gcc/arm-atollic-eabi/6.3.1/../../../../arm-atollic-eabi/lib/armv7e-m/fpu\libc_nano.a(lib_a-nano-mallocr.o) (_sbrk_r)
c:/program files (x86)/atollic/truestudio for arm 8.0.0/armtools/bin/../lib/gcc/arm-atollic-eabi/6.3.1/../../../../arm-atollic-eabi/lib/armv7e-m/fpu\libc_nano.a(lib_a-sprintf.o)
                              Src\adc_comms.o (sprintf)
c:/program files (x86)/atollic/truestudio for arm 8.0.0/armtools/bin/../lib/gcc/arm-atollic-eabi/6.3.1/../../../../arm-atollic-eabi/lib/armv7e-m/fpu\libc_nano.a(lib_a-strlen.o)
                              Src\flash_memory.o (strlen)
c:/program files (x86)/atollic/truestudio for arm 8.0.0/armtools/bin/../lib/gcc/arm-atollic-eabi/6.3.1/../../../../arm-atollic-eabi/lib/armv7e-m/fpu\libc_nano.a(lib_a-strtok.o)
                              Src\uart_comms.o (strtok)
c:/program files (x86)/atollic/truestudio for arm 8.0.0/armtools/bin/../lib/gcc/arm-atollic-eabi/6.3.1/../../../../arm-atollic-eabi/lib/armv7e-m/fpu\libc_nano.a(lib_a-strtok_r.o)
                              c:/program files (x86)/atollic/truestudio for arm 8.0.0/armtools/bin/../lib/gcc/arm-atollic-eabi/6.3.1/../../../../arm-atollic-eabi/lib/armv7e-m/fpu\libc_nano.a(lib_a-strtok.o) (__strtok_r)
c:/program files (x86)/atollic/truestudio for arm 8.0.0/armtools/bin/../lib/gcc/arm-atollic-eabi/6.3.1/../../../../arm-atollic-eabi/lib/armv7e-m/fpu\libc_nano.a(lib_a-strtol.o)
                              Src\uart_comms.o (strtol)
c:/program files (x86)/atollic/truestudio for arm 8.0.0/armtools/bin/../lib/gcc/arm-atollic-eabi/6.3.1/../../../../arm-atollic-eabi/lib/armv7e-m/fpu\libc_nano.a(lib_a-utoa.o)
                              c:/program files (x86)/atollic/truestudio for arm 8.0.0/armtools/bin/../lib/gcc/arm-atollic-eabi/6.3.1/../../../../arm-atollic-eabi/lib/armv7e-m/fpu\libc_nano.a(lib_a-itoa.o) (__utoa)
c:/program files (x86)/atollic/truestudio for arm 8.0.0/armtools/bin/../lib/gcc/arm-atollic-eabi/6.3.1/../../../../arm-atollic-eabi/lib/armv7e-m/fpu\libc_nano.a(lib_a-impure.o)
                              c:/program files (x86)/atollic/truestudio for arm 8.0.0/armtools/bin/../lib/gcc/arm-atollic-eabi/6.3.1/../../../../arm-atollic-eabi/lib/armv7e-m/fpu\libc_nano.a(lib_a-malloc.o) (_impure_ptr)
c:/program files (x86)/atollic/truestudio for arm 8.0.0/armtools/bin/../lib/gcc/arm-atollic-eabi/6.3.1/../../../../arm-atollic-eabi/lib/armv7e-m/fpu\libc_nano.a(lib_a-locale.o)
[...]
Memory Configuration

Name             Origin             Length             Attributes
RAM              0x20000000         0x00003000         xrw
CCMRAM           0x10000000         0x00001000         rw
FLASH            0x08000000         0x00010000         xr
*default*        0x00000000         0xffffffff

Linker script and memory map

LOAD c:/program files (x86)/atollic/truestudio for arm 8.0.0/armtools/bin/../lib/gcc/arm-atollic-eabi/6.3.1/armv7e-m/fpu/crti.o
LOAD c:/program files (x86)/atollic/truestudio for arm 8.0.0/armtools/bin/../lib/gcc/arm-atollic-eabi/6.3.1/armv7e-m/fpu/crtbegin.o
LOAD Drivers\STM32F3xx_HAL_Driver\Src\stm32f3xx_hal.o
LOAD Drivers\STM32F3xx_HAL_Driver\Src\stm32f3xx_hal_adc.o
LOAD Drivers\STM32F3xx_HAL_Driver\Src\stm32f3xx_hal_adc_ex.o
LOAD Drivers\STM32F3xx_HAL_Driver\Src\stm32f3xx_hal_cortex.o
LOAD Drivers\STM32F3xx_HAL_Driver\Src\stm32f3xx_hal_dma.o
LOAD Drivers\STM32F3xx_HAL_Driver\Src\stm32f3xx_hal_flash.o
LOAD Drivers\STM32F3xx_HAL_Driver\Src\stm32f3xx_hal_flash_ex.o
LOAD Drivers\STM32F3xx_HAL_Driver\Src\stm32f3xx_hal_gpio.o
LOAD Drivers\STM32F3xx_HAL_Driver\Src\stm32f3xx_hal_i2c.o
LOAD Drivers\STM32F3xx_HAL_Driver\Src\stm32f3xx_hal_i2c_ex.o
LOAD Drivers\STM32F3xx_HAL_Driver\Src\stm32f3xx_hal_pwr.o
LOAD Drivers\STM32F3xx_HAL_Driver\Src\stm32f3xx_hal_pwr_ex.o
LOAD Drivers\STM32F3xx_HAL_Driver\Src\stm32f3xx_hal_rcc.o
LOAD Drivers\STM32F3xx_HAL_Driver\Src\stm32f3xx_hal_rcc_ex.o
LOAD Drivers\STM32F3xx_HAL_Driver\Src\stm32f3xx_hal_rtc.o
LOAD Drivers\STM32F3xx_HAL_Driver\Src\stm32f3xx_hal_rtc_ex.o
LOAD Drivers\STM32F3xx_HAL_Driver\Src\stm32f3xx_hal_tim.o
LOAD Drivers\STM32F3xx_HAL_Driver\Src\stm32f3xx_hal_tim_ex.o
LOAD Drivers\STM32F3xx_HAL_Driver\Src\stm32f3xx_hal_uart.o
LOAD Drivers\STM32F3xx_HAL_Driver\Src\stm32f3xx_hal_uart_ex.o
LOAD Src\adc_comms.o
LOAD Src\flash_memory.o
LOAD Src\functions.o
LOAD Src\heating_schedule.o
LOAD Src\init_iqs263.o
LOAD Src\initilize_peripherals.o
LOAD Src\liters_pumped.o
LOAD Src\main.o
LOAD Src\seven_segment.o
LOAD Src\seven_segment_display.o
LOAD Src\stm32f3xx_hal_msp.o
LOAD Src\stm32f3xx_it.o
LOAD Src\system_stm32f3xx.o
LOAD Src\uart_comms.o
LOAD Src\user_main.o
LOAD Src\variables.o
LOAD startup\startup_stm32f334x8.o
                0x00000080                malloc_getpagesize_P = 0x80
START GROUP
LOAD c:/program files (x86)/atollic/truestudio for arm 8.0.0/armtools/bin/../lib/gcc/arm-atollic-eabi/6.3.1/../../../../arm-atollic-eabi/lib/armv7e-m/fpu\libc_nano.a
LOAD c:/program files (x86)/atollic/truestudio for arm 8.0.0/armtools/bin/../lib/gcc/arm-atollic-eabi/6.3.1/../../../../arm-atollic-eabi/lib/armv7e-m/fpu\libm.a
END GROUP
START GROUP
LOAD c:/program files (x86)/atollic/truestudio for arm 8.0.0/armtools/bin/../lib/gcc/arm-atollic-eabi/6.3.1/armv7e-m/fpu\libgcc.a
LOAD c:/program files (x86)/atollic/truestudio for arm 8.0.0/armtools/bin/../lib/gcc/arm-atollic-eabi/6.3.1/../../../../arm-atollic-eabi/lib/armv7e-m/fpu\libc_nano.a
END GROUP
START GROUP
LOAD c:/program files (x86)/atollic/truestudio for arm 8.0.0/armtools/bin/../lib/gcc/arm-atollic-eabi/6.3.1/armv7e-m/fpu\libgcc.a
LOAD c:/program files (x86)/atollic/truestudio for arm 8.0.0/armtools/bin/../lib/gcc/arm-atollic-eabi/6.3.1/../../../../arm-atollic-eabi/lib/armv7e-m/fpu\libc_nano.a
LOAD c:/program files (x86)/atollic/truestudio for arm 8.0.0/armtools/bin/../lib/gcc/arm-atollic-eabi/6.3.1/../../../../arm-atollic-eabi/lib/armv7e-m/fpu\libnosys.a
END GROUP
START GROUP
LOAD c:/program files (x86)/atollic/truestudio for arm 8.0.0/armtools/bin/../lib/gcc/arm-atollic-eabi/6.3.1/armv7e-m/fpu\libgcc.a
LOAD c:/program files (x86)/atollic/truestudio for arm 8.0.0/armtools/bin/../lib/gcc/arm-atollic-eabi/6.3.1/../../../../arm-atollic-eabi/lib/armv7e-m/fpu\libc_nano.a
LOAD c:/program files (x86)/atollic/truestudio for arm 8.0.0/armtools/bin/../lib/gcc/arm-atollic-eabi/6.3.1/../../../../arm-atollic-eabi/lib/armv7e-m/fpu\libnosys.a
END GROUP
LOAD c:/program files (x86)/atollic/truestudio for arm 8.0.0/armtools/bin/../lib/gcc/arm-atollic-eabi/6.3.1/armv7e-m/fpu/crtend.o
LOAD c:/program files (x86)/atollic/truestudio for arm 8.0.0/armtools/bin/../lib/gcc/arm-atollic-eabi/6.3.1/armv7e-m/fpu/crtn.o
                0x20003000                _estack = 0x20003000
                0x00000200                _Min_Heap_Size = 0x200
                0x00000400                _Min_Stack_Size = 0x400

.isr_vector     0x08000000      0x188
                0x08000000                . = ALIGN (0x4)
 *(.isr_vector)
 .isr_vector    0x08000000      0x188 startup\startup_stm32f334x8.o
                0x08000000                g_pfnVectors
                0x08000188                . = ALIGN (0x4)

.text           0x08000190     0x5f78
                0x08000190                . = ALIGN (0x4)
 *(.text)
 .text          0x08000190       0x40 c:/program files (x86)/atollic/truestudio for arm 8.0.0/armtools/bin/../lib/gcc/arm-atollic-eabi/6.3.1/armv7e-m/fpu/crtbegin.o
 .text          0x080001d0       0x10 c:/program files (x86)/atollic/truestudio for arm 8.0.0/armtools/bin/../lib/gcc/arm-atollic-eabi/6.3.1/../../../../arm-atollic-eabi/lib/armv7e-m/fpu\libc_nano.a(lib_a-strlen.o)
                0x080001d0                strlen
 .text          0x080001e0       0xa0 c:/program files (x86)/atollic/truestudio for arm 8.0.0/armtools/bin/../lib/gcc/arm-atollic-eabi/6.3.1/../../../../arm-atollic-eabi/lib/armv7e-m/fpu\libc_nano.a(lib_a-memchr.o)
                0x080001e0                memchr
 *(.text*)
 .text.HAL_InitTick
                0x08000280       0x2c Drivers\STM32F3xx_HAL_Driver\Src\stm32f3xx_hal.o
                0x08000280                HAL_InitTick
 .text.HAL_Init
                0x080002ac       0x24 Drivers\STM32F3xx_HAL_Driver\Src\stm32f3xx_hal.o
                0x080002ac                HAL_Init
 .text.HAL_IncTick
                0x080002d0       0x10 Drivers\STM32F3xx_HAL_Driver\Src\stm32f3xx_hal.o
                0x080002d0                HAL_IncTick
 .text.HAL_GetTick
                0x080002e0        0xc Drivers\STM32F3xx_HAL_Driver\Src\stm32f3xx_hal.o
                0x080002e0                HAL_GetTick
 .text.HAL_Delay
                0x080002ec       0x24 Drivers\STM32F3xx_HAL_Driver\Src\stm32f3xx_hal.o
                0x080002ec                HAL_Delay
 .text.HAL_ADC_ConvHalfCpltCallback
                0x08000310        0x4 Drivers\STM32F3xx_HAL_Driver\Src\stm32f3xx_hal_adc.o
                0x08000310                HAL_ADC_ConvHalfCpltCallback
 .text.HAL_ADC_ErrorCallback
                0x08000314        0x4 Drivers\STM32F3xx_HAL_Driver\Src\stm32f3xx_hal_adc.o
                0x08000314                HAL_ADC_ErrorCallback
 .text.ADC_Disable
                0x08000318       0x74 Drivers\STM32F3xx_HAL_Driver\Src\stm32f3xx_hal_adc_ex.o
 .text.ADC_Enable
                0x0800038c       0x74 Drivers\STM32F3xx_HAL_Driver\Src\stm32f3xx_hal_adc_ex.o
 .text.ADC_DMAError
                0x08000400       0x18 Drivers\STM32F3xx_HAL_Driver\Src\stm32f3xx_hal_adc_ex.o
 .text.ADC_DMAHalfConvCplt
                0x08000418        0x8 Drivers\STM32F3xx_HAL_Driver\Src\stm32f3xx_hal_adc_ex.o
 .text.ADC_DMAConvCplt
                0x08000420       0x44 Drivers\STM32F3xx_HAL_Driver\Src\stm32f3xx_hal_adc_ex.o
 .text.HAL_ADC_Init
                0x08000464      0x214 Drivers\STM32F3xx_HAL_Driver\Src\stm32f3xx_hal_adc_ex.o
                0x08000464                HAL_ADC_Init
 .text.HAL_ADC_Start_DMA
                0x08000678      0x10c Drivers\STM32F3xx_HAL_Driver\Src\stm32f3xx_hal_adc_ex.o
                0x08000678                HAL_ADC_Start_DMA
 .text.HAL_ADCEx_Calibration_Start
                0x08000784       0x8c Drivers\STM32F3xx_HAL_Driver\Src\stm32f3xx_hal_adc_ex.o
                0x08000784                HAL_ADCEx_Calibration_Start
 .text.HAL_ADC_ConfigChannel
                0x08000810      0x32c Drivers\STM32F3xx_HAL_Driver\Src\stm32f3xx_hal_adc_ex.o
                0x08000810                HAL_ADC_ConfigChannel
 .text.HAL_NVIC_SetPriorityGrouping
                0x08000b3c       0x24 Drivers\STM32F3xx_HAL_Driver\Src\stm32f3xx_hal_cortex.o
                0x08000b3c                HAL_NVIC_SetPriorityGrouping
 .text.HAL_NVIC_SetPriority
                0x08000b60       0x6c Drivers\STM32F3xx_HAL_Driver\Src\stm32f3xx_hal_cortex.o
                0x08000b60                HAL_NVIC_SetPriority
 .text.HAL_NVIC_EnableIRQ
                0x08000bcc       0x18 Drivers\STM32F3xx_HAL_Driver\Src\stm32f3xx_hal_cortex.o
                0x08000bcc                HAL_NVIC_EnableIRQ
 .text.HAL_SYSTICK_Config
                0x08000be4       0x34 Drivers\STM32F3xx_HAL_Driver\Src\stm32f3xx_hal_cortex.o
                0x08000be4                HAL_SYSTICK_Config
 .text.HAL_SYSTICK_CLKSourceConfig
                0x08000c18       0x18 Drivers\STM32F3xx_HAL_Driver\Src\stm32f3xx_hal_cortex.o
                0x08000c18                HAL_SYSTICK_CLKSourceConfig
 .text.HAL_SYSTICK_Callback
                0x08000c30        0x4 Drivers\STM32F3xx_HAL_Driver\Src\stm32f3xx_hal_cortex.o
                0x08000c30                HAL_SYSTICK_Callback
 .text.HAL_SYSTICK_IRQHandler
                0x08000c34        0x8 Drivers\STM32F3xx_HAL_Driver\Src\stm32f3xx_hal_cortex.o
                0x08000c34                HAL_SYSTICK_IRQHandler
 .text.HAL_DMA_Init
                0x08000c3c       0x70 Drivers\STM32F3xx_HAL_Driver\Src\stm32f3xx_hal_dma.o
                0x08000c3c                HAL_DMA_Init
 .text.HAL_DMA_Start_IT
                0x08000cac       0x84 Drivers\STM32F3xx_HAL_Driver\Src\stm32f3xx_hal_dma.o
                0x08000cac                HAL_DMA_Start_IT
 .text.HAL_DMA_Abort_IT
                0x08000d30       0x48 Drivers\STM32F3xx_HAL_Driver\Src\stm32f3xx_hal_dma.o
                0x08000d30                HAL_DMA_Abort_IT
 .text.HAL_DMA_IRQHandler
                0x08000d78       0x98 Drivers\STM32F3xx_HAL_Driver\Src\stm32f3xx_hal_dma.o
                0x08000d78                HAL_DMA_IRQHandler
 .text.FLASH_SetErrorCode
                0x08000e10       0x3c Drivers\STM32F3xx_HAL_Driver\Src\stm32f3xx_hal_flash.o
 .text.HAL_FLASH_Unlock
                0x08000e4c       0x24 Drivers\STM32F3xx_HAL_Driver\Src\stm32f3xx_hal_flash.o
                0x08000e4c                HAL_FLASH_Unlock
 .text.HAL_FLASH_Lock
                0x08000e70       0x14 Drivers\STM32F3xx_HAL_Driver\Src\stm32f3xx_hal_flash.o
                0x08000e70                HAL_FLASH_Lock
 .text.FLASH_WaitForLastOperation
                0x08000e84       0x50 Drivers\STM32F3xx_HAL_Driver\Src\stm32f3xx_hal_flash.o
                0x08000e84                FLASH_WaitForLastOperation
 .text.HAL_FLASH_Program
                0x08000ed4       0xa8 Drivers\STM32F3xx_HAL_Driver\Src\stm32f3xx_hal_flash.o
                0x08000ed4                HAL_FLASH_Program
 .text.HAL_GPIO_Init
                0x08000f7c      0x1d4 Drivers\STM32F3xx_HAL_Driver\Src\stm32f3xx_hal_gpio.o
                0x08000f7c                HAL_GPIO_Init
 .text.HAL_GPIO_ReadPin
                0x08001150        0xc Drivers\STM32F3xx_HAL_Driver\Src\stm32f3xx_hal_gpio.o
                0x08001150                HAL_GPIO_ReadPin
 .text.HAL_GPIO_WritePin
                0x0800115c        0xc Drivers\STM32F3xx_HAL_Driver\Src\stm32f3xx_hal_gpio.o
                0x0800115c                HAL_GPIO_WritePin
 .text.HAL_GPIO_EXTI_IRQHandler
                0x08001168       0x18 Drivers\STM32F3xx_HAL_Driver\Src\stm32f3xx_hal_gpio.o
                0x08001168                HAL_GPIO_EXTI_IRQHandler
 .text.I2C_Disable_IRQ
                0x08001180       0x5c Drivers\STM32F3xx_HAL_Driver\Src\stm32f3xx_hal_i2c.o
 .text.I2C_WaitOnFlagUntilTimeout
                0x080011dc       0x50 Drivers\STM32F3xx_HAL_Driver\Src\stm32f3xx_hal_i2c.o
 .text.I2C_IsAcknowledgeFailed.part.0
                0x0800122c       0x7c Drivers\STM32F3xx_HAL_Driver\Src\stm32f3xx_hal_i2c.o
 .text.I2C_WaitOnTXISFlagUntilTimeout
                0x080012a8       0x58 Drivers\STM32F3xx_HAL_Driver\Src\stm32f3xx_hal_i2c.o
 .text.I2C_RequestMemoryWrite
                0x08001300       0x80 Drivers\STM32F3xx_HAL_Driver\Src\stm32f3xx_hal_i2c.o
 .text.I2C_RequestMemoryRead
                0x08001380       0x7c Drivers\STM32F3xx_HAL_Driver\Src\stm32f3xx_hal_i2c.o
 .text.I2C_WaitOnSTOPFlagUntilTimeout
                0x080013fc       0x54 Drivers\STM32F3xx_HAL_Driver\Src\stm32f3xx_hal_i2c.o
 .text.HAL_I2C_Init
                0x08001450       0xac Drivers\STM32F3xx_HAL_Driver\Src\stm32f3xx_hal_i2c.o
                0x08001450                HAL_I2C_Init
 .text.HAL_I2C_Mem_Write
                0x080014fc      0x1c4 Drivers\STM32F3xx_HAL_Driver\Src\stm32f3xx_hal_i2c.o
                0x080014fc                HAL_I2C_Mem_Write
 .text.HAL_I2C_Mem_Read
                0x080016c0      0x1cc Drivers\STM32F3xx_HAL_Driver\Src\stm32f3xx_hal_i2c.o
                0x080016c0                HAL_I2C_Mem_Read
 .text.HAL_I2C_EV_IRQHandler
                0x0800188c       0x1c Drivers\STM32F3xx_HAL_Driver\Src\stm32f3xx_hal_i2c.o
                0x0800188c                HAL_I2C_EV_IRQHandler
 .text.HAL_I2C_SlaveTxCpltCallback
                0x080018a8        0x4 Drivers\STM32F3xx_HAL_Driver\Src\stm32f3xx_hal_i2c.o
                0x080018a8                HAL_I2C_SlaveTxCpltCallback
 .text.HAL_I2C_SlaveRxCpltCallback
                0x080018ac        0x4 Drivers\STM32F3xx_HAL_Driver\Src\stm32f3xx_hal_i2c.o
                0x080018ac                HAL_I2C_SlaveRxCpltCallback
 .text.I2C_ITSlaveSequentialCplt
                0x080018b0       0x54 Drivers\STM32F3xx_HAL_Driver\Src\stm32f3xx_hal_i2c.o
 .text.HAL_I2C_AddrCallback
                0x08001904        0x4 Drivers\STM32F3xx_HAL_Driver\Src\stm32f3xx_hal_i2c.o
                0x08001904                HAL_I2C_AddrCallback
 .text.HAL_I2C_ListenCpltCallback
                0x08001908        0x4 Drivers\STM32F3xx_HAL_Driver\Src\stm32f3xx_hal_i2c.o
                0x08001908                HAL_I2C_ListenCpltCallback
 .text.I2C_ITListenCplt
                0x0800190c       0x60 Drivers\STM32F3xx_HAL_Driver\Src\stm32f3xx_hal_i2c.o
 .text.HAL_I2C_ErrorCallback
                0x0800196c        0x4 Drivers\STM32F3xx_HAL_Driver\Src\stm32f3xx_hal_i2c.o
                0x0800196c                HAL_I2C_ErrorCallback
 .text.HAL_I2C_AbortCpltCallback
                0x08001970        0x4 Drivers\STM32F3xx_HAL_Driver\Src\stm32f3xx_hal_i2c.o
                0x08001970                HAL_I2C_AbortCpltCallback
 .text.I2C_ITError
                0x08001974       0xf8 Drivers\STM32F3xx_HAL_Driver\Src\stm32f3xx_hal_i2c.o
 .text.I2C_ITSlaveCplt
                0x08001a6c      0x10c Drivers\STM32F3xx_HAL_Driver\Src\stm32f3xx_hal_i2c.o
 .text.I2C_Slave_ISR_IT
                0x08001b78      0x1d8 Drivers\STM32F3xx_HAL_Driver\Src\stm32f3xx_hal_i2c.o
 .text.HAL_I2C_ER_IRQHandler
                0x08001d50       0x80 Drivers\STM32F3xx_HAL_Driver\Src\stm32f3xx_hal_i2c.o
                0x08001d50                HAL_I2C_ER_IRQHandler
 .text.I2C_DMAAbort
                0x08001dd0       0x34 Drivers\STM32F3xx_HAL_Driver\Src\stm32f3xx_hal_i2c.o
 .text.HAL_I2C_GetState
                0x08001e04        0x8 Drivers\STM32F3xx_HAL_Driver\Src\stm32f3xx_hal_i2c.o
                0x08001e04                HAL_I2C_GetState
 .text.HAL_I2CEx_ConfigAnalogFilter
                0x08001e0c       0x54 Drivers\STM32F3xx_HAL_Driver\Src\stm32f3xx_hal_i2c_ex.o
                0x08001e0c                HAL_I2CEx_ConfigAnalogFilter
 .text.HAL_I2CEx_ConfigDigitalFilter
                0x08001e60       0x50 Drivers\STM32F3xx_HAL_Driver\Src\stm32f3xx_hal_i2c_ex.o
                0x08001e60                HAL_I2CEx_ConfigDigitalFilter
 .text.HAL_PWR_EnableBkUpAccess
                0x08001eb0       0x10 Drivers\STM32F3xx_HAL_Driver\Src\stm32f3xx_hal_pwr.o
                0x08001eb0                HAL_PWR_EnableBkUpAccess
 .text.HAL_RCC_OscConfig
                0x08001ec0      0x59c Drivers\STM32F3xx_HAL_Driver\Src\stm32f3xx_hal_rcc.o
                0x08001ec0                HAL_RCC_OscConfig
 .text.HAL_RCC_GetSysClockFreq
                0x0800245c       0x68 Drivers\STM32F3xx_HAL_Driver\Src\stm32f3xx_hal_rcc.o
                0x0800245c                HAL_RCC_GetSysClockFreq
 .text.HAL_RCC_ClockConfig
                0x080024c4      0x190 Drivers\STM32F3xx_HAL_Driver\Src\stm32f3xx_hal_rcc.o
                0x080024c4                HAL_RCC_ClockConfig
 .text.HAL_RCC_GetHCLKFreq
                0x08002654        0xc Drivers\STM32F3xx_HAL_Driver\Src\stm32f3xx_hal_rcc.o
                0x08002654                HAL_RCC_GetHCLKFreq
 .text.HAL_RCC_GetPCLK1Freq
                0x08002660       0x30 Drivers\STM32F3xx_HAL_Driver\Src\stm32f3xx_hal_rcc.o
                0x08002660                HAL_RCC_GetPCLK1Freq
 .text.HAL_RCC_GetPCLK2Freq
                0x08002690       0x30 Drivers\STM32F3xx_HAL_Driver\Src\stm32f3xx_hal_rcc.o
                0x08002690                HAL_RCC_GetPCLK2Freq
 .text.HAL_RCCEx_PeriphCLKConfig
                0x080026c0      0x184 Drivers\STM32F3xx_HAL_Driver\Src\stm32f3xx_hal_rcc_ex.o
                0x080026c0                HAL_RCCEx_PeriphCLKConfig
 .text.HAL_RTC_GetTime
                0x08002844       0x6c Drivers\STM32F3xx_HAL_Driver\Src\stm32f3xx_hal_rtc.o
                0x08002844                HAL_RTC_GetTime
 .text.HAL_RTC_GetDate
                0x080028b0       0x60 Drivers\STM32F3xx_HAL_Driver\Src\stm32f3xx_hal_rtc.o
                0x080028b0                HAL_RTC_GetDate
 .text.HAL_RTC_WaitForSynchro
                0x08002910       0x34 Drivers\STM32F3xx_HAL_Driver\Src\stm32f3xx_hal_rtc.o
                0x08002910                HAL_RTC_WaitForSynchro
 .text.RTC_EnterInitMode
                0x08002944       0x34 Drivers\STM32F3xx_HAL_Driver\Src\stm32f3xx_hal_rtc.o
                0x08002944                RTC_EnterInitMode
 .text.HAL_RTC_Init
                0x08002978       0xb0 Drivers\STM32F3xx_HAL_Driver\Src\stm32f3xx_hal_rtc.o
                0x08002978                HAL_RTC_Init
 .text.HAL_RTC_SetTime
                0x08002a28      0x140 Drivers\STM32F3xx_HAL_Driver\Src\stm32f3xx_hal_rtc.o
                0x08002a28                HAL_RTC_SetTime
 .text.HAL_RTC_SetDate
                0x08002b68      0x11c Drivers\STM32F3xx_HAL_Driver\Src\stm32f3xx_hal_rtc.o
                0x08002b68                HAL_RTC_SetDate
 .text.HAL_RTCEx_SetWakeUpTimer_IT
                0x08002c84       0xec Drivers\STM32F3xx_HAL_Driver\Src\stm32f3xx_hal_rtc_ex.o
                0x08002c84                HAL_RTCEx_SetWakeUpTimer_IT
 .text.HAL_RTCEx_WakeUpTimerIRQHandler
                0x08002d70       0x30 Drivers\STM32F3xx_HAL_Driver\Src\stm32f3xx_hal_rtc_ex.o
                0x08002d70                HAL_RTCEx_WakeUpTimerIRQHandler
 .text.HAL_RTCEx_BKUPWrite
                0x08002da0        0xc Drivers\STM32F3xx_HAL_Driver\Src\stm32f3xx_hal_rtc_ex.o
                0x08002da0                HAL_RTCEx_BKUPWrite
 .text.HAL_RTCEx_BKUPRead
                0x08002dac        0xc Drivers\STM32F3xx_HAL_Driver\Src\stm32f3xx_hal_rtc_ex.o
                0x08002dac                HAL_RTCEx_BKUPRead
 .text.HAL_UART_Transmit_IT
                0x08002db8       0x48 Drivers\STM32F3xx_HAL_Driver\Src\stm32f3xx_hal_uart.o
                0x08002db8                HAL_UART_Transmit_IT
 .text.HAL_UART_Receive_IT
                0x08002e00       0x94 Drivers\STM32F3xx_HAL_Driver\Src\stm32f3xx_hal_uart.o
                0x08002e00                HAL_UART_Receive_IT
 .text.HAL_UART_TxCpltCallback
                0x08002e94        0x4 Drivers\STM32F3xx_HAL_Driver\Src\stm32f3xx_hal_uart.o
                0x08002e94                HAL_UART_TxCpltCallback
 .text.HAL_UART_ErrorCallback
                0x08002e98        0x4 Drivers\STM32F3xx_HAL_Driver\Src\stm32f3xx_hal_uart.o
                0x08002e98                HAL_UART_ErrorCallback
 .text.UART_DMAAbortOnError
                0x08002e9c       0x18 Drivers\STM32F3xx_HAL_Driver\Src\stm32f3xx_hal_uart.o
 .text.UART_SetConfig
                0x08002eb4      0x1ac Drivers\STM32F3xx_HAL_Driver\Src\stm32f3xx_hal_uart.o
                0x08002eb4                UART_SetConfig
 .text.UART_AdvFeatureConfig
                0x08003060       0xb0 Drivers\STM32F3xx_HAL_Driver\Src\stm32f3xx_hal_uart.o
                0x08003060                UART_AdvFeatureConfig
 .text.UART_WaitOnFlagUntilTimeout
                0x08003110       0x68 Drivers\STM32F3xx_HAL_Driver\Src\stm32f3xx_hal_uart.o
                0x08003110                UART_WaitOnFlagUntilTimeout
 .text.UART_CheckIdleState
                0x08003178       0x70 Drivers\STM32F3xx_HAL_Driver\Src\stm32f3xx_hal_uart.o
                0x08003178                UART_CheckIdleState
 .text.HAL_UART_Init
                0x080031e8       0x6c Drivers\STM32F3xx_HAL_Driver\Src\stm32f3xx_hal_uart.o
                0x080031e8                HAL_UART_Init
 .text.UART_Transmit_IT
                0x08003254       0x68 Drivers\STM32F3xx_HAL_Driver\Src\stm32f3xx_hal_uart.o
                0x08003254                UART_Transmit_IT
 .text.UART_Receive_IT
                0x080032bc       0x78 Drivers\STM32F3xx_HAL_Driver\Src\stm32f3xx_hal_uart.o
                0x080032bc                UART_Receive_IT
 .text.HAL_UART_IRQHandler
                0x08003334      0x160 Drivers\STM32F3xx_HAL_Driver\Src\stm32f3xx_hal_uart.o
                0x08003334                HAL_UART_IRQHandler
 .text.HAL_UARTEx_WakeupCallback
                0x08003494        0x4 Drivers\STM32F3xx_HAL_Driver\Src\stm32f3xx_hal_uart_ex.o
                0x08003494                HAL_UARTEx_WakeupCallback
 .text.write2Flash
                0x08003498      0x458 Src\flash_memory.o
                0x08003498                write2Flash
 .text.logPosition
                0x080038f0       0x38 Src\flash_memory.o
                0x080038f0                logPosition
 .text.HAL_UART_RxCpltCallback
                0x08003928       0x20 Src\functions.o
                0x08003928                HAL_UART_RxCpltCallback
 .text.HAL_ADC_ConvCpltCallback
                0x08003948        0x2 Src\functions.o
                0x08003948                HAL_ADC_ConvCpltCallback
 *fill*         0x0800394a        0x2 
 .text.HAL_RTCEx_WakeUpTimerEventCallback
                0x0800394c        0xc Src\functions.o
                0x0800394c                HAL_RTCEx_WakeUpTimerEventCallback
 .text.HAL_GPIO_EXTI_Callback
                0x08003958       0x14 Src\functions.o
                0x08003958                HAL_GPIO_EXTI_Callback
 .text.heating_control
                0x0800396c       0x8c Src\heating_schedule.o
                0x0800396c                heating_control
 .text.heating_scheduling
                0x080039f8      0x1ac Src\heating_schedule.o
                0x080039f8                heating_scheduling
 .text.init_iqs263
                0x08003ba4      0x388 Src\init_iqs263.o
                0x08003ba4                init_iqs263
 .text.init_peripherals
                0x08003f2c      0x30c Src\initilize_peripherals.o
                0x08003f2c                init_peripherals
 .text.liters_pumped
                0x08004238       0x40 Src\liters_pumped.o
                0x08004238                liters_pumped
 .text.MX_GPIO_Init
                0x08004278      0x174 Src\main.o
 .text.MX_DMA_Init
                0x080043ec       0x34 Src\main.o
 .text._Error_Handler
                0x08004420        0x2 Src\main.o
                0x08004420                _Error_Handler
 *fill*         0x08004422        0x2 
 .text.MX_USART1_UART_Init
                0x08004424       0x40 Src\main.o
 .text.MX_ADC2_Init
                0x08004464       0xc8 Src\main.o
 .text.MX_RTC_Init
                0x0800452c       0xc4 Src\main.o
 .text.MX_I2C1_Init
                0x080045f0       0x68 Src\main.o
 .text.SystemClock_Config
                0x08004658       0xc0 Src\main.o
                0x08004658                SystemClock_Config
 .text.main     0x08004718       0x94 Src\main.o
                0x08004718                main
 .text.HAL_MspInit
                0x080047ac       0x7c Src\stm32f3xx_hal_msp.o
                0x080047ac                HAL_MspInit
 .text.HAL_ADC_MspInit
                0x08004828       0xa4 Src\stm32f3xx_hal_msp.o
                0x08004828                HAL_ADC_MspInit
 .text.HAL_I2C_MspInit
                0x080048cc       0x74 Src\stm32f3xx_hal_msp.o
                0x080048cc                HAL_I2C_MspInit
 .text.HAL_RTC_MspInit
                0x08004940       0x40 Src\stm32f3xx_hal_msp.o
                0x08004940                HAL_RTC_MspInit
 .text.HAL_UART_MspInit
                0x08004980       0x5c Src\stm32f3xx_hal_msp.o
                0x08004980                HAL_UART_MspInit
 .text.SVC_Handler
                0x080049dc        0x4 Src\stm32f3xx_it.o
                0x080049dc                SVC_Handler
 .text.PendSV_Handler
                0x080049e0        0x4 Src\stm32f3xx_it.o
                0x080049e0                PendSV_Handler
 .text.SysTick_Handler
                0x080049e4       0x48 Src\stm32f3xx_it.o
                0x080049e4                SysTick_Handler
 .text.RTC_WKUP_IRQHandler
                0x08004a2c        0xc Src\stm32f3xx_it.o
                0x08004a2c                RTC_WKUP_IRQHandler
 .text.EXTI0_IRQHandler
                0x08004a38       0x14 Src\stm32f3xx_it.o
                0x08004a38                EXTI0_IRQHandler
 .text.DMA1_Channel2_IRQHandler
                0x08004a4c        0xc Src\stm32f3xx_it.o
                0x08004a4c                DMA1_Channel2_IRQHandler
 .text.EXTI9_5_IRQHandler
                0x08004a58       0x14 Src\stm32f3xx_it.o
                0x08004a58                EXTI9_5_IRQHandler
 .text.I2C1_EV_IRQHandler
                0x08004a6c        0xc Src\stm32f3xx_it.o
                0x08004a6c                I2C1_EV_IRQHandler
 .text.I2C1_ER_IRQHandler
                0x08004a78        0xc Src\stm32f3xx_it.o
                0x08004a78                I2C1_ER_IRQHandler
 .text.USART1_IRQHandler
                0x08004a84        0xc Src\stm32f3xx_it.o
                0x08004a84                USART1_IRQHandler
 .text.SystemInit
                0x08004a90       0x70 Src\system_stm32f3xx.o
                0x08004a90                SystemInit
 .text.uart_comms
                0x08004b00      0x93c Src\uart_comms.o
                0x08004b00                uart_comms
 .text.mainLoop
                0x0800543c       0xd8 Src\user_main.o
                0x0800543c                mainLoop
 .text.Reset_Handler
                0x08005514       0x50 startup\startup_stm32f334x8.o
                0x08005514                Reset_Handler
 .text.Default_Handler
                0x08005564        0x2 startup\startup_stm32f334x8.o
                0x08005564                RTC_Alarm_IRQHandler
                0x08005564                HRTIM1_Master_IRQHandler
                0x08005564                DebugMon_Handler
                0x08005564                TIM1_CC_IRQHandler
                0x08005564                HardFault_Handler
                0x08005564                HRTIM1_FLT_IRQHandler
                0x08005564                PVD_IRQHandler
                0x08005564                HRTIM1_TIMD_IRQHandler
                0x08005564                TAMP_STAMP_IRQHandler
                0x08005564                NMI_Handler
                0x08005564                EXTI3_IRQHandler
                0x08005564                FPU_IRQHandler
                0x08005564                CAN_TX_IRQHandler
                0x08005564                TIM1_UP_TIM16_IRQHandler
                0x08005564                UsageFault_Handler
                0x08005564                ADC1_2_IRQHandler
                0x08005564                HRTIM1_TIME_IRQHandler
                0x08005564                SPI1_IRQHandler
                0x08005564                CAN_SCE_IRQHandler
                0x08005564                HRTIM1_TIMC_IRQHandler
                0x08005564                DMA1_Channel4_IRQHandler
                0x08005564                USART3_IRQHandler
                0x08005564                DMA1_Channel7_IRQHandler
                0x08005564                TIM7_DAC2_IRQHandler
                0x08005564                CAN_RX1_IRQHandler
                0x08005564                DMA1_Channel6_IRQHandler
                0x08005564                TIM3_IRQHandler
                0x08005564                RCC_IRQHandler
                0x08005564                DMA1_Channel1_IRQHandler
                0x08005564                Default_Handler
                0x08005564                EXTI15_10_IRQHandler
                0x08005564                COMP2_IRQHandler
                0x08005564                HRTIM1_TIMA_IRQHandler
                0x08005564                TIM6_DAC1_IRQHandler
                0x08005564                MemManage_Handler
                0x08005564                DMA1_Channel5_IRQHandler
                0x08005564                EXTI4_IRQHandler
                0x08005564                HRTIM1_TIMB_IRQHandler
                0x08005564                TIM1_TRG_COM_TIM17_IRQHandler
                0x08005564                DMA1_Channel3_IRQHandler
                0x08005564                WWDG_IRQHandler
                0x08005564                TIM2_IRQHandler
                0x08005564                EXTI1_IRQHandler
                0x08005564                COMP4_6_IRQHandler
                0x08005564                USART2_IRQHandler
                0x08005564                FLASH_IRQHandler
                0x08005564                BusFault_Handler
                0x08005564                CAN_RX0_IRQHandler
                0x08005564                EXTI2_TSC_IRQHandler
                0x08005564                TIM1_BRK_TIM15_IRQHandler
 *fill*         0x08005566        0x2 
 .text.__libc_init_array
                0x08005568       0x48 c:/program files (x86)/atollic/truestudio for arm 8.0.0/armtools/bin/../lib/gcc/arm-atollic-eabi/6.3.1/../../../../arm-atollic-eabi/lib/armv7e-m/fpu\libc_nano.a(lib_a-init.o)
                0x08005568                __libc_init_array
 .text.__itoa   0x080055b0       0x30 c:/program files (x86)/atollic/truestudio for arm 8.0.0/armtools/bin/../lib/gcc/arm-atollic-eabi/6.3.1/../../../../arm-atollic-eabi/lib/armv7e-m/fpu\libc_nano.a(lib_a-itoa.o)
                0x080055b0                __itoa
 .text.itoa     0x080055e0        0x4 c:/program files (x86)/atollic/truestudio for arm 8.0.0/armtools/bin/../lib/gcc/arm-atollic-eabi/6.3.1/../../../../arm-atollic-eabi/lib/armv7e-m/fpu\libc_nano.a(lib_a-itoa.o)
                0x080055e0                itoa
 .text.malloc   0x080055e4       0x10 c:/program files (x86)/atollic/truestudio for arm 8.0.0/armtools/bin/../lib/gcc/arm-atollic-eabi/6.3.1/../../../../arm-atollic-eabi/lib/armv7e-m/fpu\libc_nano.a(lib_a-malloc.o)
                0x080055e4                malloc
 .text.memcpy   0x080055f4       0x16 c:/program files (x86)/atollic/truestudio for arm 8.0.0/armtools/bin/../lib/gcc/arm-atollic-eabi/6.3.1/../../../../arm-atollic-eabi/lib/armv7e-m/fpu\libc_nano.a(lib_a-memcpy-stub.o)
                0x080055f4                memcpy
 .text.memset   0x0800560a       0x10 c:/program files (x86)/atollic/truestudio for arm 8.0.0/armtools/bin/../lib/gcc/arm-atollic-eabi/6.3.1/../../../../arm-atollic-eabi/lib/armv7e-m/fpu\libc_nano.a(lib_a-memset.o)
                0x0800560a                memset
 *fill*         0x0800561a        0x2 
 .text._free_r  0x0800561c       0x9c c:/program files (x86)/atollic/truestudio for arm 8.0.0/armtools/bin/../lib/gcc/arm-atollic-eabi/6.3.1/../../../../arm-atollic-eabi/lib/armv7e-m/fpu\libc_nano.a(lib_a-nano-freer.o)
                0x0800561c                _free_r
 .text._malloc_r
                0x080056b8       0xbc c:/program files (x86)/atollic/truestudio for arm 8.0.0/armtools/bin/../lib/gcc/arm-atollic-eabi/6.3.1/../../../../arm-atollic-eabi/lib/armv7e-m/fpu\libc_nano.a(lib_a-nano-mallocr.o)
                0x080056b8                _malloc_r
 .text._sbrk_r  0x08005774       0x20 c:/program files (x86)/atollic/truestudio for arm 8.0.0/armtools/bin/../lib/gcc/arm-atollic-eabi/6.3.1/../../../../arm-atollic-eabi/lib/armv7e-m/fpu\libc_nano.a(lib_a-sbrkr.o)
                0x08005774                _sbrk_r
 .text.sprintf  0x08005794       0x48 c:/program files (x86)/atollic/truestudio for arm 8.0.0/armtools/bin/../lib/gcc/arm-atollic-eabi/6.3.1/../../../../arm-atollic-eabi/lib/armv7e-m/fpu\libc_nano.a(lib_a-sprintf.o)
                0x08005794                siprintf
                0x08005794                sprintf
 .text.strtok   0x080057dc       0x54 c:/program files (x86)/atollic/truestudio for arm 8.0.0/armtools/bin/../lib/gcc/arm-atollic-eabi/6.3.1/../../../../arm-atollic-eabi/lib/armv7e-m/fpu\libc_nano.a(lib_a-strtok.o)
                0x080057dc                strtok
 .text.__strtok_r
                0x08005830       0x52 c:/program files (x86)/atollic/truestudio for arm 8.0.0/armtools/bin/../lib/gcc/arm-atollic-eabi/6.3.1/../../../../arm-atollic-eabi/lib/armv7e-m/fpu\libc_nano.a(lib_a-strtok_r.o)
                0x08005830                __strtok_r
 .text._strtol_l.isra.0
                0x08005882      0x100 c:/program files (x86)/atollic/truestudio for arm 8.0.0/armtools/bin/../lib/gcc/arm-atollic-eabi/6.3.1/../../../../arm-atollic-eabi/lib/armv7e-m/fpu\libc_nano.a(lib_a-strtol.o)
 *fill*         0x08005982        0x2 
 .text.strtol   0x08005984       0x2c c:/program files (x86)/atollic/truestudio for arm 8.0.0/armtools/bin/../lib/gcc/arm-atollic-eabi/6.3.1/../../../../arm-atollic-eabi/lib/armv7e-m/fpu\libc_nano.a(lib_a-strtol.o)
                0x08005984                strtol
 .text.__utoa   0x080059b0       0x80 c:/program files (x86)/atollic/truestudio for arm 8.0.0/armtools/bin/../lib/gcc/arm-atollic-eabi/6.3.1/../../../../arm-atollic-eabi/lib/armv7e-m/fpu\libc_nano.a(lib_a-utoa.o)
                0x080059b0                __utoa
 .text.__locale_ctype_ptr_l
                0x08005a30        0x6 c:/program files (x86)/atollic/truestudio for arm 8.0.0/armtools/bin/../lib/gcc/arm-atollic-eabi/6.3.1/../../../../arm-atollic-eabi/lib/armv7e-m/fpu\libc_nano.a(lib_a-locale.o)
                0x08005a30                __locale_ctype_ptr_l
 .text.__ascii_mbtowc
                0x08005a36       0x24 c:/program files (x86)/atollic/truestudio for arm 8.0.0/armtools/bin/../lib/gcc/arm-atollic-eabi/6.3.1/../../../../arm-atollic-eabi/lib/armv7e-m/fpu\libc_nano.a(lib_a-mbtowc_r.o)
                0x08005a36                __ascii_mbtowc
 .text.__malloc_lock
                0x08005a5a        0x2 c:/program files (x86)/atollic/truestudio for arm 8.0.0/armtools/bin/../lib/gcc/arm-atollic-eabi/6.3.1/../../../../arm-atollic-eabi/lib/armv7e-m/fpu\libc_nano.a(lib_a-mlock.o)
                0x08005a5a                __malloc_lock
 .text.__malloc_unlock
                0x08005a5c        0x2 c:/program files (x86)/atollic/truestudio for arm 8.0.0/armtools/bin/../lib/gcc/arm-atollic-eabi/6.3.1/../../../../arm-atollic-eabi/lib/armv7e-m/fpu\libc_nano.a(lib_a-mlock.o)
                0x08005a5c                __malloc_unlock
 .text.__ssputs_r
                0x08005a5e       0xb6 c:/program files (x86)/atollic/truestudio for arm 8.0.0/armtools/bin/../lib/gcc/arm-atollic-eabi/6.3.1/../../../../arm-atollic-eabi/lib/armv7e-m/fpu\libc_nano.a(lib_a-nano-svfprintf.o)
                0x08005a5e                __ssputs_r
 .text._svfprintf_r
                0x08005b14      0x1e8 c:/program files (x86)/atollic/truestudio for arm 8.0.0/armtools/bin/../lib/gcc/arm-atollic-eabi/6.3.1/../../../../arm-atollic-eabi/lib/armv7e-m/fpu\libc_nano.a(lib_a-nano-svfprintf.o)
                0x08005b14                _svfiprintf_r
                0x08005b14                _svfprintf_r
 .text._printf_common
                0x08005cfc       0xec c:/program files (x86)/atollic/truestudio for arm 8.0.0/armtools/bin/../lib/gcc/arm-atollic-eabi/6.3.1/../../../../arm-atollic-eabi/lib/armv7e-m/fpu\libc_nano.a(lib_a-nano-vfprintf_i.o)
                0x08005cfc                _printf_common
 .text._printf_i
                0x08005de8      0x240 c:/program files (x86)/atollic/truestudio for arm 8.0.0/armtools/bin/../lib/gcc/arm-atollic-eabi/6.3.1/../../../../arm-atollic-eabi/lib/armv7e-m/fpu\libc_nano.a(lib_a-nano-vfprintf_i.o)
                0x08005de8                _printf_i
 .text.__ascii_wctomb
                0x08006028       0x1a c:/program files (x86)/atollic/truestudio for arm 8.0.0/armtools/bin/../lib/gcc/arm-atollic-eabi/6.3.1/../../../../arm-atollic-eabi/lib/armv7e-m/fpu\libc_nano.a(lib_a-wctomb_r.o)
                0x08006028                __ascii_wctomb
 .text.memmove  0x08006042       0x34 c:/program files (x86)/atollic/truestudio for arm 8.0.0/armtools/bin/../lib/gcc/arm-atollic-eabi/6.3.1/../../../../arm-atollic-eabi/lib/armv7e-m/fpu\libc_nano.a(lib_a-memmove.o)
                0x08006042                memmove
 .text._realloc_r
                0x08006076       0x4c c:/program files (x86)/atollic/truestudio for arm 8.0.0/armtools/bin/../lib/gcc/arm-atollic-eabi/6.3.1/../../../../arm-atollic-eabi/lib/armv7e-m/fpu\libc_nano.a(lib_a-nano-reallocr.o)
                0x08006076                _realloc_r
 .text._malloc_usable_size_r
                0x080060c2       0x12 c:/program files (x86)/atollic/truestudio for arm 8.0.0/armtools/bin/../lib/gcc/arm-atollic-eabi/6.3.1/../../../../arm-atollic-eabi/lib/armv7e-m/fpu\libc_nano.a(lib_a-nano-msizer.o)
                0x080060c2                _malloc_usable_size_r
 .text._sbrk    0x080060d4       0x1c c:/program files (x86)/atollic/truestudio for arm 8.0.0/armtools/bin/../lib/gcc/arm-atollic-eabi/6.3.1/../../../../arm-atollic-eabi/lib/armv7e-m/fpu\libnosys.a(sbrk.o)
                0x080060d4                _sbrk
 *(.glue_7)
 .glue_7        0x080060f0        0x0 linker stubs
 *(.glue_7t)
 .glue_7t       0x080060f0        0x0 linker stubs
 *(.eh_frame)
 .eh_frame      0x080060f0        0x0 c:/program files (x86)/atollic/truestudio for arm 8.0.0/armtools/bin/../lib/gcc/arm-atollic-eabi/6.3.1/armv7e-m/fpu/crtbegin.o
 *(.init)
 .init          0x080060f0        0x4 c:/program files (x86)/atollic/truestudio for arm 8.0.0/armtools/bin/../lib/gcc/arm-atollic-eabi/6.3.1/armv7e-m/fpu/crti.o
                0x080060f0                _init
 .init          0x080060f4        0x8 c:/program files (x86)/atollic/truestudio for arm 8.0.0/armtools/bin/../lib/gcc/arm-atollic-eabi/6.3.1/armv7e-m/fpu/crtn.o
 *(.fini)
 .fini          0x080060fc        0x4 c:/program files (x86)/atollic/truestudio for arm 8.0.0/armtools/bin/../lib/gcc/arm-atollic-eabi/6.3.1/armv7e-m/fpu/crti.o
                0x080060fc                _fini
 .fini          0x08006100        0x8 c:/program files (x86)/atollic/truestudio for arm 8.0.0/armtools/bin/../lib/gcc/arm-atollic-eabi/6.3.1/armv7e-m/fpu/crtn.o
                0x08006108                . = ALIGN (0x4)
                0x08006108                _etext = .

.vfp11_veneer   0x08006108        0x0
 .vfp11_veneer  0x08006108        0x0 linker stubs

.v4_bx          0x08006108        0x0
 .v4_bx         0x08006108        0x0 linker stubs

.iplt           0x08006108        0x0
 .iplt          0x08006108        0x0 c:/program files (x86)/atollic/truestudio for arm 8.0.0/armtools/bin/../lib/gcc/arm-atollic-eabi/6.3.1/armv7e-m/fpu/crtbegin.o

.rodata         0x08006108      0x1e4
                0x08006108                . = ALIGN (0x4)
 *(.rodata)
 *(.rodata*)
 .rodata.aPLLMULFactorTable
                0x08006108       0x10 Drivers\STM32F3xx_HAL_Driver\Src\stm32f3xx_hal_rcc.o
                0x08006108                aPLLMULFactorTable
 .rodata.aPredivFactorTable
                0x08006118       0x10 Drivers\STM32F3xx_HAL_Driver\Src\stm32f3xx_hal_rcc.o
                0x08006118                aPredivFactorTable
 .rodata.CSWTCH.45
                0x08006128        0x4 Drivers\STM32F3xx_HAL_Driver\Src\stm32f3xx_hal_uart.o
 .rodata.init_peripherals.str1.4
                0x0800612c        0x4 Src\initilize_peripherals.o
 .rodata.liters_pumped.str1.4
                0x08006130        0x4 Src\liters_pumped.o
 .rodata.MX_USART1_UART_Init.str1.4
                0x08006130        0xe Src\main.o
 *fill*         0x0800613e        0x2 
 .rodata.HAL_ADC_MspInit.str1.4
                0x08006140       0x1b Src\stm32f3xx_hal_msp.o
 *fill*         0x0800615b        0x1 
 .rodata.AHBPrescTable
                0x0800615c       0x10 Src\system_stm32f3xx.o
                0x0800615c                AHBPrescTable
 .rodata.APBPrescTable
                0x0800616c        0x8 Src\system_stm32f3xx.o
                0x0800616c                APBPrescTable
 .rodata.uart_comms.str1.4
                0x08006174       0x14 Src\uart_comms.o
                                 0x13 (size before relaxing)
 .rodata.__utoa.str1.1
                0x08006188       0x25 c:/program files (x86)/atollic/truestudio for arm 8.0.0/armtools/bin/../lib/gcc/arm-atollic-eabi/6.3.1/../../../../arm-atollic-eabi/lib/armv7e-m/fpu\libc_nano.a(lib_a-utoa.o)
 .rodata._setlocale_r.str1.1
                0x080061ad        0x8 c:/program files (x86)/atollic/truestudio for arm 8.0.0/armtools/bin/../lib/gcc/arm-atollic-eabi/6.3.1/../../../../arm-atollic-eabi/lib/armv7e-m/fpu\libc_nano.a(lib_a-locale.o)
                                  0x9 (size before relaxing)
 .rodata.str1.1
                0x080061b5        0x2 c:/program files (x86)/atollic/truestudio for arm 8.0.0/armtools/bin/../lib/gcc/arm-atollic-eabi/6.3.1/../../../../arm-atollic-eabi/lib/armv7e-m/fpu\libc_nano.a(lib_a-locale.o)
 .rodata._svfprintf_r.str1.1
                0x080061b7       0x11 c:/program files (x86)/atollic/truestudio for arm 8.0.0/armtools/bin/../lib/gcc/arm-atollic-eabi/6.3.1/../../../../arm-atollic-eabi/lib/armv7e-m/fpu\libc_nano.a(lib_a-nano-svfprintf.o)
 .rodata._printf_i.str1.1
                0x080061c8       0x22 c:/program files (x86)/atollic/truestudio for arm 8.0.0/armtools/bin/../lib/gcc/arm-atollic-eabi/6.3.1/../../../../arm-atollic-eabi/lib/armv7e-m/fpu\libc_nano.a(lib_a-nano-vfprintf_i.o)
 .rodata._ctype_
                0x080061ea      0x101 c:/program files (x86)/atollic/truestudio for arm 8.0.0/armtools/bin/../lib/gcc/arm-atollic-eabi/6.3.1/../../../../arm-atollic-eabi/lib/armv7e-m/fpu\libc_nano.a(lib_a-ctype_.o)
                0x080061ea                _ctype_
                0x080062ec                . = ALIGN (0x4)
 *fill*         0x080062eb        0x1 

.rel.dyn        0x080062ec        0x0
 .rel.iplt      0x080062ec        0x0 c:/program files (x86)/atollic/truestudio for arm 8.0.0/armtools/bin/../lib/gcc/arm-atollic-eabi/6.3.1/armv7e-m/fpu/crtbegin.o

.ARM.extab
 *(.ARM.extab* .gnu.linkonce.armextab.*)

.ARM            0x080062ec        0x0
                0x080062ec                __exidx_start = .
 *(.ARM.exidx*)
                0x080062ec                __exidx_end = .

.preinit_array  0x080062ec        0x0
                0x080062ec                PROVIDE (__preinit_array_start, .)
 *(.preinit_array*)
                0x080062ec                PROVIDE (__preinit_array_end, .)

.init_array     0x080062ec        0x4
                0x080062ec                PROVIDE (__init_array_start, .)
 *(SORT(.init_array.*))
 *(.init_array*)
 .init_array    0x080062ec        0x4 c:/program files (x86)/atollic/truestudio for arm 8.0.0/armtools/bin/../lib/gcc/arm-atollic-eabi/6.3.1/armv7e-m/fpu/crtbegin.o
                0x080062f0                PROVIDE (__init_array_end, .)

.fini_array     0x080062f0        0x4
                [!provide]                PROVIDE (__fini_array_start, .)
 *(SORT(.fini_array.*))
 *(.fini_array*)
 .fini_array    0x080062f0        0x4 c:/program files (x86)/atollic/truestudio for arm 8.0.0/armtools/bin/../lib/gcc/arm-atollic-eabi/6.3.1/armv7e-m/fpu/crtbegin.o
                [!provide]                PROVIDE (__fini_array_end, .)
                0x080062f4                _sidata = LOADADDR (.data)

.data           0x20000000      0x224 load address 0x080062f4
                0x20000000                . = ALIGN (0x4)
                0x20000000                _sdata = .
 *(.data)
 *(.data*)
 .data.SystemCoreClock
                0x20000000        0x4 Src\system_stm32f3xx.o
                0x20000000                SystemCoreClock
 .data.comma    0x20000004        0x2 Src\variables.o
                0x20000004                comma
 *fill*         0x20000006        0x2 
 .data.endSimbol
                0x20000008        0x8 Src\variables.o
                0x20000008                endSimbol
 .data.flash_mem_start
                0x20000010        0x4 Src\variables.o
                0x20000010                flash_mem_start
 .data.heater_OFF
                0x20000014        0x3 Src\variables.o
                0x20000014                heater_OFF
 *fill*         0x20000017        0x1 
 .data.heater_ON
                0x20000018        0x2 Src\variables.o
                0x20000018                heater_ON
 .data.log_empty
                0x2000001a        0x1 Src\variables.o
                0x2000001a                log_empty
 *fill*         0x2000001b        0x1 
 .data.loggingIdentifier
                0x2000001c        0x2 Src\variables.o
                0x2000001c                loggingIdentifier
 *fill*         0x2000001e        0x2 
 .data.noLoggingData
                0x20000020       0x20 Src\variables.o
                0x20000020                noLoggingData
 .data.studentnumber1
                0x20000040        0x8 Src\variables.o
                0x20000040                studentnumber1
 .data.valve_CLOSE
                0x20000048        0x6 Src\variables.o
                0x20000048                valve_CLOSE
 *fill*         0x2000004e        0x2 
 .data.valve_OPEN
                0x20000050        0x4 Src\variables.o
                0x20000050                valve_OPEN
 .data._impure_ptr
                0x20000054        0x4 c:/program files (x86)/atollic/truestudio for arm 8.0.0/armtools/bin/../lib/gcc/arm-atollic-eabi/6.3.1/../../../../arm-atollic-eabi/lib/armv7e-m/fpu\libc_nano.a(lib_a-impure.o)
                0x20000054                _impure_ptr
 .data.impure_data
                0x20000058       0x60 c:/program files (x86)/atollic/truestudio for arm 8.0.0/armtools/bin/../lib/gcc/arm-atollic-eabi/6.3.1/../../../../arm-atollic-eabi/lib/armv7e-m/fpu\libc_nano.a(lib_a-impure.o)
 .data.__global_locale
                0x200000b8      0x16c c:/program files (x86)/atollic/truestudio for arm 8.0.0/armtools/bin/../lib/gcc/arm-atollic-eabi/6.3.1/../../../../arm-atollic-eabi/lib/armv7e-m/fpu\libc_nano.a(lib_a-locale.o)
                0x200000b8                __global_locale
                0x20000224                . = ALIGN (0x4)
                0x20000224                _edata = .
                0x08006518                _siccmram = LOADADDR (.ccmram)

.igot.plt       0x20000224        0x0 load address 0x08006518
 .igot.plt      0x20000224        0x0 c:/program files (x86)/atollic/truestudio for arm 8.0.0/armtools/bin/../lib/gcc/arm-atollic-eabi/6.3.1/armv7e-m/fpu/crtbegin.o

.ccmram         0x10000000        0x0 load address 0x08006518
                0x10000000                . = ALIGN (0x4)
                0x10000000                _sccmram = .
 *(.ccmram)
 *(.ccmram*)
                0x10000000                . = ALIGN (0x4)
                0x10000000                _eccmram = .
                0x10000000                . = ALIGN (0x4)

.bss            0x20000228      0x39c
                0x20000228                _sbss = .
                0x20000228                __bss_start__ = _sbss
 *(.bss)
 .bss           0x20000228       0x1c c:/program files (x86)/atollic/truestudio for arm 8.0.0/armtools/bin/../lib/gcc/arm-atollic-eabi/6.3.1/armv7e-m/fpu/crtbegin.o
 *(.bss*)
 .bss.ADC1_buffer
                0x20000244        0x4 Src\variables.o
                0x20000244                ADC1_buffer
 .bss.ADC2_buffer
                0x20000248        0x4 Src\variables.o
                0x20000248                ADC2_buffer
 .bss.RTC_timer_flag
                0x2000024c        0x1 Src\variables.o
                0x2000024c                RTC_timer_flag
 .bss.adc_flag  0x2000024d        0x1 Src\variables.o
                0x2000024d                adc_flag
 *fill*         0x2000024e        0x2 
 .bss.ambient_temp
                0x20000250        0x4 Src\variables.o
                0x20000250                ambient_temp
 .bss.auto_heating
                0x20000254        0x1 Src\variables.o
                0x20000254                auto_heating
 *fill*         0x20000255        0x3 
 .bss.current_int_rms
                0x20000258        0x4 Src\variables.o
                0x20000258                current_int_rms
 .bss.current_rms
                0x2000025c        0x4 Src\variables.o
                0x2000025c                current_rms
 .bss.date      0x20000260        0x4 Src\variables.o
                0x20000260                date
 .bss.enableFlashLogging
                0x20000264        0x1 Src\variables.o
                0x20000264                enableFlashLogging
 *fill*         0x20000265        0x1 
 .bss.fake_RTC_timer
                0x20000266        0x2 Src\variables.o
                0x20000266                fake_RTC_timer
 .bss.flash_counter
                0x20000268        0x4 Src\variables.o
                0x20000268                flash_counter
 .bss.flash_error
                0x2000026c        0x4 Src\variables.o
                0x2000026c                flash_error
 .bss.flash_flag
                0x20000270        0x1 Src\variables.o
                0x20000270                flash_flag
 *fill*         0x20000271        0x3 
 .bss.flash_stored
                0x20000274        0x4 Src\variables.o
                0x20000274                flash_stored
 .bss.geyser_temp
                0x20000278        0x4 Src\variables.o
                0x20000278                geyser_temp
 .bss.geyser_temp_int
                0x2000027c        0x1 Src\variables.o
                0x2000027c                geyser_temp_int
 *fill*         0x2000027d        0x3 
 .bss.heat_schedule1
                0x20000280        0x4 Src\variables.o
                0x20000280                heat_schedule1
 .bss.heat_schedule2
                0x20000284        0x4 Src\variables.o
                0x20000284                heat_schedule2
 .bss.heat_schedule3
                0x20000288        0x4 Src\variables.o
                0x20000288                heat_schedule3
 .bss.heater_state
                0x2000028c        0x4 Src\variables.o
                0x2000028c                heater_state
 .bss.heating_info
                0x20000290        0x4 Src\variables.o
                0x20000290                heating_info
 .bss.i2c_counter
                0x20000294        0x4 Src\variables.o
                0x20000294                i2c_counter
 .bss.log_counter
                0x20000298        0x1 Src\variables.o
                0x20000298                log_counter
 *fill*         0x20000299        0x3 
 .bss.log_receiced_num
                0x2000029c        0x4 Src\variables.o
                0x2000029c                log_receiced_num
 .bss.new_time  0x200002a0        0x4 Src\variables.o
                0x200002a0                new_time
 .bss.pEraseInit
                0x200002a4        0x4 Src\variables.o
                0x200002a4                pEraseInit
 .bss.pump_flag
                0x200002a8        0x1 Src\variables.o
                0x200002a8                pump_flag
 *fill*         0x200002a9        0x3 
 .bss.return_value
                0x200002ac        0x4 Src\variables.o
                0x200002ac                return_value
 .bss.rtcSecFlag
                0x200002b0        0x1 Src\variables.o
                0x200002b0                rtcSecFlag
 .bss.rx_flag   0x200002b1        0x1 Src\variables.o
                0x200002b1                rx_flag
 *fill*         0x200002b2        0x2 
 .bss.segment_val
                0x200002b4        0x4 Src\variables.o
                0x200002b4                segment_val
 .bss.set_temp  0x200002b8        0x4 Src\variables.o
                0x200002b8                set_temp
 .bss.sizeOfTemp
                0x200002bc        0x1 Src\variables.o
                0x200002bc                sizeOfTemp
 .bss.systick_flag
                0x200002bd        0x1 Src\variables.o
                0x200002bd                systick_flag
 *fill*         0x200002be        0x2 
 .bss.temp_time_var
                0x200002c0        0x4 Src\variables.o
                0x200002c0                temp_time_var
 .bss.temp_val  0x200002c4        0x4 Src\variables.o
                0x200002c4                temp_val
 .bss.time      0x200002c8        0x4 Src\variables.o
                0x200002c8                time
 .bss.total_water
                0x200002cc        0x4 Src\variables.o
                0x200002cc                total_water
 .bss.touch_flag
                0x200002d0        0x1 Src\variables.o
                0x200002d0                touch_flag
 *fill*         0x200002d1        0x3 
 .bss.uart_command
                0x200002d4        0x4 Src\variables.o
                0x200002d4                uart_command
 .bss.uart_command_copy
                0x200002d8        0x4 Src\variables.o
                0x200002d8                uart_command_copy
 .bss.uart_counter
                0x200002dc        0x1 Src\variables.o
                0x200002dc                uart_counter
 *fill*         0x200002dd        0x3 
 .bss.valve_state
                0x200002e0        0x4 Src\variables.o
                0x200002e0                valve_state
 .bss.valve_timer
                0x200002e4        0x1 Src\variables.o
                0x200002e4                valve_timer
 *fill*         0x200002e5        0x3 
 .bss.voltage_int_rms
                0x200002e8        0x4 Src\variables.o
                0x200002e8                voltage_int_rms
 .bss.voltage_rms
                0x200002ec        0x4 Src\variables.o
                0x200002ec                voltage_rms
 .bss.water_acc
                0x200002f0        0x4 Src\variables.o
                0x200002f0                water_acc
 .bss.__malloc_free_list
                0x200002f4        0x4 c:/program files (x86)/atollic/truestudio for arm 8.0.0/armtools/bin/../lib/gcc/arm-atollic-eabi/6.3.1/../../../../arm-atollic-eabi/lib/armv7e-m/fpu\libc_nano.a(lib_a-nano-mallocr.o)
                0x200002f4                __malloc_free_list
 .bss.__malloc_sbrk_start
                0x200002f8        0x4 c:/program files (x86)/atollic/truestudio for arm 8.0.0/armtools/bin/../lib/gcc/arm-atollic-eabi/6.3.1/../../../../arm-atollic-eabi/lib/armv7e-m/fpu\libc_nano.a(lib_a-nano-mallocr.o)
                0x200002f8                __malloc_sbrk_start
 .bss.heap_end.5239
                0x200002fc        0x4 c:/program files (x86)/atollic/truestudio for arm 8.0.0/armtools/bin/../lib/gcc/arm-atollic-eabi/6.3.1/../../../../arm-atollic-eabi/lib/armv7e-m/fpu\libnosys.a(sbrk.o)
 *(COMMON)
 COMMON         0x20000300        0x4 Drivers\STM32F3xx_HAL_Driver\Src\stm32f3xx_hal.o
                0x20000300                uwTick
 *fill*         0x20000304        0x4 
 COMMON         0x20000308       0x20 Drivers\STM32F3xx_HAL_Driver\Src\stm32f3xx_hal_flash.o
                0x20000308                pFlash
 COMMON         0x20000328      0x1d4 Src\main.o
                0x20000328                hadc2
                0x2000037c                hi2c1
                0x200003c8                Channel_3
                0x200003e0                Channel_1
                0x200003f8                Channel_4
                0x20000410                huart1
                0x20000480                hrtc
                0x200004a0                Channel_2
                0x200004b8                hdma_adc2
 COMMON         0x200004fc       0xc4 Src\variables.o
                0x200004fc                sliderCoords
                0x20000500                heating_schedule
                0x20000578                studentnumber
                0x2000057c                rx_buffer
                0x20000580                recv_buffer
                0x20000590                heating_time_size
                0x20000594                data_buffer
                0x200005b4                heating_schedule_info
 COMMON         0x200005c0        0x4 c:/program files (x86)/atollic/truestudio for arm 8.0.0/armtools/bin/../lib/gcc/arm-atollic-eabi/6.3.1/../../../../arm-atollic-eabi/lib/armv7e-m/fpu\libc_nano.a(lib_a-reent.o)
                0x200005c0                errno
                0x200005c4                . = ALIGN (0x4)
                0x200005c4                _ebss = .
                0x200005c4                __bss_end__ = _ebss

._user_heap_stack
                0x200005c4      0x600
                0x200005c4                . = ALIGN (0x4)
                0x200005c4                PROVIDE (end, .)
                [!provide]                PROVIDE (_end, .)
                0x200007c4                . = (. + _Min_Heap_Size)
 *fill*         0x200005c4      0x200 
                0x20000bc4                . = (. + _Min_Stack_Size)
 *fill*         0x200007c4      0x400 
                0x20000bc4                . = ALIGN (0x4)

/DISCARD/
 libc.a(*)
 libm.a(*)
 libgcc.a(*)

.ARM.attributes
                0x00000000       0x30
 *(.ARM.attributes)
 .ARM.attributes
                0x00000000       0x22 c:/program files (x86)/atollic/truestudio for arm 8.0.0/armtools/bin/../lib/gcc/arm-atollic-eabi/6.3.1/armv7e-m/fpu/crti.o
 .ARM.attributes
                0x00000022       0x34 c:/program files (x86)/atollic/truestudio for arm 8.0.0/armtools/bin/../lib/gcc/arm-atollic-eabi/6.3.1/armv7e-m/fpu/crtbegin.o
 .ARM.attributes
                0x00000056       0x39 Drivers\STM32F3xx_HAL_Driver\Src\stm32f3xx_hal.o
 .ARM.attributes
                0x0000008f       0x39 Drivers\STM32F3xx_HAL_Driver\Src\stm32f3xx_hal_adc.o
 .ARM.attributes
                0x000000c8       0x39 Drivers\STM32F3xx_HAL_Driver\Src\stm32f3xx_hal_adc_ex.o
 .ARM.attributes
                0x00000101       0x39 Drivers\STM32F3xx_HAL_Driver\Src\stm32f3xx_hal_cortex.o
 .ARM.attributes
                0x0000013a       0x39 Drivers\STM32F3xx_HAL_Driver\Src\stm32f3xx_hal_dma.o
 .ARM.attributes
                0x00000173       0x39 Drivers\STM32F3xx_HAL_Driver\Src\stm32f3xx_hal_flash.o
 .ARM.attributes
                0x000001ac       0x39 Drivers\STM32F3xx_HAL_Driver\Src\stm32f3xx_hal_gpio.o
 .ARM.attributes
                0x000001e5       0x39 Drivers\STM32F3xx_HAL_Driver\Src\stm32f3xx_hal_i2c.o
 .ARM.attributes
                0x0000021e       0x39 Drivers\STM32F3xx_HAL_Driver\Src\stm32f3xx_hal_i2c_ex.o
 .ARM.attributes
                0x00000257       0x39 Drivers\STM32F3xx_HAL_Driver\Src\stm32f3xx_hal_pwr.o
 .ARM.attributes
                0x00000290       0x39 Drivers\STM32F3xx_HAL_Driver\Src\stm32f3xx_hal_rcc.o
 .ARM.attributes
                0x000002c9       0x39 Drivers\STM32F3xx_HAL_Driver\Src\stm32f3xx_hal_rcc_ex.o
 .ARM.attributes
                0x00000302       0x39 Drivers\STM32F3xx_HAL_Driver\Src\stm32f3xx_hal_rtc.o
 .ARM.attributes
                0x0000033b       0x39 Drivers\STM32F3xx_HAL_Driver\Src\stm32f3xx_hal_rtc_ex.o
 .ARM.attributes
                0x00000374       0x39 Drivers\STM32F3xx_HAL_Driver\Src\stm32f3xx_hal_uart.o
 .ARM.attributes
                0x000003ad       0x39 Drivers\STM32F3xx_HAL_Driver\Src\stm32f3xx_hal_uart_ex.o
 .ARM.attributes
                0x000003e6       0x39 Src\flash_memory.o
 .ARM.attributes
                0x0000041f       0x39 Src\functions.o
 .ARM.attributes
                0x00000458       0x39 Src\heating_schedule.o
 .ARM.attributes
                0x00000491       0x39 Src\init_iqs263.o
 .ARM.attributes
                0x000004ca       0x39 Src\initilize_peripherals.o
 .ARM.attributes
                0x00000503       0x39 Src\liters_pumped.o
 .ARM.attributes
                0x0000053c       0x39 Src\main.o
 .ARM.attributes
                0x00000575       0x39 Src\stm32f3xx_hal_msp.o
 .ARM.attributes
                0x000005ae       0x39 Src\stm32f3xx_it.o
 .ARM.attributes
                0x000005e7       0x39 Src\system_stm32f3xx.o
 .ARM.attributes
                0x00000620       0x35 Src\uart_comms.o
 .ARM.attributes
                0x00000655       0x39 Src\user_main.o
 .ARM.attributes
                0x0000068e       0x39 Src\variables.o
 .ARM.attributes
                0x000006c7       0x21 startup\startup_stm32f334x8.o
 .ARM.attributes
                0x000006e8       0x34 c:/program files (x86)/atollic/truestudio for arm 8.0.0/armtools/bin/../lib/gcc/arm-atollic-eabi/6.3.1/../../../../arm-atollic-eabi/lib/armv7e-m/fpu\libc_nano.a(lib_a-init.o)
 .ARM.attributes
                0x0000071c       0x34 c:/program files (x86)/atollic/truestudio for arm 8.0.0/armtools/bin/../lib/gcc/arm-atollic-eabi/6.3.1/../../../../arm-atollic-eabi/lib/armv7e-m/fpu\libc_nano.a(lib_a-itoa.o)
 .ARM.attributes
                0x00000750       0x34 c:/program files (x86)/atollic/truestudio for arm 8.0.0/armtools/bin/../lib/gcc/arm-atollic-eabi/6.3.1/../../../../arm-atollic-eabi/lib/armv7e-m/fpu\libc_nano.a(lib_a-malloc.o)
 .ARM.attributes
                0x00000784       0x34 c:/program files (x86)/atollic/truestudio for arm 8.0.0/armtools/bin/../lib/gcc/arm-atollic-eabi/6.3.1/../../../../arm-atollic-eabi/lib/armv7e-m/fpu\libc_nano.a(lib_a-memcpy-stub.o)
 .ARM.attributes
                0x000007b8       0x34 c:/program files (x86)/atollic/truestudio for arm 8.0.0/armtools/bin/../lib/gcc/arm-atollic-eabi/6.3.1/../../../../arm-atollic-eabi/lib/armv7e-m/fpu\libc_nano.a(lib_a-memset.o)
 .ARM.attributes
                0x000007ec       0x34 c:/program files (x86)/atollic/truestudio for arm 8.0.0/armtools/bin/../lib/gcc/arm-atollic-eabi/6.3.1/../../../../arm-atollic-eabi/lib/armv7e-m/fpu\libc_nano.a(lib_a-nano-freer.o)
 .ARM.attributes
                0x00000820       0x34 c:/program files (x86)/atollic/truestudio for arm 8.0.0/armtools/bin/../lib/gcc/arm-atollic-eabi/6.3.1/../../../../arm-atollic-eabi/lib/armv7e-m/fpu\libc_nano.a(lib_a-nano-mallocr.o)
 .ARM.attributes
                0x00000854       0x34 c:/program files (x86)/atollic/truestudio for arm 8.0.0/armtools/bin/../lib/gcc/arm-atollic-eabi/6.3.1/../../../../arm-atollic-eabi/lib/armv7e-m/fpu\libc_nano.a(lib_a-sbrkr.o)
 .ARM.attributes
                0x00000888       0x34 c:/program files (x86)/atollic/truestudio for arm 8.0.0/armtools/bin/../lib/gcc/arm-atollic-eabi/6.3.1/../../../../arm-atollic-eabi/lib/armv7e-m/fpu\libc_nano.a(lib_a-sprintf.o)
 .ARM.attributes
                0x000008bc       0x1b c:/program files (x86)/atollic/truestudio for arm 8.0.0/armtools/bin/../lib/gcc/arm-atollic-eabi/6.3.1/../../../../arm-atollic-eabi/lib/armv7e-m/fpu\libc_nano.a(lib_a-strlen.o)
 .ARM.attributes
                0x000008d7       0x34 c:/program files (x86)/atollic/truestudio for arm 8.0.0/armtools/bin/../lib/gcc/arm-atollic-eabi/6.3.1/../../../../arm-atollic-eabi/lib/armv7e-m/fpu\libc_nano.a(lib_a-strtok.o)
 .ARM.attributes
                0x0000090b       0x34 c:/program files (x86)/atollic/truestudio for arm 8.0.0/armtools/bin/../lib/gcc/arm-atollic-eabi/6.3.1/../../../../arm-atollic-eabi/lib/armv7e-m/fpu\libc_nano.a(lib_a-strtok_r.o)
 .ARM.attributes
                0x0000093f       0x34 c:/program files (x86)/atollic/truestudio for arm 8.0.0/armtools/bin/../lib/gcc/arm-atollic-eabi/6.3.1/../../../../arm-atollic-eabi/lib/armv7e-m/fpu\libc_nano.a(lib_a-strtol.o)
 .ARM.attributes
                0x00000973       0x34 c:/program files (x86)/atollic/truestudio for arm 8.0.0/armtools/bin/../lib/gcc/arm-atollic-eabi/6.3.1/../../../../arm-atollic-eabi/lib/armv7e-m/fpu\libc_nano.a(lib_a-utoa.o)
 .ARM.attributes
                0x000009a7       0x34 c:/program files (x86)/atollic/truestudio for arm 8.0.0/armtools/bin/../lib/gcc/arm-atollic-eabi/6.3.1/../../../../arm-atollic-eabi/lib/armv7e-m/fpu\libc_nano.a(lib_a-impure.o)
 .ARM.attributes
                0x000009db       0x34 c:/program files (x86)/atollic/truestudio for arm 8.0.0/armtools/bin/../lib/gcc/arm-atollic-eabi/6.3.1/../../../../arm-atollic-eabi/lib/armv7e-m/fpu\libc_nano.a(lib_a-locale.o)
 .ARM.attributes
                0x00000a0f       0x34 c:/program files (x86)/atollic/truestudio for arm 8.0.0/armtools/bin/../lib/gcc/arm-atollic-eabi/6.3.1/../../../../arm-atollic-eabi/lib/armv7e-m/fpu\libc_nano.a(lib_a-mbtowc_r.o)
 .ARM.attributes
                0x00000a43       0x34 c:/program files (x86)/atollic/truestudio for arm 8.0.0/armtools/bin/../lib/gcc/arm-atollic-eabi/6.3.1/../../../../arm-atollic-eabi/lib/armv7e-m/fpu\libc_nano.a(lib_a-mlock.o)
 .ARM.attributes
                0x00000a77       0x34 c:/program files (x86)/atollic/truestudio for arm 8.0.0/armtools/bin/../lib/gcc/arm-atollic-eabi/6.3.1/../../../../arm-atollic-eabi/lib/armv7e-m/fpu\libc_nano.a(lib_a-nano-svfprintf.o)
 .ARM.attributes
                0x00000aab       0x34 c:/program files (x86)/atollic/truestudio for arm 8.0.0/armtools/bin/../lib/gcc/arm-atollic-eabi/6.3.1/../../../../arm-atollic-eabi/lib/armv7e-m/fpu\libc_nano.a(lib_a-nano-vfprintf_i.o)
 .ARM.attributes
                0x00000adf       0x34 c:/program files (x86)/atollic/truestudio for arm 8.0.0/armtools/bin/../lib/gcc/arm-atollic-eabi/6.3.1/../../../../arm-atollic-eabi/lib/armv7e-m/fpu\libc_nano.a(lib_a-reent.o)
 .ARM.attributes
                0x00000b13       0x34 c:/program files (x86)/atollic/truestudio for arm 8.0.0/armtools/bin/../lib/gcc/arm-atollic-eabi/6.3.1/../../../../arm-atollic-eabi/lib/armv7e-m/fpu\libc_nano.a(lib_a-wctomb_r.o)
 .ARM.attributes
                0x00000b47       0x34 c:/program files (x86)/atollic/truestudio for arm 8.0.0/armtools/bin/../lib/gcc/arm-atollic-eabi/6.3.1/../../../../arm-atollic-eabi/lib/armv7e-m/fpu\libc_nano.a(lib_a-ctype_.o)
 .ARM.attributes
                0x00000b7b       0x20 c:/program files (x86)/atollic/truestudio for arm 8.0.0/armtools/bin/../lib/gcc/arm-atollic-eabi/6.3.1/../../../../arm-atollic-eabi/lib/armv7e-m/fpu\libc_nano.a(lib_a-memchr.o)
 .ARM.attributes
                0x00000b9b       0x34 c:/program files (x86)/atollic/truestudio for arm 8.0.0/armtools/bin/../lib/gcc/arm-atollic-eabi/6.3.1/../../../../arm-atollic-eabi/lib/armv7e-m/fpu\libc_nano.a(lib_a-memmove.o)
 .ARM.attributes
                0x00000bcf       0x34 c:/program files (x86)/atollic/truestudio for arm 8.0.0/armtools/bin/../lib/gcc/arm-atollic-eabi/6.3.1/../../../../arm-atollic-eabi/lib/armv7e-m/fpu\libc_nano.a(lib_a-nano-reallocr.o)
 .ARM.attributes
                0x00000c03       0x34 c:/program files (x86)/atollic/truestudio for arm 8.0.0/armtools/bin/../lib/gcc/arm-atollic-eabi/6.3.1/../../../../arm-atollic-eabi/lib/armv7e-m/fpu\libc_nano.a(lib_a-nano-msizer.o)
 .ARM.attributes
                0x00000c37       0x34 c:/program files (x86)/atollic/truestudio for arm 8.0.0/armtools/bin/../lib/gcc/arm-atollic-eabi/6.3.1/../../../../arm-atollic-eabi/lib/armv7e-m/fpu\libnosys.a(sbrk.o)
 .ARM.attributes
                0x00000c6b       0x22 c:/program files (x86)/atollic/truestudio for arm 8.0.0/armtools/bin/../lib/gcc/arm-atollic-eabi/6.3.1/armv7e-m/fpu/crtn.o
OUTPUT(edesign19231865.elf elf32-littlearm)

.debug_info     0x00000000    0x2f9e6
 .debug_info    0x00000000      0xf54 Drivers\STM32F3xx_HAL_Driver\Src\stm32f3xx_hal.o
 .debug_info    0x00000f54     0x12f2 Drivers\STM32F3xx_HAL_Driver\Src\stm32f3xx_hal_adc.o
 .debug_info    0x00002246     0x2291 Drivers\STM32F3xx_HAL_Driver\Src\stm32f3xx_hal_adc_ex.o
 .debug_info    0x000044d7     0x149c Drivers\STM32F3xx_HAL_Driver\Src\stm32f3xx_hal_cortex.o
 .debug_info    0x00005973     0x1046 Drivers\STM32F3xx_HAL_Driver\Src\stm32f3xx_hal_dma.o
 .debug_info    0x000069b9      0xe92 Drivers\STM32F3xx_HAL_Driver\Src\stm32f3xx_hal_flash.o
 .debug_info    0x0000784b      0xf9e Drivers\STM32F3xx_HAL_Driver\Src\stm32f3xx_hal_gpio.o
 .debug_info    0x000087e9     0x44aa Drivers\STM32F3xx_HAL_Driver\Src\stm32f3xx_hal_i2c.o
 .debug_info    0x0000cc93     0x1152 Drivers\STM32F3xx_HAL_Driver\Src\stm32f3xx_hal_i2c_ex.o
 .debug_info    0x0000dde5      0xdcc Drivers\STM32F3xx_HAL_Driver\Src\stm32f3xx_hal_pwr.o
 .debug_info    0x0000ebb1     0x1b46 Drivers\STM32F3xx_HAL_Driver\Src\stm32f3xx_hal_rcc.o
 .debug_info    0x000106f7      0xe93 Drivers\STM32F3xx_HAL_Driver\Src\stm32f3xx_hal_rcc_ex.o
 .debug_info    0x0001158a     0x18f6 Drivers\STM32F3xx_HAL_Driver\Src\stm32f3xx_hal_rtc.o
 .debug_info    0x00012e80     0x17ad Drivers\STM32F3xx_HAL_Driver\Src\stm32f3xx_hal_rtc_ex.o
 .debug_info    0x0001462d     0x227f Drivers\STM32F3xx_HAL_Driver\Src\stm32f3xx_hal_uart.o
 .debug_info    0x000168ac     0x1137 Drivers\STM32F3xx_HAL_Driver\Src\stm32f3xx_hal_uart_ex.o
 .debug_info    0x000179e3     0x202a Src\flash_memory.o
 .debug_info    0x00019a0d     0x1d70 Src\functions.o
 .debug_info    0x0001b77d     0x1b27 Src\heating_schedule.o
 .debug_info    0x0001d2a4     0x2612 Src\init_iqs263.o
 .debug_info    0x0001f8b6     0x1eb5 Src\initilize_peripherals.o
 .debug_info    0x0002176b     0x176d Src\liters_pumped.o
 .debug_info    0x00022ed8     0x2c78 Src\main.o
 .debug_info    0x00025b50     0x1fb6 Src\stm32f3xx_hal_msp.o
 .debug_info    0x00027b06     0x1aac Src\stm32f3xx_it.o
 .debug_info    0x000295b2      0xc24 Src\system_stm32f3xx.o
 .debug_info    0x0002a1d6     0x26d4 Src\uart_comms.o
 .debug_info    0x0002c8aa     0x1d96 Src\user_main.o
 .debug_info    0x0002e640     0x1324 Src\variables.o
 .debug_info    0x0002f964       0x82 startup\startup_stm32f334x8.o

.debug_abbrev   0x00000000     0x4b63
 .debug_abbrev  0x00000000      0x2b6 Drivers\STM32F3xx_HAL_Driver\Src\stm32f3xx_hal.o
 .debug_abbrev  0x000002b6      0x24f Drivers\STM32F3xx_HAL_Driver\Src\stm32f3xx_hal_adc.o
 .debug_abbrev  0x00000505      0x369 Drivers\STM32F3xx_HAL_Driver\Src\stm32f3xx_hal_adc_ex.o
 .debug_abbrev  0x0000086e      0x377 Drivers\STM32F3xx_HAL_Driver\Src\stm32f3xx_hal_cortex.o
 .debug_abbrev  0x00000be5      0x2b7 Drivers\STM32F3xx_HAL_Driver\Src\stm32f3xx_hal_dma.o
 .debug_abbrev  0x00000e9c      0x376 Drivers\STM32F3xx_HAL_Driver\Src\stm32f3xx_hal_flash.o
 .debug_abbrev  0x00001212      0x27a Drivers\STM32F3xx_HAL_Driver\Src\stm32f3xx_hal_gpio.o
 .debug_abbrev  0x0000148c      0x3ed Drivers\STM32F3xx_HAL_Driver\Src\stm32f3xx_hal_i2c.o
 .debug_abbrev  0x00001879      0x21b Drivers\STM32F3xx_HAL_Driver\Src\stm32f3xx_hal_i2c_ex.o
 .debug_abbrev  0x00001a94      0x205 Drivers\STM32F3xx_HAL_Driver\Src\stm32f3xx_hal_pwr.o
 .debug_abbrev  0x00001c99      0x357 Drivers\STM32F3xx_HAL_Driver\Src\stm32f3xx_hal_rcc.o
 .debug_abbrev  0x00001ff0      0x319 Drivers\STM32F3xx_HAL_Driver\Src\stm32f3xx_hal_rcc_ex.o
 .debug_abbrev  0x00002309      0x34a Drivers\STM32F3xx_HAL_Driver\Src\stm32f3xx_hal_rtc.o
 .debug_abbrev  0x00002653      0x2d8 Drivers\STM32F3xx_HAL_Driver\Src\stm32f3xx_hal_rtc_ex.o
 .debug_abbrev  0x0000292b      0x3b5 Drivers\STM32F3xx_HAL_Driver\Src\stm32f3xx_hal_uart.o
 .debug_abbrev  0x00002ce0      0x28c Drivers\STM32F3xx_HAL_Driver\Src\stm32f3xx_hal_uart_ex.o
 .debug_abbrev  0x00002f6c      0x22c Src\flash_memory.o
 .debug_abbrev  0x00003198      0x207 Src\functions.o
 .debug_abbrev  0x0000339f      0x215 Src\heating_schedule.o
 .debug_abbrev  0x000035b4      0x21f Src\init_iqs263.o
 .debug_abbrev  0x000037d3      0x212 Src\initilize_peripherals.o
 .debug_abbrev  0x000039e5      0x1ea Src\liters_pumped.o
 .debug_abbrev  0x00003bcf      0x2df Src\main.o
 .debug_abbrev  0x00003eae      0x2c3 Src\stm32f3xx_hal_msp.o
 .debug_abbrev  0x00004171      0x232 Src\stm32f3xx_it.o
 .debug_abbrev  0x000043a3      0x1cd Src\system_stm32f3xx.o
 .debug_abbrev  0x00004570      0x237 Src\uart_comms.o
 .debug_abbrev  0x000047a7      0x1fa Src\user_main.o
 .debug_abbrev  0x000049a1      0x1b0 Src\variables.o
 .debug_abbrev  0x00004b51       0x12 startup\startup_stm32f334x8.o

.debug_loc      0x00000000     0xcf93
 .debug_loc     0x00000000       0x69 Drivers\STM32F3xx_HAL_Driver\Src\stm32f3xx_hal.o
 .debug_loc     0x00000069      0x108 Drivers\STM32F3xx_HAL_Driver\Src\stm32f3xx_hal_adc.o
 .debug_loc     0x00000171     0x1c3c Drivers\STM32F3xx_HAL_Driver\Src\stm32f3xx_hal_adc_ex.o
 .debug_loc     0x00001dad      0x619 Drivers\STM32F3xx_HAL_Driver\Src\stm32f3xx_hal_cortex.o
 .debug_loc     0x000023c6      0x65a Drivers\STM32F3xx_HAL_Driver\Src\stm32f3xx_hal_dma.o
 .debug_loc     0x00002a20      0x2ed Drivers\STM32F3xx_HAL_Driver\Src\stm32f3xx_hal_flash.o
 .debug_loc     0x00002d0d      0x3ba Drivers\STM32F3xx_HAL_Driver\Src\stm32f3xx_hal_gpio.o
 .debug_loc     0x000030c7     0x533b Drivers\STM32F3xx_HAL_Driver\Src\stm32f3xx_hal_i2c.o
 .debug_loc     0x00008402      0x196 Drivers\STM32F3xx_HAL_Driver\Src\stm32f3xx_hal_i2c_ex.o
 .debug_loc     0x00008598       0x8d Drivers\STM32F3xx_HAL_Driver\Src\stm32f3xx_hal_pwr.o
 .debug_loc     0x00008625      0x908 Drivers\STM32F3xx_HAL_Driver\Src\stm32f3xx_hal_rcc.o
 .debug_loc     0x00008f2d      0x4dd Drivers\STM32F3xx_HAL_Driver\Src\stm32f3xx_hal_rcc_ex.o
 .debug_loc     0x0000940a     0x1095 Drivers\STM32F3xx_HAL_Driver\Src\stm32f3xx_hal_rtc.o
 .debug_loc     0x0000a49f      0xd39 Drivers\STM32F3xx_HAL_Driver\Src\stm32f3xx_hal_rtc_ex.o
 .debug_loc     0x0000b1d8     0x1770 Drivers\STM32F3xx_HAL_Driver\Src\stm32f3xx_hal_uart.o
 .debug_loc     0x0000c948      0x360 Drivers\STM32F3xx_HAL_Driver\Src\stm32f3xx_hal_uart_ex.o
 .debug_loc     0x0000cca8       0x48 Src\flash_memory.o
 .debug_loc     0x0000ccf0       0x21 Src\functions.o
 .debug_loc     0x0000cd11       0x1e Src\main.o
 .debug_loc     0x0000cd2f      0x13c Src\stm32f3xx_hal_msp.o
 .debug_loc     0x0000ce6b      0x109 Src\system_stm32f3xx.o
 .debug_loc     0x0000cf74       0x1f Src\uart_comms.o

.debug_aranges  0x00000000      0xe00
 .debug_aranges
                0x00000000       0xc0 Drivers\STM32F3xx_HAL_Driver\Src\stm32f3xx_hal.o
 .debug_aranges
                0x000000c0       0x60 Drivers\STM32F3xx_HAL_Driver\Src\stm32f3xx_hal_adc.o
 .debug_aranges
                0x00000120      0x150 Drivers\STM32F3xx_HAL_Driver\Src\stm32f3xx_hal_adc_ex.o
 .debug_aranges
                0x00000270       0x90 Drivers\STM32F3xx_HAL_Driver\Src\stm32f3xx_hal_cortex.o
 .debug_aranges
                0x00000300       0x78 Drivers\STM32F3xx_HAL_Driver\Src\stm32f3xx_hal_dma.o
 .debug_aranges
                0x00000378       0x78 Drivers\STM32F3xx_HAL_Driver\Src\stm32f3xx_hal_flash.o
 .debug_aranges
                0x000003f0       0x58 Drivers\STM32F3xx_HAL_Driver\Src\stm32f3xx_hal_gpio.o
 .debug_aranges
                0x00000448      0x1e8 Drivers\STM32F3xx_HAL_Driver\Src\stm32f3xx_hal_i2c.o
 .debug_aranges
                0x00000630       0x48 Drivers\STM32F3xx_HAL_Driver\Src\stm32f3xx_hal_i2c_ex.o
 .debug_aranges
                0x00000678       0x78 Drivers\STM32F3xx_HAL_Driver\Src\stm32f3xx_hal_pwr.o
 .debug_aranges
                0x000006f0       0x88 Drivers\STM32F3xx_HAL_Driver\Src\stm32f3xx_hal_rcc.o
 .debug_aranges
                0x00000778       0x30 Drivers\STM32F3xx_HAL_Driver\Src\stm32f3xx_hal_rcc_ex.o
 .debug_aranges
                0x000007a8       0xa8 Drivers\STM32F3xx_HAL_Driver\Src\stm32f3xx_hal_rtc.o
 .debug_aranges
                0x00000850      0x100 Drivers\STM32F3xx_HAL_Driver\Src\stm32f3xx_hal_rtc_ex.o
 .debug_aranges
                0x00000950      0x198 Drivers\STM32F3xx_HAL_Driver\Src\stm32f3xx_hal_uart.o
 .debug_aranges
                0x00000ae8       0x48 Drivers\STM32F3xx_HAL_Driver\Src\stm32f3xx_hal_uart_ex.o
 .debug_aranges
                0x00000b30       0x28 Src\flash_memory.o
 .debug_aranges
                0x00000b58       0x50 Src\functions.o
 .debug_aranges
                0x00000ba8       0x28 Src\heating_schedule.o
 .debug_aranges
                0x00000bd0       0x28 Src\init_iqs263.o
 .debug_aranges
                0x00000bf8       0x20 Src\initilize_peripherals.o
 .debug_aranges
                0x00000c18       0x20 Src\liters_pumped.o
 .debug_aranges
                0x00000c38       0x60 Src\main.o
 .debug_aranges
                0x00000c98       0x60 Src\stm32f3xx_hal_msp.o
 .debug_aranges
                0x00000cf8       0x60 Src\stm32f3xx_it.o
 .debug_aranges
                0x00000d58       0x28 Src\system_stm32f3xx.o
 .debug_aranges
                0x00000d80       0x20 Src\uart_comms.o
 .debug_aranges
                0x00000da0       0x20 Src\user_main.o
 .debug_aranges
                0x00000dc0       0x18 Src\variables.o
 .debug_aranges
                0x00000dd8       0x28 startup\startup_stm32f334x8.o

.debug_ranges   0x00000000     0x1d10
 .debug_ranges  0x00000000       0xb0 Drivers\STM32F3xx_HAL_Driver\Src\stm32f3xx_hal.o
 .debug_ranges  0x000000b0       0x50 Drivers\STM32F3xx_HAL_Driver\Src\stm32f3xx_hal_adc.o
 .debug_ranges  0x00000100      0x140 Drivers\STM32F3xx_HAL_Driver\Src\stm32f3xx_hal_adc_ex.o
 .debug_ranges  0x00000240      0x148 Drivers\STM32F3xx_HAL_Driver\Src\stm32f3xx_hal_cortex.o
 .debug_ranges  0x00000388      0x128 Drivers\STM32F3xx_HAL_Driver\Src\stm32f3xx_hal_dma.o
 .debug_ranges  0x000004b0       0xd8 Drivers\STM32F3xx_HAL_Driver\Src\stm32f3xx_hal_flash.o
 .debug_ranges  0x00000588       0x60 Drivers\STM32F3xx_HAL_Driver\Src\stm32f3xx_hal_gpio.o
 .debug_ranges  0x000005e8      0xa40 Drivers\STM32F3xx_HAL_Driver\Src\stm32f3xx_hal_i2c.o
 .debug_ranges  0x00001028       0x78 Drivers\STM32F3xx_HAL_Driver\Src\stm32f3xx_hal_i2c_ex.o
 .debug_ranges  0x000010a0       0x68 Drivers\STM32F3xx_HAL_Driver\Src\stm32f3xx_hal_pwr.o
 .debug_ranges  0x00001108      0x270 Drivers\STM32F3xx_HAL_Driver\Src\stm32f3xx_hal_rcc.o
 .debug_ranges  0x00001378       0xb0 Drivers\STM32F3xx_HAL_Driver\Src\stm32f3xx_hal_rcc_ex.o
 .debug_ranges  0x00001428      0x380 Drivers\STM32F3xx_HAL_Driver\Src\stm32f3xx_hal_rtc.o
 .debug_ranges  0x000017a8       0xf0 Drivers\STM32F3xx_HAL_Driver\Src\stm32f3xx_hal_rtc_ex.o
 .debug_ranges  0x00001898      0x1a0 Drivers\STM32F3xx_HAL_Driver\Src\stm32f3xx_hal_uart.o
 .debug_ranges  0x00001a38       0x38 Drivers\STM32F3xx_HAL_Driver\Src\stm32f3xx_hal_uart_ex.o
 .debug_ranges  0x00001a70       0x18 Src\flash_memory.o
 .debug_ranges  0x00001a88       0x40 Src\functions.o
 .debug_ranges  0x00001ac8       0x18 Src\heating_schedule.o
 .debug_ranges  0x00001ae0       0x18 Src\init_iqs263.o
 .debug_ranges  0x00001af8       0x10 Src\initilize_peripherals.o
 .debug_ranges  0x00001b08       0x10 Src\liters_pumped.o
 .debug_ranges  0x00001b18       0x50 Src\main.o
 .debug_ranges  0x00001b68      0x100 Src\stm32f3xx_hal_msp.o
 .debug_ranges  0x00001c68       0x50 Src\stm32f3xx_it.o
 .debug_ranges  0x00001cb8       0x18 Src\system_stm32f3xx.o
 .debug_ranges  0x00001cd0       0x10 Src\uart_comms.o
 .debug_ranges  0x00001ce0       0x10 Src\user_main.o
 .debug_ranges  0x00001cf0       0x20 startup\startup_stm32f334x8.o

.debug_macro    0x00000000    0x21a72
 .debug_macro   0x00000000      0x356 Drivers\STM32F3xx_HAL_Driver\Src\stm32f3xx_hal.o
 .debug_macro   0x00000356      0x8b6 Drivers\STM32F3xx_HAL_Driver\Src\stm32f3xx_hal.o
 .debug_macro   0x00000c0c      0x148 Drivers\STM32F3xx_HAL_Driver\Src\stm32f3xx_hal.o
 .debug_macro   0x00000d54       0xab Drivers\STM32F3xx_HAL_Driver\Src\stm32f3xx_hal.o
 .debug_macro   0x00000dff       0x2f Drivers\STM32F3xx_HAL_Driver\Src\stm32f3xx_hal.o
 .debug_macro   0x00000e2e       0x28 Drivers\STM32F3xx_HAL_Driver\Src\stm32f3xx_hal.o
 .debug_macro   0x00000e56       0x22 Drivers\STM32F3xx_HAL_Driver\Src\stm32f3xx_hal.o
 .debug_macro   0x00000e78       0x87 Drivers\STM32F3xx_HAL_Driver\Src\stm32f3xx_hal.o
 .debug_macro   0x00000eff       0x51 Drivers\STM32F3xx_HAL_Driver\Src\stm32f3xx_hal.o
 .debug_macro   0x00000f50       0xef Drivers\STM32F3xx_HAL_Driver\Src\stm32f3xx_hal.o
 .debug_macro   0x0000103f       0x6a Drivers\STM32F3xx_HAL_Driver\Src\stm32f3xx_hal.o
 .debug_macro   0x000010a9      0x1df Drivers\STM32F3xx_HAL_Driver\Src\stm32f3xx_hal.o
 .debug_macro   0x00001288       0x35 Drivers\STM32F3xx_HAL_Driver\Src\stm32f3xx_hal.o
 .debug_macro   0x000012bd       0x50 Drivers\STM32F3xx_HAL_Driver\Src\stm32f3xx_hal.o
 .debug_macro   0x0000130d      0xd40 Drivers\STM32F3xx_HAL_Driver\Src\stm32f3xx_hal.o
 .debug_macro   0x0000204d    0x15472 Drivers\STM32F3xx_HAL_Driver\Src\stm32f3xx_hal.o
 .debug_macro   0x000174bf       0x43 Drivers\STM32F3xx_HAL_Driver\Src\stm32f3xx_hal.o
 .debug_macro   0x00017502       0x46 Drivers\STM32F3xx_HAL_Driver\Src\stm32f3xx_hal.o
 .debug_macro   0x00017548       0x3c Drivers\STM32F3xx_HAL_Driver\Src\stm32f3xx_hal.o
 .debug_macro   0x00017584       0x9c Drivers\STM32F3xx_HAL_Driver\Src\stm32f3xx_hal.o
 .debug_macro   0x00017620       0x16 Drivers\STM32F3xx_HAL_Driver\Src\stm32f3xx_hal.o
 .debug_macro   0x00017636       0x97 Drivers\STM32F3xx_HAL_Driver\Src\stm32f3xx_hal.o
 .debug_macro   0x000176cd      0x30d Drivers\STM32F3xx_HAL_Driver\Src\stm32f3xx_hal.o
 .debug_macro   0x000179da       0xfd Drivers\STM32F3xx_HAL_Driver\Src\stm32f3xx_hal.o
 .debug_macro   0x00017ad7       0x10 Drivers\STM32F3xx_HAL_Driver\Src\stm32f3xx_hal.o
 .debug_macro   0x00017ae7       0x52 Drivers\STM32F3xx_HAL_Driver\Src\stm32f3xx_hal.o
 .debug_macro   0x00017b39       0x1f Drivers\STM32F3xx_HAL_Driver\Src\stm32f3xx_hal.o
 .debug_macro   0x00017b58       0x43 Drivers\STM32F3xx_HAL_Driver\Src\stm32f3xx_hal.o
 .debug_macro   0x00017b9b       0x20 Drivers\STM32F3xx_HAL_Driver\Src\stm32f3xx_hal.o
 .debug_macro   0x00017bbb      0x1a3 Drivers\STM32F3xx_HAL_Driver\Src\stm32f3xx_hal.o
 .debug_macro   0x00017d5e       0x10 Drivers\STM32F3xx_HAL_Driver\Src\stm32f3xx_hal.o
 .debug_macro   0x00017d6e       0x1c Drivers\STM32F3xx_HAL_Driver\Src\stm32f3xx_hal.o
 .debug_macro   0x00017d8a       0x52 Drivers\STM32F3xx_HAL_Driver\Src\stm32f3xx_hal.o
 .debug_macro   0x00017ddc       0x40 Drivers\STM32F3xx_HAL_Driver\Src\stm32f3xx_hal.o
 .debug_macro   0x00017e1c       0x10 Drivers\STM32F3xx_HAL_Driver\Src\stm32f3xx_hal.o
 .debug_macro   0x00017e2c       0x40 Drivers\STM32F3xx_HAL_Driver\Src\stm32f3xx_hal.o
 .debug_macro   0x00017e6c       0xd7 Drivers\STM32F3xx_HAL_Driver\Src\stm32f3xx_hal.o
 .debug_macro   0x00017f43       0x16 Drivers\STM32F3xx_HAL_Driver\Src\stm32f3xx_hal.o
 .debug_macro   0x00017f59      0x161 Drivers\STM32F3xx_HAL_Driver\Src\stm32f3xx_hal.o
 .debug_macro   0x000180ba       0x49 Drivers\STM32F3xx_HAL_Driver\Src\stm32f3xx_hal.o
 .debug_macro   0x00018103      0x8ff Drivers\STM32F3xx_HAL_Driver\Src\stm32f3xx_hal.o
 .debug_macro   0x00018a02      0x358 Drivers\STM32F3xx_HAL_Driver\Src\stm32f3xx_hal.o
 .debug_macro   0x00018d5a      0x13a Drivers\STM32F3xx_HAL_Driver\Src\stm32f3xx_hal.o
 .debug_macro   0x00018e94      0x130 Drivers\STM32F3xx_HAL_Driver\Src\stm32f3xx_hal.o
 .debug_macro   0x00018fc4      0x1bc Drivers\STM32F3xx_HAL_Driver\Src\stm32f3xx_hal.o
 .debug_macro   0x00019180       0x34 Drivers\STM32F3xx_HAL_Driver\Src\stm32f3xx_hal.o
 .debug_macro   0x000191b4       0x3c Drivers\STM32F3xx_HAL_Driver\Src\stm32f3xx_hal.o
 .debug_macro   0x000191f0       0x57 Drivers\STM32F3xx_HAL_Driver\Src\stm32f3xx_hal.o
 .debug_macro   0x00019247      0x84c Drivers\STM32F3xx_HAL_Driver\Src\stm32f3xx_hal.o
 .debug_macro   0x00019a93       0x77 Drivers\STM32F3xx_HAL_Driver\Src\stm32f3xx_hal.o
 .debug_macro   0x00019b0a       0xcb Drivers\STM32F3xx_HAL_Driver\Src\stm32f3xx_hal.o
 .debug_macro   0x00019bd5      0x1a0 Drivers\STM32F3xx_HAL_Driver\Src\stm32f3xx_hal.o
 .debug_macro   0x00019d75      0x202 Drivers\STM32F3xx_HAL_Driver\Src\stm32f3xx_hal.o
 .debug_macro   0x00019f77       0x5b Drivers\STM32F3xx_HAL_Driver\Src\stm32f3xx_hal.o
 .debug_macro   0x00019fd2       0x90 Drivers\STM32F3xx_HAL_Driver\Src\stm32f3xx_hal.o
 .debug_macro   0x0001a062       0x82 Drivers\STM32F3xx_HAL_Driver\Src\stm32f3xx_hal.o
 .debug_macro   0x0001a0e4       0xd3 Drivers\STM32F3xx_HAL_Driver\Src\stm32f3xx_hal.o
 .debug_macro   0x0001a1b7      0x2fe Drivers\STM32F3xx_HAL_Driver\Src\stm32f3xx_hal.o
 .debug_macro   0x0001a4b5      0x388 Drivers\STM32F3xx_HAL_Driver\Src\stm32f3xx_hal.o
 .debug_macro   0x0001a83d       0xeb Drivers\STM32F3xx_HAL_Driver\Src\stm32f3xx_hal.o
 .debug_macro   0x0001a928      0x566 Drivers\STM32F3xx_HAL_Driver\Src\stm32f3xx_hal.o
 .debug_macro   0x0001ae8e       0x31 Drivers\STM32F3xx_HAL_Driver\Src\stm32f3xx_hal.o
 .debug_macro   0x0001aebf      0x298 Drivers\STM32F3xx_HAL_Driver\Src\stm32f3xx_hal.o
 .debug_macro   0x0001b157      0x333 Drivers\STM32F3xx_HAL_Driver\Src\stm32f3xx_hal_adc.o
 .debug_macro   0x0001b48a      0x35c Drivers\STM32F3xx_HAL_Driver\Src\stm32f3xx_hal_adc_ex.o
 .debug_macro   0x0001b7e6      0x332 Drivers\STM32F3xx_HAL_Driver\Src\stm32f3xx_hal_cortex.o
 .debug_macro   0x0001bb18      0x332 Drivers\STM32F3xx_HAL_Driver\Src\stm32f3xx_hal_dma.o
 .debug_macro   0x0001be4a      0x332 Drivers\STM32F3xx_HAL_Driver\Src\stm32f3xx_hal_flash.o
 .debug_macro   0x0001c17c      0x36a Drivers\STM32F3xx_HAL_Driver\Src\stm32f3xx_hal_gpio.o
 .debug_macro   0x0001c4e6      0x3fe Drivers\STM32F3xx_HAL_Driver\Src\stm32f3xx_hal_i2c.o
 .debug_macro   0x0001c8e4      0x332 Drivers\STM32F3xx_HAL_Driver\Src\stm32f3xx_hal_i2c_ex.o
 .debug_macro   0x0001cc16      0x332 Drivers\STM32F3xx_HAL_Driver\Src\stm32f3xx_hal_pwr.o
 .debug_macro   0x0001cf48      0x356 Drivers\STM32F3xx_HAL_Driver\Src\stm32f3xx_hal_rcc.o
 .debug_macro   0x0001d29e      0x332 Drivers\STM32F3xx_HAL_Driver\Src\stm32f3xx_hal_rcc_ex.o
 .debug_macro   0x0001d5d0      0x333 Drivers\STM32F3xx_HAL_Driver\Src\stm32f3xx_hal_rtc.o
 .debug_macro   0x0001d903      0x332 Drivers\STM32F3xx_HAL_Driver\Src\stm32f3xx_hal_rtc_ex.o
 .debug_macro   0x0001dc35      0x33a Drivers\STM32F3xx_HAL_Driver\Src\stm32f3xx_hal_uart.o
 .debug_macro   0x0001df6f      0x332 Drivers\STM32F3xx_HAL_Driver\Src\stm32f3xx_hal_uart_ex.o
 .debug_macro   0x0001e2a1      0x3b0 Src\flash_memory.o
 .debug_macro   0x0001e651      0x3b0 Src\functions.o
 .debug_macro   0x0001ea01      0x3b0 Src\heating_schedule.o
 .debug_macro   0x0001edb1      0x3b0 Src\init_iqs263.o
 .debug_macro   0x0001f161      0x3b0 Src\initilize_peripherals.o
 .debug_macro   0x0001f511      0x3b0 Src\liters_pumped.o
 .debug_macro   0x0001f8c1      0x3c0 Src\main.o
 .debug_macro   0x0001fc81      0x332 Src\stm32f3xx_hal_msp.o
 .debug_macro   0x0001ffb3      0x3b3 Src\stm32f3xx_it.o
 .debug_macro   0x00020366      0x338 Src\system_stm32f3xx.o
 .debug_macro   0x0002069e      0x3b5 Src\uart_comms.o
 .debug_macro   0x00020a53      0x8c2 Src\uart_comms.o
 .debug_macro   0x00021315      0x3c0 Src\user_main.o
 .debug_macro   0x000216d5      0x39d Src\variables.o

.debug_line     0x00000000    0x12ffd
 .debug_line    0x00000000      0x86a Drivers\STM32F3xx_HAL_Driver\Src\stm32f3xx_hal.o
 .debug_line    0x0000086a      0x788 Drivers\STM32F3xx_HAL_Driver\Src\stm32f3xx_hal_adc.o
 .debug_line    0x00000ff2     0x1668 Drivers\STM32F3xx_HAL_Driver\Src\stm32f3xx_hal_adc_ex.o
 .debug_line    0x0000265a      0x8d3 Drivers\STM32F3xx_HAL_Driver\Src\stm32f3xx_hal_cortex.o
 .debug_line    0x00002f2d      0xa63 Drivers\STM32F3xx_HAL_Driver\Src\stm32f3xx_hal_dma.o
 .debug_line    0x00003990      0x911 Drivers\STM32F3xx_HAL_Driver\Src\stm32f3xx_hal_flash.o
 .debug_line    0x000042a1      0x8a2 Drivers\STM32F3xx_HAL_Driver\Src\stm32f3xx_hal_gpio.o
 .debug_line    0x00004b43     0x1fcc Drivers\STM32F3xx_HAL_Driver\Src\stm32f3xx_hal_i2c.o
 .debug_line    0x00006b0f      0x896 Drivers\STM32F3xx_HAL_Driver\Src\stm32f3xx_hal_i2c_ex.o
 .debug_line    0x000073a5      0x7e7 Drivers\STM32F3xx_HAL_Driver\Src\stm32f3xx_hal_pwr.o
 .debug_line    0x00007b8c      0xcdc Drivers\STM32F3xx_HAL_Driver\Src\stm32f3xx_hal_rcc.o
 .debug_line    0x00008868      0x8ba Drivers\STM32F3xx_HAL_Driver\Src\stm32f3xx_hal_rcc_ex.o
 .debug_line    0x00009122      0xcdc Drivers\STM32F3xx_HAL_Driver\Src\stm32f3xx_hal_rtc.o
 .debug_line    0x00009dfe      0xfac Drivers\STM32F3xx_HAL_Driver\Src\stm32f3xx_hal_rtc_ex.o
 .debug_line    0x0000adaa     0x1341 Drivers\STM32F3xx_HAL_Driver\Src\stm32f3xx_hal_uart.o
 .debug_line    0x0000c0eb      0x851 Drivers\STM32F3xx_HAL_Driver\Src\stm32f3xx_hal_uart_ex.o
 .debug_line    0x0000c93c      0x7af Src\flash_memory.o
 .debug_line    0x0000d0eb      0x7a1 Src\functions.o
 .debug_line    0x0000d88c      0x80e Src\heating_schedule.o
 .debug_line    0x0000e09a      0x8a3 Src\init_iqs263.o
 .debug_line    0x0000e93d      0x799 Src\initilize_peripherals.o
 .debug_line    0x0000f0d6      0x74e Src\liters_pumped.o
 .debug_line    0x0000f824      0x89e Src\main.o
 .debug_line    0x000100c2      0x83a Src\stm32f3xx_hal_msp.o
 .debug_line    0x000108fc      0x7df Src\stm32f3xx_it.o
 .debug_line    0x000110db      0x71f Src\system_stm32f3xx.o
 .debug_line    0x000117fa      0x8ee Src\uart_comms.o
 .debug_line    0x000120e8      0x776 Src\user_main.o
 .debug_line    0x0001285e      0x720 Src\variables.o
 .debug_line    0x00012f7e       0x7f startup\startup_stm32f334x8.o

.debug_str      0x00000000    0xab030
 .debug_str     0x00000000    0xa559f Drivers\STM32F3xx_HAL_Driver\Src\stm32f3xx_hal.o
                              0xa5906 (size before relaxing)
 .debug_str     0x000a559f      0x603 Drivers\STM32F3xx_HAL_Driver\Src\stm32f3xx_hal_adc.o
                              0xa5849 (size before relaxing)
 .debug_str     0x000a5ba2      0x72b Drivers\STM32F3xx_HAL_Driver\Src\stm32f3xx_hal_adc_ex.o
                              0xa5f3f (size before relaxing)
 .debug_str     0x000a62cd      0x2af Drivers\STM32F3xx_HAL_Driver\Src\stm32f3xx_hal_cortex.o
                              0xa58ce (size before relaxing)
 .debug_str     0x000a657c      0x229 Drivers\STM32F3xx_HAL_Driver\Src\stm32f3xx_hal_dma.o
                              0xa55c3 (size before relaxing)
 .debug_str     0x000a67a5      0x29b Drivers\STM32F3xx_HAL_Driver\Src\stm32f3xx_hal_flash.o
                              0xa54b6 (size before relaxing)
 .debug_str     0x000a6a40      0x2c4 Drivers\STM32F3xx_HAL_Driver\Src\stm32f3xx_hal_gpio.o
                              0xa551b (size before relaxing)
 .debug_str     0x000a6d04      0xfdd Drivers\STM32F3xx_HAL_Driver\Src\stm32f3xx_hal_i2c.o
                              0xa63cf (size before relaxing)
 .debug_str     0x000a7ce1       0xf3 Drivers\STM32F3xx_HAL_Driver\Src\stm32f3xx_hal_i2c_ex.o
                              0xa57fa (size before relaxing)
 .debug_str     0x000a7dd4      0x19f Drivers\STM32F3xx_HAL_Driver\Src\stm32f3xx_hal_pwr.o
                              0xa5384 (size before relaxing)
 .debug_str     0x000a7f73      0x3e7 Drivers\STM32F3xx_HAL_Driver\Src\stm32f3xx_hal_rcc.o
                              0xa56b3 (size before relaxing)
 .debug_str     0x000a835a      0x194 Drivers\STM32F3xx_HAL_Driver\Src\stm32f3xx_hal_rcc_ex.o
                              0xa540d (size before relaxing)
 .debug_str     0x000a84ee      0x42c Drivers\STM32F3xx_HAL_Driver\Src\stm32f3xx_hal_rtc.o
                              0xa568e (size before relaxing)
 .debug_str     0x000a891a      0x509 Drivers\STM32F3xx_HAL_Driver\Src\stm32f3xx_hal_rtc_ex.o
                              0xa5998 (size before relaxing)
 .debug_str     0x000a8e23      0x988 Drivers\STM32F3xx_HAL_Driver\Src\stm32f3xx_hal_uart.o
                              0xa5e49 (size before relaxing)
 .debug_str     0x000a97ab       0xed Drivers\STM32F3xx_HAL_Driver\Src\stm32f3xx_hal_uart_ex.o
                              0xa57d4 (size before relaxing)
 .debug_str     0x000a9898     0x1213 Src\flash_memory.o
                              0xa6cc4 (size before relaxing)
 .debug_str     0x000aaaab       0xdc Src\functions.o
                              0xa6feb (size before relaxing)
 .debug_str     0x000aab87       0x3d Src\heating_schedule.o
                              0xa6ce7 (size before relaxing)
 .debug_str     0x000aabc4       0x63 Src\init_iqs263.o
                              0xa701e (size before relaxing)
 .debug_str     0x000aac27       0x3f Src\initilize_peripherals.o
                              0xa6ce0 (size before relaxing)
 .debug_str     0x000aac66       0x25 Src\liters_pumped.o
                              0xa6afc (size before relaxing)
 .debug_str     0x000aac8b       0xe9 Src\main.o
                              0xa78aa (size before relaxing)
 .debug_str     0x000aad74       0x1b Src\stm32f3xx_hal_msp.o
                              0xa6193 (size before relaxing)
 .debug_str     0x000aad8f       0xdc Src\stm32f3xx_it.o
                              0xa6adc (size before relaxing)
 .debug_str     0x000aae6b       0x64 Src\system_stm32f3xx.o
                              0xa524c (size before relaxing)
 .debug_str     0x000aaecf      0x134 Src\uart_comms.o
                              0xa6d67 (size before relaxing)
 .debug_str     0x000ab003       0x13 Src\user_main.o
                              0xa6fd2 (size before relaxing)
 .debug_str     0x000ab016       0x1a Src\variables.o
                              0xa60c8 (size before relaxing)

.comment        0x00000000       0x7c
 .comment       0x00000000       0x7c Drivers\STM32F3xx_HAL_Driver\Src\stm32f3xx_hal.o
                                 0x7d (size before relaxing)