Archive member included to satisfy reference by file (symbol)

c:/program files (x86)/atollic/truestudio for arm 8.0.0/armtools/bin/../lib/gcc/arm-atollic-eabi/6.3.1/../../../../arm-atollic-eabi/lib/armv7e-m/fpu\libc_nano.a(lib_a-calloc.o)
                              Src\initilize_peripherals.o (calloc)
c:/program files (x86)/atollic/truestudio for arm 8.0.0/armtools/bin/../lib/gcc/arm-atollic-eabi/6.3.1/../../../../arm-atollic-eabi/lib/armv7e-m/fpu\libc_nano.a(lib_a-impure.o)
                              c:/program files (x86)/atollic/truestudio for arm 8.0.0/armtools/bin/../lib/gcc/arm-atollic-eabi/6.3.1/../../../../arm-atollic-eabi/lib/armv7e-m/fpu\libc_nano.a(lib_a-calloc.o) (_impure_ptr)
c:/program files (x86)/atollic/truestudio for arm 8.0.0/armtools/bin/../lib/gcc/arm-atollic-eabi/6.3.1/../../../../arm-atollic-eabi/lib/armv7e-m/fpu\libc_nano.a(lib_a-init.o)
                              startup\startup_stm32f334x8.o (__libc_init_array)
c:/program files (x86)/atollic/truestudio for arm 8.0.0/armtools/bin/../lib/gcc/arm-atollic-eabi/6.3.1/../../../../arm-atollic-eabi/lib/armv7e-m/fpu\libc_nano.a(lib_a-itoa.o)
                              Src\flash_memory.o (itoa)
c:/program files (x86)/atollic/truestudio for arm 8.0.0/armtools/bin/../lib/gcc/arm-atollic-eabi/6.3.1/../../../../arm-atollic-eabi/lib/armv7e-m/fpu\libc_nano.a(lib_a-malloc.o)
                              Src\initilize_peripherals.o (malloc)
c:/program files (x86)/atollic/truestudio for arm 8.0.0/armtools/bin/../lib/gcc/arm-atollic-eabi/6.3.1/../../../../arm-atollic-eabi/lib/armv7e-m/fpu\libc_nano.a(lib_a-memcpy-stub.o)
                              Src\flash_memory.o (memcpy)
c:/program files (x86)/atollic/truestudio for arm 8.0.0/armtools/bin/../lib/gcc/arm-atollic-eabi/6.3.1/../../../../arm-atollic-eabi/lib/armv7e-m/fpu\libc_nano.a(lib_a-memset.o)
                              Src\flash_memory.o (memset)
c:/program files (x86)/atollic/truestudio for arm 8.0.0/armtools/bin/../lib/gcc/arm-atollic-eabi/6.3.1/../../../../arm-atollic-eabi/lib/armv7e-m/fpu\libc_nano.a(lib_a-nano-callocr.o)
                              c:/program files (x86)/atollic/truestudio for arm 8.0.0/armtools/bin/../lib/gcc/arm-atollic-eabi/6.3.1/../../../../arm-atollic-eabi/lib/armv7e-m/fpu\libc_nano.a(lib_a-calloc.o) (_calloc_r)
c:/program files (x86)/atollic/truestudio for arm 8.0.0/armtools/bin/../lib/gcc/arm-atollic-eabi/6.3.1/../../../../arm-atollic-eabi/lib/armv7e-m/fpu\libc_nano.a(lib_a-nano-freer.o)
                              c:/program files (x86)/atollic/truestudio for arm 8.0.0/armtools/bin/../lib/gcc/arm-atollic-eabi/6.3.1/../../../../arm-atollic-eabi/lib/armv7e-m/fpu\libc_nano.a(lib_a-malloc.o) (_free_r)
c:/program files (x86)/atollic/truestudio for arm 8.0.0/armtools/bin/../lib/gcc/arm-atollic-eabi/6.3.1/../../../../arm-atollic-eabi/lib/armv7e-m/fpu\libc_nano.a(lib_a-nano-mallocr.o)
                              c:/program files (x86)/atollic/truestudio for arm 8.0.0/armtools/bin/../lib/gcc/arm-atollic-eabi/6.3.1/../../../../arm-atollic-eabi/lib/armv7e-m/fpu\libc_nano.a(lib_a-malloc.o) (_malloc_r)
c:/program files (x86)/atollic/truestudio for arm 8.0.0/armtools/bin/../lib/gcc/arm-atollic-eabi/6.3.1/../../../../arm-atollic-eabi/lib/armv7e-m/fpu\libc_nano.a(lib_a-sbrkr.o)
                              c:/program files (x86)/atollic/truestudio for arm 8.0.0/armtools/bin/../lib/gcc/arm-atollic-eabi/6.3.1/../../../../arm-atollic-eabi/lib/armv7e-m/fpu\libc_nano.a(lib_a-nano-mallocr.o) (_sbrk_r)
c:/program files (x86)/atollic/truestudio for arm 8.0.0/armtools/bin/../lib/gcc/arm-atollic-eabi/6.3.1/../../../../arm-atollic-eabi/lib/armv7e-m/fpu\libc_nano.a(lib_a-sprintf.o)
                              Src\adc_comms.o (sprintf)
c:/program files (x86)/atollic/truestudio for arm 8.0.0/armtools/bin/../lib/gcc/arm-atollic-eabi/6.3.1/../../../../arm-atollic-eabi/lib/armv7e-m/fpu\libc_nano.a(lib_a-strlen.o)
                              Src\flash_memory.o (strlen)
c:/program files (x86)/atollic/truestudio for arm 8.0.0/armtools/bin/../lib/gcc/arm-atollic-eabi/6.3.1/../../../../arm-atollic-eabi/lib/armv7e-m/fpu\libc_nano.a(lib_a-strtok.o)
                              Src\uart_comms.o (strtok)
c:/program files (x86)/atollic/truestudio for arm 8.0.0/armtools/bin/../lib/gcc/arm-atollic-eabi/6.3.1/../../../../arm-atollic-eabi/lib/armv7e-m/fpu\libc_nano.a(lib_a-strtok_r.o)
                              c:/program files (x86)/atollic/truestudio for arm 8.0.0/armtools/bin/../lib/gcc/arm-atollic-eabi/6.3.1/../../../../arm-atollic-eabi/lib/armv7e-m/fpu\libc_nano.a(lib_a-strtok.o) (__strtok_r)
c:/program files (x86)/atollic/truestudio for arm 8.0.0/armtools/bin/../lib/gcc/arm-atollic-eabi/6.3.1/../../../../arm-atollic-eabi/lib/armv7e-m/fpu\libc_nano.a(lib_a-strtol.o)
                              Src\uart_comms.o (strtol)
[...]
Memory Configuration

Name             Origin             Length             Attributes
RAM              0x20000000         0x00003000         xrw
CCMRAM           0x10000000         0x00001000         rw
FLASH            0x08000000         0x00010000         xr
*default*        0x00000000         0xffffffff

Linker script and memory map

LOAD c:/program files (x86)/atollic/truestudio for arm 8.0.0/armtools/bin/../lib/gcc/arm-atollic-eabi/6.3.1/armv7e-m/fpu/crti.o
LOAD c:/program files (x86)/atollic/truestudio for arm 8.0.0/armtools/bin/../lib/gcc/arm-atollic-eabi/6.3.1/armv7e-m/fpu/crtbegin.o
LOAD Drivers\STM32F3xx_HAL_Driver\Src\stm32f3xx_hal.o
LOAD Drivers\STM32F3xx_HAL_Driver\Src\stm32f3xx_hal_adc.o
LOAD Drivers\STM32F3xx_HAL_Driver\Src\stm32f3xx_hal_adc_ex.o
LOAD Drivers\STM32F3xx_HAL_Driver\Src\stm32f3xx_hal_cortex.o
LOAD Drivers\STM32F3xx_HAL_Driver\Src\stm32f3xx_hal_dma.o
LOAD Drivers\STM32F3xx_HAL_Driver\Src\stm32f3xx_hal_flash.o
LOAD Drivers\STM32F3xx_HAL_Driver\Src\stm32f3xx_hal_flash_ex.o
LOAD Drivers\STM32F3xx_HAL_Driver\Src\stm32f3xx_hal_gpio.o
LOAD Drivers\STM32F3xx_HAL_Driver\Src\stm32f3xx_hal_i2c.o
LOAD Drivers\STM32F3xx_HAL_Driver\Src\stm32f3xx_hal_i2c_ex.o
LOAD Drivers\STM32F3xx_HAL_Driver\Src\stm32f3xx_hal_pwr.o
LOAD Drivers\STM32F3xx_HAL_Driver\Src\stm32f3xx_hal_pwr_ex.o
LOAD Drivers\STM32F3xx_HAL_Driver\Src\stm32f3xx_hal_rcc.o
LOAD Drivers\STM32F3xx_HAL_Driver\Src\stm32f3xx_hal_rcc_ex.o
LOAD Drivers\STM32F3xx_HAL_Driver\Src\stm32f3xx_hal_rtc.o
LOAD Drivers\STM32F3xx_HAL_Driver\Src\stm32f3xx_hal_rtc_ex.o
LOAD Drivers\STM32F3xx_HAL_Driver\Src\stm32f3xx_hal_tim.o
LOAD Drivers\STM32F3xx_HAL_Driver\Src\stm32f3xx_hal_tim_ex.o
LOAD Drivers\STM32F3xx_HAL_Driver\Src\stm32f3xx_hal_uart.o
LOAD Drivers\STM32F3xx_HAL_Driver\Src\stm32f3xx_hal_uart_ex.o
LOAD Src\adc_comms.o
LOAD Src\flash_memory.o
LOAD Src\functions.o
LOAD Src\heating_schedule.o
LOAD Src\init_iqs263.o
LOAD Src\initilize_peripherals.o
LOAD Src\liters_pumped.o
LOAD Src\main.o
LOAD Src\seven_segment.o
LOAD Src\seven_segment_display.o
LOAD Src\stm32f3xx_hal_msp.o
LOAD Src\stm32f3xx_it.o
LOAD Src\system_stm32f3xx.o
LOAD Src\uart_comms.o
LOAD Src\user_main.o
LOAD Src\variables.o
LOAD startup\startup_stm32f334x8.o
                0x00000080                malloc_getpagesize_P = 0x80
START GROUP
LOAD c:/program files (x86)/atollic/truestudio for arm 8.0.0/armtools/bin/../lib/gcc/arm-atollic-eabi/6.3.1/../../../../arm-atollic-eabi/lib/armv7e-m/fpu\libc_nano.a
LOAD c:/program files (x86)/atollic/truestudio for arm 8.0.0/armtools/bin/../lib/gcc/arm-atollic-eabi/6.3.1/../../../../arm-atollic-eabi/lib/armv7e-m/fpu\libm.a
END GROUP
START GROUP
LOAD c:/program files (x86)/atollic/truestudio for arm 8.0.0/armtools/bin/../lib/gcc/arm-atollic-eabi/6.3.1/armv7e-m/fpu\libgcc.a
LOAD c:/program files (x86)/atollic/truestudio for arm 8.0.0/armtools/bin/../lib/gcc/arm-atollic-eabi/6.3.1/../../../../arm-atollic-eabi/lib/armv7e-m/fpu\libc_nano.a
END GROUP
START GROUP
LOAD c:/program files (x86)/atollic/truestudio for arm 8.0.0/armtools/bin/../lib/gcc/arm-atollic-eabi/6.3.1/armv7e-m/fpu\libgcc.a
LOAD c:/program files (x86)/atollic/truestudio for arm 8.0.0/armtools/bin/../lib/gcc/arm-atollic-eabi/6.3.1/../../../../arm-atollic-eabi/lib/armv7e-m/fpu\libc_nano.a
LOAD c:/program files (x86)/atollic/truestudio for arm 8.0.0/armtools/bin/../lib/gcc/arm-atollic-eabi/6.3.1/../../../../arm-atollic-eabi/lib/armv7e-m/fpu\libnosys.a
END GROUP
START GROUP
LOAD c:/program files (x86)/atollic/truestudio for arm 8.0.0/armtools/bin/../lib/gcc/arm-atollic-eabi/6.3.1/armv7e-m/fpu\libgcc.a
LOAD c:/program files (x86)/atollic/truestudio for arm 8.0.0/armtools/bin/../lib/gcc/arm-atollic-eabi/6.3.1/../../../../arm-atollic-eabi/lib/armv7e-m/fpu\libc_nano.a
LOAD c:/program files (x86)/atollic/truestudio for arm 8.0.0/armtools/bin/../lib/gcc/arm-atollic-eabi/6.3.1/../../../../arm-atollic-eabi/lib/armv7e-m/fpu\libnosys.a
END GROUP
LOAD c:/program files (x86)/atollic/truestudio for arm 8.0.0/armtools/bin/../lib/gcc/arm-atollic-eabi/6.3.1/armv7e-m/fpu/crtend.o
LOAD c:/program files (x86)/atollic/truestudio for arm 8.0.0/armtools/bin/../lib/gcc/arm-atollic-eabi/6.3.1/armv7e-m/fpu/crtn.o
                0x20003000                _estack = 0x20003000
                0x00000200                _Min_Heap_Size = 0x200
                0x00000400                _Min_Stack_Size = 0x400

.isr_vector     0x08000000      0x188
                0x08000000                . = ALIGN (0x4)
 *(.isr_vector)
 .isr_vector    0x08000000      0x188 startup\startup_stm32f334x8.o
                0x08000000                g_pfnVectors
                0x08000188                . = ALIGN (0x4)

.text           0x08000190     0x71b0
                0x08000190                . = ALIGN (0x4)
 *(.text)
 .text          0x08000190       0x40 c:/program files (x86)/atollic/truestudio for arm 8.0.0/armtools/bin/../lib/gcc/arm-atollic-eabi/6.3.1/armv7e-m/fpu/crtbegin.o
 .text          0x080001d0       0x10 c:/program files (x86)/atollic/truestudio for arm 8.0.0/armtools/bin/../lib/gcc/arm-atollic-eabi/6.3.1/../../../../arm-atollic-eabi/lib/armv7e-m/fpu\libc_nano.a(lib_a-strlen.o)
                0x080001d0                strlen
 .text          0x080001e0       0xa0 c:/program files (x86)/atollic/truestudio for arm 8.0.0/armtools/bin/../lib/gcc/arm-atollic-eabi/6.3.1/../../../../arm-atollic-eabi/lib/armv7e-m/fpu\libc_nano.a(lib_a-memchr.o)
                0x080001e0                memchr
 .text          0x08000280      0x21c c:/program files (x86)/atollic/truestudio for arm 8.0.0/armtools/bin/../lib/gcc/arm-atollic-eabi/6.3.1/armv7e-m/fpu\libgcc.a(_arm_addsubsf3.o)
                0x08000280                __aeabi_frsub
                0x08000288                __subsf3
                0x08000288                __aeabi_fsub
                0x0800028c                __aeabi_fadd
                0x0800028c                __addsf3
                0x080003ec                __aeabi_ui2f
                0x080003ec                __floatunsisf
                0x080003f4                __aeabi_i2f
                0x080003f4                __floatsisf
                0x08000410                __aeabi_ul2f
                0x08000410                __floatundisf
                0x08000420                __aeabi_l2f
                0x08000420                __floatdisf
 .text          0x0800049c       0x4c c:/program files (x86)/atollic/truestudio for arm 8.0.0/armtools/bin/../lib/gcc/arm-atollic-eabi/6.3.1/armv7e-m/fpu\libgcc.a(_fixunssfdi.o)
                0x0800049c                __fixunssfdi
                0x0800049c                __aeabi_f2ulz
 .text          0x080004e8      0x370 c:/program files (x86)/atollic/truestudio for arm 8.0.0/armtools/bin/../lib/gcc/arm-atollic-eabi/6.3.1/armv7e-m/fpu\libgcc.a(_arm_addsubdf3.o)
                0x080004e8                __aeabi_drsub
                0x080004f0                __aeabi_dsub
                0x080004f0                __subdf3
                0x080004f4                __aeabi_dadd
                0x080004f4                __adddf3
                0x0800076c                __floatunsidf
                0x0800076c                __aeabi_ui2d
                0x0800078c                __floatsidf
                0x0800078c                __aeabi_i2d
                0x080007b0                __aeabi_f2d
                0x080007b0                __extendsfdf2
                0x080007ec                __floatundidf
                0x080007ec                __aeabi_ul2d
                0x080007fc                __floatdidf
                0x080007fc                __aeabi_l2d
 .text          0x08000858      0x424 c:/program files (x86)/atollic/truestudio for arm 8.0.0/armtools/bin/../lib/gcc/arm-atollic-eabi/6.3.1/armv7e-m/fpu\libgcc.a(_arm_muldivdf3.o)
                0x08000858                __aeabi_dmul
                0x08000858                __muldf3
                0x08000aac                __divdf3
                0x08000aac                __aeabi_ddiv
 .text          0x08000c7c       0x40 c:/program files (x86)/atollic/truestudio for arm 8.0.0/armtools/bin/../lib/gcc/arm-atollic-eabi/6.3.1/armv7e-m/fpu\libgcc.a(_arm_fixunsdfsi.o)
                0x08000c7c                __aeabi_d2uiz
                0x08000c7c                __fixunsdfsi
 *(.text*)
 .text.HAL_InitTick
                0x08000cbc       0x2c Drivers\STM32F3xx_HAL_Driver\Src\stm32f3xx_hal.o
                0x08000cbc                HAL_InitTick
 .text.HAL_Init
                0x08000ce8       0x24 Drivers\STM32F3xx_HAL_Driver\Src\stm32f3xx_hal.o
                0x08000ce8                HAL_Init
 .text.HAL_IncTick
                0x08000d0c       0x10 Drivers\STM32F3xx_HAL_Driver\Src\stm32f3xx_hal.o
                0x08000d0c                HAL_IncTick
 .text.HAL_GetTick
                0x08000d1c        0xc Drivers\STM32F3xx_HAL_Driver\Src\stm32f3xx_hal.o
                0x08000d1c                HAL_GetTick
 .text.HAL_ADC_ConvCpltCallback
                0x08000d28        0x4 Drivers\STM32F3xx_HAL_Driver\Src\stm32f3xx_hal_adc.o
                0x08000d28                HAL_ADC_ConvCpltCallback
 .text.HAL_ADC_ConvHalfCpltCallback
                0x08000d2c        0x4 Drivers\STM32F3xx_HAL_Driver\Src\stm32f3xx_hal_adc.o
                0x08000d2c                HAL_ADC_ConvHalfCpltCallback
 .text.HAL_ADC_ErrorCallback
                0x08000d30        0x4 Drivers\STM32F3xx_HAL_Driver\Src\stm32f3xx_hal_adc.o
                0x08000d30                HAL_ADC_ErrorCallback
 .text.ADC_DMAError
                0x08000d34       0x18 Drivers\STM32F3xx_HAL_Driver\Src\stm32f3xx_hal_adc_ex.o
 .text.ADC_DMAHalfConvCplt
                0x08000d4c        0x8 Drivers\STM32F3xx_HAL_Driver\Src\stm32f3xx_hal_adc_ex.o
 .text.ADC_DMAConvCplt
                0x08000d54       0x44 Drivers\STM32F3xx_HAL_Driver\Src\stm32f3xx_hal_adc_ex.o
 .text.HAL_ADC_Init
                0x08000d98      0x264 Drivers\STM32F3xx_HAL_Driver\Src\stm32f3xx_hal_adc_ex.o
                0x08000d98                HAL_ADC_Init
 .text.HAL_ADC_Start_DMA
                0x08000ffc      0x14c Drivers\STM32F3xx_HAL_Driver\Src\stm32f3xx_hal_adc_ex.o
                0x08000ffc                HAL_ADC_Start_DMA
 .text.HAL_ADCEx_Calibration_Start
                0x08001148       0xec Drivers\STM32F3xx_HAL_Driver\Src\stm32f3xx_hal_adc_ex.o
                0x08001148                HAL_ADCEx_Calibration_Start
 .text.HAL_ADC_ConfigChannel
                0x08001234      0x324 Drivers\STM32F3xx_HAL_Driver\Src\stm32f3xx_hal_adc_ex.o
                0x08001234                HAL_ADC_ConfigChannel
 .text.HAL_NVIC_SetPriorityGrouping
                0x08001558       0x24 Drivers\STM32F3xx_HAL_Driver\Src\stm32f3xx_hal_cortex.o
                0x08001558                HAL_NVIC_SetPriorityGrouping
 .text.HAL_NVIC_SetPriority
                0x0800157c       0x6c Drivers\STM32F3xx_HAL_Driver\Src\stm32f3xx_hal_cortex.o
                0x0800157c                HAL_NVIC_SetPriority
 .text.HAL_NVIC_EnableIRQ
                0x080015e8       0x18 Drivers\STM32F3xx_HAL_Driver\Src\stm32f3xx_hal_cortex.o
                0x080015e8                HAL_NVIC_EnableIRQ
 .text.HAL_SYSTICK_Config
                0x08001600       0x34 Drivers\STM32F3xx_HAL_Driver\Src\stm32f3xx_hal_cortex.o
                0x08001600                HAL_SYSTICK_Config
 .text.HAL_SYSTICK_CLKSourceConfig
                0x08001634       0x18 Drivers\STM32F3xx_HAL_Driver\Src\stm32f3xx_hal_cortex.o
                0x08001634                HAL_SYSTICK_CLKSourceConfig
 .text.HAL_SYSTICK_Callback
                0x0800164c        0x4 Drivers\STM32F3xx_HAL_Driver\Src\stm32f3xx_hal_cortex.o
                0x0800164c                HAL_SYSTICK_Callback
 .text.HAL_SYSTICK_IRQHandler
                0x08001650        0x8 Drivers\STM32F3xx_HAL_Driver\Src\stm32f3xx_hal_cortex.o
                0x08001650                HAL_SYSTICK_IRQHandler
 .text.HAL_DMA_Init
                0x08001658       0x70 Drivers\STM32F3xx_HAL_Driver\Src\stm32f3xx_hal_dma.o
                0x08001658                HAL_DMA_Init
 .text.HAL_DMA_Start_IT
                0x080016c8       0x84 Drivers\STM32F3xx_HAL_Driver\Src\stm32f3xx_hal_dma.o
                0x080016c8                HAL_DMA_Start_IT
 .text.HAL_DMA_Abort_IT
                0x0800174c       0x48 Drivers\STM32F3xx_HAL_Driver\Src\stm32f3xx_hal_dma.o
                0x0800174c                HAL_DMA_Abort_IT
 .text.HAL_DMA_IRQHandler
                0x08001794       0x98 Drivers\STM32F3xx_HAL_Driver\Src\stm32f3xx_hal_dma.o
                0x08001794                HAL_DMA_IRQHandler
 .text.HAL_FLASH_Program
                0x0800182c      0x198 Drivers\STM32F3xx_HAL_Driver\Src\stm32f3xx_hal_flash.o
                0x0800182c                HAL_FLASH_Program
 .text.HAL_FLASH_Unlock
                0x080019c4       0x24 Drivers\STM32F3xx_HAL_Driver\Src\stm32f3xx_hal_flash.o
                0x080019c4                HAL_FLASH_Unlock
 .text.HAL_FLASH_Lock
                0x080019e8       0x14 Drivers\STM32F3xx_HAL_Driver\Src\stm32f3xx_hal_flash.o
                0x080019e8                HAL_FLASH_Lock
 .text.HAL_GPIO_Init
                0x080019fc      0x1d4 Drivers\STM32F3xx_HAL_Driver\Src\stm32f3xx_hal_gpio.o
                0x080019fc                HAL_GPIO_Init
 .text.HAL_GPIO_WritePin
                0x08001bd0        0xc Drivers\STM32F3xx_HAL_Driver\Src\stm32f3xx_hal_gpio.o
                0x08001bd0                HAL_GPIO_WritePin
 .text.HAL_GPIO_EXTI_IRQHandler
                0x08001bdc       0x18 Drivers\STM32F3xx_HAL_Driver\Src\stm32f3xx_hal_gpio.o
                0x08001bdc                HAL_GPIO_EXTI_IRQHandler
 .text.I2C_WaitOnTXISFlagUntilTimeout
                0x08001bf4       0xc4 Drivers\STM32F3xx_HAL_Driver\Src\stm32f3xx_hal_i2c.o
 .text.I2C_RequestMemoryRead
                0x08001cb8       0xb0 Drivers\STM32F3xx_HAL_Driver\Src\stm32f3xx_hal_i2c.o
 .text.HAL_I2C_Init
                0x08001d68       0xac Drivers\STM32F3xx_HAL_Driver\Src\stm32f3xx_hal_i2c.o
                0x08001d68                HAL_I2C_Init
 .text.HAL_I2C_Mem_Read_IT
                0x08001e14      0x114 Drivers\STM32F3xx_HAL_Driver\Src\stm32f3xx_hal_i2c.o
                0x08001e14                HAL_I2C_Mem_Read_IT
 .text.HAL_I2C_EV_IRQHandler
                0x08001f28       0x1c Drivers\STM32F3xx_HAL_Driver\Src\stm32f3xx_hal_i2c.o
                0x08001f28                HAL_I2C_EV_IRQHandler
 .text.HAL_I2C_MasterTxCpltCallback
                0x08001f44        0x4 Drivers\STM32F3xx_HAL_Driver\Src\stm32f3xx_hal_i2c.o
                0x08001f44                HAL_I2C_MasterTxCpltCallback
 .text.HAL_I2C_SlaveTxCpltCallback
                0x08001f48        0x4 Drivers\STM32F3xx_HAL_Driver\Src\stm32f3xx_hal_i2c.o
                0x08001f48                HAL_I2C_SlaveTxCpltCallback
 .text.HAL_I2C_SlaveRxCpltCallback
                0x08001f4c        0x4 Drivers\STM32F3xx_HAL_Driver\Src\stm32f3xx_hal_i2c.o
                0x08001f4c                HAL_I2C_SlaveRxCpltCallback
 .text.HAL_I2C_AddrCallback
                0x08001f50        0x4 Drivers\STM32F3xx_HAL_Driver\Src\stm32f3xx_hal_i2c.o
                0x08001f50                HAL_I2C_AddrCallback
 .text.HAL_I2C_ListenCpltCallback
                0x08001f54        0x4 Drivers\STM32F3xx_HAL_Driver\Src\stm32f3xx_hal_i2c.o
                0x08001f54                HAL_I2C_ListenCpltCallback
 .text.HAL_I2C_ErrorCallback
                0x08001f58        0x4 Drivers\STM32F3xx_HAL_Driver\Src\stm32f3xx_hal_i2c.o
                0x08001f58                HAL_I2C_ErrorCallback
 .text.HAL_I2C_AbortCpltCallback
                0x08001f5c        0x4 Drivers\STM32F3xx_HAL_Driver\Src\stm32f3xx_hal_i2c.o
                0x08001f5c                HAL_I2C_AbortCpltCallback
 .text.I2C_ITError
                0x08001f60      0x128 Drivers\STM32F3xx_HAL_Driver\Src\stm32f3xx_hal_i2c.o
 .text.I2C_ITSlaveCplt
                0x08002088      0x164 Drivers\STM32F3xx_HAL_Driver\Src\stm32f3xx_hal_i2c.o
 .text.I2C_Slave_ISR_IT
                0x080021ec      0x318 Drivers\STM32F3xx_HAL_Driver\Src\stm32f3xx_hal_i2c.o
 .text.I2C_Slave_ISR_DMA
                0x08002504       0x74 Drivers\STM32F3xx_HAL_Driver\Src\stm32f3xx_hal_i2c.o
 .text.I2C_DMAAbort
                0x08002578       0x34 Drivers\STM32F3xx_HAL_Driver\Src\stm32f3xx_hal_i2c.o
 .text.HAL_I2C_ER_IRQHandler
                0x080025ac      0x194 Drivers\STM32F3xx_HAL_Driver\Src\stm32f3xx_hal_i2c.o
                0x080025ac                HAL_I2C_ER_IRQHandler
 .text.I2C_ITMasterCplt
                0x08002740      0x1fc Drivers\STM32F3xx_HAL_Driver\Src\stm32f3xx_hal_i2c.o
 .text.I2C_Master_ISR_IT
                0x0800293c      0x230 Drivers\STM32F3xx_HAL_Driver\Src\stm32f3xx_hal_i2c.o
 .text.I2C_Master_ISR_DMA
                0x08002b6c       0xfc Drivers\STM32F3xx_HAL_Driver\Src\stm32f3xx_hal_i2c.o
 .text.HAL_I2CEx_ConfigAnalogFilter
                0x08002c68       0x54 Drivers\STM32F3xx_HAL_Driver\Src\stm32f3xx_hal_i2c_ex.o
                0x08002c68                HAL_I2CEx_ConfigAnalogFilter
 .text.HAL_I2CEx_ConfigDigitalFilter
                0x08002cbc       0x50 Drivers\STM32F3xx_HAL_Driver\Src\stm32f3xx_hal_i2c_ex.o
                0x08002cbc                HAL_I2CEx_ConfigDigitalFilter
 .text.HAL_PWR_EnableBkUpAccess
                0x08002d0c       0x10 Drivers\STM32F3xx_HAL_Driver\Src\stm32f3xx_hal_pwr.o
                0x08002d0c                HAL_PWR_EnableBkUpAccess
 .text.HAL_RCC_OscConfig
                0x08002d1c      0x59c Drivers\STM32F3xx_HAL_Driver\Src\stm32f3xx_hal_rcc.o
                0x08002d1c                HAL_RCC_OscConfig
 .text.HAL_RCC_ClockConfig
                0x080032b8      0x1e4 Drivers\STM32F3xx_HAL_Driver\Src\stm32f3xx_hal_rcc.o
                0x080032b8                HAL_RCC_ClockConfig
 .text.HAL_RCC_GetSysClockFreq
                0x0800349c       0x68 Drivers\STM32F3xx_HAL_Driver\Src\stm32f3xx_hal_rcc.o
                0x0800349c                HAL_RCC_GetSysClockFreq
 .text.HAL_RCC_GetHCLKFreq
                0x08003504        0xc Drivers\STM32F3xx_HAL_Driver\Src\stm32f3xx_hal_rcc.o
                0x08003504                HAL_RCC_GetHCLKFreq
 .text.HAL_RCC_GetPCLK1Freq
                0x08003510       0x30 Drivers\STM32F3xx_HAL_Driver\Src\stm32f3xx_hal_rcc.o
                0x08003510                HAL_RCC_GetPCLK1Freq
 .text.HAL_RCC_GetPCLK2Freq
                0x08003540       0x30 Drivers\STM32F3xx_HAL_Driver\Src\stm32f3xx_hal_rcc.o
                0x08003540                HAL_RCC_GetPCLK2Freq
 .text.HAL_RCCEx_PeriphCLKConfig
                0x08003570      0x184 Drivers\STM32F3xx_HAL_Driver\Src\stm32f3xx_hal_rcc_ex.o
                0x08003570                HAL_RCCEx_PeriphCLKConfig
 .text.HAL_RTC_Init
                0x080036f4       0xd8 Drivers\STM32F3xx_HAL_Driver\Src\stm32f3xx_hal_rtc.o
                0x080036f4                HAL_RTC_Init
 .text.HAL_RTC_SetTime
                0x080037cc      0x17c Drivers\STM32F3xx_HAL_Driver\Src\stm32f3xx_hal_rtc.o
                0x080037cc                HAL_RTC_SetTime
 .text.HAL_RTC_GetTime
                0x08003948       0x6c Drivers\STM32F3xx_HAL_Driver\Src\stm32f3xx_hal_rtc.o
                0x08003948                HAL_RTC_GetTime
 .text.HAL_RTC_SetDate
                0x080039b4      0x144 Drivers\STM32F3xx_HAL_Driver\Src\stm32f3xx_hal_rtc.o
                0x080039b4                HAL_RTC_SetDate
 .text.HAL_RTC_GetDate
                0x08003af8       0x60 Drivers\STM32F3xx_HAL_Driver\Src\stm32f3xx_hal_rtc.o
                0x08003af8                HAL_RTC_GetDate
 .text.RTC_EnterInitMode
                0x08003b58       0x34 Drivers\STM32F3xx_HAL_Driver\Src\stm32f3xx_hal_rtc.o
                0x08003b58                RTC_EnterInitMode
 .text.HAL_RTCEx_SetWakeUpTimer_IT
                0x08003b8c       0xec Drivers\STM32F3xx_HAL_Driver\Src\stm32f3xx_hal_rtc_ex.o
                0x08003b8c                HAL_RTCEx_SetWakeUpTimer_IT
 .text.HAL_RTCEx_WakeUpTimerIRQHandler
                0x08003c78       0x30 Drivers\STM32F3xx_HAL_Driver\Src\stm32f3xx_hal_rtc_ex.o
                0x08003c78                HAL_RTCEx_WakeUpTimerIRQHandler
 .text.HAL_RTCEx_BKUPWrite
                0x08003ca8        0xc Drivers\STM32F3xx_HAL_Driver\Src\stm32f3xx_hal_rtc_ex.o
                0x08003ca8                HAL_RTCEx_BKUPWrite
 .text.HAL_RTCEx_BKUPRead
                0x08003cb4        0xc Drivers\STM32F3xx_HAL_Driver\Src\stm32f3xx_hal_rtc_ex.o
                0x08003cb4                HAL_RTCEx_BKUPRead
 .text.HAL_UART_Transmit_IT
                0x08003cc0       0x48 Drivers\STM32F3xx_HAL_Driver\Src\stm32f3xx_hal_uart.o
                0x08003cc0                HAL_UART_Transmit_IT
 .text.HAL_UART_Receive_IT
                0x08003d08       0x94 Drivers\STM32F3xx_HAL_Driver\Src\stm32f3xx_hal_uart.o
                0x08003d08                HAL_UART_Receive_IT
 .text.HAL_UART_TxCpltCallback
                0x08003d9c        0x4 Drivers\STM32F3xx_HAL_Driver\Src\stm32f3xx_hal_uart.o
                0x08003d9c                HAL_UART_TxCpltCallback
 .text.HAL_UART_ErrorCallback
                0x08003da0        0x4 Drivers\STM32F3xx_HAL_Driver\Src\stm32f3xx_hal_uart.o
                0x08003da0                HAL_UART_ErrorCallback
 .text.UART_DMAAbortOnError
                0x08003da4       0x18 Drivers\STM32F3xx_HAL_Driver\Src\stm32f3xx_hal_uart.o
 .text.HAL_UART_IRQHandler
                0x08003dbc      0x28c Drivers\STM32F3xx_HAL_Driver\Src\stm32f3xx_hal_uart.o
                0x08003dbc                HAL_UART_IRQHandler
 .text.UART_AdvFeatureConfig
                0x08004048       0xb0 Drivers\STM32F3xx_HAL_Driver\Src\stm32f3xx_hal_uart.o
                0x08004048                UART_AdvFeatureConfig
 .text.HAL_UART_Init
                0x080040f8      0x258 Drivers\STM32F3xx_HAL_Driver\Src\stm32f3xx_hal_uart.o
                0x080040f8                HAL_UART_Init
 .text.HAL_UARTEx_WakeupCallback
                0x08004350        0x4 Drivers\STM32F3xx_HAL_Driver\Src\stm32f3xx_hal_uart_ex.o
                0x08004350                HAL_UARTEx_WakeupCallback
 .text.adc_comms
                0x08004354      0x238 Src\adc_comms.o
                0x08004354                adc_comms
 .text.write2Flash
                0x0800458c      0x458 Src\flash_memory.o
                0x0800458c                write2Flash
 .text.logPosition
                0x080049e4       0x38 Src\flash_memory.o
                0x080049e4                logPosition
 .text.HAL_UART_RxCpltCallback
                0x08004a1c       0x24 Src\functions.o
                0x08004a1c                HAL_UART_RxCpltCallback
 .text.HAL_RTCEx_WakeUpTimerEventCallback
                0x08004a40        0xc Src\functions.o
                0x08004a40                HAL_RTCEx_WakeUpTimerEventCallback
 .text.HAL_I2C_MemTxCpltCallback
                0x08004a4c        0xc Src\functions.o
                0x08004a4c                HAL_I2C_MemTxCpltCallback
 .text.HAL_I2C_MemRxCpltCallback
                0x08004a58        0xc Src\functions.o
                0x08004a58                HAL_I2C_MemRxCpltCallback
 .text.HAL_I2C_MasterRxCpltCallback
                0x08004a64        0xc Src\functions.o
                0x08004a64                HAL_I2C_MasterRxCpltCallback
 .text.HAL_GPIO_EXTI_Callback
                0x08004a70       0x10 Src\functions.o
                0x08004a70                HAL_GPIO_EXTI_Callback
 .text.heating_control
                0x08004a80       0x8c Src\heating_schedule.o
                0x08004a80                heating_control
 .text.heating_scheduling
                0x08004b0c       0xb4 Src\heating_schedule.o
                0x08004b0c                heating_scheduling
 .text.handleEvents
                0x08004bc0       0x78 Src\init_iqs263.o
                0x08004bc0                handleEvents
 .text.init_peripherals
                0x08004c38      0x2c0 Src\initilize_peripherals.o
                0x08004c38                init_peripherals
 .text.liters_pumped
                0x08004ef8       0x2c Src\liters_pumped.o
                0x08004ef8                liters_pumped
 .text.SystemClock_Config
                0x08004f24       0xac Src\main.o
                0x08004f24                SystemClock_Config
 .text.startup.main
                0x08004fd0      0x390 Src\main.o
                0x08004fd0                main
 .text._Error_Handler
                0x08005360        0x4 Src\main.o
                0x08005360                _Error_Handler
 .text.seven_segment
                0x08005364      0x10c Src\seven_segment.o
                0x08005364                seven_segment
 .text.seven_segment_display
                0x08005470      0x3e0 Src\seven_segment_display.o
                0x08005470                seven_segment_display
 .text.HAL_MspInit
                0x08005850       0x7c Src\stm32f3xx_hal_msp.o
                0x08005850                HAL_MspInit
 .text.HAL_ADC_MspInit
                0x080058cc       0xa4 Src\stm32f3xx_hal_msp.o
                0x080058cc                HAL_ADC_MspInit
 .text.HAL_I2C_MspInit
                0x08005970       0x74 Src\stm32f3xx_hal_msp.o
                0x08005970                HAL_I2C_MspInit
 .text.HAL_RTC_MspInit
                0x080059e4       0x40 Src\stm32f3xx_hal_msp.o
                0x080059e4                HAL_RTC_MspInit
 .text.HAL_UART_MspInit
                0x08005a24       0x5c Src\stm32f3xx_hal_msp.o
                0x08005a24                HAL_UART_MspInit
 .text.SVC_Handler
                0x08005a80        0x4 Src\stm32f3xx_it.o
                0x08005a80                SVC_Handler
 .text.PendSV_Handler
                0x08005a84        0x4 Src\stm32f3xx_it.o
                0x08005a84                PendSV_Handler
 .text.SysTick_Handler
                0x08005a88       0x58 Src\stm32f3xx_it.o
                0x08005a88                SysTick_Handler
 .text.RTC_WKUP_IRQHandler
                0x08005ae0        0xc Src\stm32f3xx_it.o
                0x08005ae0                RTC_WKUP_IRQHandler
 .text.EXTI0_IRQHandler
                0x08005aec        0x8 Src\stm32f3xx_it.o
                0x08005aec                EXTI0_IRQHandler
 .text.DMA1_Channel2_IRQHandler
                0x08005af4        0xc Src\stm32f3xx_it.o
                0x08005af4                DMA1_Channel2_IRQHandler
 .text.EXTI9_5_IRQHandler
                0x08005b00       0x14 Src\stm32f3xx_it.o
                0x08005b00                EXTI9_5_IRQHandler
 .text.I2C1_EV_IRQHandler
                0x08005b14        0xc Src\stm32f3xx_it.o
                0x08005b14                I2C1_EV_IRQHandler
 .text.I2C1_ER_IRQHandler
                0x08005b20        0xc Src\stm32f3xx_it.o
                0x08005b20                I2C1_ER_IRQHandler
 .text.USART1_IRQHandler
                0x08005b2c        0xc Src\stm32f3xx_it.o
                0x08005b2c                USART1_IRQHandler
 .text.SystemInit
                0x08005b38       0x70 Src\system_stm32f3xx.o
                0x08005b38                SystemInit
 .text.uart_comms
                0x08005ba8      0x9c8 Src\uart_comms.o
                0x08005ba8                uart_comms
 .text.mainLoop
                0x08006570      0x1b0 Src\user_main.o
                0x08006570                mainLoop
 .text.Reset_Handler
                0x08006720       0x50 startup\startup_stm32f334x8.o
                0x08006720                Reset_Handler
 .text.Default_Handler
                0x08006770        0x2 startup\startup_stm32f334x8.o
                0x08006770                RTC_Alarm_IRQHandler
                0x08006770                HRTIM1_Master_IRQHandler
                0x08006770                DebugMon_Handler
                0x08006770                TIM1_CC_IRQHandler
                0x08006770                HardFault_Handler
                0x08006770                HRTIM1_FLT_IRQHandler
                0x08006770                PVD_IRQHandler
                0x08006770                HRTIM1_TIMD_IRQHandler
                0x08006770                TAMP_STAMP_IRQHandler
                0x08006770                NMI_Handler
                0x08006770                EXTI3_IRQHandler
                0x08006770                FPU_IRQHandler
                0x08006770                CAN_TX_IRQHandler
                0x08006770                TIM1_UP_TIM16_IRQHandler
                0x08006770                UsageFault_Handler
                0x08006770                ADC1_2_IRQHandler
                0x08006770                HRTIM1_TIME_IRQHandler
                0x08006770                SPI1_IRQHandler
                0x08006770                CAN_SCE_IRQHandler
                0x08006770                HRTIM1_TIMC_IRQHandler
                0x08006770                DMA1_Channel4_IRQHandler
                0x08006770                USART3_IRQHandler
                0x08006770                DMA1_Channel7_IRQHandler
                0x08006770                TIM7_DAC2_IRQHandler
                0x08006770                CAN_RX1_IRQHandler
                0x08006770                DMA1_Channel6_IRQHandler
                0x08006770                TIM3_IRQHandler
                0x08006770                RCC_IRQHandler
                0x08006770                DMA1_Channel1_IRQHandler
                0x08006770                Default_Handler
                0x08006770                EXTI15_10_IRQHandler
                0x08006770                COMP2_IRQHandler
                0x08006770                HRTIM1_TIMA_IRQHandler
                0x08006770                TIM6_DAC1_IRQHandler
                0x08006770                MemManage_Handler
                0x08006770                DMA1_Channel5_IRQHandler
                0x08006770                EXTI4_IRQHandler
                0x08006770                HRTIM1_TIMB_IRQHandler
                0x08006770                TIM1_TRG_COM_TIM17_IRQHandler
                0x08006770                DMA1_Channel3_IRQHandler
                0x08006770                WWDG_IRQHandler
                0x08006770                TIM2_IRQHandler
                0x08006770                EXTI1_IRQHandler
                0x08006770                COMP4_6_IRQHandler
                0x08006770                USART2_IRQHandler
                0x08006770                FLASH_IRQHandler
                0x08006770                BusFault_Handler
                0x08006770                CAN_RX0_IRQHandler
                0x08006770                EXTI2_TSC_IRQHandler
                0x08006770                TIM1_BRK_TIM15_IRQHandler
 *fill*         0x08006772        0x2 
 .text.calloc   0x08006774       0x10 c:/program files (x86)/atollic/truestudio for arm 8.0.0/armtools/bin/../lib/gcc/arm-atollic-eabi/6.3.1/../../../../arm-atollic-eabi/lib/armv7e-m/fpu\libc_nano.a(lib_a-calloc.o)
                0x08006774                calloc
 .text.__libc_init_array
                0x08006784       0x48 c:/program files (x86)/atollic/truestudio for arm 8.0.0/armtools/bin/../lib/gcc/arm-atollic-eabi/6.3.1/../../../../arm-atollic-eabi/lib/armv7e-m/fpu\libc_nano.a(lib_a-init.o)
                0x08006784                __libc_init_array
 .text.__itoa   0x080067cc       0x30 c:/program files (x86)/atollic/truestudio for arm 8.0.0/armtools/bin/../lib/gcc/arm-atollic-eabi/6.3.1/../../../../arm-atollic-eabi/lib/armv7e-m/fpu\libc_nano.a(lib_a-itoa.o)
                0x080067cc                __itoa
 .text.itoa     0x080067fc        0x4 c:/program files (x86)/atollic/truestudio for arm 8.0.0/armtools/bin/../lib/gcc/arm-atollic-eabi/6.3.1/../../../../arm-atollic-eabi/lib/armv7e-m/fpu\libc_nano.a(lib_a-itoa.o)
                0x080067fc                itoa
 .text.malloc   0x08006800       0x10 c:/program files (x86)/atollic/truestudio for arm 8.0.0/armtools/bin/../lib/gcc/arm-atollic-eabi/6.3.1/../../../../arm-atollic-eabi/lib/armv7e-m/fpu\libc_nano.a(lib_a-malloc.o)
                0x08006800                malloc
 .text.memcpy   0x08006810       0x16 c:/program files (x86)/atollic/truestudio for arm 8.0.0/armtools/bin/../lib/gcc/arm-atollic-eabi/6.3.1/../../../../arm-atollic-eabi/lib/armv7e-m/fpu\libc_nano.a(lib_a-memcpy-stub.o)
                0x08006810                memcpy
 .text.memset   0x08006826       0x10 c:/program files (x86)/atollic/truestudio for arm 8.0.0/armtools/bin/../lib/gcc/arm-atollic-eabi/6.3.1/../../../../arm-atollic-eabi/lib/armv7e-m/fpu\libc_nano.a(lib_a-memset.o)
                0x08006826                memset
 .text._calloc_r
                0x08006836       0x1c c:/program files (x86)/atollic/truestudio for arm 8.0.0/armtools/bin/../lib/gcc/arm-atollic-eabi/6.3.1/../../../../arm-atollic-eabi/lib/armv7e-m/fpu\libc_nano.a(lib_a-nano-callocr.o)
                0x08006836                _calloc_r
 *fill*         0x08006852        0x2 
 .text._free_r  0x08006854       0x9c c:/program files (x86)/atollic/truestudio for arm 8.0.0/armtools/bin/../lib/gcc/arm-atollic-eabi/6.3.1/../../../../arm-atollic-eabi/lib/armv7e-m/fpu\libc_nano.a(lib_a-nano-freer.o)
                0x08006854                _free_r
 .text._malloc_r
                0x080068f0       0xbc c:/program files (x86)/atollic/truestudio for arm 8.0.0/armtools/bin/../lib/gcc/arm-atollic-eabi/6.3.1/../../../../arm-atollic-eabi/lib/armv7e-m/fpu\libc_nano.a(lib_a-nano-mallocr.o)
                0x080068f0                _malloc_r
 .text._sbrk_r  0x080069ac       0x20 c:/program files (x86)/atollic/truestudio for arm 8.0.0/armtools/bin/../lib/gcc/arm-atollic-eabi/6.3.1/../../../../arm-atollic-eabi/lib/armv7e-m/fpu\libc_nano.a(lib_a-sbrkr.o)
                0x080069ac                _sbrk_r
 .text.sprintf  0x080069cc       0x48 c:/program files (x86)/atollic/truestudio for arm 8.0.0/armtools/bin/../lib/gcc/arm-atollic-eabi/6.3.1/../../../../arm-atollic-eabi/lib/armv7e-m/fpu\libc_nano.a(lib_a-sprintf.o)
                0x080069cc                siprintf
                0x080069cc                sprintf
 .text.strtok   0x08006a14       0x54 c:/program files (x86)/atollic/truestudio for arm 8.0.0/armtools/bin/../lib/gcc/arm-atollic-eabi/6.3.1/../../../../arm-atollic-eabi/lib/armv7e-m/fpu\libc_nano.a(lib_a-strtok.o)
                0x08006a14                strtok
 .text.__strtok_r
                0x08006a68       0x52 c:/program files (x86)/atollic/truestudio for arm 8.0.0/armtools/bin/../lib/gcc/arm-atollic-eabi/6.3.1/../../../../arm-atollic-eabi/lib/armv7e-m/fpu\libc_nano.a(lib_a-strtok_r.o)
                0x08006a68                __strtok_r
 .text._strtol_l.isra.0
                0x08006aba      0x100 c:/program files (x86)/atollic/truestudio for arm 8.0.0/armtools/bin/../lib/gcc/arm-atollic-eabi/6.3.1/../../../../arm-atollic-eabi/lib/armv7e-m/fpu\libc_nano.a(lib_a-strtol.o)
 *fill*         0x08006bba        0x2 
 .text.strtol   0x08006bbc       0x2c c:/program files (x86)/atollic/truestudio for arm 8.0.0/armtools/bin/../lib/gcc/arm-atollic-eabi/6.3.1/../../../../arm-atollic-eabi/lib/armv7e-m/fpu\libc_nano.a(lib_a-strtol.o)
                0x08006bbc                strtol
 .text.__utoa   0x08006be8       0x80 c:/program files (x86)/atollic/truestudio for arm 8.0.0/armtools/bin/../lib/gcc/arm-atollic-eabi/6.3.1/../../../../arm-atollic-eabi/lib/armv7e-m/fpu\libc_nano.a(lib_a-utoa.o)
                0x08006be8                __utoa
 .text.__locale_ctype_ptr_l
                0x08006c68        0x6 c:/program files (x86)/atollic/truestudio for arm 8.0.0/armtools/bin/../lib/gcc/arm-atollic-eabi/6.3.1/../../../../arm-atollic-eabi/lib/armv7e-m/fpu\libc_nano.a(lib_a-locale.o)
                0x08006c68                __locale_ctype_ptr_l
 .text.__ascii_mbtowc
                0x08006c6e       0x24 c:/program files (x86)/atollic/truestudio for arm 8.0.0/armtools/bin/../lib/gcc/arm-atollic-eabi/6.3.1/../../../../arm-atollic-eabi/lib/armv7e-m/fpu\libc_nano.a(lib_a-mbtowc_r.o)
                0x08006c6e                __ascii_mbtowc
 .text.__malloc_lock
                0x08006c92        0x2 c:/program files (x86)/atollic/truestudio for arm 8.0.0/armtools/bin/../lib/gcc/arm-atollic-eabi/6.3.1/../../../../arm-atollic-eabi/lib/armv7e-m/fpu\libc_nano.a(lib_a-mlock.o)
                0x08006c92                __malloc_lock
 .text.__malloc_unlock
                0x08006c94        0x2 c:/program files (x86)/atollic/truestudio for arm 8.0.0/armtools/bin/../lib/gcc/arm-atollic-eabi/6.3.1/../../../../arm-atollic-eabi/lib/armv7e-m/fpu\libc_nano.a(lib_a-mlock.o)
                0x08006c94                __malloc_unlock
 .text.__ssputs_r
                0x08006c96       0xb6 c:/program files (x86)/atollic/truestudio for arm 8.0.0/armtools/bin/../lib/gcc/arm-atollic-eabi/6.3.1/../../../../arm-atollic-eabi/lib/armv7e-m/fpu\libc_nano.a(lib_a-nano-svfprintf.o)
                0x08006c96                __ssputs_r
 .text._svfprintf_r
                0x08006d4c      0x1e8 c:/program files (x86)/atollic/truestudio for arm 8.0.0/armtools/bin/../lib/gcc/arm-atollic-eabi/6.3.1/../../../../arm-atollic-eabi/lib/armv7e-m/fpu\libc_nano.a(lib_a-nano-svfprintf.o)
                0x08006d4c                _svfiprintf_r
                0x08006d4c                _svfprintf_r
 .text._printf_common
                0x08006f34       0xec c:/program files (x86)/atollic/truestudio for arm 8.0.0/armtools/bin/../lib/gcc/arm-atollic-eabi/6.3.1/../../../../arm-atollic-eabi/lib/armv7e-m/fpu\libc_nano.a(lib_a-nano-vfprintf_i.o)
                0x08006f34                _printf_common
 .text._printf_i
                0x08007020      0x240 c:/program files (x86)/atollic/truestudio for arm 8.0.0/armtools/bin/../lib/gcc/arm-atollic-eabi/6.3.1/../../../../arm-atollic-eabi/lib/armv7e-m/fpu\libc_nano.a(lib_a-nano-vfprintf_i.o)
                0x08007020                _printf_i
 .text.__ascii_wctomb
                0x08007260       0x1a c:/program files (x86)/atollic/truestudio for arm 8.0.0/armtools/bin/../lib/gcc/arm-atollic-eabi/6.3.1/../../../../arm-atollic-eabi/lib/armv7e-m/fpu\libc_nano.a(lib_a-wctomb_r.o)
                0x08007260                __ascii_wctomb
 .text.memmove  0x0800727a       0x34 c:/program files (x86)/atollic/truestudio for arm 8.0.0/armtools/bin/../lib/gcc/arm-atollic-eabi/6.3.1/../../../../arm-atollic-eabi/lib/armv7e-m/fpu\libc_nano.a(lib_a-memmove.o)
                0x0800727a                memmove
 .text._realloc_r
                0x080072ae       0x4c c:/program files (x86)/atollic/truestudio for arm 8.0.0/armtools/bin/../lib/gcc/arm-atollic-eabi/6.3.1/../../../../arm-atollic-eabi/lib/armv7e-m/fpu\libc_nano.a(lib_a-nano-reallocr.o)
                0x080072ae                _realloc_r
 .text._malloc_usable_size_r
                0x080072fa       0x12 c:/program files (x86)/atollic/truestudio for arm 8.0.0/armtools/bin/../lib/gcc/arm-atollic-eabi/6.3.1/../../../../arm-atollic-eabi/lib/armv7e-m/fpu\libc_nano.a(lib_a-nano-msizer.o)
                0x080072fa                _malloc_usable_size_r
 .text._sbrk    0x0800730c       0x1c c:/program files (x86)/atollic/truestudio for arm 8.0.0/armtools/bin/../lib/gcc/arm-atollic-eabi/6.3.1/../../../../arm-atollic-eabi/lib/armv7e-m/fpu\libnosys.a(sbrk.o)
                0x0800730c                _sbrk
 *(.glue_7)
 .glue_7        0x08007328        0x0 linker stubs
 *(.glue_7t)
 .glue_7t       0x08007328        0x0 linker stubs
 *(.eh_frame)
 .eh_frame      0x08007328        0x0 c:/program files (x86)/atollic/truestudio for arm 8.0.0/armtools/bin/../lib/gcc/arm-atollic-eabi/6.3.1/armv7e-m/fpu/crtbegin.o
 *(.init)
 .init          0x08007328        0x4 c:/program files (x86)/atollic/truestudio for arm 8.0.0/armtools/bin/../lib/gcc/arm-atollic-eabi/6.3.1/armv7e-m/fpu/crti.o
                0x08007328                _init
 .init          0x0800732c        0x8 c:/program files (x86)/atollic/truestudio for arm 8.0.0/armtools/bin/../lib/gcc/arm-atollic-eabi/6.3.1/armv7e-m/fpu/crtn.o
 *(.fini)
 .fini          0x08007334        0x4 c:/program files (x86)/atollic/truestudio for arm 8.0.0/armtools/bin/../lib/gcc/arm-atollic-eabi/6.3.1/armv7e-m/fpu/crti.o
                0x08007334                _fini
 .fini          0x08007338        0x8 c:/program files (x86)/atollic/truestudio for arm 8.0.0/armtools/bin/../lib/gcc/arm-atollic-eabi/6.3.1/armv7e-m/fpu/crtn.o
                0x08007340                . = ALIGN (0x4)
                0x08007340                _etext = .

.vfp11_veneer   0x08007340        0x0
 .vfp11_veneer  0x08007340        0x0 linker stubs

.v4_bx          0x08007340        0x0
 .v4_bx         0x08007340        0x0 linker stubs

.iplt           0x08007340        0x0
 .iplt          0x08007340        0x0 c:/program files (x86)/atollic/truestudio for arm 8.0.0/armtools/bin/../lib/gcc/arm-atollic-eabi/6.3.1/armv7e-m/fpu/crtbegin.o

.rodata         0x08007340      0x1d8
                0x08007340                . = ALIGN (0x4)
 *(.rodata)
 *(.rodata*)
 .rodata.aPLLMULFactorTable
                0x08007340       0x10 Drivers\STM32F3xx_HAL_Driver\Src\stm32f3xx_hal_rcc.o
                0x08007340                aPLLMULFactorTable
 .rodata.aPredivFactorTable
                0x08007350       0x10 Drivers\STM32F3xx_HAL_Driver\Src\stm32f3xx_hal_rcc.o
                0x08007350                aPredivFactorTable
 .rodata.CSWTCH.45
                0x08007360        0x4 Drivers\STM32F3xx_HAL_Driver\Src\stm32f3xx_hal_uart.o
 .rodata.adc_comms.str1.4
                0x08007364        0x8 Src\adc_comms.o
 .rodata.seven_segment.str1.4
                0x0800736c        0x3 Src\seven_segment.o
                                  0x8 (size before relaxing)
 *fill*         0x0800736f        0x1 
 .rodata.HAL_ADC_MspInit.str1.4
                0x08007370       0x1b Src\stm32f3xx_hal_msp.o
 *fill*         0x0800738b        0x1 
 .rodata.AHBPrescTable
                0x0800738c       0x10 Src\system_stm32f3xx.o
                0x0800738c                AHBPrescTable
 .rodata.APBPrescTable
                0x0800739c        0x8 Src\system_stm32f3xx.o
                0x0800739c                APBPrescTable
 .rodata.uart_comms.str1.4
                0x080073a4       0x10 Src\uart_comms.o
                                 0x18 (size before relaxing)
 .rodata.__utoa.str1.1
                0x080073b4       0x25 c:/program files (x86)/atollic/truestudio for arm 8.0.0/armtools/bin/../lib/gcc/arm-atollic-eabi/6.3.1/../../../../arm-atollic-eabi/lib/armv7e-m/fpu\libc_nano.a(lib_a-utoa.o)
 .rodata._setlocale_r.str1.1
                0x080073d9        0x8 c:/program files (x86)/atollic/truestudio for arm 8.0.0/armtools/bin/../lib/gcc/arm-atollic-eabi/6.3.1/../../../../arm-atollic-eabi/lib/armv7e-m/fpu\libc_nano.a(lib_a-locale.o)
                                  0x9 (size before relaxing)
 .rodata.str1.1
                0x080073e1        0x2 c:/program files (x86)/atollic/truestudio for arm 8.0.0/armtools/bin/../lib/gcc/arm-atollic-eabi/6.3.1/../../../../arm-atollic-eabi/lib/armv7e-m/fpu\libc_nano.a(lib_a-locale.o)
 .rodata._svfprintf_r.str1.1
                0x080073e3       0x11 c:/program files (x86)/atollic/truestudio for arm 8.0.0/armtools/bin/../lib/gcc/arm-atollic-eabi/6.3.1/../../../../arm-atollic-eabi/lib/armv7e-m/fpu\libc_nano.a(lib_a-nano-svfprintf.o)
 .rodata._printf_i.str1.1
                0x080073f4       0x22 c:/program files (x86)/atollic/truestudio for arm 8.0.0/armtools/bin/../lib/gcc/arm-atollic-eabi/6.3.1/../../../../arm-atollic-eabi/lib/armv7e-m/fpu\libc_nano.a(lib_a-nano-vfprintf_i.o)
 .rodata._ctype_
                0x08007416      0x101 c:/program files (x86)/atollic/truestudio for arm 8.0.0/armtools/bin/../lib/gcc/arm-atollic-eabi/6.3.1/../../../../arm-atollic-eabi/lib/armv7e-m/fpu\libc_nano.a(lib_a-ctype_.o)
                0x08007416                _ctype_
                0x08007518                . = ALIGN (0x4)
 *fill*         0x08007517        0x1 

.rel.dyn        0x08007518        0x0
 .rel.iplt      0x08007518        0x0 c:/program files (x86)/atollic/truestudio for arm 8.0.0/armtools/bin/../lib/gcc/arm-atollic-eabi/6.3.1/armv7e-m/fpu/crtbegin.o

.ARM.extab
 *(.ARM.extab* .gnu.linkonce.armextab.*)

.ARM            0x08007518        0x0
                0x08007518                __exidx_start = .
 *(.ARM.exidx*)
                0x08007518                __exidx_end = .

.preinit_array  0x08007518        0x0
                0x08007518                PROVIDE (__preinit_array_start, .)
 *(.preinit_array*)
                0x08007518                PROVIDE (__preinit_array_end, .)

.init_array     0x08007518        0x4
                0x08007518                PROVIDE (__init_array_start, .)
 *(SORT(.init_array.*))
 *(.init_array*)
 .init_array    0x08007518        0x4 c:/program files (x86)/atollic/truestudio for arm 8.0.0/armtools/bin/../lib/gcc/arm-atollic-eabi/6.3.1/armv7e-m/fpu/crtbegin.o
                0x0800751c                PROVIDE (__init_array_end, .)

.fini_array     0x0800751c        0x4
                [!provide]                PROVIDE (__fini_array_start, .)
 *(SORT(.fini_array.*))
 *(.fini_array*)
 .fini_array    0x0800751c        0x4 c:/program files (x86)/atollic/truestudio for arm 8.0.0/armtools/bin/../lib/gcc/arm-atollic-eabi/6.3.1/armv7e-m/fpu/crtbegin.o
                [!provide]                PROVIDE (__fini_array_end, .)
                0x08007520                _sidata = LOADADDR (.data)

.data           0x20000000      0x228 load address 0x08007520
                0x20000000                . = ALIGN (0x4)
                0x20000000                _sdata = .
 *(.data)
 *(.data*)
 .data.SystemCoreClock
                0x20000000        0x4 Src\system_stm32f3xx.o
                0x20000000                SystemCoreClock
 .data.comma    0x20000004        0x2 Src\variables.o
                0x20000004                comma
 *fill*         0x20000006        0x2 
 .data.endSimbol
                0x20000008        0x8 Src\variables.o
                0x20000008                endSimbol
 .data.flash_mem_start
                0x20000010        0x4 Src\variables.o
                0x20000010                flash_mem_start
 .data.heater_OFF
                0x20000014        0x3 Src\variables.o
                0x20000014                heater_OFF
 *fill*         0x20000017        0x1 
 .data.heater_ON
                0x20000018        0x3 Src\variables.o
                0x20000018                heater_ON
 .data.log_empty
                0x2000001b        0x1 Src\variables.o
                0x2000001b                log_empty
 .data.loggingIdentifier
                0x2000001c        0x2 Src\variables.o
                0x2000001c                loggingIdentifier
 *fill*         0x2000001e        0x2 
 .data.noLoggingData
                0x20000020       0x20 Src\variables.o
                0x20000020                noLoggingData
 .data.studentnumber1
                0x20000040        0x8 Src\variables.o
                0x20000040                studentnumber1
 .data.touch_flag
                0x20000048        0x1 Src\variables.o
                0x20000048                touch_flag
 *fill*         0x20000049        0x3 
 .data.valve_CLOSE
                0x2000004c        0x6 Src\variables.o
                0x2000004c                valve_CLOSE
 *fill*         0x20000052        0x2 
 .data.valve_OPEN
                0x20000054        0x4 Src\variables.o
                0x20000054                valve_OPEN
 .data._impure_ptr
                0x20000058        0x4 c:/program files (x86)/atollic/truestudio for arm 8.0.0/armtools/bin/../lib/gcc/arm-atollic-eabi/6.3.1/../../../../arm-atollic-eabi/lib/armv7e-m/fpu\libc_nano.a(lib_a-impure.o)
                0x20000058                _impure_ptr
 .data.impure_data
                0x2000005c       0x60 c:/program files (x86)/atollic/truestudio for arm 8.0.0/armtools/bin/../lib/gcc/arm-atollic-eabi/6.3.1/../../../../arm-atollic-eabi/lib/armv7e-m/fpu\libc_nano.a(lib_a-impure.o)
 .data.__global_locale
                0x200000bc      0x16c c:/program files (x86)/atollic/truestudio for arm 8.0.0/armtools/bin/../lib/gcc/arm-atollic-eabi/6.3.1/../../../../arm-atollic-eabi/lib/armv7e-m/fpu\libc_nano.a(lib_a-locale.o)
                0x200000bc                __global_locale
                0x20000228                . = ALIGN (0x4)
                0x20000228                _edata = .
                0x08007748                _siccmram = LOADADDR (.ccmram)

.igot.plt       0x20000228        0x0 load address 0x08007748
 .igot.plt      0x20000228        0x0 c:/program files (x86)/atollic/truestudio for arm 8.0.0/armtools/bin/../lib/gcc/arm-atollic-eabi/6.3.1/armv7e-m/fpu/crtbegin.o

.ccmram         0x10000000        0x0 load address 0x08007748
                0x10000000                . = ALIGN (0x4)
                0x10000000                _sccmram = .
 *(.ccmram)
 *(.ccmram*)
                0x10000000                . = ALIGN (0x4)
                0x10000000                _eccmram = .
                0x10000000                . = ALIGN (0x4)

.bss            0x20000228      0x3dc
                0x20000228                _sbss = .
                0x20000228                __bss_start__ = _sbss
 *(.bss)
 .bss           0x20000228       0x1c c:/program files (x86)/atollic/truestudio for arm 8.0.0/armtools/bin/../lib/gcc/arm-atollic-eabi/6.3.1/armv7e-m/fpu/crtbegin.o
 *(.bss*)
 .bss.ADC1_buffer
                0x20000244        0x4 Src\variables.o
                0x20000244                ADC1_buffer
 .bss.ADC2_buffer
                0x20000248        0x4 Src\variables.o
                0x20000248                ADC2_buffer
 .bss.RTC_in_seconds
                0x2000024c        0x4 Src\variables.o
                0x2000024c                RTC_in_seconds
 .bss.RTC_timer_flag
                0x20000250        0x1 Src\variables.o
                0x20000250                RTC_timer_flag
 *fill*         0x20000251        0x7 
 .bss.adc_buffer_current
                0x20000258        0x8 Src\variables.o
                0x20000258                adc_buffer_current
 .bss.adc_buffer_voltage
                0x20000260        0x8 Src\variables.o
                0x20000260                adc_buffer_voltage
 .bss.adc_counter
                0x20000268        0x2 Src\variables.o
                0x20000268                adc_counter
 .bss.adc_flag  0x2000026a        0x1 Src\variables.o
                0x2000026a                adc_flag
 *fill*         0x2000026b        0x1 
 .bss.adc_raw_current
                0x2000026c        0x4 Src\variables.o
                0x2000026c                adc_raw_current
 .bss.adc_raw_voltage
                0x20000270        0x4 Src\variables.o
                0x20000270                adc_raw_voltage
 .bss.ambient_temp
                0x20000274        0x4 Src\variables.o
                0x20000274                ambient_temp
 .bss.auto_heating
                0x20000278        0x1 Src\variables.o
                0x20000278                auto_heating
 *fill*         0x20000279        0x3 
 .bss.current_int_rms
                0x2000027c        0x4 Src\variables.o
                0x2000027c                current_int_rms
 .bss.current_rms
                0x20000280        0x4 Src\variables.o
                0x20000280                current_rms
 .bss.date      0x20000284        0x4 Src\variables.o
                0x20000284                date
 .bss.display_set_temp
                0x20000288        0x1 Src\variables.o
                0x20000288                display_set_temp
 .bss.enableFlashLogging
                0x20000289        0x1 Src\variables.o
                0x20000289                enableFlashLogging
 .bss.fake_RTC_timer
                0x2000028a        0x2 Src\variables.o
                0x2000028a                fake_RTC_timer
 .bss.flash_counter
                0x2000028c        0x4 Src\variables.o
                0x2000028c                flash_counter
 .bss.flash_error
                0x20000290        0x4 Src\variables.o
                0x20000290                flash_error
 .bss.flash_flag
                0x20000294        0x1 Src\variables.o
                0x20000294                flash_flag
 *fill*         0x20000295        0x3 
 .bss.flash_stored
                0x20000298        0x4 Src\variables.o
                0x20000298                flash_stored
 .bss.geyser_temp
                0x2000029c        0x4 Src\variables.o
                0x2000029c                geyser_temp
 .bss.geyser_temp_int
                0x200002a0        0x1 Src\variables.o
                0x200002a0                geyser_temp_int
 *fill*         0x200002a1        0x3 
 .bss.heat_schedule1
                0x200002a4        0x4 Src\variables.o
                0x200002a4                heat_schedule1
 .bss.heat_schedule2
                0x200002a8        0x4 Src\variables.o
                0x200002a8                heat_schedule2
 .bss.heat_schedule3
                0x200002ac        0x4 Src\variables.o
                0x200002ac                heat_schedule3
 .bss.heater_state
                0x200002b0        0x4 Src\variables.o
                0x200002b0                heater_state
 .bss.heating_info
                0x200002b4        0x4 Src\variables.o
                0x200002b4                heating_info
 .bss.i2c_counter
                0x200002b8        0x4 Src\variables.o
                0x200002b8                i2c_counter
 .bss.i2c_flag2
                0x200002bc        0x1 Src\variables.o
                0x200002bc                i2c_flag2
 .bss.log_counter
                0x200002bd        0x1 Src\variables.o
                0x200002bd                log_counter
 *fill*         0x200002be        0x2 
 .bss.log_receiced_num
                0x200002c0        0x4 Src\variables.o
                0x200002c0                log_receiced_num
 .bss.new_time  0x200002c4        0x4 Src\variables.o
                0x200002c4                new_time
 .bss.pEraseInit
                0x200002c8        0x4 Src\variables.o
                0x200002c8                pEraseInit
 .bss.pump_flag
                0x200002cc        0x1 Src\variables.o
                0x200002cc                pump_flag
 *fill*         0x200002cd        0x3 
 .bss.raw_ambient_temp
                0x200002d0        0x4 Src\variables.o
                0x200002d0                raw_ambient_temp
 .bss.raw_geyser_temp
                0x200002d4        0x4 Src\variables.o
                0x200002d4                raw_geyser_temp
 .bss.return_value
                0x200002d8        0x4 Src\variables.o
                0x200002d8                return_value
 .bss.rtcSecFlag
                0x200002dc        0x1 Src\variables.o
                0x200002dc                rtcSecFlag
 .bss.rtc_flag2
                0x200002dd        0x1 Src\variables.o
                0x200002dd                rtc_flag2
 .bss.rx_flag   0x200002de        0x1 Src\variables.o
                0x200002de                rx_flag
 .bss.segment_counter
                0x200002df        0x1 Src\variables.o
                0x200002df                segment_counter
 .bss.segment_val
                0x200002e0        0x4 Src\variables.o
                0x200002e0                segment_val
 .bss.set_temp  0x200002e4        0x4 Src\variables.o
                0x200002e4                set_temp
 .bss.sizeOfTemp
                0x200002e8        0x1 Src\variables.o
                0x200002e8                sizeOfTemp
 .bss.systick_flag
                0x200002e9        0x1 Src\variables.o
                0x200002e9                systick_flag
 *fill*         0x200002ea        0x2 
 .bss.temp_time_var
                0x200002ec        0x4 Src\variables.o
                0x200002ec                temp_time_var
 .bss.temp_val  0x200002f0        0x4 Src\variables.o
                0x200002f0                temp_val
 .bss.timeOfRTC
                0x200002f4        0x4 Src\variables.o
                0x200002f4                timeOfRTC
 .bss.total_water
                0x200002f8        0x4 Src\variables.o
                0x200002f8                total_water
 .bss.uart_command
                0x200002fc        0x4 Src\variables.o
                0x200002fc                uart_command
 .bss.uart_command_copy
                0x20000300        0x4 Src\variables.o
                0x20000300                uart_command_copy
 .bss.uart_counter
                0x20000304        0x1 Src\variables.o
                0x20000304                uart_counter
 *fill*         0x20000305        0x3 
 .bss.valve_state
                0x20000308        0x4 Src\variables.o
                0x20000308                valve_state
 .bss.valve_timer
                0x2000030c        0x1 Src\variables.o
                0x2000030c                valve_timer
 *fill*         0x2000030d        0x3 
 .bss.voltage_int_rms
                0x20000310        0x4 Src\variables.o
                0x20000310                voltage_int_rms
 .bss.voltage_rms
                0x20000314        0x4 Src\variables.o
                0x20000314                voltage_rms
 .bss.water_acc
                0x20000318        0x4 Src\variables.o
                0x20000318                water_acc
 .bss.__malloc_free_list
                0x2000031c        0x4 c:/program files (x86)/atollic/truestudio for arm 8.0.0/armtools/bin/../lib/gcc/arm-atollic-eabi/6.3.1/../../../../arm-atollic-eabi/lib/armv7e-m/fpu\libc_nano.a(lib_a-nano-mallocr.o)
                0x2000031c                __malloc_free_list
 .bss.__malloc_sbrk_start
                0x20000320        0x4 c:/program files (x86)/atollic/truestudio for arm 8.0.0/armtools/bin/../lib/gcc/arm-atollic-eabi/6.3.1/../../../../arm-atollic-eabi/lib/armv7e-m/fpu\libc_nano.a(lib_a-nano-mallocr.o)
                0x20000320                __malloc_sbrk_start
 .bss.heap_end.5239
                0x20000324        0x4 c:/program files (x86)/atollic/truestudio for arm 8.0.0/armtools/bin/../lib/gcc/arm-atollic-eabi/6.3.1/../../../../arm-atollic-eabi/lib/armv7e-m/fpu\libnosys.a(sbrk.o)
 *(COMMON)
 COMMON         0x20000328        0x4 Drivers\STM32F3xx_HAL_Driver\Src\stm32f3xx_hal.o
                0x20000328                uwTick
 *fill*         0x2000032c        0x4 
 COMMON         0x20000330       0x20 Drivers\STM32F3xx_HAL_Driver\Src\stm32f3xx_hal_flash.o
                0x20000330                pFlash
 COMMON         0x20000350      0x1d4 Src\main.o
                0x20000350                hadc2
                0x200003a4                hi2c1
                0x200003f0                Channel_3
                0x20000408                Channel_1
                0x20000420                Channel_4
                0x20000438                huart1
                0x200004a8                hrtc
                0x200004c8                Channel_2
                0x200004e0                hdma_adc2
 COMMON         0x20000524       0xdc Src\variables.o
                0x20000524                sliderCoords
                0x20000528                heating_schedule
                0x200005a0                studentnumber
                0x200005a4                rx_buffer
                0x200005a8                time_intervals
                0x200005c0                recv_buffer
                0x200005d0                heating_time_size
                0x200005d4                data_buffer
                0x200005f4                heating_schedule_info
 COMMON         0x20000600        0x4 c:/program files (x86)/atollic/truestudio for arm 8.0.0/armtools/bin/../lib/gcc/arm-atollic-eabi/6.3.1/../../../../arm-atollic-eabi/lib/armv7e-m/fpu\libc_nano.a(lib_a-reent.o)
                0x20000600                errno
                0x20000604                . = ALIGN (0x4)
                0x20000604                _ebss = .
                0x20000604                __bss_end__ = _ebss

._user_heap_stack
                0x20000604      0x600
                0x20000604                . = ALIGN (0x4)
                0x20000604                PROVIDE (end, .)
                [!provide]                PROVIDE (_end, .)
                0x20000804                . = (. + _Min_Heap_Size)
 *fill*         0x20000604      0x200 
                0x20000c04                . = (. + _Min_Stack_Size)
 *fill*         0x20000804      0x400 
                0x20000c04                . = ALIGN (0x4)

/DISCARD/
 libc.a(*)
 libm.a(*)
 libgcc.a(*)

.ARM.attributes
                0x00000000       0x30
 *(.ARM.attributes)
 .ARM.attributes
                0x00000000       0x22 c:/program files (x86)/atollic/truestudio for arm 8.0.0/armtools/bin/../lib/gcc/arm-atollic-eabi/6.3.1/armv7e-m/fpu/crti.o
 .ARM.attributes
                0x00000022       0x34 c:/program files (x86)/atollic/truestudio for arm 8.0.0/armtools/bin/../lib/gcc/arm-atollic-eabi/6.3.1/armv7e-m/fpu/crtbegin.o
 .ARM.attributes
                0x00000056       0x35 Drivers\STM32F3xx_HAL_Driver\Src\stm32f3xx_hal.o
 .ARM.attributes
                0x0000008b       0x35 Drivers\STM32F3xx_HAL_Driver\Src\stm32f3xx_hal_adc.o
 .ARM.attributes
                0x000000c0       0x35 Drivers\STM32F3xx_HAL_Driver\Src\stm32f3xx_hal_adc_ex.o
 .ARM.attributes
                0x000000f5       0x35 Drivers\STM32F3xx_HAL_Driver\Src\stm32f3xx_hal_cortex.o
 .ARM.attributes
                0x0000012a       0x35 Drivers\STM32F3xx_HAL_Driver\Src\stm32f3xx_hal_dma.o
 .ARM.attributes
                0x0000015f       0x35 Drivers\STM32F3xx_HAL_Driver\Src\stm32f3xx_hal_flash.o
 .ARM.attributes
                0x00000194       0x35 Drivers\STM32F3xx_HAL_Driver\Src\stm32f3xx_hal_gpio.o
 .ARM.attributes
                0x000001c9       0x35 Drivers\STM32F3xx_HAL_Driver\Src\stm32f3xx_hal_i2c.o
 .ARM.attributes
                0x000001fe       0x35 Drivers\STM32F3xx_HAL_Driver\Src\stm32f3xx_hal_i2c_ex.o
 .ARM.attributes
                0x00000233       0x35 Drivers\STM32F3xx_HAL_Driver\Src\stm32f3xx_hal_pwr.o
 .ARM.attributes
                0x00000268       0x35 Drivers\STM32F3xx_HAL_Driver\Src\stm32f3xx_hal_rcc.o
 .ARM.attributes
                0x0000029d       0x35 Drivers\STM32F3xx_HAL_Driver\Src\stm32f3xx_hal_rcc_ex.o
 .ARM.attributes
                0x000002d2       0x35 Drivers\STM32F3xx_HAL_Driver\Src\stm32f3xx_hal_rtc.o
 .ARM.attributes
                0x00000307       0x35 Drivers\STM32F3xx_HAL_Driver\Src\stm32f3xx_hal_rtc_ex.o
 .ARM.attributes
                0x0000033c       0x35 Drivers\STM32F3xx_HAL_Driver\Src\stm32f3xx_hal_uart.o
 .ARM.attributes
                0x00000371       0x35 Drivers\STM32F3xx_HAL_Driver\Src\stm32f3xx_hal_uart_ex.o
 .ARM.attributes
                0x000003a6       0x35 Src\adc_comms.o
 .ARM.attributes
                0x000003db       0x35 Src\flash_memory.o
 .ARM.attributes
                0x00000410       0x35 Src\functions.o
 .ARM.attributes
                0x00000445       0x35 Src\heating_schedule.o
 .ARM.attributes
                0x0000047a       0x35 Src\init_iqs263.o
 .ARM.attributes
                0x000004af       0x35 Src\initilize_peripherals.o
 .ARM.attributes
                0x000004e4       0x35 Src\liters_pumped.o
 .ARM.attributes
                0x00000519       0x35 Src\main.o
 .ARM.attributes
                0x0000054e       0x35 Src\seven_segment.o
 .ARM.attributes
                0x00000583       0x35 Src\seven_segment_display.o
 .ARM.attributes
                0x000005b8       0x35 Src\stm32f3xx_hal_msp.o
 .ARM.attributes
                0x000005ed       0x35 Src\stm32f3xx_it.o
 .ARM.attributes
                0x00000622       0x35 Src\system_stm32f3xx.o
 .ARM.attributes
                0x00000657       0x39 Src\uart_comms.o
 .ARM.attributes
                0x00000690       0x35 Src\user_main.o
 .ARM.attributes
                0x000006c5       0x35 Src\variables.o
 .ARM.attributes
                0x000006fa       0x21 startup\startup_stm32f334x8.o
 .ARM.attributes
                0x0000071b       0x34 c:/program files (x86)/atollic/truestudio for arm 8.0.0/armtools/bin/../lib/gcc/arm-atollic-eabi/6.3.1/../../../../arm-atollic-eabi/lib/armv7e-m/fpu\libc_nano.a(lib_a-calloc.o)
 .ARM.attributes
                0x0000074f       0x34 c:/program files (x86)/atollic/truestudio for arm 8.0.0/armtools/bin/../lib/gcc/arm-atollic-eabi/6.3.1/../../../../arm-atollic-eabi/lib/armv7e-m/fpu\libc_nano.a(lib_a-impure.o)
 .ARM.attributes
                0x00000783       0x34 c:/program files (x86)/atollic/truestudio for arm 8.0.0/armtools/bin/../lib/gcc/arm-atollic-eabi/6.3.1/../../../../arm-atollic-eabi/lib/armv7e-m/fpu\libc_nano.a(lib_a-init.o)
 .ARM.attributes
                0x000007b7       0x34 c:/program files (x86)/atollic/truestudio for arm 8.0.0/armtools/bin/../lib/gcc/arm-atollic-eabi/6.3.1/../../../../arm-atollic-eabi/lib/armv7e-m/fpu\libc_nano.a(lib_a-itoa.o)
 .ARM.attributes
                0x000007eb       0x34 c:/program files (x86)/atollic/truestudio for arm 8.0.0/armtools/bin/../lib/gcc/arm-atollic-eabi/6.3.1/../../../../arm-atollic-eabi/lib/armv7e-m/fpu\libc_nano.a(lib_a-malloc.o)
 .ARM.attributes
                0x0000081f       0x34 c:/program files (x86)/atollic/truestudio for arm 8.0.0/armtools/bin/../lib/gcc/arm-atollic-eabi/6.3.1/../../../../arm-atollic-eabi/lib/armv7e-m/fpu\libc_nano.a(lib_a-memcpy-stub.o)
 .ARM.attributes
                0x00000853       0x34 c:/program files (x86)/atollic/truestudio for arm 8.0.0/armtools/bin/../lib/gcc/arm-atollic-eabi/6.3.1/../../../../arm-atollic-eabi/lib/armv7e-m/fpu\libc_nano.a(lib_a-memset.o)
 .ARM.attributes
                0x00000887       0x34 c:/program files (x86)/atollic/truestudio for arm 8.0.0/armtools/bin/../lib/gcc/arm-atollic-eabi/6.3.1/../../../../arm-atollic-eabi/lib/armv7e-m/fpu\libc_nano.a(lib_a-nano-callocr.o)
 .ARM.attributes
                0x000008bb       0x34 c:/program files (x86)/atollic/truestudio for arm 8.0.0/armtools/bin/../lib/gcc/arm-atollic-eabi/6.3.1/../../../../arm-atollic-eabi/lib/armv7e-m/fpu\libc_nano.a(lib_a-nano-freer.o)
 .ARM.attributes
                0x000008ef       0x34 c:/program files (x86)/atollic/truestudio for arm 8.0.0/armtools/bin/../lib/gcc/arm-atollic-eabi/6.3.1/../../../../arm-atollic-eabi/lib/armv7e-m/fpu\libc_nano.a(lib_a-nano-mallocr.o)
 .ARM.attributes
                0x00000923       0x34 c:/program files (x86)/atollic/truestudio for arm 8.0.0/armtools/bin/../lib/gcc/arm-atollic-eabi/6.3.1/../../../../arm-atollic-eabi/lib/armv7e-m/fpu\libc_nano.a(lib_a-sbrkr.o)
 .ARM.attributes
                0x00000957       0x34 c:/program files (x86)/atollic/truestudio for arm 8.0.0/armtools/bin/../lib/gcc/arm-atollic-eabi/6.3.1/../../../../arm-atollic-eabi/lib/armv7e-m/fpu\libc_nano.a(lib_a-sprintf.o)
 .ARM.attributes
                0x0000098b       0x1b c:/program files (x86)/atollic/truestudio for arm 8.0.0/armtools/bin/../lib/gcc/arm-atollic-eabi/6.3.1/../../../../arm-atollic-eabi/lib/armv7e-m/fpu\libc_nano.a(lib_a-strlen.o)
 .ARM.attributes
                0x000009a6       0x34 c:/program files (x86)/atollic/truestudio for arm 8.0.0/armtools/bin/../lib/gcc/arm-atollic-eabi/6.3.1/../../../../arm-atollic-eabi/lib/armv7e-m/fpu\libc_nano.a(lib_a-strtok.o)
 .ARM.attributes
                0x000009da       0x34 c:/program files (x86)/atollic/truestudio for arm 8.0.0/armtools/bin/../lib/gcc/arm-atollic-eabi/6.3.1/../../../../arm-atollic-eabi/lib/armv7e-m/fpu\libc_nano.a(lib_a-strtok_r.o)
 .ARM.attributes
                0x00000a0e       0x34 c:/program files (x86)/atollic/truestudio for arm 8.0.0/armtools/bin/../lib/gcc/arm-atollic-eabi/6.3.1/../../../../arm-atollic-eabi/lib/armv7e-m/fpu\libc_nano.a(lib_a-strtol.o)
 .ARM.attributes
                0x00000a42       0x34 c:/program files (x86)/atollic/truestudio for arm 8.0.0/armtools/bin/../lib/gcc/arm-atollic-eabi/6.3.1/../../../../arm-atollic-eabi/lib/armv7e-m/fpu\libc_nano.a(lib_a-utoa.o)
 .ARM.attributes
                0x00000a76       0x34 c:/program files (x86)/atollic/truestudio for arm 8.0.0/armtools/bin/../lib/gcc/arm-atollic-eabi/6.3.1/../../../../arm-atollic-eabi/lib/armv7e-m/fpu\libc_nano.a(lib_a-locale.o)
 .ARM.attributes
                0x00000aaa       0x34 c:/program files (x86)/atollic/truestudio for arm 8.0.0/armtools/bin/../lib/gcc/arm-atollic-eabi/6.3.1/../../../../arm-atollic-eabi/lib/armv7e-m/fpu\libc_nano.a(lib_a-mbtowc_r.o)
 .ARM.attributes
                0x00000ade       0x34 c:/program files (x86)/atollic/truestudio for arm 8.0.0/armtools/bin/../lib/gcc/arm-atollic-eabi/6.3.1/../../../../arm-atollic-eabi/lib/armv7e-m/fpu\libc_nano.a(lib_a-mlock.o)
 .ARM.attributes
                0x00000b12       0x34 c:/program files (x86)/atollic/truestudio for arm 8.0.0/armtools/bin/../lib/gcc/arm-atollic-eabi/6.3.1/../../../../arm-atollic-eabi/lib/armv7e-m/fpu\libc_nano.a(lib_a-nano-svfprintf.o)
 .ARM.attributes
                0x00000b46       0x34 c:/program files (x86)/atollic/truestudio for arm 8.0.0/armtools/bin/../lib/gcc/arm-atollic-eabi/6.3.1/../../../../arm-atollic-eabi/lib/armv7e-m/fpu\libc_nano.a(lib_a-nano-vfprintf_i.o)
 .ARM.attributes
                0x00000b7a       0x34 c:/program files (x86)/atollic/truestudio for arm 8.0.0/armtools/bin/../lib/gcc/arm-atollic-eabi/6.3.1/../../../../arm-atollic-eabi/lib/armv7e-m/fpu\libc_nano.a(lib_a-reent.o)
 .ARM.attributes
                0x00000bae       0x34 c:/program files (x86)/atollic/truestudio for arm 8.0.0/armtools/bin/../lib/gcc/arm-atollic-eabi/6.3.1/../../../../arm-atollic-eabi/lib/armv7e-m/fpu\libc_nano.a(lib_a-wctomb_r.o)
 .ARM.attributes
                0x00000be2       0x34 c:/program files (x86)/atollic/truestudio for arm 8.0.0/armtools/bin/../lib/gcc/arm-atollic-eabi/6.3.1/../../../../arm-atollic-eabi/lib/armv7e-m/fpu\libc_nano.a(lib_a-ctype_.o)
 .ARM.attributes
                0x00000c16       0x20 c:/program files (x86)/atollic/truestudio for arm 8.0.0/armtools/bin/../lib/gcc/arm-atollic-eabi/6.3.1/../../../../arm-atollic-eabi/lib/armv7e-m/fpu\libc_nano.a(lib_a-memchr.o)
 .ARM.attributes
                0x00000c36       0x34 c:/program files (x86)/atollic/truestudio for arm 8.0.0/armtools/bin/../lib/gcc/arm-atollic-eabi/6.3.1/../../../../arm-atollic-eabi/lib/armv7e-m/fpu\libc_nano.a(lib_a-memmove.o)
 .ARM.attributes
                0x00000c6a       0x34 c:/program files (x86)/atollic/truestudio for arm 8.0.0/armtools/bin/../lib/gcc/arm-atollic-eabi/6.3.1/../../../../arm-atollic-eabi/lib/armv7e-m/fpu\libc_nano.a(lib_a-nano-reallocr.o)
 .ARM.attributes
                0x00000c9e       0x34 c:/program files (x86)/atollic/truestudio for arm 8.0.0/armtools/bin/../lib/gcc/arm-atollic-eabi/6.3.1/../../../../arm-atollic-eabi/lib/armv7e-m/fpu\libc_nano.a(lib_a-nano-msizer.o)
 .ARM.attributes
                0x00000cd2       0x22 c:/program files (x86)/atollic/truestudio for arm 8.0.0/armtools/bin/../lib/gcc/arm-atollic-eabi/6.3.1/armv7e-m/fpu\libgcc.a(_arm_addsubsf3.o)
 .ARM.attributes
                0x00000cf4       0x34 c:/program files (x86)/atollic/truestudio for arm 8.0.0/armtools/bin/../lib/gcc/arm-atollic-eabi/6.3.1/armv7e-m/fpu\libgcc.a(_fixunssfdi.o)
 .ARM.attributes
                0x00000d28       0x22 c:/program files (x86)/atollic/truestudio for arm 8.0.0/armtools/bin/../lib/gcc/arm-atollic-eabi/6.3.1/armv7e-m/fpu\libgcc.a(_arm_addsubdf3.o)
 .ARM.attributes
                0x00000d4a       0x22 c:/program files (x86)/atollic/truestudio for arm 8.0.0/armtools/bin/../lib/gcc/arm-atollic-eabi/6.3.1/armv7e-m/fpu\libgcc.a(_arm_muldivdf3.o)
 .ARM.attributes
                0x00000d6c       0x22 c:/program files (x86)/atollic/truestudio for arm 8.0.0/armtools/bin/../lib/gcc/arm-atollic-eabi/6.3.1/armv7e-m/fpu\libgcc.a(_arm_fixunsdfsi.o)
 .ARM.attributes
                0x00000d8e       0x34 c:/program files (x86)/atollic/truestudio for arm 8.0.0/armtools/bin/../lib/gcc/arm-atollic-eabi/6.3.1/../../../../arm-atollic-eabi/lib/armv7e-m/fpu\libnosys.a(sbrk.o)
 .ARM.attributes
                0x00000dc2       0x22 c:/program files (x86)/atollic/truestudio for arm 8.0.0/armtools/bin/../lib/gcc/arm-atollic-eabi/6.3.1/armv7e-m/fpu/crtn.o
OUTPUT(edesign19231865.elf elf32-littlearm)

.debug_info     0x00000000    0x35bbe
 .debug_info    0x00000000      0xf54 Drivers\STM32F3xx_HAL_Driver\Src\stm32f3xx_hal.o
 .debug_info    0x00000f54     0x12f2 Drivers\STM32F3xx_HAL_Driver\Src\stm32f3xx_hal_adc.o
 .debug_info    0x00002246     0x27ff Drivers\STM32F3xx_HAL_Driver\Src\stm32f3xx_hal_adc_ex.o
 .debug_info    0x00004a45     0x149c Drivers\STM32F3xx_HAL_Driver\Src\stm32f3xx_hal_cortex.o
 .debug_info    0x00005ee1     0x1046 Drivers\STM32F3xx_HAL_Driver\Src\stm32f3xx_hal_dma.o
 .debug_info    0x00006f27      0xfb6 Drivers\STM32F3xx_HAL_Driver\Src\stm32f3xx_hal_flash.o
 .debug_info    0x00007edd      0xf9e Drivers\STM32F3xx_HAL_Driver\Src\stm32f3xx_hal_gpio.o
 .debug_info    0x00008e7b     0x4b7f Drivers\STM32F3xx_HAL_Driver\Src\stm32f3xx_hal_i2c.o
 .debug_info    0x0000d9fa     0x1152 Drivers\STM32F3xx_HAL_Driver\Src\stm32f3xx_hal_i2c_ex.o
 .debug_info    0x0000eb4c      0xdcc Drivers\STM32F3xx_HAL_Driver\Src\stm32f3xx_hal_pwr.o
 .debug_info    0x0000f918     0x1c03 Drivers\STM32F3xx_HAL_Driver\Src\stm32f3xx_hal_rcc.o
 .debug_info    0x0001151b      0xe93 Drivers\STM32F3xx_HAL_Driver\Src\stm32f3xx_hal_rcc_ex.o
 .debug_info    0x000123ae     0x1a88 Drivers\STM32F3xx_HAL_Driver\Src\stm32f3xx_hal_rtc.o
 .debug_info    0x00013e36     0x17ad Drivers\STM32F3xx_HAL_Driver\Src\stm32f3xx_hal_rtc_ex.o
 .debug_info    0x000155e3     0x2955 Drivers\STM32F3xx_HAL_Driver\Src\stm32f3xx_hal_uart.o
 .debug_info    0x00017f38     0x1137 Drivers\STM32F3xx_HAL_Driver\Src\stm32f3xx_hal_uart_ex.o
 .debug_info    0x0001906f     0x1815 Src\adc_comms.o
 .debug_info    0x0001a884     0x2066 Src\flash_memory.o
 .debug_info    0x0001c8ea     0x1d6f Src\functions.o
 .debug_info    0x0001e659     0x12ee Src\heating_schedule.o
 .debug_info    0x0001f947     0x2485 Src\init_iqs263.o
 .debug_info    0x00021dcc     0x1eb7 Src\initilize_peripherals.o
 .debug_info    0x00023c83     0x1786 Src\liters_pumped.o
 .debug_info    0x00025409     0x2b17 Src\main.o
 .debug_info    0x00027f20     0x1a1c Src\seven_segment.o
 .debug_info    0x0002993c     0x219e Src\seven_segment_display.o
 .debug_info    0x0002bada     0x1fb6 Src\stm32f3xx_hal_msp.o
 .debug_info    0x0002da90     0x1ae8 Src\stm32f3xx_it.o
 .debug_info    0x0002f578      0xc24 Src\system_stm32f3xx.o
 .debug_info    0x0003019c     0x2773 Src\uart_comms.o
 .debug_info    0x0003290f     0x1e99 Src\user_main.o
 .debug_info    0x000347a8     0x1394 Src\variables.o
 .debug_info    0x00035b3c       0x82 startup\startup_stm32f334x8.o

.debug_abbrev   0x00000000     0x52da
 .debug_abbrev  0x00000000      0x2b6 Drivers\STM32F3xx_HAL_Driver\Src\stm32f3xx_hal.o
 .debug_abbrev  0x000002b6      0x24f Drivers\STM32F3xx_HAL_Driver\Src\stm32f3xx_hal_adc.o
 .debug_abbrev  0x00000505      0x3a0 Drivers\STM32F3xx_HAL_Driver\Src\stm32f3xx_hal_adc_ex.o
 .debug_abbrev  0x000008a5      0x377 Drivers\STM32F3xx_HAL_Driver\Src\stm32f3xx_hal_cortex.o
 .debug_abbrev  0x00000c1c      0x2b7 Drivers\STM32F3xx_HAL_Driver\Src\stm32f3xx_hal_dma.o
 .debug_abbrev  0x00000ed3      0x38f Drivers\STM32F3xx_HAL_Driver\Src\stm32f3xx_hal_flash.o
 .debug_abbrev  0x00001262      0x27a Drivers\STM32F3xx_HAL_Driver\Src\stm32f3xx_hal_gpio.o
 .debug_abbrev  0x000014dc      0x3ed Drivers\STM32F3xx_HAL_Driver\Src\stm32f3xx_hal_i2c.o
 .debug_abbrev  0x000018c9      0x21b Drivers\STM32F3xx_HAL_Driver\Src\stm32f3xx_hal_i2c_ex.o
 .debug_abbrev  0x00001ae4      0x205 Drivers\STM32F3xx_HAL_Driver\Src\stm32f3xx_hal_pwr.o
 .debug_abbrev  0x00001ce9      0x378 Drivers\STM32F3xx_HAL_Driver\Src\stm32f3xx_hal_rcc.o
 .debug_abbrev  0x00002061      0x319 Drivers\STM32F3xx_HAL_Driver\Src\stm32f3xx_hal_rcc_ex.o
 .debug_abbrev  0x0000237a      0x359 Drivers\STM32F3xx_HAL_Driver\Src\stm32f3xx_hal_rtc.o
 .debug_abbrev  0x000026d3      0x2d8 Drivers\STM32F3xx_HAL_Driver\Src\stm32f3xx_hal_rtc_ex.o
 .debug_abbrev  0x000029ab      0x3bf Drivers\STM32F3xx_HAL_Driver\Src\stm32f3xx_hal_uart.o
 .debug_abbrev  0x00002d6a      0x28c Drivers\STM32F3xx_HAL_Driver\Src\stm32f3xx_hal_uart_ex.o
 .debug_abbrev  0x00002ff6      0x1ff Src\adc_comms.o
 .debug_abbrev  0x000031f5      0x22c Src\flash_memory.o
 .debug_abbrev  0x00003421      0x256 Src\functions.o
 .debug_abbrev  0x00003677      0x213 Src\heating_schedule.o
 .debug_abbrev  0x0000388a      0x21d Src\init_iqs263.o
 .debug_abbrev  0x00003aa7      0x21b Src\initilize_peripherals.o
 .debug_abbrev  0x00003cc2      0x1bd Src\liters_pumped.o
 .debug_abbrev  0x00003e7f      0x33e Src\main.o
 .debug_abbrev  0x000041bd      0x210 Src\seven_segment.o
 .debug_abbrev  0x000043cd      0x220 Src\seven_segment_display.o
 .debug_abbrev  0x000045ed      0x2c3 Src\stm32f3xx_hal_msp.o
 .debug_abbrev  0x000048b0      0x240 Src\stm32f3xx_it.o
 .debug_abbrev  0x00004af0      0x1cd Src\system_stm32f3xx.o
 .debug_abbrev  0x00004cbd      0x237 Src\uart_comms.o
 .debug_abbrev  0x00004ef4      0x224 Src\user_main.o
 .debug_abbrev  0x00005118      0x1b0 Src\variables.o
 .debug_abbrev  0x000052c8       0x12 startup\startup_stm32f334x8.o

.debug_loc      0x00000000     0xf2b7
 .debug_loc     0x00000000       0x69 Drivers\STM32F3xx_HAL_Driver\Src\stm32f3xx_hal.o
 .debug_loc     0x00000069      0x108 Drivers\STM32F3xx_HAL_Driver\Src\stm32f3xx_hal_adc.o
 .debug_loc     0x00000171     0x2b2b Drivers\STM32F3xx_HAL_Driver\Src\stm32f3xx_hal_adc_ex.o
 .debug_loc     0x00002c9c      0x619 Drivers\STM32F3xx_HAL_Driver\Src\stm32f3xx_hal_cortex.o
 .debug_loc     0x000032b5      0x665 Drivers\STM32F3xx_HAL_Driver\Src\stm32f3xx_hal_dma.o
 .debug_loc     0x0000391a      0x4bb Drivers\STM32F3xx_HAL_Driver\Src\stm32f3xx_hal_flash.o
 .debug_loc     0x00003dd5      0x3ba Drivers\STM32F3xx_HAL_Driver\Src\stm32f3xx_hal_gpio.o
 .debug_loc     0x0000418f     0x5b3b Drivers\STM32F3xx_HAL_Driver\Src\stm32f3xx_hal_i2c.o
 .debug_loc     0x00009cca      0x196 Drivers\STM32F3xx_HAL_Driver\Src\stm32f3xx_hal_i2c_ex.o
 .debug_loc     0x00009e60       0x8d Drivers\STM32F3xx_HAL_Driver\Src\stm32f3xx_hal_pwr.o
 .debug_loc     0x00009eed      0xa4a Drivers\STM32F3xx_HAL_Driver\Src\stm32f3xx_hal_rcc.o
 .debug_loc     0x0000a937      0x4dd Drivers\STM32F3xx_HAL_Driver\Src\stm32f3xx_hal_rcc_ex.o
 .debug_loc     0x0000ae14     0x12c8 Drivers\STM32F3xx_HAL_Driver\Src\stm32f3xx_hal_rtc.o
 .debug_loc     0x0000c0dc      0xd39 Drivers\STM32F3xx_HAL_Driver\Src\stm32f3xx_hal_rtc_ex.o
 .debug_loc     0x0000ce15     0x1d66 Drivers\STM32F3xx_HAL_Driver\Src\stm32f3xx_hal_uart.o
 .debug_loc     0x0000eb7b      0x360 Drivers\STM32F3xx_HAL_Driver\Src\stm32f3xx_hal_uart_ex.o
 .debug_loc     0x0000eedb       0x48 Src\flash_memory.o
 .debug_loc     0x0000ef23       0x21 Src\functions.o
 .debug_loc     0x0000ef44      0x11b Src\seven_segment_display.o
 .debug_loc     0x0000f05f      0x13c Src\stm32f3xx_hal_msp.o
 .debug_loc     0x0000f19b      0x109 Src\system_stm32f3xx.o
 .debug_loc     0x0000f2a4       0x13 Src\uart_comms.o

.debug_aranges  0x00000000      0xdc8
 .debug_aranges
                0x00000000       0xc0 Drivers\STM32F3xx_HAL_Driver\Src\stm32f3xx_hal.o
 .debug_aranges
                0x000000c0       0x60 Drivers\STM32F3xx_HAL_Driver\Src\stm32f3xx_hal_adc.o
 .debug_aranges
                0x00000120      0x140 Drivers\STM32F3xx_HAL_Driver\Src\stm32f3xx_hal_adc_ex.o
 .debug_aranges
                0x00000260       0x90 Drivers\STM32F3xx_HAL_Driver\Src\stm32f3xx_hal_cortex.o
 .debug_aranges
                0x000002f0       0x78 Drivers\STM32F3xx_HAL_Driver\Src\stm32f3xx_hal_dma.o
 .debug_aranges
                0x00000368       0x70 Drivers\STM32F3xx_HAL_Driver\Src\stm32f3xx_hal_flash.o
 .debug_aranges
                0x000003d8       0x58 Drivers\STM32F3xx_HAL_Driver\Src\stm32f3xx_hal_gpio.o
 .debug_aranges
                0x00000430      0x1b8 Drivers\STM32F3xx_HAL_Driver\Src\stm32f3xx_hal_i2c.o
 .debug_aranges
                0x000005e8       0x48 Drivers\STM32F3xx_HAL_Driver\Src\stm32f3xx_hal_i2c_ex.o
 .debug_aranges
                0x00000630       0x78 Drivers\STM32F3xx_HAL_Driver\Src\stm32f3xx_hal_pwr.o
 .debug_aranges
                0x000006a8       0x88 Drivers\STM32F3xx_HAL_Driver\Src\stm32f3xx_hal_rcc.o
 .debug_aranges
                0x00000730       0x30 Drivers\STM32F3xx_HAL_Driver\Src\stm32f3xx_hal_rcc_ex.o
 .debug_aranges
                0x00000760       0xa8 Drivers\STM32F3xx_HAL_Driver\Src\stm32f3xx_hal_rtc.o
 .debug_aranges
                0x00000808      0x100 Drivers\STM32F3xx_HAL_Driver\Src\stm32f3xx_hal_rtc_ex.o
 .debug_aranges
                0x00000908      0x198 Drivers\STM32F3xx_HAL_Driver\Src\stm32f3xx_hal_uart.o
 .debug_aranges
                0x00000aa0       0x48 Drivers\STM32F3xx_HAL_Driver\Src\stm32f3xx_hal_uart_ex.o
 .debug_aranges
                0x00000ae8       0x20 Src\adc_comms.o
 .debug_aranges
                0x00000b08       0x28 Src\flash_memory.o
 .debug_aranges
                0x00000b30       0x30 Src\functions.o
 .debug_aranges
                0x00000b60       0x28 Src\heating_schedule.o
 .debug_aranges
                0x00000b88       0x28 Src\init_iqs263.o
 .debug_aranges
                0x00000bb0       0x20 Src\initilize_peripherals.o
 .debug_aranges
                0x00000bd0       0x20 Src\liters_pumped.o
 .debug_aranges
                0x00000bf0       0x30 Src\main.o
 .debug_aranges
                0x00000c20       0x20 Src\seven_segment.o
 .debug_aranges
                0x00000c40       0x20 Src\seven_segment_display.o
 .debug_aranges
                0x00000c60       0x60 Src\stm32f3xx_hal_msp.o
 .debug_aranges
                0x00000cc0       0x60 Src\stm32f3xx_it.o
 .debug_aranges
                0x00000d20       0x28 Src\system_stm32f3xx.o
 .debug_aranges
                0x00000d48       0x20 Src\uart_comms.o
 .debug_aranges
                0x00000d68       0x20 Src\user_main.o
 .debug_aranges
                0x00000d88       0x18 Src\variables.o
 .debug_aranges
                0x00000da0       0x28 startup\startup_stm32f334x8.o

.debug_ranges   0x00000000     0x2ba0
 .debug_ranges  0x00000000       0xb0 Drivers\STM32F3xx_HAL_Driver\Src\stm32f3xx_hal.o
 .debug_ranges  0x000000b0       0x50 Drivers\STM32F3xx_HAL_Driver\Src\stm32f3xx_hal_adc.o
 .debug_ranges  0x00000100      0x5e8 Drivers\STM32F3xx_HAL_Driver\Src\stm32f3xx_hal_adc_ex.o
 .debug_ranges  0x000006e8      0x148 Drivers\STM32F3xx_HAL_Driver\Src\stm32f3xx_hal_cortex.o
 .debug_ranges  0x00000830      0x128 Drivers\STM32F3xx_HAL_Driver\Src\stm32f3xx_hal_dma.o
 .debug_ranges  0x00000958      0x1b8 Drivers\STM32F3xx_HAL_Driver\Src\stm32f3xx_hal_flash.o
 .debug_ranges  0x00000b10       0x60 Drivers\STM32F3xx_HAL_Driver\Src\stm32f3xx_hal_gpio.o
 .debug_ranges  0x00000b70      0xf58 Drivers\STM32F3xx_HAL_Driver\Src\stm32f3xx_hal_i2c.o
 .debug_ranges  0x00001ac8       0x78 Drivers\STM32F3xx_HAL_Driver\Src\stm32f3xx_hal_i2c_ex.o
 .debug_ranges  0x00001b40       0x68 Drivers\STM32F3xx_HAL_Driver\Src\stm32f3xx_hal_pwr.o
 .debug_ranges  0x00001ba8      0x270 Drivers\STM32F3xx_HAL_Driver\Src\stm32f3xx_hal_rcc.o
 .debug_ranges  0x00001e18       0xb0 Drivers\STM32F3xx_HAL_Driver\Src\stm32f3xx_hal_rcc_ex.o
 .debug_ranges  0x00001ec8      0x3e0 Drivers\STM32F3xx_HAL_Driver\Src\stm32f3xx_hal_rtc.o
 .debug_ranges  0x000022a8       0xf0 Drivers\STM32F3xx_HAL_Driver\Src\stm32f3xx_hal_rtc_ex.o
 .debug_ranges  0x00002398      0x4a0 Drivers\STM32F3xx_HAL_Driver\Src\stm32f3xx_hal_uart.o
 .debug_ranges  0x00002838       0x38 Drivers\STM32F3xx_HAL_Driver\Src\stm32f3xx_hal_uart_ex.o
 .debug_ranges  0x00002870       0x10 Src\adc_comms.o
 .debug_ranges  0x00002880       0x18 Src\flash_memory.o
 .debug_ranges  0x00002898       0x20 Src\functions.o
 .debug_ranges  0x000028b8       0x18 Src\heating_schedule.o
 .debug_ranges  0x000028d0       0x18 Src\init_iqs263.o
 .debug_ranges  0x000028e8       0x10 Src\initilize_peripherals.o
 .debug_ranges  0x000028f8       0x10 Src\liters_pumped.o
 .debug_ranges  0x00002908       0xd0 Src\main.o
 .debug_ranges  0x000029d8       0x10 Src\seven_segment.o
 .debug_ranges  0x000029e8       0x10 Src\seven_segment_display.o
 .debug_ranges  0x000029f8      0x100 Src\stm32f3xx_hal_msp.o
 .debug_ranges  0x00002af8       0x50 Src\stm32f3xx_it.o
 .debug_ranges  0x00002b48       0x18 Src\system_stm32f3xx.o
 .debug_ranges  0x00002b60       0x10 Src\uart_comms.o
 .debug_ranges  0x00002b70       0x10 Src\user_main.o
 .debug_ranges  0x00002b80       0x20 startup\startup_stm32f334x8.o

.debug_macro    0x00000000    0x22c46
 .debug_macro   0x00000000      0x356 Drivers\STM32F3xx_HAL_Driver\Src\stm32f3xx_hal.o
 .debug_macro   0x00000356      0x8c2 Drivers\STM32F3xx_HAL_Driver\Src\stm32f3xx_hal.o
 .debug_macro   0x00000c18      0x13c Drivers\STM32F3xx_HAL_Driver\Src\stm32f3xx_hal.o
 .debug_macro   0x00000d54       0xab Drivers\STM32F3xx_HAL_Driver\Src\stm32f3xx_hal.o
 .debug_macro   0x00000dff       0x2f Drivers\STM32F3xx_HAL_Driver\Src\stm32f3xx_hal.o
 .debug_macro   0x00000e2e       0x28 Drivers\STM32F3xx_HAL_Driver\Src\stm32f3xx_hal.o
 .debug_macro   0x00000e56       0x22 Drivers\STM32F3xx_HAL_Driver\Src\stm32f3xx_hal.o
 .debug_macro   0x00000e78       0x87 Drivers\STM32F3xx_HAL_Driver\Src\stm32f3xx_hal.o
 .debug_macro   0x00000eff       0x51 Drivers\STM32F3xx_HAL_Driver\Src\stm32f3xx_hal.o
 .debug_macro   0x00000f50       0xef Drivers\STM32F3xx_HAL_Driver\Src\stm32f3xx_hal.o
 .debug_macro   0x0000103f       0x6a Drivers\STM32F3xx_HAL_Driver\Src\stm32f3xx_hal.o
 .debug_macro   0x000010a9      0x1df Drivers\STM32F3xx_HAL_Driver\Src\stm32f3xx_hal.o
 .debug_macro   0x00001288       0x35 Drivers\STM32F3xx_HAL_Driver\Src\stm32f3xx_hal.o
 .debug_macro   0x000012bd       0x50 Drivers\STM32F3xx_HAL_Driver\Src\stm32f3xx_hal.o
 .debug_macro   0x0000130d      0xd40 Drivers\STM32F3xx_HAL_Driver\Src\stm32f3xx_hal.o
 .debug_macro   0x0000204d    0x15472 Drivers\STM32F3xx_HAL_Driver\Src\stm32f3xx_hal.o
 .debug_macro   0x000174bf       0x43 Drivers\STM32F3xx_HAL_Driver\Src\stm32f3xx_hal.o
 .debug_macro   0x00017502       0x46 Drivers\STM32F3xx_HAL_Driver\Src\stm32f3xx_hal.o
 .debug_macro   0x00017548       0x3c Drivers\STM32F3xx_HAL_Driver\Src\stm32f3xx_hal.o
 .debug_macro   0x00017584       0x9c Drivers\STM32F3xx_HAL_Driver\Src\stm32f3xx_hal.o
 .debug_macro   0x00017620       0x16 Drivers\STM32F3xx_HAL_Driver\Src\stm32f3xx_hal.o
 .debug_macro   0x00017636       0x97 Drivers\STM32F3xx_HAL_Driver\Src\stm32f3xx_hal.o
 .debug_macro   0x000176cd      0x30d Drivers\STM32F3xx_HAL_Driver\Src\stm32f3xx_hal.o
 .debug_macro   0x000179da       0xfd Drivers\STM32F3xx_HAL_Driver\Src\stm32f3xx_hal.o
 .debug_macro   0x00017ad7       0x10 Drivers\STM32F3xx_HAL_Driver\Src\stm32f3xx_hal.o
 .debug_macro   0x00017ae7       0x52 Drivers\STM32F3xx_HAL_Driver\Src\stm32f3xx_hal.o
 .debug_macro   0x00017b39       0x1f Drivers\STM32F3xx_HAL_Driver\Src\stm32f3xx_hal.o
 .debug_macro   0x00017b58       0x43 Drivers\STM32F3xx_HAL_Driver\Src\stm32f3xx_hal.o
 .debug_macro   0x00017b9b       0x20 Drivers\STM32F3xx_HAL_Driver\Src\stm32f3xx_hal.o
 .debug_macro   0x00017bbb      0x1a3 Drivers\STM32F3xx_HAL_Driver\Src\stm32f3xx_hal.o
 .debug_macro   0x00017d5e       0x10 Drivers\STM32F3xx_HAL_Driver\Src\stm32f3xx_hal.o
 .debug_macro   0x00017d6e       0x1c Drivers\STM32F3xx_HAL_Driver\Src\stm32f3xx_hal.o
 .debug_macro   0x00017d8a       0x52 Drivers\STM32F3xx_HAL_Driver\Src\stm32f3xx_hal.o
 .debug_macro   0x00017ddc       0x40 Drivers\STM32F3xx_HAL_Driver\Src\stm32f3xx_hal.o
 .debug_macro   0x00017e1c       0x10 Drivers\STM32F3xx_HAL_Driver\Src\stm32f3xx_hal.o
 .debug_macro   0x00017e2c       0x40 Drivers\STM32F3xx_HAL_Driver\Src\stm32f3xx_hal.o
 .debug_macro   0x00017e6c       0xd7 Drivers\STM32F3xx_HAL_Driver\Src\stm32f3xx_hal.o
 .debug_macro   0x00017f43       0x16 Drivers\STM32F3xx_HAL_Driver\Src\stm32f3xx_hal.o
 .debug_macro   0x00017f59      0x161 Drivers\STM32F3xx_HAL_Driver\Src\stm32f3xx_hal.o
 .debug_macro   0x000180ba       0x49 Drivers\STM32F3xx_HAL_Driver\Src\stm32f3xx_hal.o
 .debug_macro   0x00018103      0x8ff Drivers\STM32F3xx_HAL_Driver\Src\stm32f3xx_hal.o
 .debug_macro   0x00018a02      0x358 Drivers\STM32F3xx_HAL_Driver\Src\stm32f3xx_hal.o
 .debug_macro   0x00018d5a      0x13a Drivers\STM32F3xx_HAL_Driver\Src\stm32f3xx_hal.o
 .debug_macro   0x00018e94      0x130 Drivers\STM32F3xx_HAL_Driver\Src\stm32f3xx_hal.o
 .debug_macro   0x00018fc4      0x1bc Drivers\STM32F3xx_HAL_Driver\Src\stm32f3xx_hal.o
 .debug_macro   0x00019180       0x34 Drivers\STM32F3xx_HAL_Driver\Src\stm32f3xx_hal.o
 .debug_macro   0x000191b4       0x3c Drivers\STM32F3xx_HAL_Driver\Src\stm32f3xx_hal.o
 .debug_macro   0x000191f0       0x57 Drivers\STM32F3xx_HAL_Driver\Src\stm32f3xx_hal.o
 .debug_macro   0x00019247      0x84c Drivers\STM32F3xx_HAL_Driver\Src\stm32f3xx_hal.o
 .debug_macro   0x00019a93       0x77 Drivers\STM32F3xx_HAL_Driver\Src\stm32f3xx_hal.o
 .debug_macro   0x00019b0a       0xcb Drivers\STM32F3xx_HAL_Driver\Src\stm32f3xx_hal.o
 .debug_macro   0x00019bd5      0x1a0 Drivers\STM32F3xx_HAL_Driver\Src\stm32f3xx_hal.o
 .debug_macro   0x00019d75      0x202 Drivers\STM32F3xx_HAL_Driver\Src\stm32f3xx_hal.o
 .debug_macro   0x00019f77       0x5b Drivers\STM32F3xx_HAL_Driver\Src\stm32f3xx_hal.o
 .debug_macro   0x00019fd2       0x90 Drivers\STM32F3xx_HAL_Driver\Src\stm32f3xx_hal.o
 .debug_macro   0x0001a062       0x82 Drivers\STM32F3xx_HAL_Driver\Src\stm32f3xx_hal.o
 .debug_macro   0x0001a0e4       0xd3 Drivers\STM32F3xx_HAL_Driver\Src\stm32f3xx_hal.o
 .debug_macro   0x0001a1b7      0x2fe Drivers\STM32F3xx_HAL_Driver\Src\stm32f3xx_hal.o
 .debug_macro   0x0001a4b5      0x388 Drivers\STM32F3xx_HAL_Driver\Src\stm32f3xx_hal.o
 .debug_macro   0x0001a83d       0xeb Drivers\STM32F3xx_HAL_Driver\Src\stm32f3xx_hal.o
 .debug_macro   0x0001a928      0x566 Drivers\STM32F3xx_HAL_Driver\Src\stm32f3xx_hal.o
 .debug_macro   0x0001ae8e       0x31 Drivers\STM32F3xx_HAL_Driver\Src\stm32f3xx_hal.o
 .debug_macro   0x0001aebf      0x298 Drivers\STM32F3xx_HAL_Driver\Src\stm32f3xx_hal.o
 .debug_macro   0x0001b157      0x333 Drivers\STM32F3xx_HAL_Driver\Src\stm32f3xx_hal_adc.o
 .debug_macro   0x0001b48a      0x35c Drivers\STM32F3xx_HAL_Driver\Src\stm32f3xx_hal_adc_ex.o
 .debug_macro   0x0001b7e6      0x332 Drivers\STM32F3xx_HAL_Driver\Src\stm32f3xx_hal_cortex.o
 .debug_macro   0x0001bb18      0x332 Drivers\STM32F3xx_HAL_Driver\Src\stm32f3xx_hal_dma.o
 .debug_macro   0x0001be4a      0x332 Drivers\STM32F3xx_HAL_Driver\Src\stm32f3xx_hal_flash.o
 .debug_macro   0x0001c17c      0x36a Drivers\STM32F3xx_HAL_Driver\Src\stm32f3xx_hal_gpio.o
 .debug_macro   0x0001c4e6      0x3fe Drivers\STM32F3xx_HAL_Driver\Src\stm32f3xx_hal_i2c.o
 .debug_macro   0x0001c8e4      0x332 Drivers\STM32F3xx_HAL_Driver\Src\stm32f3xx_hal_i2c_ex.o
 .debug_macro   0x0001cc16      0x332 Drivers\STM32F3xx_HAL_Driver\Src\stm32f3xx_hal_pwr.o
 .debug_macro   0x0001cf48      0x356 Drivers\STM32F3xx_HAL_Driver\Src\stm32f3xx_hal_rcc.o
 .debug_macro   0x0001d29e      0x332 Drivers\STM32F3xx_HAL_Driver\Src\stm32f3xx_hal_rcc_ex.o
 .debug_macro   0x0001d5d0      0x333 Drivers\STM32F3xx_HAL_Driver\Src\stm32f3xx_hal_rtc.o
 .debug_macro   0x0001d903      0x332 Drivers\STM32F3xx_HAL_Driver\Src\stm32f3xx_hal_rtc_ex.o
 .debug_macro   0x0001dc35      0x33a Drivers\STM32F3xx_HAL_Driver\Src\stm32f3xx_hal_uart.o
 .debug_macro   0x0001df6f      0x332 Drivers\STM32F3xx_HAL_Driver\Src\stm32f3xx_hal_uart_ex.o
 .debug_macro   0x0001e2a1      0x3b5 Src\adc_comms.o
 .debug_macro   0x0001e656       0x40 Src\adc_comms.o
 .debug_macro   0x0001e696       0x8d Src\adc_comms.o
 .debug_macro   0x0001e723       0x16 Src\adc_comms.o
 .debug_macro   0x0001e739      0x10e Src\adc_comms.o
 .debug_macro   0x0001e847       0x8d Src\adc_comms.o
 .debug_macro   0x0001e8d4       0x57 Src\adc_comms.o
 .debug_macro   0x0001e92b       0x16 Src\adc_comms.o
 .debug_macro   0x0001e941       0x29 Src\adc_comms.o
 .debug_macro   0x0001e96a       0x16 Src\adc_comms.o
 .debug_macro   0x0001e980       0x35 Src\adc_comms.o
 .debug_macro   0x0001e9b5       0x20 Src\adc_comms.o
 .debug_macro   0x0001e9d5       0x1c Src\adc_comms.o
 .debug_macro   0x0001e9f1      0x1e1 Src\adc_comms.o
 .debug_macro   0x0001ebd2      0x118 Src\adc_comms.o
 .debug_macro   0x0001ecea      0x3b5 Src\flash_memory.o
 .debug_macro   0x0001f09f      0x3b5 Src\functions.o
 .debug_macro   0x0001f454      0x3b5 Src\heating_schedule.o
 .debug_macro   0x0001f809      0x3b5 Src\init_iqs263.o
 .debug_macro   0x0001fbbe      0x3b5 Src\initilize_peripherals.o
 .debug_macro   0x0001ff73      0x3b5 Src\liters_pumped.o
 .debug_macro   0x00020328      0x3c5 Src\main.o
 .debug_macro   0x000206ed      0x3b5 Src\seven_segment.o
 .debug_macro   0x00020aa2      0x3b5 Src\seven_segment_display.o
 .debug_macro   0x00020e57      0x332 Src\stm32f3xx_hal_msp.o
 .debug_macro   0x00021189      0x3b8 Src\stm32f3xx_it.o
 .debug_macro   0x00021541      0x338 Src\system_stm32f3xx.o
 .debug_macro   0x00021879      0x3b0 Src\uart_comms.o
 .debug_macro   0x00021c29      0x8b6 Src\uart_comms.o
 .debug_macro   0x000224df      0x3c5 Src\user_main.o
 .debug_macro   0x000228a4      0x3a2 Src\variables.o

.debug_line     0x00000000    0x150ea
 .debug_line    0x00000000      0x86a Drivers\STM32F3xx_HAL_Driver\Src\stm32f3xx_hal.o
 .debug_line    0x0000086a      0x788 Drivers\STM32F3xx_HAL_Driver\Src\stm32f3xx_hal_adc.o