Archive member included to satisfy reference by file (symbol)

c:/program files (x86)/atollic/truestudio for arm 8.0.0/armtools/bin/../lib/gcc/arm-atollic-eabi/6.3.1/../../../../arm-atollic-eabi/lib/armv7e-m/fpu\libc_nano.a(lib_a-init.o)
                              startup\startup_stm32f334x8.o (__libc_init_array)
c:/program files (x86)/atollic/truestudio for arm 8.0.0/armtools/bin/../lib/gcc/arm-atollic-eabi/6.3.1/../../../../arm-atollic-eabi/lib/armv7e-m/fpu\libc_nano.a(lib_a-itoa.o)
                              Src\flash_memory.o (itoa)
c:/program files (x86)/atollic/truestudio for arm 8.0.0/armtools/bin/../lib/gcc/arm-atollic-eabi/6.3.1/../../../../arm-atollic-eabi/lib/armv7e-m/fpu\libc_nano.a(lib_a-malloc.o)
                              Src\initilize_peripherals.o (malloc)
c:/program files (x86)/atollic/truestudio for arm 8.0.0/armtools/bin/../lib/gcc/arm-atollic-eabi/6.3.1/../../../../arm-atollic-eabi/lib/armv7e-m/fpu\libc_nano.a(lib_a-memcpy-stub.o)
                              Src\flash_memory.o (memcpy)
c:/program files (x86)/atollic/truestudio for arm 8.0.0/armtools/bin/../lib/gcc/arm-atollic-eabi/6.3.1/../../../../arm-atollic-eabi/lib/armv7e-m/fpu\libc_nano.a(lib_a-memset.o)
                              Src\flash_memory.o (memset)
c:/program files (x86)/atollic/truestudio for arm 8.0.0/armtools/bin/../lib/gcc/arm-atollic-eabi/6.3.1/../../../../arm-atollic-eabi/lib/armv7e-m/fpu\libc_nano.a(lib_a-nano-freer.o)
                              c:/program files (x86)/atollic/truestudio for arm 8.0.0/armtools/bin/../lib/gcc/arm-atollic-eabi/6.3.1/../../../../arm-atollic-eabi/lib/armv7e-m/fpu\libc_nano.a(lib_a-malloc.o) (_free_r)
c:/program files (x86)/atollic/truestudio for arm 8.0.0/armtools/bin/../lib/gcc/arm-atollic-eabi/6.3.1/../../../../arm-atollic-eabi/lib/armv7e-m/fpu\libc_nano.a(lib_a-nano-mallocr.o)
                              c:/program files (x86)/atollic/truestudio for arm 8.0.0/armtools/bin/../lib/gcc/arm-atollic-eabi/6.3.1/../../../../arm-atollic-eabi/lib/armv7e-m/fpu\libc_nano.a(lib_a-malloc.o) (_malloc_r)
c:/program files (x86)/atollic/truestudio for arm 8.0.0/armtools/bin/../lib/gcc/arm-atollic-eabi/6.3.1/../../../../arm-atollic-eabi/lib/armv7e-m/fpu\libc_nano.a(lib_a-sbrkr.o)
                              c:/program files (x86)/atollic/truestudio for arm 8.0.0/armtools/bin/../lib/gcc/arm-atollic-eabi/6.3.1/../../../../arm-atollic-eabi/lib/armv7e-m/fpu\libc_nano.a(lib_a-nano-mallocr.o) (_sbrk_r)
c:/program files (x86)/atollic/truestudio for arm 8.0.0/armtools/bin/../lib/gcc/arm-atollic-eabi/6.3.1/../../../../arm-atollic-eabi/lib/armv7e-m/fpu\libc_nano.a(lib_a-sprintf.o)
                              Src\adc_comms.o (sprintf)
c:/program files (x86)/atollic/truestudio for arm 8.0.0/armtools/bin/../lib/gcc/arm-atollic-eabi/6.3.1/../../../../arm-atollic-eabi/lib/armv7e-m/fpu\libc_nano.a(lib_a-strlen.o)
                              Src\flash_memory.o (strlen)
c:/program files (x86)/atollic/truestudio for arm 8.0.0/armtools/bin/../lib/gcc/arm-atollic-eabi/6.3.1/../../../../arm-atollic-eabi/lib/armv7e-m/fpu\libc_nano.a(lib_a-strtok.o)
                              Src\uart_comms.o (strtok)
c:/program files (x86)/atollic/truestudio for arm 8.0.0/armtools/bin/../lib/gcc/arm-atollic-eabi/6.3.1/../../../../arm-atollic-eabi/lib/armv7e-m/fpu\libc_nano.a(lib_a-strtok_r.o)
                              c:/program files (x86)/atollic/truestudio for arm 8.0.0/armtools/bin/../lib/gcc/arm-atollic-eabi/6.3.1/../../../../arm-atollic-eabi/lib/armv7e-m/fpu\libc_nano.a(lib_a-strtok.o) (__strtok_r)
c:/program files (x86)/atollic/truestudio for arm 8.0.0/armtools/bin/../lib/gcc/arm-atollic-eabi/6.3.1/../../../../arm-atollic-eabi/lib/armv7e-m/fpu\libc_nano.a(lib_a-strtol.o)
                              Src\uart_comms.o (strtol)
c:/program files (x86)/atollic/truestudio for arm 8.0.0/armtools/bin/../lib/gcc/arm-atollic-eabi/6.3.1/../../../../arm-atollic-eabi/lib/armv7e-m/fpu\libc_nano.a(lib_a-utoa.o)
                              c:/program files (x86)/atollic/truestudio for arm 8.0.0/armtools/bin/../lib/gcc/arm-atollic-eabi/6.3.1/../../../../arm-atollic-eabi/lib/armv7e-m/fpu\libc_nano.a(lib_a-itoa.o) (__utoa)
c:/program files (x86)/atollic/truestudio for arm 8.0.0/armtools/bin/../lib/gcc/arm-atollic-eabi/6.3.1/../../../../arm-atollic-eabi/lib/armv7e-m/fpu\libc_nano.a(lib_a-impure.o)
                              c:/program files (x86)/atollic/truestudio for arm 8.0.0/armtools/bin/../lib/gcc/arm-atollic-eabi/6.3.1/../../../../arm-atollic-eabi/lib/armv7e-m/fpu\libc_nano.a(lib_a-malloc.o) (_impure_ptr)
c:/program files (x86)/atollic/truestudio for arm 8.0.0/armtools/bin/../lib/gcc/arm-atollic-eabi/6.3.1/../../../../arm-atollic-eabi/lib/armv7e-m/fpu\libc_nano.a(lib_a-locale.o)
[...]
Memory Configuration

Name             Origin             Length             Attributes
RAM              0x20000000         0x00003000         xrw
CCMRAM           0x10000000         0x00001000         rw
FLASH            0x08000000         0x00010000         xr
*default*        0x00000000         0xffffffff

Linker script and memory map

LOAD c:/program files (x86)/atollic/truestudio for arm 8.0.0/armtools/bin/../lib/gcc/arm-atollic-eabi/6.3.1/armv7e-m/fpu/crti.o
LOAD c:/program files (x86)/atollic/truestudio for arm 8.0.0/armtools/bin/../lib/gcc/arm-atollic-eabi/6.3.1/armv7e-m/fpu/crtbegin.o
LOAD Drivers\STM32F3xx_HAL_Driver\Src\stm32f3xx_hal.o
LOAD Drivers\STM32F3xx_HAL_Driver\Src\stm32f3xx_hal_adc.o
LOAD Drivers\STM32F3xx_HAL_Driver\Src\stm32f3xx_hal_adc_ex.o
LOAD Drivers\STM32F3xx_HAL_Driver\Src\stm32f3xx_hal_cortex.o
LOAD Drivers\STM32F3xx_HAL_Driver\Src\stm32f3xx_hal_dma.o
LOAD Drivers\STM32F3xx_HAL_Driver\Src\stm32f3xx_hal_flash.o
LOAD Drivers\STM32F3xx_HAL_Driver\Src\stm32f3xx_hal_flash_ex.o
LOAD Drivers\STM32F3xx_HAL_Driver\Src\stm32f3xx_hal_gpio.o
LOAD Drivers\STM32F3xx_HAL_Driver\Src\stm32f3xx_hal_i2c.o
LOAD Drivers\STM32F3xx_HAL_Driver\Src\stm32f3xx_hal_i2c_ex.o
LOAD Drivers\STM32F3xx_HAL_Driver\Src\stm32f3xx_hal_pwr.o
LOAD Drivers\STM32F3xx_HAL_Driver\Src\stm32f3xx_hal_pwr_ex.o
LOAD Drivers\STM32F3xx_HAL_Driver\Src\stm32f3xx_hal_rcc.o
LOAD Drivers\STM32F3xx_HAL_Driver\Src\stm32f3xx_hal_rcc_ex.o
LOAD Drivers\STM32F3xx_HAL_Driver\Src\stm32f3xx_hal_rtc.o
LOAD Drivers\STM32F3xx_HAL_Driver\Src\stm32f3xx_hal_rtc_ex.o
LOAD Drivers\STM32F3xx_HAL_Driver\Src\stm32f3xx_hal_tim.o
LOAD Drivers\STM32F3xx_HAL_Driver\Src\stm32f3xx_hal_tim_ex.o
LOAD Drivers\STM32F3xx_HAL_Driver\Src\stm32f3xx_hal_uart.o
LOAD Drivers\STM32F3xx_HAL_Driver\Src\stm32f3xx_hal_uart_ex.o
LOAD Src\IQS263.o
LOAD Src\adc_comms.o
LOAD Src\flash_memory.o
LOAD Src\functions.o
LOAD Src\heating_schedule.o
LOAD Src\init_iqs263.o
LOAD Src\initilize_peripherals.o
LOAD Src\liters_pumped.o
LOAD Src\main.o
LOAD Src\seven_segment.o
LOAD Src\seven_segment_display.o
LOAD Src\stm32f3xx_hal_msp.o
LOAD Src\stm32f3xx_it.o
LOAD Src\system_stm32f3xx.o
LOAD Src\uart_comms.o
LOAD Src\variables.o
LOAD startup\startup_stm32f334x8.o
                0x00000080                malloc_getpagesize_P = 0x80
START GROUP
LOAD c:/program files (x86)/atollic/truestudio for arm 8.0.0/armtools/bin/../lib/gcc/arm-atollic-eabi/6.3.1/../../../../arm-atollic-eabi/lib/armv7e-m/fpu\libc_nano.a
LOAD c:/program files (x86)/atollic/truestudio for arm 8.0.0/armtools/bin/../lib/gcc/arm-atollic-eabi/6.3.1/../../../../arm-atollic-eabi/lib/armv7e-m/fpu\libm.a
END GROUP
START GROUP
LOAD c:/program files (x86)/atollic/truestudio for arm 8.0.0/armtools/bin/../lib/gcc/arm-atollic-eabi/6.3.1/armv7e-m/fpu\libgcc.a
LOAD c:/program files (x86)/atollic/truestudio for arm 8.0.0/armtools/bin/../lib/gcc/arm-atollic-eabi/6.3.1/../../../../arm-atollic-eabi/lib/armv7e-m/fpu\libc_nano.a
END GROUP
START GROUP
LOAD c:/program files (x86)/atollic/truestudio for arm 8.0.0/armtools/bin/../lib/gcc/arm-atollic-eabi/6.3.1/armv7e-m/fpu\libgcc.a
LOAD c:/program files (x86)/atollic/truestudio for arm 8.0.0/armtools/bin/../lib/gcc/arm-atollic-eabi/6.3.1/../../../../arm-atollic-eabi/lib/armv7e-m/fpu\libc_nano.a
LOAD c:/program files (x86)/atollic/truestudio for arm 8.0.0/armtools/bin/../lib/gcc/arm-atollic-eabi/6.3.1/../../../../arm-atollic-eabi/lib/armv7e-m/fpu\libnosys.a
END GROUP
START GROUP
LOAD c:/program files (x86)/atollic/truestudio for arm 8.0.0/armtools/bin/../lib/gcc/arm-atollic-eabi/6.3.1/armv7e-m/fpu\libgcc.a
LOAD c:/program files (x86)/atollic/truestudio for arm 8.0.0/armtools/bin/../lib/gcc/arm-atollic-eabi/6.3.1/../../../../arm-atollic-eabi/lib/armv7e-m/fpu\libc_nano.a
LOAD c:/program files (x86)/atollic/truestudio for arm 8.0.0/armtools/bin/../lib/gcc/arm-atollic-eabi/6.3.1/../../../../arm-atollic-eabi/lib/armv7e-m/fpu\libnosys.a
END GROUP
LOAD c:/program files (x86)/atollic/truestudio for arm 8.0.0/armtools/bin/../lib/gcc/arm-atollic-eabi/6.3.1/armv7e-m/fpu/crtend.o
LOAD c:/program files (x86)/atollic/truestudio for arm 8.0.0/armtools/bin/../lib/gcc/arm-atollic-eabi/6.3.1/armv7e-m/fpu/crtn.o
                0x20003000                _estack = 0x20003000
                0x00000200                _Min_Heap_Size = 0x200
                0x00000400                _Min_Stack_Size = 0x400

.isr_vector     0x08000000      0x188
                0x08000000                . = ALIGN (0x4)
 *(.isr_vector)
 .isr_vector    0x08000000      0x188 startup\startup_stm32f334x8.o
                0x08000000                g_pfnVectors
                0x08000188                . = ALIGN (0x4)

.text           0x08000190     0x69e8
                0x08000190                . = ALIGN (0x4)
 *(.text)
 .text          0x08000190       0x40 c:/program files (x86)/atollic/truestudio for arm 8.0.0/armtools/bin/../lib/gcc/arm-atollic-eabi/6.3.1/armv7e-m/fpu/crtbegin.o
 .text          0x080001d0       0x10 c:/program files (x86)/atollic/truestudio for arm 8.0.0/armtools/bin/../lib/gcc/arm-atollic-eabi/6.3.1/../../../../arm-atollic-eabi/lib/armv7e-m/fpu\libc_nano.a(lib_a-strlen.o)
                0x080001d0                strlen
 .text          0x080001e0       0xa0 c:/program files (x86)/atollic/truestudio for arm 8.0.0/armtools/bin/../lib/gcc/arm-atollic-eabi/6.3.1/../../../../arm-atollic-eabi/lib/armv7e-m/fpu\libc_nano.a(lib_a-memchr.o)
                0x080001e0                memchr
 .text          0x08000280      0x370 c:/program files (x86)/atollic/truestudio for arm 8.0.0/armtools/bin/../lib/gcc/arm-atollic-eabi/6.3.1/armv7e-m/fpu\libgcc.a(_arm_addsubdf3.o)
                0x08000280                __aeabi_drsub
                0x08000288                __aeabi_dsub
                0x08000288                __subdf3
                0x0800028c                __aeabi_dadd
                0x0800028c                __adddf3
                0x08000504                __floatunsidf
                0x08000504                __aeabi_ui2d
                0x08000524                __floatsidf
                0x08000524                __aeabi_i2d
                0x08000548                __aeabi_f2d
                0x08000548                __extendsfdf2
                0x08000584                __floatundidf
                0x08000584                __aeabi_ul2d
                0x08000594                __floatdidf
                0x08000594                __aeabi_l2d
 .text          0x080005f0      0x424 c:/program files (x86)/atollic/truestudio for arm 8.0.0/armtools/bin/../lib/gcc/arm-atollic-eabi/6.3.1/armv7e-m/fpu\libgcc.a(_arm_muldivdf3.o)
                0x080005f0                __aeabi_dmul
                0x080005f0                __muldf3
                0x08000844                __divdf3
                0x08000844                __aeabi_ddiv
 .text          0x08000a14      0x110 c:/program files (x86)/atollic/truestudio for arm 8.0.0/armtools/bin/../lib/gcc/arm-atollic-eabi/6.3.1/armv7e-m/fpu\libgcc.a(_arm_cmpdf2.o)
                0x08000a14                __gtdf2
                0x08000a14                __gedf2
                0x08000a1c                __ltdf2
                0x08000a1c                __ledf2
                0x08000a24                __nedf2
                0x08000a24                __eqdf2
                0x08000a24                __cmpdf2
                0x08000aa0                __aeabi_cdrcmple
                0x08000ab0                __aeabi_cdcmpeq
                0x08000ab0                __aeabi_cdcmple
                0x08000ac0                __aeabi_dcmpeq
                0x08000ad4                __aeabi_dcmplt
                0x08000ae8                __aeabi_dcmple
                0x08000afc                __aeabi_dcmpge
                0x08000b10                __aeabi_dcmpgt
 .text          0x08000b24       0x2c c:/program files (x86)/atollic/truestudio for arm 8.0.0/armtools/bin/../lib/gcc/arm-atollic-eabi/6.3.1/armv7e-m/fpu\libgcc.a(_arm_unorddf2.o)
                0x08000b24                __unorddf2
                0x08000b24                __aeabi_dcmpun
 .text          0x08000b50       0x40 c:/program files (x86)/atollic/truestudio for arm 8.0.0/armtools/bin/../lib/gcc/arm-atollic-eabi/6.3.1/armv7e-m/fpu\libgcc.a(_arm_fixunsdfsi.o)
                0x08000b50                __aeabi_d2uiz
                0x08000b50                __fixunsdfsi
 .text          0x08000b90       0x30 c:/program files (x86)/atollic/truestudio for arm 8.0.0/armtools/bin/../lib/gcc/arm-atollic-eabi/6.3.1/armv7e-m/fpu\libgcc.a(_aeabi_uldivmod.o)
                0x08000b90                __aeabi_uldivmod
 .text          0x08000bc0       0x48 c:/program files (x86)/atollic/truestudio for arm 8.0.0/armtools/bin/../lib/gcc/arm-atollic-eabi/6.3.1/armv7e-m/fpu\libgcc.a(_fixunsdfdi.o)
                0x08000bc0                __fixunsdfdi
                0x08000bc0                __aeabi_d2ulz
 .text          0x08000c08      0x2dc c:/program files (x86)/atollic/truestudio for arm 8.0.0/armtools/bin/../lib/gcc/arm-atollic-eabi/6.3.1/armv7e-m/fpu\libgcc.a(_udivmoddi4.o)
                0x08000c08                __udivmoddi4
 .text          0x08000ee4        0x4 c:/program files (x86)/atollic/truestudio for arm 8.0.0/armtools/bin/../lib/gcc/arm-atollic-eabi/6.3.1/armv7e-m/fpu\libgcc.a(_dvmd_tls.o)
                0x08000ee4                __aeabi_idiv0
                0x08000ee4                __aeabi_ldiv0
 *(.text*)
 .text.HAL_InitTick
                0x08000ee8       0x2c Drivers\STM32F3xx_HAL_Driver\Src\stm32f3xx_hal.o
                0x08000ee8                HAL_InitTick
 .text.HAL_Init
                0x08000f14       0x24 Drivers\STM32F3xx_HAL_Driver\Src\stm32f3xx_hal.o
                0x08000f14                HAL_Init
 .text.HAL_IncTick
                0x08000f38       0x10 Drivers\STM32F3xx_HAL_Driver\Src\stm32f3xx_hal.o
                0x08000f38                HAL_IncTick
 .text.HAL_GetTick
                0x08000f48        0xc Drivers\STM32F3xx_HAL_Driver\Src\stm32f3xx_hal.o
                0x08000f48                HAL_GetTick
 .text.HAL_ADC_ConvHalfCpltCallback
                0x08000f54        0x4 Drivers\STM32F3xx_HAL_Driver\Src\stm32f3xx_hal_adc.o
                0x08000f54                HAL_ADC_ConvHalfCpltCallback
 .text.HAL_ADC_ErrorCallback
                0x08000f58        0x4 Drivers\STM32F3xx_HAL_Driver\Src\stm32f3xx_hal_adc.o
                0x08000f58                HAL_ADC_ErrorCallback
 .text.ADC_Disable
                0x08000f5c       0x74 Drivers\STM32F3xx_HAL_Driver\Src\stm32f3xx_hal_adc_ex.o
 .text.ADC_Enable
                0x08000fd0       0x74 Drivers\STM32F3xx_HAL_Driver\Src\stm32f3xx_hal_adc_ex.o
 .text.ADC_DMAError
                0x08001044       0x18 Drivers\STM32F3xx_HAL_Driver\Src\stm32f3xx_hal_adc_ex.o
 .text.ADC_DMAHalfConvCplt
                0x0800105c        0x8 Drivers\STM32F3xx_HAL_Driver\Src\stm32f3xx_hal_adc_ex.o
 .text.ADC_DMAConvCplt
                0x08001064       0x44 Drivers\STM32F3xx_HAL_Driver\Src\stm32f3xx_hal_adc_ex.o
 .text.HAL_ADC_Init
                0x080010a8      0x214 Drivers\STM32F3xx_HAL_Driver\Src\stm32f3xx_hal_adc_ex.o
                0x080010a8                HAL_ADC_Init
 .text.HAL_ADC_Start_DMA
                0x080012bc      0x10c Drivers\STM32F3xx_HAL_Driver\Src\stm32f3xx_hal_adc_ex.o
                0x080012bc                HAL_ADC_Start_DMA
 .text.HAL_ADCEx_Calibration_Start
                0x080013c8       0x8c Drivers\STM32F3xx_HAL_Driver\Src\stm32f3xx_hal_adc_ex.o
                0x080013c8                HAL_ADCEx_Calibration_Start
 .text.HAL_ADC_ConfigChannel
                0x08001454      0x32c Drivers\STM32F3xx_HAL_Driver\Src\stm32f3xx_hal_adc_ex.o
                0x08001454                HAL_ADC_ConfigChannel
 .text.HAL_NVIC_SetPriorityGrouping
                0x08001780       0x24 Drivers\STM32F3xx_HAL_Driver\Src\stm32f3xx_hal_cortex.o
                0x08001780                HAL_NVIC_SetPriorityGrouping
 .text.HAL_NVIC_SetPriority
                0x080017a4       0x6c Drivers\STM32F3xx_HAL_Driver\Src\stm32f3xx_hal_cortex.o
                0x080017a4                HAL_NVIC_SetPriority
 .text.HAL_NVIC_EnableIRQ
                0x08001810       0x18 Drivers\STM32F3xx_HAL_Driver\Src\stm32f3xx_hal_cortex.o
                0x08001810                HAL_NVIC_EnableIRQ
 .text.HAL_SYSTICK_Config
                0x08001828       0x34 Drivers\STM32F3xx_HAL_Driver\Src\stm32f3xx_hal_cortex.o
                0x08001828                HAL_SYSTICK_Config
 .text.HAL_SYSTICK_CLKSourceConfig
                0x0800185c       0x18 Drivers\STM32F3xx_HAL_Driver\Src\stm32f3xx_hal_cortex.o
                0x0800185c                HAL_SYSTICK_CLKSourceConfig
 .text.HAL_SYSTICK_Callback
                0x08001874        0x4 Drivers\STM32F3xx_HAL_Driver\Src\stm32f3xx_hal_cortex.o
                0x08001874                HAL_SYSTICK_Callback
 .text.HAL_SYSTICK_IRQHandler
                0x08001878        0x8 Drivers\STM32F3xx_HAL_Driver\Src\stm32f3xx_hal_cortex.o
                0x08001878                HAL_SYSTICK_IRQHandler
 .text.HAL_DMA_Init
                0x08001880       0x70 Drivers\STM32F3xx_HAL_Driver\Src\stm32f3xx_hal_dma.o
                0x08001880                HAL_DMA_Init
 .text.HAL_DMA_Start_IT
                0x080018f0       0x84 Drivers\STM32F3xx_HAL_Driver\Src\stm32f3xx_hal_dma.o
                0x080018f0                HAL_DMA_Start_IT
 .text.HAL_DMA_Abort_IT
                0x08001974       0x48 Drivers\STM32F3xx_HAL_Driver\Src\stm32f3xx_hal_dma.o
                0x08001974                HAL_DMA_Abort_IT
 .text.HAL_DMA_IRQHandler
                0x080019bc       0x98 Drivers\STM32F3xx_HAL_Driver\Src\stm32f3xx_hal_dma.o
                0x080019bc                HAL_DMA_IRQHandler
 .text.FLASH_SetErrorCode
                0x08001a54       0x3c Drivers\STM32F3xx_HAL_Driver\Src\stm32f3xx_hal_flash.o
 .text.HAL_FLASH_Unlock
                0x08001a90       0x24 Drivers\STM32F3xx_HAL_Driver\Src\stm32f3xx_hal_flash.o
                0x08001a90                HAL_FLASH_Unlock
 .text.HAL_FLASH_Lock
                0x08001ab4       0x14 Drivers\STM32F3xx_HAL_Driver\Src\stm32f3xx_hal_flash.o
                0x08001ab4                HAL_FLASH_Lock
 .text.FLASH_WaitForLastOperation
                0x08001ac8       0x50 Drivers\STM32F3xx_HAL_Driver\Src\stm32f3xx_hal_flash.o
                0x08001ac8                FLASH_WaitForLastOperation
 .text.HAL_FLASH_Program
                0x08001b18       0xa8 Drivers\STM32F3xx_HAL_Driver\Src\stm32f3xx_hal_flash.o
                0x08001b18                HAL_FLASH_Program
 .text.HAL_FLASHEx_Erase
                0x08001bc0       0xc8 Drivers\STM32F3xx_HAL_Driver\Src\stm32f3xx_hal_flash_ex.o
                0x08001bc0                HAL_FLASHEx_Erase
 .text.HAL_GPIO_Init
                0x08001c88      0x1d4 Drivers\STM32F3xx_HAL_Driver\Src\stm32f3xx_hal_gpio.o
                0x08001c88                HAL_GPIO_Init
 .text.HAL_GPIO_WritePin
                0x08001e5c        0xc Drivers\STM32F3xx_HAL_Driver\Src\stm32f3xx_hal_gpio.o
                0x08001e5c                HAL_GPIO_WritePin
 .text.HAL_GPIO_EXTI_Callback
                0x08001e68        0x4 Drivers\STM32F3xx_HAL_Driver\Src\stm32f3xx_hal_gpio.o
                0x08001e68                HAL_GPIO_EXTI_Callback
 .text.HAL_GPIO_EXTI_IRQHandler
                0x08001e6c       0x18 Drivers\STM32F3xx_HAL_Driver\Src\stm32f3xx_hal_gpio.o
                0x08001e6c                HAL_GPIO_EXTI_IRQHandler
 .text.HAL_I2C_Init
                0x08001e84       0xac Drivers\STM32F3xx_HAL_Driver\Src\stm32f3xx_hal_i2c.o
                0x08001e84                HAL_I2C_Init
 .text.HAL_I2C_EV_IRQHandler
                0x08001f30       0x1c Drivers\STM32F3xx_HAL_Driver\Src\stm32f3xx_hal_i2c.o
                0x08001f30                HAL_I2C_EV_IRQHandler
 .text.HAL_I2CEx_ConfigAnalogFilter
                0x08001f4c       0x54 Drivers\STM32F3xx_HAL_Driver\Src\stm32f3xx_hal_i2c_ex.o
                0x08001f4c                HAL_I2CEx_ConfigAnalogFilter
 .text.HAL_I2CEx_ConfigDigitalFilter
                0x08001fa0       0x50 Drivers\STM32F3xx_HAL_Driver\Src\stm32f3xx_hal_i2c_ex.o
                0x08001fa0                HAL_I2CEx_ConfigDigitalFilter
 .text.HAL_PWR_EnableBkUpAccess
                0x08001ff0       0x10 Drivers\STM32F3xx_HAL_Driver\Src\stm32f3xx_hal_pwr.o
                0x08001ff0                HAL_PWR_EnableBkUpAccess
 .text.HAL_RCC_OscConfig
                0x08002000      0x59c Drivers\STM32F3xx_HAL_Driver\Src\stm32f3xx_hal_rcc.o
                0x08002000                HAL_RCC_OscConfig
 .text.HAL_RCC_GetSysClockFreq
                0x0800259c       0x68 Drivers\STM32F3xx_HAL_Driver\Src\stm32f3xx_hal_rcc.o
                0x0800259c                HAL_RCC_GetSysClockFreq
 .text.HAL_RCC_ClockConfig
                0x08002604      0x190 Drivers\STM32F3xx_HAL_Driver\Src\stm32f3xx_hal_rcc.o
                0x08002604                HAL_RCC_ClockConfig
 .text.HAL_RCC_GetHCLKFreq
                0x08002794        0xc Drivers\STM32F3xx_HAL_Driver\Src\stm32f3xx_hal_rcc.o
                0x08002794                HAL_RCC_GetHCLKFreq
 .text.HAL_RCC_GetPCLK1Freq
                0x080027a0       0x30 Drivers\STM32F3xx_HAL_Driver\Src\stm32f3xx_hal_rcc.o
                0x080027a0                HAL_RCC_GetPCLK1Freq
 .text.HAL_RCC_GetPCLK2Freq
                0x080027d0       0x30 Drivers\STM32F3xx_HAL_Driver\Src\stm32f3xx_hal_rcc.o
                0x080027d0                HAL_RCC_GetPCLK2Freq
 .text.HAL_RCCEx_PeriphCLKConfig
                0x08002800      0x184 Drivers\STM32F3xx_HAL_Driver\Src\stm32f3xx_hal_rcc_ex.o
                0x08002800                HAL_RCCEx_PeriphCLKConfig
 .text.HAL_RTC_GetTime
                0x08002984       0x6c Drivers\STM32F3xx_HAL_Driver\Src\stm32f3xx_hal_rtc.o
                0x08002984                HAL_RTC_GetTime
 .text.HAL_RTC_GetDate
                0x080029f0       0x60 Drivers\STM32F3xx_HAL_Driver\Src\stm32f3xx_hal_rtc.o
                0x080029f0                HAL_RTC_GetDate
 .text.HAL_RTC_WaitForSynchro
                0x08002a50       0x34 Drivers\STM32F3xx_HAL_Driver\Src\stm32f3xx_hal_rtc.o
                0x08002a50                HAL_RTC_WaitForSynchro
 .text.RTC_EnterInitMode
                0x08002a84       0x34 Drivers\STM32F3xx_HAL_Driver\Src\stm32f3xx_hal_rtc.o
                0x08002a84                RTC_EnterInitMode
 .text.HAL_RTC_Init
                0x08002ab8       0xb0 Drivers\STM32F3xx_HAL_Driver\Src\stm32f3xx_hal_rtc.o
                0x08002ab8                HAL_RTC_Init
 .text.HAL_RTC_SetTime
                0x08002b68      0x140 Drivers\STM32F3xx_HAL_Driver\Src\stm32f3xx_hal_rtc.o
                0x08002b68                HAL_RTC_SetTime
 .text.HAL_RTC_SetDate
                0x08002ca8      0x11c Drivers\STM32F3xx_HAL_Driver\Src\stm32f3xx_hal_rtc.o
                0x08002ca8                HAL_RTC_SetDate
 .text.HAL_RTCEx_SetWakeUpTimer_IT
                0x08002dc4       0xec Drivers\STM32F3xx_HAL_Driver\Src\stm32f3xx_hal_rtc_ex.o
                0x08002dc4                HAL_RTCEx_SetWakeUpTimer_IT
 .text.HAL_RTCEx_WakeUpTimerIRQHandler
                0x08002eb0       0x30 Drivers\STM32F3xx_HAL_Driver\Src\stm32f3xx_hal_rtc_ex.o
                0x08002eb0                HAL_RTCEx_WakeUpTimerIRQHandler
 .text.HAL_RTCEx_BKUPWrite
                0x08002ee0        0xc Drivers\STM32F3xx_HAL_Driver\Src\stm32f3xx_hal_rtc_ex.o
                0x08002ee0                HAL_RTCEx_BKUPWrite
 .text.HAL_RTCEx_BKUPRead
                0x08002eec        0xc Drivers\STM32F3xx_HAL_Driver\Src\stm32f3xx_hal_rtc_ex.o
                0x08002eec                HAL_RTCEx_BKUPRead
 .text.HAL_TIM_Base_Start_IT
                0x08002ef8       0x18 Drivers\STM32F3xx_HAL_Driver\Src\stm32f3xx_hal_tim.o
                0x08002ef8                HAL_TIM_Base_Start_IT
 .text.HAL_TIM_ConfigClockSource
                0x08002f10      0x190 Drivers\STM32F3xx_HAL_Driver\Src\stm32f3xx_hal_tim.o
                0x08002f10                HAL_TIM_ConfigClockSource
 .text.HAL_TIM_OC_DelayElapsedCallback
                0x080030a0        0x4 Drivers\STM32F3xx_HAL_Driver\Src\stm32f3xx_hal_tim.o
                0x080030a0                HAL_TIM_OC_DelayElapsedCallback
 .text.HAL_TIM_PWM_PulseFinishedCallback
                0x080030a4        0x4 Drivers\STM32F3xx_HAL_Driver\Src\stm32f3xx_hal_tim.o
                0x080030a4                HAL_TIM_PWM_PulseFinishedCallback
 .text.HAL_TIM_TriggerCallback
                0x080030a8        0x4 Drivers\STM32F3xx_HAL_Driver\Src\stm32f3xx_hal_tim.o
                0x080030a8                HAL_TIM_TriggerCallback
 .text.HAL_TIM_IRQHandler
                0x080030ac      0x170 Drivers\STM32F3xx_HAL_Driver\Src\stm32f3xx_hal_tim.o
                0x080030ac                HAL_TIM_IRQHandler
 .text.TIM_Base_SetConfig
                0x0800321c       0xc0 Drivers\STM32F3xx_HAL_Driver\Src\stm32f3xx_hal_tim.o
                0x0800321c                TIM_Base_SetConfig
 .text.HAL_TIM_Base_Init
                0x080032dc       0x38 Drivers\STM32F3xx_HAL_Driver\Src\stm32f3xx_hal_tim.o
                0x080032dc                HAL_TIM_Base_Init
 .text.HAL_TIMEx_MasterConfigSynchronization
                0x08003314       0x4c Drivers\STM32F3xx_HAL_Driver\Src\stm32f3xx_hal_tim_ex.o
                0x08003314                HAL_TIMEx_MasterConfigSynchronization
 .text.HAL_TIMEx_CommutationCallback
                0x08003360        0x4 Drivers\STM32F3xx_HAL_Driver\Src\stm32f3xx_hal_tim_ex.o
                0x08003360                HAL_TIMEx_CommutationCallback
 .text.HAL_TIMEx_BreakCallback
                0x08003364        0x4 Drivers\STM32F3xx_HAL_Driver\Src\stm32f3xx_hal_tim_ex.o
                0x08003364                HAL_TIMEx_BreakCallback
 .text.HAL_TIMEx_Break2Callback
                0x08003368        0x4 Drivers\STM32F3xx_HAL_Driver\Src\stm32f3xx_hal_tim_ex.o
                0x08003368                HAL_TIMEx_Break2Callback
 .text.HAL_UART_Transmit_IT
                0x0800336c       0x48 Drivers\STM32F3xx_HAL_Driver\Src\stm32f3xx_hal_uart.o
                0x0800336c                HAL_UART_Transmit_IT
 .text.HAL_UART_Receive_IT
                0x080033b4       0x94 Drivers\STM32F3xx_HAL_Driver\Src\stm32f3xx_hal_uart.o
                0x080033b4                HAL_UART_Receive_IT
 .text.HAL_UART_TxCpltCallback
                0x08003448        0x4 Drivers\STM32F3xx_HAL_Driver\Src\stm32f3xx_hal_uart.o
                0x08003448                HAL_UART_TxCpltCallback
 .text.HAL_UART_ErrorCallback
                0x0800344c        0x4 Drivers\STM32F3xx_HAL_Driver\Src\stm32f3xx_hal_uart.o
                0x0800344c                HAL_UART_ErrorCallback
 .text.UART_DMAAbortOnError
                0x08003450       0x18 Drivers\STM32F3xx_HAL_Driver\Src\stm32f3xx_hal_uart.o
 .text.UART_SetConfig
                0x08003468      0x1ac Drivers\STM32F3xx_HAL_Driver\Src\stm32f3xx_hal_uart.o
                0x08003468                UART_SetConfig
 .text.UART_AdvFeatureConfig
                0x08003614       0xb0 Drivers\STM32F3xx_HAL_Driver\Src\stm32f3xx_hal_uart.o
                0x08003614                UART_AdvFeatureConfig
 .text.UART_WaitOnFlagUntilTimeout
                0x080036c4       0x68 Drivers\STM32F3xx_HAL_Driver\Src\stm32f3xx_hal_uart.o
                0x080036c4                UART_WaitOnFlagUntilTimeout
 .text.UART_CheckIdleState
                0x0800372c       0x70 Drivers\STM32F3xx_HAL_Driver\Src\stm32f3xx_hal_uart.o
                0x0800372c                UART_CheckIdleState
 .text.HAL_UART_Init
                0x0800379c       0x6c Drivers\STM32F3xx_HAL_Driver\Src\stm32f3xx_hal_uart.o
                0x0800379c                HAL_UART_Init
 .text.UART_Transmit_IT
                0x08003808       0x68 Drivers\STM32F3xx_HAL_Driver\Src\stm32f3xx_hal_uart.o
                0x08003808                UART_Transmit_IT
 .text.UART_Receive_IT
                0x08003870       0x78 Drivers\STM32F3xx_HAL_Driver\Src\stm32f3xx_hal_uart.o
                0x08003870                UART_Receive_IT
 .text.HAL_UART_IRQHandler
                0x080038e8      0x160 Drivers\STM32F3xx_HAL_Driver\Src\stm32f3xx_hal_uart.o
                0x080038e8                HAL_UART_IRQHandler
 .text.HAL_UARTEx_WakeupCallback
                0x08003a48        0x4 Drivers\STM32F3xx_HAL_Driver\Src\stm32f3xx_hal_uart_ex.o
                0x08003a48                HAL_UARTEx_WakeupCallback
 .text.adc_comms
                0x08003a4c      0x24c Src\adc_comms.o
                0x08003a4c                adc_comms
 .text.write2Flash
                0x08003c98      0x438 Src\flash_memory.o
                0x08003c98                write2Flash
 .text.HAL_UART_RxCpltCallback
                0x080040d0       0x20 Src\functions.o
                0x080040d0                HAL_UART_RxCpltCallback
 .text.HAL_ADC_ConvCpltCallback
                0x080040f0        0xc Src\functions.o
                0x080040f0                HAL_ADC_ConvCpltCallback
 .text.HAL_TIM_IC_CaptureCallback
                0x080040fc        0xc Src\functions.o
                0x080040fc                HAL_TIM_IC_CaptureCallback
 .text.HAL_RTCEx_WakeUpTimerEventCallback
                0x08004108        0xc Src\functions.o
                0x08004108                HAL_RTCEx_WakeUpTimerEventCallback
 .text.heating_scheduling
                0x08004114      0x1c0 Src\heating_schedule.o
                0x08004114                heating_scheduling
 .text.init_peripherals
                0x080042d4      0x2f0 Src\initilize_peripherals.o
                0x080042d4                init_peripherals
 .text.MX_GPIO_Init
                0x080045c4      0x174 Src\main.o
 .text.MX_DMA_Init
                0x08004738       0x34 Src\main.o
 .text.HAL_TIM_PeriodElapsedCallback
                0x0800476c        0x2 Src\main.o
                0x0800476c                HAL_TIM_PeriodElapsedCallback
 .text._Error_Handler
                0x0800476e        0x2 Src\main.o
                0x0800476e                _Error_Handler
 .text.MX_TIM2_Init
                0x08004770       0x74 Src\main.o
 .text.MX_USART1_UART_Init
                0x080047e4       0x40 Src\main.o
 .text.MX_ADC2_Init
                0x08004824       0xc8 Src\main.o
 .text.MX_RTC_Init
                0x080048ec       0xc4 Src\main.o
 .text.MX_I2C1_Init
                0x080049b0       0x68 Src\main.o
 .text.SystemClock_Config
                0x08004a18       0xc0 Src\main.o
                0x08004a18                SystemClock_Config
 .text.main     0x08004ad8      0x164 Src\main.o
                0x08004ad8                main
 .text.seven_segment
                0x08004c3c       0xd0 Src\seven_segment.o
                0x08004c3c                seven_segment
 .text.seven_segment_display
                0x08004d0c      0x3e0 Src\seven_segment_display.o
                0x08004d0c                seven_segment_display
 .text.HAL_MspInit
                0x080050ec       0x7c Src\stm32f3xx_hal_msp.o
                0x080050ec                HAL_MspInit
 .text.HAL_ADC_MspInit
                0x08005168       0xa4 Src\stm32f3xx_hal_msp.o
                0x08005168                HAL_ADC_MspInit
 .text.HAL_I2C_MspInit
                0x0800520c       0x64 Src\stm32f3xx_hal_msp.o
                0x0800520c                HAL_I2C_MspInit
 .text.HAL_RTC_MspInit
                0x08005270       0x40 Src\stm32f3xx_hal_msp.o
                0x08005270                HAL_RTC_MspInit
 .text.HAL_TIM_Base_MspInit
                0x080052b0       0x3c Src\stm32f3xx_hal_msp.o
                0x080052b0                HAL_TIM_Base_MspInit
 .text.HAL_UART_MspInit
                0x080052ec       0x5c Src\stm32f3xx_hal_msp.o
                0x080052ec                HAL_UART_MspInit
 .text.SVC_Handler
                0x08005348        0x4 Src\stm32f3xx_it.o
                0x08005348                SVC_Handler
 .text.PendSV_Handler
                0x0800534c        0x4 Src\stm32f3xx_it.o
                0x0800534c                PendSV_Handler
 .text.SysTick_Handler
                0x08005350       0x30 Src\stm32f3xx_it.o
                0x08005350                SysTick_Handler
 .text.RTC_WKUP_IRQHandler
                0x08005380        0xc Src\stm32f3xx_it.o
                0x08005380                RTC_WKUP_IRQHandler
 .text.EXTI0_IRQHandler
                0x0800538c       0x14 Src\stm32f3xx_it.o
                0x0800538c                EXTI0_IRQHandler
 .text.DMA1_Channel2_IRQHandler
                0x080053a0        0xc Src\stm32f3xx_it.o
                0x080053a0                DMA1_Channel2_IRQHandler
 .text.EXTI9_5_IRQHandler
                0x080053ac       0x14 Src\stm32f3xx_it.o
                0x080053ac                EXTI9_5_IRQHandler
 .text.TIM2_IRQHandler
                0x080053c0       0x18 Src\stm32f3xx_it.o
                0x080053c0                TIM2_IRQHandler
 .text.I2C1_EV_IRQHandler
                0x080053d8        0xc Src\stm32f3xx_it.o
                0x080053d8                I2C1_EV_IRQHandler
 .text.USART1_IRQHandler
                0x080053e4        0xc Src\stm32f3xx_it.o
                0x080053e4                USART1_IRQHandler
 .text.SystemInit
                0x080053f0       0x70 Src\system_stm32f3xx.o
                0x080053f0                SystemInit
 .text.uart_comms
                0x08005460      0x900 Src\uart_comms.o
                0x08005460                uart_comms
 .text.Reset_Handler
                0x08005d60       0x50 startup\startup_stm32f334x8.o
                0x08005d60                Reset_Handler
 .text.Default_Handler
                0x08005db0        0x2 startup\startup_stm32f334x8.o
                0x08005db0                RTC_Alarm_IRQHandler
                0x08005db0                HRTIM1_Master_IRQHandler
                0x08005db0                DebugMon_Handler
                0x08005db0                TIM1_CC_IRQHandler
                0x08005db0                HardFault_Handler
                0x08005db0                HRTIM1_FLT_IRQHandler
                0x08005db0                PVD_IRQHandler
                0x08005db0                HRTIM1_TIMD_IRQHandler
                0x08005db0                TAMP_STAMP_IRQHandler
                0x08005db0                NMI_Handler
                0x08005db0                EXTI3_IRQHandler
                0x08005db0                FPU_IRQHandler
                0x08005db0                CAN_TX_IRQHandler
                0x08005db0                TIM1_UP_TIM16_IRQHandler
                0x08005db0                UsageFault_Handler
                0x08005db0                ADC1_2_IRQHandler
                0x08005db0                HRTIM1_TIME_IRQHandler
                0x08005db0                SPI1_IRQHandler
                0x08005db0                CAN_SCE_IRQHandler
                0x08005db0                HRTIM1_TIMC_IRQHandler
                0x08005db0                DMA1_Channel4_IRQHandler
                0x08005db0                USART3_IRQHandler
                0x08005db0                DMA1_Channel7_IRQHandler
                0x08005db0                TIM7_DAC2_IRQHandler
                0x08005db0                CAN_RX1_IRQHandler
                0x08005db0                DMA1_Channel6_IRQHandler
                0x08005db0                TIM3_IRQHandler
                0x08005db0                RCC_IRQHandler
                0x08005db0                DMA1_Channel1_IRQHandler
                0x08005db0                Default_Handler
                0x08005db0                EXTI15_10_IRQHandler
                0x08005db0                COMP2_IRQHandler
                0x08005db0                HRTIM1_TIMA_IRQHandler
                0x08005db0                TIM6_DAC1_IRQHandler
                0x08005db0                MemManage_Handler
                0x08005db0                DMA1_Channel5_IRQHandler
                0x08005db0                EXTI4_IRQHandler
                0x08005db0                HRTIM1_TIMB_IRQHandler
                0x08005db0                TIM1_TRG_COM_TIM17_IRQHandler
                0x08005db0                DMA1_Channel3_IRQHandler
                0x08005db0                WWDG_IRQHandler
                0x08005db0                EXTI1_IRQHandler
                0x08005db0                COMP4_6_IRQHandler
                0x08005db0                USART2_IRQHandler
                0x08005db0                FLASH_IRQHandler
                0x08005db0                BusFault_Handler
                0x08005db0                CAN_RX0_IRQHandler
                0x08005db0                I2C1_ER_IRQHandler
                0x08005db0                EXTI2_TSC_IRQHandler
                0x08005db0                TIM1_BRK_TIM15_IRQHandler
 *fill*         0x08005db2        0x2 
 .text.__libc_init_array
                0x08005db4       0x48 c:/program files (x86)/atollic/truestudio for arm 8.0.0/armtools/bin/../lib/gcc/arm-atollic-eabi/6.3.1/../../../../arm-atollic-eabi/lib/armv7e-m/fpu\libc_nano.a(lib_a-init.o)
                0x08005db4                __libc_init_array
 .text.__itoa   0x08005dfc       0x30 c:/program files (x86)/atollic/truestudio for arm 8.0.0/armtools/bin/../lib/gcc/arm-atollic-eabi/6.3.1/../../../../arm-atollic-eabi/lib/armv7e-m/fpu\libc_nano.a(lib_a-itoa.o)
                0x08005dfc                __itoa
 .text.itoa     0x08005e2c        0x4 c:/program files (x86)/atollic/truestudio for arm 8.0.0/armtools/bin/../lib/gcc/arm-atollic-eabi/6.3.1/../../../../arm-atollic-eabi/lib/armv7e-m/fpu\libc_nano.a(lib_a-itoa.o)
                0x08005e2c                itoa
 .text.malloc   0x08005e30       0x10 c:/program files (x86)/atollic/truestudio for arm 8.0.0/armtools/bin/../lib/gcc/arm-atollic-eabi/6.3.1/../../../../arm-atollic-eabi/lib/armv7e-m/fpu\libc_nano.a(lib_a-malloc.o)
                0x08005e30                malloc
 .text.memcpy   0x08005e40       0x16 c:/program files (x86)/atollic/truestudio for arm 8.0.0/armtools/bin/../lib/gcc/arm-atollic-eabi/6.3.1/../../../../arm-atollic-eabi/lib/armv7e-m/fpu\libc_nano.a(lib_a-memcpy-stub.o)
                0x08005e40                memcpy
 .text.memset   0x08005e56       0x10 c:/program files (x86)/atollic/truestudio for arm 8.0.0/armtools/bin/../lib/gcc/arm-atollic-eabi/6.3.1/../../../../arm-atollic-eabi/lib/armv7e-m/fpu\libc_nano.a(lib_a-memset.o)
                0x08005e56                memset
 *fill*         0x08005e66        0x2 
 .text._free_r  0x08005e68       0x9c c:/program files (x86)/atollic/truestudio for arm 8.0.0/armtools/bin/../lib/gcc/arm-atollic-eabi/6.3.1/../../../../arm-atollic-eabi/lib/armv7e-m/fpu\libc_nano.a(lib_a-nano-freer.o)
                0x08005e68                _free_r
 .text._malloc_r
                0x08005f04       0xbc c:/program files (x86)/atollic/truestudio for arm 8.0.0/armtools/bin/../lib/gcc/arm-atollic-eabi/6.3.1/../../../../arm-atollic-eabi/lib/armv7e-m/fpu\libc_nano.a(lib_a-nano-mallocr.o)
                0x08005f04                _malloc_r
 .text._sbrk_r  0x08005fc0       0x20 c:/program files (x86)/atollic/truestudio for arm 8.0.0/armtools/bin/../lib/gcc/arm-atollic-eabi/6.3.1/../../../../arm-atollic-eabi/lib/armv7e-m/fpu\libc_nano.a(lib_a-sbrkr.o)
                0x08005fc0                _sbrk_r
 .text.sprintf  0x08005fe0       0x48 c:/program files (x86)/atollic/truestudio for arm 8.0.0/armtools/bin/../lib/gcc/arm-atollic-eabi/6.3.1/../../../../arm-atollic-eabi/lib/armv7e-m/fpu\libc_nano.a(lib_a-sprintf.o)
                0x08005fe0                siprintf
                0x08005fe0                sprintf
 .text.strtok   0x08006028       0x54 c:/program files (x86)/atollic/truestudio for arm 8.0.0/armtools/bin/../lib/gcc/arm-atollic-eabi/6.3.1/../../../../arm-atollic-eabi/lib/armv7e-m/fpu\libc_nano.a(lib_a-strtok.o)
                0x08006028                strtok
 .text.__strtok_r
                0x0800607c       0x52 c:/program files (x86)/atollic/truestudio for arm 8.0.0/armtools/bin/../lib/gcc/arm-atollic-eabi/6.3.1/../../../../arm-atollic-eabi/lib/armv7e-m/fpu\libc_nano.a(lib_a-strtok_r.o)
                0x0800607c                __strtok_r
 .text._strtol_l.isra.0
                0x080060ce      0x100 c:/program files (x86)/atollic/truestudio for arm 8.0.0/armtools/bin/../lib/gcc/arm-atollic-eabi/6.3.1/../../../../arm-atollic-eabi/lib/armv7e-m/fpu\libc_nano.a(lib_a-strtol.o)
 *fill*         0x080061ce        0x2 
 .text.strtol   0x080061d0       0x2c c:/program files (x86)/atollic/truestudio for arm 8.0.0/armtools/bin/../lib/gcc/arm-atollic-eabi/6.3.1/../../../../arm-atollic-eabi/lib/armv7e-m/fpu\libc_nano.a(lib_a-strtol.o)
                0x080061d0                strtol
 .text.__utoa   0x080061fc       0x80 c:/program files (x86)/atollic/truestudio for arm 8.0.0/armtools/bin/../lib/gcc/arm-atollic-eabi/6.3.1/../../../../arm-atollic-eabi/lib/armv7e-m/fpu\libc_nano.a(lib_a-utoa.o)
                0x080061fc                __utoa
 .text.__locale_ctype_ptr_l
                0x0800627c        0x6 c:/program files (x86)/atollic/truestudio for arm 8.0.0/armtools/bin/../lib/gcc/arm-atollic-eabi/6.3.1/../../../../arm-atollic-eabi/lib/armv7e-m/fpu\libc_nano.a(lib_a-locale.o)
                0x0800627c                __locale_ctype_ptr_l
 .text.__ascii_mbtowc
                0x08006282       0x24 c:/program files (x86)/atollic/truestudio for arm 8.0.0/armtools/bin/../lib/gcc/arm-atollic-eabi/6.3.1/../../../../arm-atollic-eabi/lib/armv7e-m/fpu\libc_nano.a(lib_a-mbtowc_r.o)
                0x08006282                __ascii_mbtowc
 .text.__malloc_lock
                0x080062a6        0x2 c:/program files (x86)/atollic/truestudio for arm 8.0.0/armtools/bin/../lib/gcc/arm-atollic-eabi/6.3.1/../../../../arm-atollic-eabi/lib/armv7e-m/fpu\libc_nano.a(lib_a-mlock.o)
                0x080062a6                __malloc_lock
 .text.__malloc_unlock
                0x080062a8        0x2 c:/program files (x86)/atollic/truestudio for arm 8.0.0/armtools/bin/../lib/gcc/arm-atollic-eabi/6.3.1/../../../../arm-atollic-eabi/lib/armv7e-m/fpu\libc_nano.a(lib_a-mlock.o)
                0x080062a8                __malloc_unlock
 .text.__ssputs_r
                0x080062aa       0xb6 c:/program files (x86)/atollic/truestudio for arm 8.0.0/armtools/bin/../lib/gcc/arm-atollic-eabi/6.3.1/../../../../arm-atollic-eabi/lib/armv7e-m/fpu\libc_nano.a(lib_a-nano-svfprintf.o)
                0x080062aa                __ssputs_r
 .text._svfprintf_r
                0x08006360      0x1e8 c:/program files (x86)/atollic/truestudio for arm 8.0.0/armtools/bin/../lib/gcc/arm-atollic-eabi/6.3.1/../../../../arm-atollic-eabi/lib/armv7e-m/fpu\libc_nano.a(lib_a-nano-svfprintf.o)
                0x08006360                _svfiprintf_r
                0x08006360                _svfprintf_r
 .text._printf_common
                0x08006548       0xec c:/program files (x86)/atollic/truestudio for arm 8.0.0/armtools/bin/../lib/gcc/arm-atollic-eabi/6.3.1/../../../../arm-atollic-eabi/lib/armv7e-m/fpu\libc_nano.a(lib_a-nano-vfprintf_i.o)
                0x08006548                _printf_common
 .text._printf_i
                0x08006634      0x240 c:/program files (x86)/atollic/truestudio for arm 8.0.0/armtools/bin/../lib/gcc/arm-atollic-eabi/6.3.1/../../../../arm-atollic-eabi/lib/armv7e-m/fpu\libc_nano.a(lib_a-nano-vfprintf_i.o)
                0x08006634                _printf_i
 .text.__ascii_wctomb
                0x08006874       0x1a c:/program files (x86)/atollic/truestudio for arm 8.0.0/armtools/bin/../lib/gcc/arm-atollic-eabi/6.3.1/../../../../arm-atollic-eabi/lib/armv7e-m/fpu\libc_nano.a(lib_a-wctomb_r.o)
                0x08006874                __ascii_wctomb
 .text.memmove  0x0800688e       0x34 c:/program files (x86)/atollic/truestudio for arm 8.0.0/armtools/bin/../lib/gcc/arm-atollic-eabi/6.3.1/../../../../arm-atollic-eabi/lib/armv7e-m/fpu\libc_nano.a(lib_a-memmove.o)
                0x0800688e                memmove
 .text._realloc_r
                0x080068c2       0x4c c:/program files (x86)/atollic/truestudio for arm 8.0.0/armtools/bin/../lib/gcc/arm-atollic-eabi/6.3.1/../../../../arm-atollic-eabi/lib/armv7e-m/fpu\libc_nano.a(lib_a-nano-reallocr.o)
                0x080068c2                _realloc_r
 .text._malloc_usable_size_r
                0x0800690e       0x12 c:/program files (x86)/atollic/truestudio for arm 8.0.0/armtools/bin/../lib/gcc/arm-atollic-eabi/6.3.1/../../../../arm-atollic-eabi/lib/armv7e-m/fpu\libc_nano.a(lib_a-nano-msizer.o)
                0x0800690e                _malloc_usable_size_r
 .text.sqrt     0x08006920       0xb4 c:/program files (x86)/atollic/truestudio for arm 8.0.0/armtools/bin/../lib/gcc/arm-atollic-eabi/6.3.1/../../../../arm-atollic-eabi/lib/armv7e-m/fpu\libm.a(lib_a-w_sqrt.o)
                0x08006920                sqrt
 .text.__ieee754_sqrt
                0x080069d4      0x160 c:/program files (x86)/atollic/truestudio for arm 8.0.0/armtools/bin/../lib/gcc/arm-atollic-eabi/6.3.1/../../../../arm-atollic-eabi/lib/armv7e-m/fpu\libm.a(lib_a-e_sqrt.o)
                0x080069d4                __ieee754_sqrt
 .text.matherr  0x08006b34        0x4 c:/program files (x86)/atollic/truestudio for arm 8.0.0/armtools/bin/../lib/gcc/arm-atollic-eabi/6.3.1/../../../../arm-atollic-eabi/lib/armv7e-m/fpu\libm.a(lib_a-s_matherr.o)
                0x08006b34                matherr
 .text.__errno  0x08006b38        0xc c:/program files (x86)/atollic/truestudio for arm 8.0.0/armtools/bin/../lib/gcc/arm-atollic-eabi/6.3.1/../../../../arm-atollic-eabi/lib/armv7e-m/fpu\libc_nano.a(lib_a-errno.o)
                0x08006b38                __errno
 .text._sbrk    0x08006b44       0x1c c:/program files (x86)/atollic/truestudio for arm 8.0.0/armtools/bin/../lib/gcc/arm-atollic-eabi/6.3.1/../../../../arm-atollic-eabi/lib/armv7e-m/fpu\libnosys.a(sbrk.o)
                0x08006b44                _sbrk
 *(.glue_7)
 .glue_7        0x08006b60        0x0 linker stubs
 *(.glue_7t)
 .glue_7t       0x08006b60        0x0 linker stubs
 *(.eh_frame)
 .eh_frame      0x08006b60        0x0 c:/program files (x86)/atollic/truestudio for arm 8.0.0/armtools/bin/../lib/gcc/arm-atollic-eabi/6.3.1/armv7e-m/fpu/crtbegin.o
 *(.init)
 .init          0x08006b60        0x4 c:/program files (x86)/atollic/truestudio for arm 8.0.0/armtools/bin/../lib/gcc/arm-atollic-eabi/6.3.1/armv7e-m/fpu/crti.o
                0x08006b60                _init
 .init          0x08006b64        0x8 c:/program files (x86)/atollic/truestudio for arm 8.0.0/armtools/bin/../lib/gcc/arm-atollic-eabi/6.3.1/armv7e-m/fpu/crtn.o
 *(.fini)
 .fini          0x08006b6c        0x4 c:/program files (x86)/atollic/truestudio for arm 8.0.0/armtools/bin/../lib/gcc/arm-atollic-eabi/6.3.1/armv7e-m/fpu/crti.o
                0x08006b6c                _fini
 .fini          0x08006b70        0x8 c:/program files (x86)/atollic/truestudio for arm 8.0.0/armtools/bin/../lib/gcc/arm-atollic-eabi/6.3.1/armv7e-m/fpu/crtn.o
                0x08006b78                . = ALIGN (0x4)
                0x08006b78                _etext = .

.vfp11_veneer   0x08006b78        0x0
 .vfp11_veneer  0x08006b78        0x0 linker stubs

.v4_bx          0x08006b78        0x0
 .v4_bx         0x08006b78        0x0 linker stubs

.iplt           0x08006b78        0x0
 .iplt          0x08006b78        0x0 c:/program files (x86)/atollic/truestudio for arm 8.0.0/armtools/bin/../lib/gcc/arm-atollic-eabi/6.3.1/armv7e-m/fpu/crtbegin.o

.rodata         0x08006b78      0x1e4
                0x08006b78                . = ALIGN (0x4)
 *(.rodata)
 *(.rodata*)
 .rodata.aPLLMULFactorTable
                0x08006b78       0x10 Drivers\STM32F3xx_HAL_Driver\Src\stm32f3xx_hal_rcc.o
                0x08006b78                aPLLMULFactorTable
 .rodata.aPredivFactorTable
                0x08006b88       0x10 Drivers\STM32F3xx_HAL_Driver\Src\stm32f3xx_hal_rcc.o
                0x08006b88                aPredivFactorTable
 .rodata.CSWTCH.45
                0x08006b98        0x4 Drivers\STM32F3xx_HAL_Driver\Src\stm32f3xx_hal_uart.o
 .rodata.adc_comms.str1.4
                0x08006b9c        0x4 Src\adc_comms.o
 .rodata.init_peripherals.str1.4
                0x08006ba0        0x4 Src\initilize_peripherals.o
 .rodata.MX_TIM2_Init.str1.4
                0x08006ba0        0xe Src\main.o
 *fill*         0x08006bae        0x2 
 .rodata.HAL_ADC_MspInit.str1.4
                0x08006bb0       0x1b Src\stm32f3xx_hal_msp.o
 *fill*         0x08006bcb        0x1 
 .rodata.AHBPrescTable
                0x08006bcc       0x10 Src\system_stm32f3xx.o
                0x08006bcc                AHBPrescTable
 .rodata.APBPrescTable
                0x08006bdc        0x8 Src\system_stm32f3xx.o
                0x08006bdc                APBPrescTable
 .rodata.uart_comms.str1.4
                0x08006be4       0x10 Src\uart_comms.o
                                  0xf (size before relaxing)
 .rodata.__utoa.str1.1
                0x08006bf4       0x25 c:/program files (x86)/atollic/truestudio for arm 8.0.0/armtools/bin/../lib/gcc/arm-atollic-eabi/6.3.1/../../../../arm-atollic-eabi/lib/armv7e-m/fpu\libc_nano.a(lib_a-utoa.o)
 .rodata._setlocale_r.str1.1
                0x08006c19        0x8 c:/program files (x86)/atollic/truestudio for arm 8.0.0/armtools/bin/../lib/gcc/arm-atollic-eabi/6.3.1/../../../../arm-atollic-eabi/lib/armv7e-m/fpu\libc_nano.a(lib_a-locale.o)
                                  0x9 (size before relaxing)
 .rodata.str1.1
                0x08006c21        0x2 c:/program files (x86)/atollic/truestudio for arm 8.0.0/armtools/bin/../lib/gcc/arm-atollic-eabi/6.3.1/../../../../arm-atollic-eabi/lib/armv7e-m/fpu\libc_nano.a(lib_a-locale.o)
 .rodata._svfprintf_r.str1.1
                0x08006c23       0x11 c:/program files (x86)/atollic/truestudio for arm 8.0.0/armtools/bin/../lib/gcc/arm-atollic-eabi/6.3.1/../../../../arm-atollic-eabi/lib/armv7e-m/fpu\libc_nano.a(lib_a-nano-svfprintf.o)
 .rodata._printf_i.str1.1
                0x08006c34       0x22 c:/program files (x86)/atollic/truestudio for arm 8.0.0/armtools/bin/../lib/gcc/arm-atollic-eabi/6.3.1/../../../../arm-atollic-eabi/lib/armv7e-m/fpu\libc_nano.a(lib_a-nano-vfprintf_i.o)
 .rodata._ctype_
                0x08006c56      0x101 c:/program files (x86)/atollic/truestudio for arm 8.0.0/armtools/bin/../lib/gcc/arm-atollic-eabi/6.3.1/../../../../arm-atollic-eabi/lib/armv7e-m/fpu\libc_nano.a(lib_a-ctype_.o)
                0x08006c56                _ctype_
 .rodata.sqrt.str1.1
                0x08006d57        0x5 c:/program files (x86)/atollic/truestudio for arm 8.0.0/armtools/bin/../lib/gcc/arm-atollic-eabi/6.3.1/../../../../arm-atollic-eabi/lib/armv7e-m/fpu\libm.a(lib_a-w_sqrt.o)
                0x08006d5c                . = ALIGN (0x4)

.ARM.extab
 *(.ARM.extab* .gnu.linkonce.armextab.*)

.ARM            0x08006d5c        0x8
                0x08006d5c                __exidx_start = .
 *(.ARM.exidx*)
 .ARM.exidx     0x08006d5c        0x8 c:/program files (x86)/atollic/truestudio for arm 8.0.0/armtools/bin/../lib/gcc/arm-atollic-eabi/6.3.1/armv7e-m/fpu\libgcc.a(_udivmoddi4.o)
                0x08006d64                __exidx_end = .

.rel.dyn        0x08006d64        0x0
 .rel.iplt      0x08006d64        0x0 c:/program files (x86)/atollic/truestudio for arm 8.0.0/armtools/bin/../lib/gcc/arm-atollic-eabi/6.3.1/armv7e-m/fpu/crtbegin.o

.preinit_array  0x08006d64        0x0
                0x08006d64                PROVIDE (__preinit_array_start, .)
 *(.preinit_array*)
                0x08006d64                PROVIDE (__preinit_array_end, .)

.init_array     0x08006d64        0x4
                0x08006d64                PROVIDE (__init_array_start, .)
 *(SORT(.init_array.*))
 *(.init_array*)
 .init_array    0x08006d64        0x4 c:/program files (x86)/atollic/truestudio for arm 8.0.0/armtools/bin/../lib/gcc/arm-atollic-eabi/6.3.1/armv7e-m/fpu/crtbegin.o
                0x08006d68                PROVIDE (__init_array_end, .)

.fini_array     0x08006d68        0x4
                [!provide]                PROVIDE (__fini_array_start, .)
 *(SORT(.fini_array.*))
 *(.fini_array*)
 .fini_array    0x08006d68        0x4 c:/program files (x86)/atollic/truestudio for arm 8.0.0/armtools/bin/../lib/gcc/arm-atollic-eabi/6.3.1/armv7e-m/fpu/crtbegin.o
                [!provide]                PROVIDE (__fini_array_end, .)
                0x08006d6c                _sidata = LOADADDR (.data)

.data           0x20000000      0x204 load address 0x08006d6c
                0x20000000                . = ALIGN (0x4)
                0x20000000                _sdata = .
 *(.data)
 *(.data*)
 .data.SystemCoreClock
                0x20000000        0x4 Src\system_stm32f3xx.o
                0x20000000                SystemCoreClock
 .data.comma    0x20000004        0x2 Src\variables.o
                0x20000004                comma
 .data.enableFlashLogging
                0x20000006        0x1 Src\variables.o
                0x20000006                enableFlashLogging
 *fill*         0x20000007        0x1 
 .data.endSimbol
                0x20000008        0x8 Src\variables.o
                0x20000008                endSimbol
 .data.flash_mem_start
                0x20000010        0x4 Src\variables.o
                0x20000010                flash_mem_start
 .data.heater_OFF
                0x20000014        0x3 Src\variables.o
                0x20000014                heater_OFF
 *fill*         0x20000017        0x1 
 .data.heater_ON
                0x20000018        0x2 Src\variables.o
                0x20000018                heater_ON
 *fill*         0x2000001a        0x2 
 .data.studentnumber1
                0x2000001c        0x8 Src\variables.o
                0x2000001c                studentnumber1
 .data.valve_CLOSE
                0x20000024        0x6 Src\variables.o
                0x20000024                valve_CLOSE
 *fill*         0x2000002a        0x2 
 .data.valve_OPEN
                0x2000002c        0x4 Src\variables.o
                0x2000002c                valve_OPEN
 .data._impure_ptr
                0x20000030        0x4 c:/program files (x86)/atollic/truestudio for arm 8.0.0/armtools/bin/../lib/gcc/arm-atollic-eabi/6.3.1/../../../../arm-atollic-eabi/lib/armv7e-m/fpu\libc_nano.a(lib_a-impure.o)
                0x20000030                _impure_ptr
 .data.impure_data
                0x20000034       0x60 c:/program files (x86)/atollic/truestudio for arm 8.0.0/armtools/bin/../lib/gcc/arm-atollic-eabi/6.3.1/../../../../arm-atollic-eabi/lib/armv7e-m/fpu\libc_nano.a(lib_a-impure.o)
 .data.__global_locale
                0x20000094      0x16c c:/program files (x86)/atollic/truestudio for arm 8.0.0/armtools/bin/../lib/gcc/arm-atollic-eabi/6.3.1/../../../../arm-atollic-eabi/lib/armv7e-m/fpu\libc_nano.a(lib_a-locale.o)
                0x20000094                __global_locale
 .data.__fdlib_version
                0x20000200        0x1 c:/program files (x86)/atollic/truestudio for arm 8.0.0/armtools/bin/../lib/gcc/arm-atollic-eabi/6.3.1/../../../../arm-atollic-eabi/lib/armv7e-m/fpu\libm.a(lib_a-s_lib_ver.o)
                0x20000200                __fdlib_version
                0x20000204                . = ALIGN (0x4)
 *fill*         0x20000201        0x3 
                0x20000204                _edata = .
                0x08006f70                _siccmram = LOADADDR (.ccmram)

.igot.plt       0x20000204        0x0 load address 0x08006f70
 .igot.plt      0x20000204        0x0 c:/program files (x86)/atollic/truestudio for arm 8.0.0/armtools/bin/../lib/gcc/arm-atollic-eabi/6.3.1/armv7e-m/fpu/crtbegin.o

.ccmram         0x10000000        0x0 load address 0x08006f70
                0x10000000                . = ALIGN (0x4)
                0x10000000                _sccmram = .
 *(.ccmram)
 *(.ccmram*)
                0x10000000                . = ALIGN (0x4)
                0x10000000                _eccmram = .
                0x10000000                . = ALIGN (0x4)

.bss            0x20000208      0x3dc
                0x20000208                _sbss = .
                0x20000208                __bss_start__ = _sbss
 *(.bss)
 .bss           0x20000208       0x1c c:/program files (x86)/atollic/truestudio for arm 8.0.0/armtools/bin/../lib/gcc/arm-atollic-eabi/6.3.1/armv7e-m/fpu/crtbegin.o
 *(.bss*)
 .bss.erase_flash
                0x20000224        0x4 Src\main.o
                0x20000224                erase_flash
 .bss.ADC1_buffer
                0x20000228        0x4 Src\variables.o
                0x20000228                ADC1_buffer
 .bss.ADC2_buffer
                0x2000022c        0x4 Src\variables.o
                0x2000022c                ADC2_buffer
 .bss.adc_buffer_current
                0x20000230        0x8 Src\variables.o
                0x20000230                adc_buffer_current
 .bss.adc_buffer_voltage
                0x20000238        0x8 Src\variables.o
                0x20000238                adc_buffer_voltage
 .bss.adc_counter
                0x20000240        0x2 Src\variables.o
                0x20000240                adc_counter
 .bss.adc_flag  0x20000242        0x1 Src\variables.o
                0x20000242                adc_flag
 *fill*         0x20000243        0x1 
 .bss.adc_raw_current
                0x20000244        0x4 Src\variables.o
                0x20000244                adc_raw_current
 .bss.adc_raw_voltage
                0x20000248        0x4 Src\variables.o
                0x20000248                adc_raw_voltage
 .bss.ambient_temp
                0x2000024c        0x4 Src\variables.o
                0x2000024c                ambient_temp
 .bss.auto_heating
                0x20000250        0x1 Src\variables.o
                0x20000250                auto_heating
 *fill*         0x20000251        0x3 
 .bss.current_int_rms
                0x20000254        0x4 Src\variables.o
                0x20000254                current_int_rms
 .bss.current_rms
                0x20000258        0x4 Src\variables.o
                0x20000258                current_rms
 .bss.date      0x2000025c        0x4 Src\variables.o
                0x2000025c                date
 .bss.fake_RTC_timer
                0x20000260        0x2 Src\variables.o
                0x20000260                fake_RTC_timer
 *fill*         0x20000262        0x2 
 .bss.flash_counter
                0x20000264        0x4 Src\variables.o
                0x20000264                flash_counter
 .bss.flash_error
                0x20000268        0x4 Src\variables.o
                0x20000268                flash_error
 .bss.flash_stored
                0x2000026c        0x4 Src\variables.o
                0x2000026c                flash_stored
 .bss.geyser_temp
                0x20000270        0x4 Src\variables.o
                0x20000270                geyser_temp
 .bss.geyser_temp_int
                0x20000274        0x1 Src\variables.o
                0x20000274                geyser_temp_int
 *fill*         0x20000275        0x3 
 .bss.heat_schedule1
                0x20000278        0x4 Src\variables.o
                0x20000278                heat_schedule1
 .bss.heat_schedule2
                0x2000027c        0x4 Src\variables.o
                0x2000027c                heat_schedule2
 .bss.heat_schedule3
                0x20000280        0x4 Src\variables.o
                0x20000280                heat_schedule3
 .bss.heater_state
                0x20000284        0x4 Src\variables.o
                0x20000284                heater_state
 .bss.heating_info
                0x20000288        0x4 Src\variables.o
                0x20000288                heating_info
 .bss.log_counter
                0x2000028c        0x1 Src\variables.o
                0x2000028c                log_counter
 .bss.log_full  0x2000028d        0x1 Src\variables.o
                0x2000028d                log_full
 .bss.log_receiced_num
                0x2000028e        0x1 Src\variables.o
                0x2000028e                log_receiced_num
 *fill*         0x2000028f        0x1 
 .bss.new_time  0x20000290        0x4 Src\variables.o
                0x20000290                new_time
 .bss.pEraseInit
                0x20000294        0x4 Src\variables.o
                0x20000294                pEraseInit
 .bss.raw_ambient_temp
                0x20000298        0x4 Src\variables.o
                0x20000298                raw_ambient_temp
 .bss.raw_geyser_temp
                0x2000029c        0x4 Src\variables.o
                0x2000029c                raw_geyser_temp
 .bss.return_value
                0x200002a0        0x4 Src\variables.o
                0x200002a0                return_value
 .bss.rtcSecFlag
                0x200002a4        0x1 Src\variables.o
                0x200002a4                rtcSecFlag
 .bss.rx_flag   0x200002a5        0x1 Src\variables.o
                0x200002a5                rx_flag
 .bss.segment_counter
                0x200002a6        0x1 Src\variables.o
                0x200002a6                segment_counter
 *fill*         0x200002a7        0x1 
 .bss.segment_val
                0x200002a8        0x4 Src\variables.o
                0x200002a8                segment_val
 .bss.set_temp  0x200002ac        0x4 Src\variables.o
                0x200002ac                set_temp
 .bss.sizeOfTemp
                0x200002b0        0x1 Src\variables.o
                0x200002b0                sizeOfTemp
 .bss.systick_flag
                0x200002b1        0x1 Src\variables.o
                0x200002b1                systick_flag
 *fill*         0x200002b2        0x2 
 .bss.temp_time_var
                0x200002b4        0x4 Src\variables.o
                0x200002b4                temp_time_var
 .bss.tim2_flag
                0x200002b8        0x1 Src\variables.o
                0x200002b8                tim2_flag
 .bss.tim3_flag
                0x200002b9        0x1 Src\variables.o
                0x200002b9                tim3_flag
 *fill*         0x200002ba        0x2 
 .bss.time      0x200002bc        0x4 Src\variables.o
                0x200002bc                time
 .bss.total_water
                0x200002c0        0x4 Src\variables.o
                0x200002c0                total_water
 .bss.touch_flag
                0x200002c4        0x1 Src\variables.o
                0x200002c4                touch_flag
 *fill*         0x200002c5        0x3 
 .bss.uart_command
                0x200002c8        0x4 Src\variables.o
                0x200002c8                uart_command
 .bss.uart_command_copy
                0x200002cc        0x4 Src\variables.o
                0x200002cc                uart_command_copy
 .bss.uart_counter
                0x200002d0        0x1 Src\variables.o
                0x200002d0                uart_counter
 *fill*         0x200002d1        0x3 
 .bss.valve_state
                0x200002d4        0x4 Src\variables.o
                0x200002d4                valve_state
 .bss.voltage_int_rms
                0x200002d8        0x4 Src\variables.o
                0x200002d8                voltage_int_rms
 .bss.voltage_rms
                0x200002dc        0x4 Src\variables.o
                0x200002dc                voltage_rms
 .bss.water_acc
                0x200002e0        0x4 Src\variables.o
                0x200002e0                water_acc
 .bss.__malloc_free_list
                0x200002e4        0x4 c:/program files (x86)/atollic/truestudio for arm 8.0.0/armtools/bin/../lib/gcc/arm-atollic-eabi/6.3.1/../../../../arm-atollic-eabi/lib/armv7e-m/fpu\libc_nano.a(lib_a-nano-mallocr.o)
                0x200002e4                __malloc_free_list
 .bss.__malloc_sbrk_start
                0x200002e8        0x4 c:/program files (x86)/atollic/truestudio for arm 8.0.0/armtools/bin/../lib/gcc/arm-atollic-eabi/6.3.1/../../../../arm-atollic-eabi/lib/armv7e-m/fpu\libc_nano.a(lib_a-nano-mallocr.o)
                0x200002e8                __malloc_sbrk_start
 .bss.heap_end.5239
                0x200002ec        0x4 c:/program files (x86)/atollic/truestudio for arm 8.0.0/armtools/bin/../lib/gcc/arm-atollic-eabi/6.3.1/../../../../arm-atollic-eabi/lib/armv7e-m/fpu\libnosys.a(sbrk.o)
 *(COMMON)
 COMMON         0x200002f0        0x4 Drivers\STM32F3xx_HAL_Driver\Src\stm32f3xx_hal.o
                0x200002f0                uwTick
 *fill*         0x200002f4        0x4 
 COMMON         0x200002f8       0x20 Drivers\STM32F3xx_HAL_Driver\Src\stm32f3xx_hal_flash.o
                0x200002f8                pFlash
 COMMON         0x20000318      0x214 Src\main.o
                0x20000318                hadc2
                0x2000036c                hi2c1
                0x200003b8                Channel_3
                0x200003d0                Channel_1
                0x200003e8                Channel_4
                0x20000400                huart1
                0x20000470                hrtc
                0x20000490                Channel_2
                0x200004a8                htim2
                0x200004e8                hdma_adc2
 COMMON         0x2000052c       0xb4 Src\variables.o
                0x2000052c                sliderCoords
                0x20000530                heating_schedule
                0x200005a8                studentnumber
                0x200005ac                rx_buffer
                0x200005b0                heating_time_size
                0x200005b4                data_buffer
                0x200005d4                heating_schedule_info
 COMMON         0x200005e0        0x4 c:/program files (x86)/atollic/truestudio for arm 8.0.0/armtools/bin/../lib/gcc/arm-atollic-eabi/6.3.1/../../../../arm-atollic-eabi/lib/armv7e-m/fpu\libc_nano.a(lib_a-reent.o)
                0x200005e0                errno
                0x200005e4                . = ALIGN (0x4)
                0x200005e4                _ebss = .
                0x200005e4                __bss_end__ = _ebss

._user_heap_stack
                0x200005e4      0x600
                0x200005e4                . = ALIGN (0x4)
                0x200005e4                PROVIDE (end, .)
                [!provide]                PROVIDE (_end, .)
                0x200007e4                . = (. + _Min_Heap_Size)
 *fill*         0x200005e4      0x200 
                0x20000be4                . = (. + _Min_Stack_Size)
 *fill*         0x200007e4      0x400 
                0x20000be4                . = ALIGN (0x4)

/DISCARD/
 libc.a(*)
 libm.a(*)
 libgcc.a(*)

.ARM.attributes
                0x00000000       0x30
 *(.ARM.attributes)
 .ARM.attributes
                0x00000000       0x22 c:/program files (x86)/atollic/truestudio for arm 8.0.0/armtools/bin/../lib/gcc/arm-atollic-eabi/6.3.1/armv7e-m/fpu/crti.o
 .ARM.attributes
                0x00000022       0x34 c:/program files (x86)/atollic/truestudio for arm 8.0.0/armtools/bin/../lib/gcc/arm-atollic-eabi/6.3.1/armv7e-m/fpu/crtbegin.o
 .ARM.attributes
                0x00000056       0x39 Drivers\STM32F3xx_HAL_Driver\Src\stm32f3xx_hal.o
 .ARM.attributes
                0x0000008f       0x39 Drivers\STM32F3xx_HAL_Driver\Src\stm32f3xx_hal_adc.o
 .ARM.attributes
                0x000000c8       0x39 Drivers\STM32F3xx_HAL_Driver\Src\stm32f3xx_hal_adc_ex.o
 .ARM.attributes
                0x00000101       0x39 Drivers\STM32F3xx_HAL_Driver\Src\stm32f3xx_hal_cortex.o
 .ARM.attributes
                0x0000013a       0x39 Drivers\STM32F3xx_HAL_Driver\Src\stm32f3xx_hal_dma.o
 .ARM.attributes
                0x00000173       0x39 Drivers\STM32F3xx_HAL_Driver\Src\stm32f3xx_hal_flash.o
 .ARM.attributes
                0x000001ac       0x39 Drivers\STM32F3xx_HAL_Driver\Src\stm32f3xx_hal_flash_ex.o
 .ARM.attributes
                0x000001e5       0x39 Drivers\STM32F3xx_HAL_Driver\Src\stm32f3xx_hal_gpio.o
 .ARM.attributes
                0x0000021e       0x39 Drivers\STM32F3xx_HAL_Driver\Src\stm32f3xx_hal_i2c.o
 .ARM.attributes
                0x00000257       0x39 Drivers\STM32F3xx_HAL_Driver\Src\stm32f3xx_hal_i2c_ex.o
 .ARM.attributes
                0x00000290       0x39 Drivers\STM32F3xx_HAL_Driver\Src\stm32f3xx_hal_pwr.o
 .ARM.attributes
                0x000002c9       0x39 Drivers\STM32F3xx_HAL_Driver\Src\stm32f3xx_hal_rcc.o
 .ARM.attributes
                0x00000302       0x39 Drivers\STM32F3xx_HAL_Driver\Src\stm32f3xx_hal_rcc_ex.o
 .ARM.attributes
                0x0000033b       0x39 Drivers\STM32F3xx_HAL_Driver\Src\stm32f3xx_hal_rtc.o
 .ARM.attributes
                0x00000374       0x39 Drivers\STM32F3xx_HAL_Driver\Src\stm32f3xx_hal_rtc_ex.o
 .ARM.attributes
                0x000003ad       0x39 Drivers\STM32F3xx_HAL_Driver\Src\stm32f3xx_hal_tim.o
 .ARM.attributes
                0x000003e6       0x39 Drivers\STM32F3xx_HAL_Driver\Src\stm32f3xx_hal_tim_ex.o
 .ARM.attributes
                0x0000041f       0x39 Drivers\STM32F3xx_HAL_Driver\Src\stm32f3xx_hal_uart.o
 .ARM.attributes
                0x00000458       0x39 Drivers\STM32F3xx_HAL_Driver\Src\stm32f3xx_hal_uart_ex.o
 .ARM.attributes
                0x00000491       0x39 Src\adc_comms.o
 .ARM.attributes
                0x000004ca       0x39 Src\flash_memory.o
 .ARM.attributes
                0x00000503       0x39 Src\functions.o
 .ARM.attributes
                0x0000053c       0x39 Src\heating_schedule.o
 .ARM.attributes
                0x00000575       0x39 Src\initilize_peripherals.o
 .ARM.attributes
                0x000005ae       0x39 Src\main.o
 .ARM.attributes
                0x000005e7       0x39 Src\seven_segment.o
 .ARM.attributes
                0x00000620       0x39 Src\seven_segment_display.o
 .ARM.attributes
                0x00000659       0x39 Src\stm32f3xx_hal_msp.o
 .ARM.attributes
                0x00000692       0x39 Src\stm32f3xx_it.o
 .ARM.attributes
                0x000006cb       0x39 Src\system_stm32f3xx.o
 .ARM.attributes
                0x00000704       0x39 Src\uart_comms.o
 .ARM.attributes
                0x0000073d       0x39 Src\variables.o
 .ARM.attributes
                0x00000776       0x21 startup\startup_stm32f334x8.o
 .ARM.attributes
                0x00000797       0x34 c:/program files (x86)/atollic/truestudio for arm 8.0.0/armtools/bin/../lib/gcc/arm-atollic-eabi/6.3.1/../../../../arm-atollic-eabi/lib/armv7e-m/fpu\libc_nano.a(lib_a-init.o)
 .ARM.attributes
                0x000007cb       0x34 c:/program files (x86)/atollic/truestudio for arm 8.0.0/armtools/bin/../lib/gcc/arm-atollic-eabi/6.3.1/../../../../arm-atollic-eabi/lib/armv7e-m/fpu\libc_nano.a(lib_a-itoa.o)
 .ARM.attributes
                0x000007ff       0x34 c:/program files (x86)/atollic/truestudio for arm 8.0.0/armtools/bin/../lib/gcc/arm-atollic-eabi/6.3.1/../../../../arm-atollic-eabi/lib/armv7e-m/fpu\libc_nano.a(lib_a-malloc.o)
 .ARM.attributes
                0x00000833       0x34 c:/program files (x86)/atollic/truestudio for arm 8.0.0/armtools/bin/../lib/gcc/arm-atollic-eabi/6.3.1/../../../../arm-atollic-eabi/lib/armv7e-m/fpu\libc_nano.a(lib_a-memcpy-stub.o)
 .ARM.attributes
                0x00000867       0x34 c:/program files (x86)/atollic/truestudio for arm 8.0.0/armtools/bin/../lib/gcc/arm-atollic-eabi/6.3.1/../../../../arm-atollic-eabi/lib/armv7e-m/fpu\libc_nano.a(lib_a-memset.o)
 .ARM.attributes
                0x0000089b       0x34 c:/program files (x86)/atollic/truestudio for arm 8.0.0/armtools/bin/../lib/gcc/arm-atollic-eabi/6.3.1/../../../../arm-atollic-eabi/lib/armv7e-m/fpu\libc_nano.a(lib_a-nano-freer.o)
 .ARM.attributes
                0x000008cf       0x34 c:/program files (x86)/atollic/truestudio for arm 8.0.0/armtools/bin/../lib/gcc/arm-atollic-eabi/6.3.1/../../../../arm-atollic-eabi/lib/armv7e-m/fpu\libc_nano.a(lib_a-nano-mallocr.o)
 .ARM.attributes
                0x00000903       0x34 c:/program files (x86)/atollic/truestudio for arm 8.0.0/armtools/bin/../lib/gcc/arm-atollic-eabi/6.3.1/../../../../arm-atollic-eabi/lib/armv7e-m/fpu\libc_nano.a(lib_a-sbrkr.o)
 .ARM.attributes
                0x00000937       0x34 c:/program files (x86)/atollic/truestudio for arm 8.0.0/armtools/bin/../lib/gcc/arm-atollic-eabi/6.3.1/../../../../arm-atollic-eabi/lib/armv7e-m/fpu\libc_nano.a(lib_a-sprintf.o)
 .ARM.attributes
                0x0000096b       0x1b c:/program files (x86)/atollic/truestudio for arm 8.0.0/armtools/bin/../lib/gcc/arm-atollic-eabi/6.3.1/../../../../arm-atollic-eabi/lib/armv7e-m/fpu\libc_nano.a(lib_a-strlen.o)
 .ARM.attributes
                0x00000986       0x34 c:/program files (x86)/atollic/truestudio for arm 8.0.0/armtools/bin/../lib/gcc/arm-atollic-eabi/6.3.1/../../../../arm-atollic-eabi/lib/armv7e-m/fpu\libc_nano.a(lib_a-strtok.o)
 .ARM.attributes
                0x000009ba       0x34 c:/program files (x86)/atollic/truestudio for arm 8.0.0/armtools/bin/../lib/gcc/arm-atollic-eabi/6.3.1/../../../../arm-atollic-eabi/lib/armv7e-m/fpu\libc_nano.a(lib_a-strtok_r.o)
 .ARM.attributes
                0x000009ee       0x34 c:/program files (x86)/atollic/truestudio for arm 8.0.0/armtools/bin/../lib/gcc/arm-atollic-eabi/6.3.1/../../../../arm-atollic-eabi/lib/armv7e-m/fpu\libc_nano.a(lib_a-strtol.o)
 .ARM.attributes
                0x00000a22       0x34 c:/program files (x86)/atollic/truestudio for arm 8.0.0/armtools/bin/../lib/gcc/arm-atollic-eabi/6.3.1/../../../../arm-atollic-eabi/lib/armv7e-m/fpu\libc_nano.a(lib_a-utoa.o)
 .ARM.attributes
                0x00000a56       0x34 c:/program files (x86)/atollic/truestudio for arm 8.0.0/armtools/bin/../lib/gcc/arm-atollic-eabi/6.3.1/../../../../arm-atollic-eabi/lib/armv7e-m/fpu\libc_nano.a(lib_a-impure.o)
 .ARM.attributes
                0x00000a8a       0x34 c:/program files (x86)/atollic/truestudio for arm 8.0.0/armtools/bin/../lib/gcc/arm-atollic-eabi/6.3.1/../../../../arm-atollic-eabi/lib/armv7e-m/fpu\libc_nano.a(lib_a-locale.o)
 .ARM.attributes
                0x00000abe       0x34 c:/program files (x86)/atollic/truestudio for arm 8.0.0/armtools/bin/../lib/gcc/arm-atollic-eabi/6.3.1/../../../../arm-atollic-eabi/lib/armv7e-m/fpu\libc_nano.a(lib_a-mbtowc_r.o)
 .ARM.attributes
                0x00000af2       0x34 c:/program files (x86)/atollic/truestudio for arm 8.0.0/armtools/bin/../lib/gcc/arm-atollic-eabi/6.3.1/../../../../arm-atollic-eabi/lib/armv7e-m/fpu\libc_nano.a(lib_a-mlock.o)
 .ARM.attributes
                0x00000b26       0x34 c:/program files (x86)/atollic/truestudio for arm 8.0.0/armtools/bin/../lib/gcc/arm-atollic-eabi/6.3.1/../../../../arm-atollic-eabi/lib/armv7e-m/fpu\libc_nano.a(lib_a-nano-svfprintf.o)
 .ARM.attributes
                0x00000b5a       0x34 c:/program files (x86)/atollic/truestudio for arm 8.0.0/armtools/bin/../lib/gcc/arm-atollic-eabi/6.3.1/../../../../arm-atollic-eabi/lib/armv7e-m/fpu\libc_nano.a(lib_a-nano-vfprintf_i.o)
 .ARM.attributes
                0x00000b8e       0x34 c:/program files (x86)/atollic/truestudio for arm 8.0.0/armtools/bin/../lib/gcc/arm-atollic-eabi/6.3.1/../../../../arm-atollic-eabi/lib/armv7e-m/fpu\libc_nano.a(lib_a-reent.o)
 .ARM.attributes
                0x00000bc2       0x34 c:/program files (x86)/atollic/truestudio for arm 8.0.0/armtools/bin/../lib/gcc/arm-atollic-eabi/6.3.1/../../../../arm-atollic-eabi/lib/armv7e-m/fpu\libc_nano.a(lib_a-wctomb_r.o)
 .ARM.attributes
                0x00000bf6       0x34 c:/program files (x86)/atollic/truestudio for arm 8.0.0/armtools/bin/../lib/gcc/arm-atollic-eabi/6.3.1/../../../../arm-atollic-eabi/lib/armv7e-m/fpu\libc_nano.a(lib_a-ctype_.o)
 .ARM.attributes
                0x00000c2a       0x20 c:/program files (x86)/atollic/truestudio for arm 8.0.0/armtools/bin/../lib/gcc/arm-atollic-eabi/6.3.1/../../../../arm-atollic-eabi/lib/armv7e-m/fpu\libc_nano.a(lib_a-memchr.o)
 .ARM.attributes
                0x00000c4a       0x34 c:/program files (x86)/atollic/truestudio for arm 8.0.0/armtools/bin/../lib/gcc/arm-atollic-eabi/6.3.1/../../../../arm-atollic-eabi/lib/armv7e-m/fpu\libc_nano.a(lib_a-memmove.o)
 .ARM.attributes
                0x00000c7e       0x34 c:/program files (x86)/atollic/truestudio for arm 8.0.0/armtools/bin/../lib/gcc/arm-atollic-eabi/6.3.1/../../../../arm-atollic-eabi/lib/armv7e-m/fpu\libc_nano.a(lib_a-nano-reallocr.o)
 .ARM.attributes
                0x00000cb2       0x34 c:/program files (x86)/atollic/truestudio for arm 8.0.0/armtools/bin/../lib/gcc/arm-atollic-eabi/6.3.1/../../../../arm-atollic-eabi/lib/armv7e-m/fpu\libc_nano.a(lib_a-nano-msizer.o)
 .ARM.attributes
                0x00000ce6       0x34 c:/program files (x86)/atollic/truestudio for arm 8.0.0/armtools/bin/../lib/gcc/arm-atollic-eabi/6.3.1/../../../../arm-atollic-eabi/lib/armv7e-m/fpu\libm.a(lib_a-w_sqrt.o)
 .ARM.attributes
                0x00000d1a       0x34 c:/program files (x86)/atollic/truestudio for arm 8.0.0/armtools/bin/../lib/gcc/arm-atollic-eabi/6.3.1/../../../../arm-atollic-eabi/lib/armv7e-m/fpu\libm.a(lib_a-e_sqrt.o)
 .ARM.attributes
                0x00000d4e       0x34 c:/program files (x86)/atollic/truestudio for arm 8.0.0/armtools/bin/../lib/gcc/arm-atollic-eabi/6.3.1/../../../../arm-atollic-eabi/lib/armv7e-m/fpu\libm.a(lib_a-s_lib_ver.o)
 .ARM.attributes
                0x00000d82       0x34 c:/program files (x86)/atollic/truestudio for arm 8.0.0/armtools/bin/../lib/gcc/arm-atollic-eabi/6.3.1/../../../../arm-atollic-eabi/lib/armv7e-m/fpu\libm.a(lib_a-s_matherr.o)
 .ARM.attributes
                0x00000db6       0x34 c:/program files (x86)/atollic/truestudio for arm 8.0.0/armtools/bin/../lib/gcc/arm-atollic-eabi/6.3.1/../../../../arm-atollic-eabi/lib/armv7e-m/fpu\libc_nano.a(lib_a-errno.o)
 .ARM.attributes
                0x00000dea       0x22 c:/program files (x86)/atollic/truestudio for arm 8.0.0/armtools/bin/../lib/gcc/arm-atollic-eabi/6.3.1/armv7e-m/fpu\libgcc.a(_arm_addsubdf3.o)
 .ARM.attributes
                0x00000e0c       0x22 c:/program files (x86)/atollic/truestudio for arm 8.0.0/armtools/bin/../lib/gcc/arm-atollic-eabi/6.3.1/armv7e-m/fpu\libgcc.a(_arm_muldivdf3.o)
 .ARM.attributes
                0x00000e2e       0x22 c:/program files (x86)/atollic/truestudio for arm 8.0.0/armtools/bin/../lib/gcc/arm-atollic-eabi/6.3.1/armv7e-m/fpu\libgcc.a(_arm_cmpdf2.o)
 .ARM.attributes
                0x00000e50       0x22 c:/program files (x86)/atollic/truestudio for arm 8.0.0/armtools/bin/../lib/gcc/arm-atollic-eabi/6.3.1/armv7e-m/fpu\libgcc.a(_arm_unorddf2.o)
 .ARM.attributes
                0x00000e72       0x22 c:/program files (x86)/atollic/truestudio for arm 8.0.0/armtools/bin/../lib/gcc/arm-atollic-eabi/6.3.1/armv7e-m/fpu\libgcc.a(_arm_fixunsdfsi.o)
 .ARM.attributes
                0x00000e94       0x22 c:/program files (x86)/atollic/truestudio for arm 8.0.0/armtools/bin/../lib/gcc/arm-atollic-eabi/6.3.1/armv7e-m/fpu\libgcc.a(_aeabi_uldivmod.o)
 .ARM.attributes
                0x00000eb6       0x34 c:/program files (x86)/atollic/truestudio for arm 8.0.0/armtools/bin/../lib/gcc/arm-atollic-eabi/6.3.1/armv7e-m/fpu\libgcc.a(_fixunsdfdi.o)
 .ARM.attributes
                0x00000eea       0x34 c:/program files (x86)/atollic/truestudio for arm 8.0.0/armtools/bin/../lib/gcc/arm-atollic-eabi/6.3.1/armv7e-m/fpu\libgcc.a(_udivmoddi4.o)
 .ARM.attributes
                0x00000f1e       0x22 c:/program files (x86)/atollic/truestudio for arm 8.0.0/armtools/bin/../lib/gcc/arm-atollic-eabi/6.3.1/armv7e-m/fpu\libgcc.a(_dvmd_tls.o)
 .ARM.attributes
                0x00000f40       0x34 c:/program files (x86)/atollic/truestudio for arm 8.0.0/armtools/bin/../lib/gcc/arm-atollic-eabi/6.3.1/../../../../arm-atollic-eabi/lib/armv7e-m/fpu\libnosys.a(sbrk.o)
 .ARM.attributes
                0x00000f74       0x22 c:/program files (x86)/atollic/truestudio for arm 8.0.0/armtools/bin/../lib/gcc/arm-atollic-eabi/6.3.1/armv7e-m/fpu/crtn.o
OUTPUT(edesign19231865.elf elf32-littlearm)

.debug_info     0x00000000    0x374f7
 .debug_info    0x00000000      0xf54 Drivers\STM32F3xx_HAL_Driver\Src\stm32f3xx_hal.o
 .debug_info    0x00000f54     0x12f2 Drivers\STM32F3xx_HAL_Driver\Src\stm32f3xx_hal_adc.o
 .debug_info    0x00002246     0x2291 Drivers\STM32F3xx_HAL_Driver\Src\stm32f3xx_hal_adc_ex.o
 .debug_info    0x000044d7     0x149c Drivers\STM32F3xx_HAL_Driver\Src\stm32f3xx_hal_cortex.o
 .debug_info    0x00005973     0x1046 Drivers\STM32F3xx_HAL_Driver\Src\stm32f3xx_hal_dma.o
 .debug_info    0x000069b9      0xe92 Drivers\STM32F3xx_HAL_Driver\Src\stm32f3xx_hal_flash.o
 .debug_info    0x0000784b     0x1330 Drivers\STM32F3xx_HAL_Driver\Src\stm32f3xx_hal_flash_ex.o
 .debug_info    0x00008b7b      0xf9e Drivers\STM32F3xx_HAL_Driver\Src\stm32f3xx_hal_gpio.o
 .debug_info    0x00009b19     0x44aa Drivers\STM32F3xx_HAL_Driver\Src\stm32f3xx_hal_i2c.o
 .debug_info    0x0000dfc3     0x1152 Drivers\STM32F3xx_HAL_Driver\Src\stm32f3xx_hal_i2c_ex.o
 .debug_info    0x0000f115      0xdcc Drivers\STM32F3xx_HAL_Driver\Src\stm32f3xx_hal_pwr.o
 .debug_info    0x0000fee1     0x1b46 Drivers\STM32F3xx_HAL_Driver\Src\stm32f3xx_hal_rcc.o
 .debug_info    0x00011a27      0xe93 Drivers\STM32F3xx_HAL_Driver\Src\stm32f3xx_hal_rcc_ex.o
 .debug_info    0x000128ba     0x18f6 Drivers\STM32F3xx_HAL_Driver\Src\stm32f3xx_hal_rtc.o
 .debug_info    0x000141b0     0x17ad Drivers\STM32F3xx_HAL_Driver\Src\stm32f3xx_hal_rtc_ex.o
 .debug_info    0x0001595d     0x4055 Drivers\STM32F3xx_HAL_Driver\Src\stm32f3xx_hal_tim.o
 .debug_info    0x000199b2     0x1f1c Drivers\STM32F3xx_HAL_Driver\Src\stm32f3xx_hal_tim_ex.o
 .debug_info    0x0001b8ce     0x227f Drivers\STM32F3xx_HAL_Driver\Src\stm32f3xx_hal_uart.o
 .debug_info    0x0001db4d     0x1137 Drivers\STM32F3xx_HAL_Driver\Src\stm32f3xx_hal_uart_ex.o
 .debug_info    0x0001ec84     0x1a04 Src\adc_comms.o
 .debug_info    0x00020688     0x2221 Src\flash_memory.o
 .debug_info    0x000228a9     0x1c52 Src\functions.o
 .debug_info    0x000244fb     0x1d39 Src\heating_schedule.o
 .debug_info    0x00026234     0x20b4 Src\initilize_peripherals.o
 .debug_info    0x000282e8     0x30a9 Src\main.o
 .debug_info    0x0002b391     0x1bc6 Src\seven_segment.o
 .debug_info    0x0002cf57     0x2381 Src\seven_segment_display.o
 .debug_info    0x0002f2d8     0x22ab Src\stm32f3xx_hal_msp.o
 .debug_info    0x00031583     0x1800 Src\stm32f3xx_it.o
 .debug_info    0x00032d83      0xc24 Src\system_stm32f3xx.o
 .debug_info    0x000339a7     0x28b2 Src\uart_comms.o
 .debug_info    0x00036259     0x1215 Src\variables.o
 .debug_info    0x0003746e       0x89 startup\startup_stm32f334x8.o

.debug_abbrev   0x00000000     0x5689
 .debug_abbrev  0x00000000      0x2b6 Drivers\STM32F3xx_HAL_Driver\Src\stm32f3xx_hal.o
 .debug_abbrev  0x000002b6      0x24f Drivers\STM32F3xx_HAL_Driver\Src\stm32f3xx_hal_adc.o
 .debug_abbrev  0x00000505      0x369 Drivers\STM32F3xx_HAL_Driver\Src\stm32f3xx_hal_adc_ex.o
 .debug_abbrev  0x0000086e      0x377 Drivers\STM32F3xx_HAL_Driver\Src\stm32f3xx_hal_cortex.o
 .debug_abbrev  0x00000be5      0x2b7 Drivers\STM32F3xx_HAL_Driver\Src\stm32f3xx_hal_dma.o
 .debug_abbrev  0x00000e9c      0x376 Drivers\STM32F3xx_HAL_Driver\Src\stm32f3xx_hal_flash.o
 .debug_abbrev  0x00001212      0x398 Drivers\STM32F3xx_HAL_Driver\Src\stm32f3xx_hal_flash_ex.o
 .debug_abbrev  0x000015aa      0x27a Drivers\STM32F3xx_HAL_Driver\Src\stm32f3xx_hal_gpio.o
 .debug_abbrev  0x00001824      0x3ed Drivers\STM32F3xx_HAL_Driver\Src\stm32f3xx_hal_i2c.o
 .debug_abbrev  0x00001c11      0x21b Drivers\STM32F3xx_HAL_Driver\Src\stm32f3xx_hal_i2c_ex.o
 .debug_abbrev  0x00001e2c      0x205 Drivers\STM32F3xx_HAL_Driver\Src\stm32f3xx_hal_pwr.o
 .debug_abbrev  0x00002031      0x357 Drivers\STM32F3xx_HAL_Driver\Src\stm32f3xx_hal_rcc.o
 .debug_abbrev  0x00002388      0x319 Drivers\STM32F3xx_HAL_Driver\Src\stm32f3xx_hal_rcc_ex.o
 .debug_abbrev  0x000026a1      0x34a Drivers\STM32F3xx_HAL_Driver\Src\stm32f3xx_hal_rtc.o
 .debug_abbrev  0x000029eb      0x2d8 Drivers\STM32F3xx_HAL_Driver\Src\stm32f3xx_hal_rtc_ex.o
 .debug_abbrev  0x00002cc3      0x3c6 Drivers\STM32F3xx_HAL_Driver\Src\stm32f3xx_hal_tim.o
 .debug_abbrev  0x00003089      0x35a Drivers\STM32F3xx_HAL_Driver\Src\stm32f3xx_hal_tim_ex.o
 .debug_abbrev  0x000033e3      0x3b5 Drivers\STM32F3xx_HAL_Driver\Src\stm32f3xx_hal_uart.o
 .debug_abbrev  0x00003798      0x28c Drivers\STM32F3xx_HAL_Driver\Src\stm32f3xx_hal_uart_ex.o
 .debug_abbrev  0x00003a24      0x20e Src\adc_comms.o
 .debug_abbrev  0x00003c32      0x255 Src\flash_memory.o
 .debug_abbrev  0x00003e87      0x216 Src\functions.o
 .debug_abbrev  0x0000409d      0x216 Src\heating_schedule.o
 .debug_abbrev  0x000042b3      0x221 Src\initilize_peripherals.o
 .debug_abbrev  0x000044d4      0x2b8 Src\main.o
 .debug_abbrev  0x0000478c      0x21f Src\seven_segment.o
 .debug_abbrev  0x000049ab      0x22f Src\seven_segment_display.o
 .debug_abbrev  0x00004bda      0x2d2 Src\stm32f3xx_hal_msp.o
 .debug_abbrev  0x00004eac      0x222 Src\stm32f3xx_it.o
 .debug_abbrev  0x000050ce      0x1cd Src\system_stm32f3xx.o
 .debug_abbrev  0x0000529b      0x22c Src\uart_comms.o
 .debug_abbrev  0x000054c7      0x1b0 Src\variables.o
 .debug_abbrev  0x00005677       0x12 startup\startup_stm32f334x8.o

.debug_loc      0x00000000    0x13648
 .debug_loc     0x00000000       0x69 Drivers\STM32F3xx_HAL_Driver\Src\stm32f3xx_hal.o
 .debug_loc     0x00000069      0x108 Drivers\STM32F3xx_HAL_Driver\Src\stm32f3xx_hal_adc.o
 .debug_loc     0x00000171     0x1c3c Drivers\STM32F3xx_HAL_Driver\Src\stm32f3xx_hal_adc_ex.o
 .debug_loc     0x00001dad      0x619 Drivers\STM32F3xx_HAL_Driver\Src\stm32f3xx_hal_cortex.o
 .debug_loc     0x000023c6      0x65a Drivers\STM32F3xx_HAL_Driver\Src\stm32f3xx_hal_dma.o
 .debug_loc     0x00002a20      0x2ed Drivers\STM32F3xx_HAL_Driver\Src\stm32f3xx_hal_flash.o
 .debug_loc     0x00002d0d      0x675 Drivers\STM32F3xx_HAL_Driver\Src\stm32f3xx_hal_flash_ex.o
 .debug_loc     0x00003382      0x3ba Drivers\STM32F3xx_HAL_Driver\Src\stm32f3xx_hal_gpio.o
 .debug_loc     0x0000373c     0x533b Drivers\STM32F3xx_HAL_Driver\Src\stm32f3xx_hal_i2c.o
 .debug_loc     0x00008a77      0x196 Drivers\STM32F3xx_HAL_Driver\Src\stm32f3xx_hal_i2c_ex.o
 .debug_loc     0x00008c0d       0x8d Drivers\STM32F3xx_HAL_Driver\Src\stm32f3xx_hal_pwr.o
 .debug_loc     0x00008c9a      0x908 Drivers\STM32F3xx_HAL_Driver\Src\stm32f3xx_hal_rcc.o
 .debug_loc     0x000095a2      0x4dd Drivers\STM32F3xx_HAL_Driver\Src\stm32f3xx_hal_rcc_ex.o
 .debug_loc     0x00009a7f     0x1095 Drivers\STM32F3xx_HAL_Driver\Src\stm32f3xx_hal_rtc.o
 .debug_loc     0x0000ab14      0xd39 Drivers\STM32F3xx_HAL_Driver\Src\stm32f3xx_hal_rtc_ex.o
 .debug_loc     0x0000b84d     0x491c Drivers\STM32F3xx_HAL_Driver\Src\stm32f3xx_hal_tim.o
 .debug_loc     0x00010169     0x164c Drivers\STM32F3xx_HAL_Driver\Src\stm32f3xx_hal_tim_ex.o
 .debug_loc     0x000117b5     0x1770 Drivers\STM32F3xx_HAL_Driver\Src\stm32f3xx_hal_uart.o
 .debug_loc     0x00012f25      0x360 Drivers\STM32F3xx_HAL_Driver\Src\stm32f3xx_hal_uart_ex.o
 .debug_loc     0x00013285       0x21 Src\functions.o
 .debug_loc     0x000132a6      0x11b Src\seven_segment_display.o
 .debug_loc     0x000133c1      0x17e Src\stm32f3xx_hal_msp.o
 .debug_loc     0x0001353f      0x109 Src\system_stm32f3xx.o

.debug_aranges  0x00000000     0x11d8
 .debug_aranges
                0x00000000       0xc0 Drivers\STM32F3xx_HAL_Driver\Src\stm32f3xx_hal.o
 .debug_aranges
                0x000000c0       0x60 Drivers\STM32F3xx_HAL_Driver\Src\stm32f3xx_hal_adc.o
 .debug_aranges
                0x00000120      0x150 Drivers\STM32F3xx_HAL_Driver\Src\stm32f3xx_hal_adc_ex.o
 .debug_aranges
                0x00000270       0x90 Drivers\STM32F3xx_HAL_Driver\Src\stm32f3xx_hal_cortex.o
 .debug_aranges
                0x00000300       0x78 Drivers\STM32F3xx_HAL_Driver\Src\stm32f3xx_hal_dma.o
 .debug_aranges
                0x00000378       0x78 Drivers\STM32F3xx_HAL_Driver\Src\stm32f3xx_hal_flash.o
 .debug_aranges
                0x000003f0       0x58 Drivers\STM32F3xx_HAL_Driver\Src\stm32f3xx_hal_flash_ex.o
 .debug_aranges
                0x00000448       0x58 Drivers\STM32F3xx_HAL_Driver\Src\stm32f3xx_hal_gpio.o
 .debug_aranges
                0x000004a0      0x1e8 Drivers\STM32F3xx_HAL_Driver\Src\stm32f3xx_hal_i2c.o
 .debug_aranges
                0x00000688       0x48 Drivers\STM32F3xx_HAL_Driver\Src\stm32f3xx_hal_i2c_ex.o
 .debug_aranges
                0x000006d0       0x78 Drivers\STM32F3xx_HAL_Driver\Src\stm32f3xx_hal_pwr.o
 .debug_aranges
                0x00000748       0x88 Drivers\STM32F3xx_HAL_Driver\Src\stm32f3xx_hal_rcc.o
 .debug_aranges
                0x000007d0       0x30 Drivers\STM32F3xx_HAL_Driver\Src\stm32f3xx_hal_rcc_ex.o
 .debug_aranges
                0x00000800       0xa8 Drivers\STM32F3xx_HAL_Driver\Src\stm32f3xx_hal_rtc.o
 .debug_aranges
                0x000008a8      0x100 Drivers\STM32F3xx_HAL_Driver\Src\stm32f3xx_hal_rtc_ex.o
 .debug_aranges
                0x000009a8      0x268 Drivers\STM32F3xx_HAL_Driver\Src\stm32f3xx_hal_tim.o
 .debug_aranges
                0x00000c10      0x118 Drivers\STM32F3xx_HAL_Driver\Src\stm32f3xx_hal_tim_ex.o
 .debug_aranges
                0x00000d28      0x198 Drivers\STM32F3xx_HAL_Driver\Src\stm32f3xx_hal_uart.o
 .debug_aranges
                0x00000ec0       0x48 Drivers\STM32F3xx_HAL_Driver\Src\stm32f3xx_hal_uart_ex.o
 .debug_aranges
                0x00000f08       0x20 Src\adc_comms.o
 .debug_aranges
                0x00000f28       0x28 Src\flash_memory.o
 .debug_aranges
                0x00000f50       0x38 Src\functions.o
 .debug_aranges
                0x00000f88       0x28 Src\heating_schedule.o
 .debug_aranges
                0x00000fb0       0x20 Src\initilize_peripherals.o
 .debug_aranges
                0x00000fd0       0x70 Src\main.o
 .debug_aranges
                0x00001040       0x20 Src\seven_segment.o
 .debug_aranges
                0x00001060       0x20 Src\seven_segment_display.o
 .debug_aranges
                0x00001080       0x70 Src\stm32f3xx_hal_msp.o
 .debug_aranges
                0x000010f0       0x60 Src\stm32f3xx_it.o
 .debug_aranges
                0x00001150       0x28 Src\system_stm32f3xx.o
 .debug_aranges
                0x00001178       0x20 Src\uart_comms.o
 .debug_aranges
                0x00001198       0x18 Src\variables.o
 .debug_aranges
                0x000011b0       0x28 startup\startup_stm32f334x8.o

.debug_ranges   0x00000000     0x24d0
 .debug_ranges  0x00000000       0xb0 Drivers\STM32F3xx_HAL_Driver\Src\stm32f3xx_hal.o
 .debug_ranges  0x000000b0       0x50 Drivers\STM32F3xx_HAL_Driver\Src\stm32f3xx_hal_adc.o
 .debug_ranges  0x00000100      0x140 Drivers\STM32F3xx_HAL_Driver\Src\stm32f3xx_hal_adc_ex.o
 .debug_ranges  0x00000240      0x148 Drivers\STM32F3xx_HAL_Driver\Src\stm32f3xx_hal_cortex.o
 .debug_ranges  0x00000388      0x128 Drivers\STM32F3xx_HAL_Driver\Src\stm32f3xx_hal_dma.o
 .debug_ranges  0x000004b0       0xd8 Drivers\STM32F3xx_HAL_Driver\Src\stm32f3xx_hal_flash.o
 .debug_ranges  0x00000588      0x1b0 Drivers\STM32F3xx_HAL_Driver\Src\stm32f3xx_hal_flash_ex.o
 .debug_ranges  0x00000738       0x60 Drivers\STM32F3xx_HAL_Driver\Src\stm32f3xx_hal_gpio.o
 .debug_ranges  0x00000798      0xa40 Drivers\STM32F3xx_HAL_Driver\Src\stm32f3xx_hal_i2c.o
 .debug_ranges  0x000011d8       0x78 Drivers\STM32F3xx_HAL_Driver\Src\stm32f3xx_hal_i2c_ex.o
 .debug_ranges  0x00001250       0x68 Drivers\STM32F3xx_HAL_Driver\Src\stm32f3xx_hal_pwr.o
 .debug_ranges  0x000012b8      0x270 Drivers\STM32F3xx_HAL_Driver\Src\stm32f3xx_hal_rcc.o
 .debug_ranges  0x00001528       0xb0 Drivers\STM32F3xx_HAL_Driver\Src\stm32f3xx_hal_rcc_ex.o
 .debug_ranges  0x000015d8      0x380 Drivers\STM32F3xx_HAL_Driver\Src\stm32f3xx_hal_rtc.o
 .debug_ranges  0x00001958       0xf0 Drivers\STM32F3xx_HAL_Driver\Src\stm32f3xx_hal_rtc_ex.o
 .debug_ranges  0x00001a48      0x4e0 Drivers\STM32F3xx_HAL_Driver\Src\stm32f3xx_hal_tim.o
 .debug_ranges  0x00001f28      0x108 Drivers\STM32F3xx_HAL_Driver\Src\stm32f3xx_hal_tim_ex.o
 .debug_ranges  0x00002030      0x1a0 Drivers\STM32F3xx_HAL_Driver\Src\stm32f3xx_hal_uart.o
 .debug_ranges  0x000021d0       0x38 Drivers\STM32F3xx_HAL_Driver\Src\stm32f3xx_hal_uart_ex.o
 .debug_ranges  0x00002208       0x10 Src\adc_comms.o
 .debug_ranges  0x00002218       0x18 Src\flash_memory.o
 .debug_ranges  0x00002230       0x28 Src\functions.o
 .debug_ranges  0x00002258       0x18 Src\heating_schedule.o
 .debug_ranges  0x00002270       0x10 Src\initilize_peripherals.o
 .debug_ranges  0x00002280       0x60 Src\main.o
 .debug_ranges  0x000022e0       0x10 Src\seven_segment.o
 .debug_ranges  0x000022f0       0x10 Src\seven_segment_display.o
 .debug_ranges  0x00002300      0x138 Src\stm32f3xx_hal_msp.o
 .debug_ranges  0x00002438       0x50 Src\stm32f3xx_it.o
 .debug_ranges  0x00002488       0x18 Src\system_stm32f3xx.o
 .debug_ranges  0x000024a0       0x10 Src\uart_comms.o
 .debug_ranges  0x000024b0       0x20 startup\startup_stm32f334x8.o

.debug_macro    0x00000000    0x2275f
 .debug_macro   0x00000000      0x36a Drivers\STM32F3xx_HAL_Driver\Src\stm32f3xx_hal.o
 .debug_macro   0x0000036a      0x8b6 Drivers\STM32F3xx_HAL_Driver\Src\stm32f3xx_hal.o
 .debug_macro   0x00000c20      0x148 Drivers\STM32F3xx_HAL_Driver\Src\stm32f3xx_hal.o
 .debug_macro   0x00000d68       0xb1 Drivers\STM32F3xx_HAL_Driver\Src\stm32f3xx_hal.o
 .debug_macro   0x00000e19       0x2f Drivers\STM32F3xx_HAL_Driver\Src\stm32f3xx_hal.o
 .debug_macro   0x00000e48       0x28 Drivers\STM32F3xx_HAL_Driver\Src\stm32f3xx_hal.o
 .debug_macro   0x00000e70       0x22 Drivers\STM32F3xx_HAL_Driver\Src\stm32f3xx_hal.o
 .debug_macro   0x00000e92       0x87 Drivers\STM32F3xx_HAL_Driver\Src\stm32f3xx_hal.o
 .debug_macro   0x00000f19       0x51 Drivers\STM32F3xx_HAL_Driver\Src\stm32f3xx_hal.o
 .debug_macro   0x00000f6a       0xef Drivers\STM32F3xx_HAL_Driver\Src\stm32f3xx_hal.o
 .debug_macro   0x00001059       0x6a Drivers\STM32F3xx_HAL_Driver\Src\stm32f3xx_hal.o
 .debug_macro   0x000010c3      0x1df Drivers\STM32F3xx_HAL_Driver\Src\stm32f3xx_hal.o
 .debug_macro   0x000012a2       0x35 Drivers\STM32F3xx_HAL_Driver\Src\stm32f3xx_hal.o
 .debug_macro   0x000012d7       0x50 Drivers\STM32F3xx_HAL_Driver\Src\stm32f3xx_hal.o
 .debug_macro   0x00001327      0xd40 Drivers\STM32F3xx_HAL_Driver\Src\stm32f3xx_hal.o
 .debug_macro   0x00002067    0x15472 Drivers\STM32F3xx_HAL_Driver\Src\stm32f3xx_hal.o
 .debug_macro   0x000174d9       0x43 Drivers\STM32F3xx_HAL_Driver\Src\stm32f3xx_hal.o
 .debug_macro   0x0001751c       0x46 Drivers\STM32F3xx_HAL_Driver\Src\stm32f3xx_hal.o
 .debug_macro   0x00017562       0x3c Drivers\STM32F3xx_HAL_Driver\Src\stm32f3xx_hal.o
 .debug_macro   0x0001759e       0x9c Drivers\STM32F3xx_HAL_Driver\Src\stm32f3xx_hal.o
 .debug_macro   0x0001763a       0x16 Drivers\STM32F3xx_HAL_Driver\Src\stm32f3xx_hal.o
 .debug_macro   0x00017650       0x97 Drivers\STM32F3xx_HAL_Driver\Src\stm32f3xx_hal.o
 .debug_macro   0x000176e7      0x30d Drivers\STM32F3xx_HAL_Driver\Src\stm32f3xx_hal.o
 .debug_macro   0x000179f4       0xfd Drivers\STM32F3xx_HAL_Driver\Src\stm32f3xx_hal.o
 .debug_macro   0x00017af1       0x10 Drivers\STM32F3xx_HAL_Driver\Src\stm32f3xx_hal.o
 .debug_macro   0x00017b01       0x52 Drivers\STM32F3xx_HAL_Driver\Src\stm32f3xx_hal.o
 .debug_macro   0x00017b53       0x1f Drivers\STM32F3xx_HAL_Driver\Src\stm32f3xx_hal.o
 .debug_macro   0x00017b72       0x43 Drivers\STM32F3xx_HAL_Driver\Src\stm32f3xx_hal.o
 .debug_macro   0x00017bb5       0x20 Drivers\STM32F3xx_HAL_Driver\Src\stm32f3xx_hal.o
 .debug_macro   0x00017bd5      0x1a3 Drivers\STM32F3xx_HAL_Driver\Src\stm32f3xx_hal.o
 .debug_macro   0x00017d78       0x10 Drivers\STM32F3xx_HAL_Driver\Src\stm32f3xx_hal.o
 .debug_macro   0x00017d88       0x1c Drivers\STM32F3xx_HAL_Driver\Src\stm32f3xx_hal.o
 .debug_macro   0x00017da4       0x52 Drivers\STM32F3xx_HAL_Driver\Src\stm32f3xx_hal.o
 .debug_macro   0x00017df6       0x40 Drivers\STM32F3xx_HAL_Driver\Src\stm32f3xx_hal.o
 .debug_macro   0x00017e36       0x10 Drivers\STM32F3xx_HAL_Driver\Src\stm32f3xx_hal.o
 .debug_macro   0x00017e46       0x40 Drivers\STM32F3xx_HAL_Driver\Src\stm32f3xx_hal.o
 .debug_macro   0x00017e86       0xd7 Drivers\STM32F3xx_HAL_Driver\Src\stm32f3xx_hal.o
 .debug_macro   0x00017f5d       0x16 Drivers\STM32F3xx_HAL_Driver\Src\stm32f3xx_hal.o
 .debug_macro   0x00017f73      0x161 Drivers\STM32F3xx_HAL_Driver\Src\stm32f3xx_hal.o
 .debug_macro   0x000180d4       0x49 Drivers\STM32F3xx_HAL_Driver\Src\stm32f3xx_hal.o
 .debug_macro   0x0001811d      0x8ff Drivers\STM32F3xx_HAL_Driver\Src\stm32f3xx_hal.o
 .debug_macro   0x00018a1c      0x358 Drivers\STM32F3xx_HAL_Driver\Src\stm32f3xx_hal.o
 .debug_macro   0x00018d74      0x13a Drivers\STM32F3xx_HAL_Driver\Src\stm32f3xx_hal.o
 .debug_macro   0x00018eae      0x130 Drivers\STM32F3xx_HAL_Driver\Src\stm32f3xx_hal.o
 .debug_macro   0x00018fde      0x1bc Drivers\STM32F3xx_HAL_Driver\Src\stm32f3xx_hal.o
 .debug_macro   0x0001919a       0x34 Drivers\STM32F3xx_HAL_Driver\Src\stm32f3xx_hal.o
 .debug_macro   0x000191ce       0x3c Drivers\STM32F3xx_HAL_Driver\Src\stm32f3xx_hal.o
 .debug_macro   0x0001920a       0x57 Drivers\STM32F3xx_HAL_Driver\Src\stm32f3xx_hal.o
 .debug_macro   0x00019261      0x84c Drivers\STM32F3xx_HAL_Driver\Src\stm32f3xx_hal.o
 .debug_macro   0x00019aad       0x77 Drivers\STM32F3xx_HAL_Driver\Src\stm32f3xx_hal.o
 .debug_macro   0x00019b24       0xcb Drivers\STM32F3xx_HAL_Driver\Src\stm32f3xx_hal.o
 .debug_macro   0x00019bef      0x1a0 Drivers\STM32F3xx_HAL_Driver\Src\stm32f3xx_hal.o