Archive member included to satisfy reference by file (symbol)

c:/program files (x86)/atollic/truestudio for arm 8.0.0/armtools/bin/../lib/gcc/arm-atollic-eabi/6.3.1/../../../../arm-atollic-eabi/lib/armv7e-m/fpu\libc_nano.a(lib_a-init.o)
                              startup\startup_stm32f334x8.o (__libc_init_array)
c:/program files (x86)/atollic/truestudio for arm 8.0.0/armtools/bin/../lib/gcc/arm-atollic-eabi/6.3.1/../../../../arm-atollic-eabi/lib/armv7e-m/fpu\libc_nano.a(lib_a-itoa.o)
                              Src\flash_memory.o (itoa)
c:/program files (x86)/atollic/truestudio for arm 8.0.0/armtools/bin/../lib/gcc/arm-atollic-eabi/6.3.1/../../../../arm-atollic-eabi/lib/armv7e-m/fpu\libc_nano.a(lib_a-malloc.o)
                              Src\initilize_peripherals.o (malloc)
c:/program files (x86)/atollic/truestudio for arm 8.0.0/armtools/bin/../lib/gcc/arm-atollic-eabi/6.3.1/../../../../arm-atollic-eabi/lib/armv7e-m/fpu\libc_nano.a(lib_a-memcpy-stub.o)
                              Src\flash_memory.o (memcpy)
c:/program files (x86)/atollic/truestudio for arm 8.0.0/armtools/bin/../lib/gcc/arm-atollic-eabi/6.3.1/../../../../arm-atollic-eabi/lib/armv7e-m/fpu\libc_nano.a(lib_a-memset.o)
                              Src\flash_memory.o (memset)
c:/program files (x86)/atollic/truestudio for arm 8.0.0/armtools/bin/../lib/gcc/arm-atollic-eabi/6.3.1/../../../../arm-atollic-eabi/lib/armv7e-m/fpu\libc_nano.a(lib_a-nano-freer.o)
                              c:/program files (x86)/atollic/truestudio for arm 8.0.0/armtools/bin/../lib/gcc/arm-atollic-eabi/6.3.1/../../../../arm-atollic-eabi/lib/armv7e-m/fpu\libc_nano.a(lib_a-malloc.o) (_free_r)
c:/program files (x86)/atollic/truestudio for arm 8.0.0/armtools/bin/../lib/gcc/arm-atollic-eabi/6.3.1/../../../../arm-atollic-eabi/lib/armv7e-m/fpu\libc_nano.a(lib_a-nano-mallocr.o)
                              c:/program files (x86)/atollic/truestudio for arm 8.0.0/armtools/bin/../lib/gcc/arm-atollic-eabi/6.3.1/../../../../arm-atollic-eabi/lib/armv7e-m/fpu\libc_nano.a(lib_a-malloc.o) (_malloc_r)
c:/program files (x86)/atollic/truestudio for arm 8.0.0/armtools/bin/../lib/gcc/arm-atollic-eabi/6.3.1/../../../../arm-atollic-eabi/lib/armv7e-m/fpu\libc_nano.a(lib_a-sbrkr.o)
                              c:/program files (x86)/atollic/truestudio for arm 8.0.0/armtools/bin/../lib/gcc/arm-atollic-eabi/6.3.1/../../../../arm-atollic-eabi/lib/armv7e-m/fpu\libc_nano.a(lib_a-nano-mallocr.o) (_sbrk_r)
c:/program files (x86)/atollic/truestudio for arm 8.0.0/armtools/bin/../lib/gcc/arm-atollic-eabi/6.3.1/../../../../arm-atollic-eabi/lib/armv7e-m/fpu\libc_nano.a(lib_a-sprintf.o)
                              Src\adc_comms.o (sprintf)
c:/program files (x86)/atollic/truestudio for arm 8.0.0/armtools/bin/../lib/gcc/arm-atollic-eabi/6.3.1/../../../../arm-atollic-eabi/lib/armv7e-m/fpu\libc_nano.a(lib_a-strlen.o)
                              Src\flash_memory.o (strlen)
c:/program files (x86)/atollic/truestudio for arm 8.0.0/armtools/bin/../lib/gcc/arm-atollic-eabi/6.3.1/../../../../arm-atollic-eabi/lib/armv7e-m/fpu\libc_nano.a(lib_a-strtok.o)
                              Src\uart_comms.o (strtok)
c:/program files (x86)/atollic/truestudio for arm 8.0.0/armtools/bin/../lib/gcc/arm-atollic-eabi/6.3.1/../../../../arm-atollic-eabi/lib/armv7e-m/fpu\libc_nano.a(lib_a-strtok_r.o)
                              c:/program files (x86)/atollic/truestudio for arm 8.0.0/armtools/bin/../lib/gcc/arm-atollic-eabi/6.3.1/../../../../arm-atollic-eabi/lib/armv7e-m/fpu\libc_nano.a(lib_a-strtok.o) (__strtok_r)
c:/program files (x86)/atollic/truestudio for arm 8.0.0/armtools/bin/../lib/gcc/arm-atollic-eabi/6.3.1/../../../../arm-atollic-eabi/lib/armv7e-m/fpu\libc_nano.a(lib_a-strtol.o)
                              Src\uart_comms.o (strtol)
c:/program files (x86)/atollic/truestudio for arm 8.0.0/armtools/bin/../lib/gcc/arm-atollic-eabi/6.3.1/../../../../arm-atollic-eabi/lib/armv7e-m/fpu\libc_nano.a(lib_a-utoa.o)
                              c:/program files (x86)/atollic/truestudio for arm 8.0.0/armtools/bin/../lib/gcc/arm-atollic-eabi/6.3.1/../../../../arm-atollic-eabi/lib/armv7e-m/fpu\libc_nano.a(lib_a-itoa.o) (__utoa)
c:/program files (x86)/atollic/truestudio for arm 8.0.0/armtools/bin/../lib/gcc/arm-atollic-eabi/6.3.1/../../../../arm-atollic-eabi/lib/armv7e-m/fpu\libc_nano.a(lib_a-impure.o)
                              c:/program files (x86)/atollic/truestudio for arm 8.0.0/armtools/bin/../lib/gcc/arm-atollic-eabi/6.3.1/../../../../arm-atollic-eabi/lib/armv7e-m/fpu\libc_nano.a(lib_a-malloc.o) (_impure_ptr)
c:/program files (x86)/atollic/truestudio for arm 8.0.0/armtools/bin/../lib/gcc/arm-atollic-eabi/6.3.1/../../../../arm-atollic-eabi/lib/armv7e-m/fpu\libc_nano.a(lib_a-locale.o)
[...]
Memory Configuration

Name             Origin             Length             Attributes
RAM              0x20000000         0x00003000         xrw
CCMRAM           0x10000000         0x00001000         rw
FLASH            0x08000000         0x00010000         xr
*default*        0x00000000         0xffffffff

Linker script and memory map

LOAD c:/program files (x86)/atollic/truestudio for arm 8.0.0/armtools/bin/../lib/gcc/arm-atollic-eabi/6.3.1/armv7e-m/fpu/crti.o
LOAD c:/program files (x86)/atollic/truestudio for arm 8.0.0/armtools/bin/../lib/gcc/arm-atollic-eabi/6.3.1/armv7e-m/fpu/crtbegin.o
LOAD Drivers\STM32F3xx_HAL_Driver\Src\stm32f3xx_hal.o
LOAD Drivers\STM32F3xx_HAL_Driver\Src\stm32f3xx_hal_adc.o
LOAD Drivers\STM32F3xx_HAL_Driver\Src\stm32f3xx_hal_adc_ex.o
LOAD Drivers\STM32F3xx_HAL_Driver\Src\stm32f3xx_hal_cortex.o
LOAD Drivers\STM32F3xx_HAL_Driver\Src\stm32f3xx_hal_dma.o
LOAD Drivers\STM32F3xx_HAL_Driver\Src\stm32f3xx_hal_flash.o
LOAD Drivers\STM32F3xx_HAL_Driver\Src\stm32f3xx_hal_flash_ex.o
LOAD Drivers\STM32F3xx_HAL_Driver\Src\stm32f3xx_hal_gpio.o
LOAD Drivers\STM32F3xx_HAL_Driver\Src\stm32f3xx_hal_i2c.o
LOAD Drivers\STM32F3xx_HAL_Driver\Src\stm32f3xx_hal_i2c_ex.o
LOAD Drivers\STM32F3xx_HAL_Driver\Src\stm32f3xx_hal_pwr.o
LOAD Drivers\STM32F3xx_HAL_Driver\Src\stm32f3xx_hal_pwr_ex.o
LOAD Drivers\STM32F3xx_HAL_Driver\Src\stm32f3xx_hal_rcc.o
LOAD Drivers\STM32F3xx_HAL_Driver\Src\stm32f3xx_hal_rcc_ex.o
LOAD Drivers\STM32F3xx_HAL_Driver\Src\stm32f3xx_hal_rtc.o
LOAD Drivers\STM32F3xx_HAL_Driver\Src\stm32f3xx_hal_rtc_ex.o
LOAD Drivers\STM32F3xx_HAL_Driver\Src\stm32f3xx_hal_tim.o
LOAD Drivers\STM32F3xx_HAL_Driver\Src\stm32f3xx_hal_tim_ex.o
LOAD Drivers\STM32F3xx_HAL_Driver\Src\stm32f3xx_hal_uart.o
LOAD Drivers\STM32F3xx_HAL_Driver\Src\stm32f3xx_hal_uart_ex.o
LOAD Src\adc_comms.o
LOAD Src\flash_memory.o
LOAD Src\functions.o
LOAD Src\heating_schedule.o
LOAD Src\init_iqs263.o
LOAD Src\initilize_peripherals.o
LOAD Src\liters_pumped.o
LOAD Src\main.o
LOAD Src\seven_segment.o
LOAD Src\seven_segment_display.o
LOAD Src\stm32f3xx_hal_msp.o
LOAD Src\stm32f3xx_it.o
LOAD Src\system_stm32f3xx.o
LOAD Src\uart_comms.o
LOAD Src\user_main.o
LOAD Src\variables.o
LOAD startup\startup_stm32f334x8.o
                0x00000080                malloc_getpagesize_P = 0x80
START GROUP
LOAD c:/program files (x86)/atollic/truestudio for arm 8.0.0/armtools/bin/../lib/gcc/arm-atollic-eabi/6.3.1/../../../../arm-atollic-eabi/lib/armv7e-m/fpu\libc_nano.a
LOAD c:/program files (x86)/atollic/truestudio for arm 8.0.0/armtools/bin/../lib/gcc/arm-atollic-eabi/6.3.1/../../../../arm-atollic-eabi/lib/armv7e-m/fpu\libm.a
END GROUP
START GROUP
LOAD c:/program files (x86)/atollic/truestudio for arm 8.0.0/armtools/bin/../lib/gcc/arm-atollic-eabi/6.3.1/armv7e-m/fpu\libgcc.a
LOAD c:/program files (x86)/atollic/truestudio for arm 8.0.0/armtools/bin/../lib/gcc/arm-atollic-eabi/6.3.1/../../../../arm-atollic-eabi/lib/armv7e-m/fpu\libc_nano.a
END GROUP
START GROUP
LOAD c:/program files (x86)/atollic/truestudio for arm 8.0.0/armtools/bin/../lib/gcc/arm-atollic-eabi/6.3.1/armv7e-m/fpu\libgcc.a
LOAD c:/program files (x86)/atollic/truestudio for arm 8.0.0/armtools/bin/../lib/gcc/arm-atollic-eabi/6.3.1/../../../../arm-atollic-eabi/lib/armv7e-m/fpu\libc_nano.a
LOAD c:/program files (x86)/atollic/truestudio for arm 8.0.0/armtools/bin/../lib/gcc/arm-atollic-eabi/6.3.1/../../../../arm-atollic-eabi/lib/armv7e-m/fpu\libnosys.a
END GROUP
START GROUP
LOAD c:/program files (x86)/atollic/truestudio for arm 8.0.0/armtools/bin/../lib/gcc/arm-atollic-eabi/6.3.1/armv7e-m/fpu\libgcc.a
LOAD c:/program files (x86)/atollic/truestudio for arm 8.0.0/armtools/bin/../lib/gcc/arm-atollic-eabi/6.3.1/../../../../arm-atollic-eabi/lib/armv7e-m/fpu\libc_nano.a
LOAD c:/program files (x86)/atollic/truestudio for arm 8.0.0/armtools/bin/../lib/gcc/arm-atollic-eabi/6.3.1/../../../../arm-atollic-eabi/lib/armv7e-m/fpu\libnosys.a
END GROUP
LOAD c:/program files (x86)/atollic/truestudio for arm 8.0.0/armtools/bin/../lib/gcc/arm-atollic-eabi/6.3.1/armv7e-m/fpu/crtend.o
LOAD c:/program files (x86)/atollic/truestudio for arm 8.0.0/armtools/bin/../lib/gcc/arm-atollic-eabi/6.3.1/armv7e-m/fpu/crtn.o
                0x20003000                _estack = 0x20003000
                0x00000200                _Min_Heap_Size = 0x200
                0x00000400                _Min_Stack_Size = 0x400

.isr_vector     0x08000000      0x188
                0x08000000                . = ALIGN (0x4)
 *(.isr_vector)
 .isr_vector    0x08000000      0x188 startup\startup_stm32f334x8.o
                0x08000000                g_pfnVectors
                0x08000188                . = ALIGN (0x4)

.text           0x08000190     0x7e58
                0x08000190                . = ALIGN (0x4)
 *(.text)
 .text          0x08000190       0x40 c:/program files (x86)/atollic/truestudio for arm 8.0.0/armtools/bin/../lib/gcc/arm-atollic-eabi/6.3.1/armv7e-m/fpu/crtbegin.o
 .text          0x080001d0       0x10 c:/program files (x86)/atollic/truestudio for arm 8.0.0/armtools/bin/../lib/gcc/arm-atollic-eabi/6.3.1/../../../../arm-atollic-eabi/lib/armv7e-m/fpu\libc_nano.a(lib_a-strlen.o)
                0x080001d0                strlen
 .text          0x080001e0       0xa0 c:/program files (x86)/atollic/truestudio for arm 8.0.0/armtools/bin/../lib/gcc/arm-atollic-eabi/6.3.1/../../../../arm-atollic-eabi/lib/armv7e-m/fpu\libc_nano.a(lib_a-memchr.o)
                0x080001e0                memchr
 .text          0x08000280      0x370 c:/program files (x86)/atollic/truestudio for arm 8.0.0/armtools/bin/../lib/gcc/arm-atollic-eabi/6.3.1/armv7e-m/fpu\libgcc.a(_arm_addsubdf3.o)
                0x08000280                __aeabi_drsub
                0x08000288                __aeabi_dsub
                0x08000288                __subdf3
                0x0800028c                __aeabi_dadd
                0x0800028c                __adddf3
                0x08000504                __floatunsidf
                0x08000504                __aeabi_ui2d
                0x08000524                __floatsidf
                0x08000524                __aeabi_i2d
                0x08000548                __aeabi_f2d
                0x08000548                __extendsfdf2
                0x08000584                __floatundidf
                0x08000584                __aeabi_ul2d
                0x08000594                __floatdidf
                0x08000594                __aeabi_l2d
 .text          0x080005f0      0x424 c:/program files (x86)/atollic/truestudio for arm 8.0.0/armtools/bin/../lib/gcc/arm-atollic-eabi/6.3.1/armv7e-m/fpu\libgcc.a(_arm_muldivdf3.o)
                0x080005f0                __aeabi_dmul
                0x080005f0                __muldf3
                0x08000844                __divdf3
                0x08000844                __aeabi_ddiv
 .text          0x08000a14      0x110 c:/program files (x86)/atollic/truestudio for arm 8.0.0/armtools/bin/../lib/gcc/arm-atollic-eabi/6.3.1/armv7e-m/fpu\libgcc.a(_arm_cmpdf2.o)
                0x08000a14                __gtdf2
                0x08000a14                __gedf2
                0x08000a1c                __ltdf2
                0x08000a1c                __ledf2
                0x08000a24                __nedf2
                0x08000a24                __eqdf2
                0x08000a24                __cmpdf2
                0x08000aa0                __aeabi_cdrcmple
                0x08000ab0                __aeabi_cdcmpeq
                0x08000ab0                __aeabi_cdcmple
                0x08000ac0                __aeabi_dcmpeq
                0x08000ad4                __aeabi_dcmplt
                0x08000ae8                __aeabi_dcmple
                0x08000afc                __aeabi_dcmpge
                0x08000b10                __aeabi_dcmpgt
 .text          0x08000b24       0x2c c:/program files (x86)/atollic/truestudio for arm 8.0.0/armtools/bin/../lib/gcc/arm-atollic-eabi/6.3.1/armv7e-m/fpu\libgcc.a(_arm_unorddf2.o)
                0x08000b24                __unorddf2
                0x08000b24                __aeabi_dcmpun
 .text          0x08000b50       0x40 c:/program files (x86)/atollic/truestudio for arm 8.0.0/armtools/bin/../lib/gcc/arm-atollic-eabi/6.3.1/armv7e-m/fpu\libgcc.a(_arm_fixunsdfsi.o)
                0x08000b50                __aeabi_d2uiz
                0x08000b50                __fixunsdfsi
 .text          0x08000b90      0x21c c:/program files (x86)/atollic/truestudio for arm 8.0.0/armtools/bin/../lib/gcc/arm-atollic-eabi/6.3.1/armv7e-m/fpu\libgcc.a(_arm_addsubsf3.o)
                0x08000b90                __aeabi_frsub
                0x08000b98                __subsf3
                0x08000b98                __aeabi_fsub
                0x08000b9c                __aeabi_fadd
                0x08000b9c                __addsf3
                0x08000cfc                __aeabi_ui2f
                0x08000cfc                __floatunsisf
                0x08000d04                __aeabi_i2f
                0x08000d04                __floatsisf
                0x08000d20                __aeabi_ul2f
                0x08000d20                __floatundisf
                0x08000d30                __aeabi_l2f
                0x08000d30                __floatdisf
 .text          0x08000dac       0x4c c:/program files (x86)/atollic/truestudio for arm 8.0.0/armtools/bin/../lib/gcc/arm-atollic-eabi/6.3.1/armv7e-m/fpu\libgcc.a(_fixunssfdi.o)
                0x08000dac                __fixunssfdi
                0x08000dac                __aeabi_f2ulz
 *(.text*)
 .text.HAL_InitTick
                0x08000df8       0x2c Drivers\STM32F3xx_HAL_Driver\Src\stm32f3xx_hal.o
                0x08000df8                HAL_InitTick
 .text.HAL_Init
                0x08000e24       0x24 Drivers\STM32F3xx_HAL_Driver\Src\stm32f3xx_hal.o
                0x08000e24                HAL_Init
 .text.HAL_IncTick
                0x08000e48       0x10 Drivers\STM32F3xx_HAL_Driver\Src\stm32f3xx_hal.o
                0x08000e48                HAL_IncTick
 .text.HAL_GetTick
                0x08000e58        0xc Drivers\STM32F3xx_HAL_Driver\Src\stm32f3xx_hal.o
                0x08000e58                HAL_GetTick
 .text.HAL_Delay
                0x08000e64       0x24 Drivers\STM32F3xx_HAL_Driver\Src\stm32f3xx_hal.o
                0x08000e64                HAL_Delay
 .text.HAL_ADC_ConvHalfCpltCallback
                0x08000e88        0x4 Drivers\STM32F3xx_HAL_Driver\Src\stm32f3xx_hal_adc.o
                0x08000e88                HAL_ADC_ConvHalfCpltCallback
 .text.HAL_ADC_ErrorCallback
                0x08000e8c        0x4 Drivers\STM32F3xx_HAL_Driver\Src\stm32f3xx_hal_adc.o
                0x08000e8c                HAL_ADC_ErrorCallback
 .text.ADC_Disable
                0x08000e90       0x74 Drivers\STM32F3xx_HAL_Driver\Src\stm32f3xx_hal_adc_ex.o
 .text.ADC_Enable
                0x08000f04       0x74 Drivers\STM32F3xx_HAL_Driver\Src\stm32f3xx_hal_adc_ex.o
 .text.ADC_DMAError
                0x08000f78       0x18 Drivers\STM32F3xx_HAL_Driver\Src\stm32f3xx_hal_adc_ex.o
 .text.ADC_DMAHalfConvCplt
                0x08000f90        0x8 Drivers\STM32F3xx_HAL_Driver\Src\stm32f3xx_hal_adc_ex.o
 .text.ADC_DMAConvCplt
                0x08000f98       0x44 Drivers\STM32F3xx_HAL_Driver\Src\stm32f3xx_hal_adc_ex.o
 .text.HAL_ADC_Init
                0x08000fdc      0x214 Drivers\STM32F3xx_HAL_Driver\Src\stm32f3xx_hal_adc_ex.o
                0x08000fdc                HAL_ADC_Init
 .text.HAL_ADC_Start_DMA
                0x080011f0      0x10c Drivers\STM32F3xx_HAL_Driver\Src\stm32f3xx_hal_adc_ex.o
                0x080011f0                HAL_ADC_Start_DMA
 .text.HAL_ADCEx_Calibration_Start
                0x080012fc       0x8c Drivers\STM32F3xx_HAL_Driver\Src\stm32f3xx_hal_adc_ex.o
                0x080012fc                HAL_ADCEx_Calibration_Start
 .text.HAL_ADC_ConfigChannel
                0x08001388      0x32c Drivers\STM32F3xx_HAL_Driver\Src\stm32f3xx_hal_adc_ex.o
                0x08001388                HAL_ADC_ConfigChannel
 .text.HAL_NVIC_SetPriorityGrouping
                0x080016b4       0x24 Drivers\STM32F3xx_HAL_Driver\Src\stm32f3xx_hal_cortex.o
                0x080016b4                HAL_NVIC_SetPriorityGrouping
 .text.HAL_NVIC_SetPriority
                0x080016d8       0x6c Drivers\STM32F3xx_HAL_Driver\Src\stm32f3xx_hal_cortex.o
                0x080016d8                HAL_NVIC_SetPriority
 .text.HAL_NVIC_EnableIRQ
                0x08001744       0x18 Drivers\STM32F3xx_HAL_Driver\Src\stm32f3xx_hal_cortex.o
                0x08001744                HAL_NVIC_EnableIRQ
 .text.HAL_SYSTICK_Config
                0x0800175c       0x34 Drivers\STM32F3xx_HAL_Driver\Src\stm32f3xx_hal_cortex.o
                0x0800175c                HAL_SYSTICK_Config
 .text.HAL_SYSTICK_CLKSourceConfig
                0x08001790       0x18 Drivers\STM32F3xx_HAL_Driver\Src\stm32f3xx_hal_cortex.o
                0x08001790                HAL_SYSTICK_CLKSourceConfig
 .text.HAL_SYSTICK_Callback
                0x080017a8        0x4 Drivers\STM32F3xx_HAL_Driver\Src\stm32f3xx_hal_cortex.o
                0x080017a8                HAL_SYSTICK_Callback
 .text.HAL_SYSTICK_IRQHandler
                0x080017ac        0x8 Drivers\STM32F3xx_HAL_Driver\Src\stm32f3xx_hal_cortex.o
                0x080017ac                HAL_SYSTICK_IRQHandler
 .text.HAL_DMA_Init
                0x080017b4       0x70 Drivers\STM32F3xx_HAL_Driver\Src\stm32f3xx_hal_dma.o
                0x080017b4                HAL_DMA_Init
 .text.HAL_DMA_Start_IT
                0x08001824       0x84 Drivers\STM32F3xx_HAL_Driver\Src\stm32f3xx_hal_dma.o
                0x08001824                HAL_DMA_Start_IT
 .text.HAL_DMA_Abort_IT
                0x080018a8       0x48 Drivers\STM32F3xx_HAL_Driver\Src\stm32f3xx_hal_dma.o
                0x080018a8                HAL_DMA_Abort_IT
 .text.HAL_DMA_IRQHandler
                0x080018f0       0x98 Drivers\STM32F3xx_HAL_Driver\Src\stm32f3xx_hal_dma.o
                0x080018f0                HAL_DMA_IRQHandler
 .text.FLASH_SetErrorCode
                0x08001988       0x3c Drivers\STM32F3xx_HAL_Driver\Src\stm32f3xx_hal_flash.o
 .text.HAL_FLASH_Unlock
                0x080019c4       0x24 Drivers\STM32F3xx_HAL_Driver\Src\stm32f3xx_hal_flash.o
                0x080019c4                HAL_FLASH_Unlock
 .text.HAL_FLASH_Lock
                0x080019e8       0x14 Drivers\STM32F3xx_HAL_Driver\Src\stm32f3xx_hal_flash.o
                0x080019e8                HAL_FLASH_Lock
 .text.FLASH_WaitForLastOperation
                0x080019fc       0x50 Drivers\STM32F3xx_HAL_Driver\Src\stm32f3xx_hal_flash.o
                0x080019fc                FLASH_WaitForLastOperation
 .text.HAL_FLASH_Program
                0x08001a4c       0xa8 Drivers\STM32F3xx_HAL_Driver\Src\stm32f3xx_hal_flash.o
                0x08001a4c                HAL_FLASH_Program
 .text.HAL_GPIO_Init
                0x08001af4      0x1d4 Drivers\STM32F3xx_HAL_Driver\Src\stm32f3xx_hal_gpio.o
                0x08001af4                HAL_GPIO_Init
 .text.HAL_GPIO_ReadPin
                0x08001cc8        0xc Drivers\STM32F3xx_HAL_Driver\Src\stm32f3xx_hal_gpio.o
                0x08001cc8                HAL_GPIO_ReadPin
 .text.HAL_GPIO_WritePin
                0x08001cd4        0xc Drivers\STM32F3xx_HAL_Driver\Src\stm32f3xx_hal_gpio.o
                0x08001cd4                HAL_GPIO_WritePin
 .text.HAL_GPIO_EXTI_Callback
                0x08001ce0        0x4 Drivers\STM32F3xx_HAL_Driver\Src\stm32f3xx_hal_gpio.o
                0x08001ce0                HAL_GPIO_EXTI_Callback
 .text.HAL_GPIO_EXTI_IRQHandler
                0x08001ce4       0x18 Drivers\STM32F3xx_HAL_Driver\Src\stm32f3xx_hal_gpio.o
                0x08001ce4                HAL_GPIO_EXTI_IRQHandler
 .text.I2C_Disable_IRQ
                0x08001cfc       0x5c Drivers\STM32F3xx_HAL_Driver\Src\stm32f3xx_hal_i2c.o
 .text.I2C_WaitOnFlagUntilTimeout
                0x08001d58       0x50 Drivers\STM32F3xx_HAL_Driver\Src\stm32f3xx_hal_i2c.o
 .text.I2C_IsAcknowledgeFailed.part.0
                0x08001da8       0x7c Drivers\STM32F3xx_HAL_Driver\Src\stm32f3xx_hal_i2c.o
 .text.I2C_WaitOnTXISFlagUntilTimeout
                0x08001e24       0x58 Drivers\STM32F3xx_HAL_Driver\Src\stm32f3xx_hal_i2c.o
 .text.I2C_RequestMemoryWrite
                0x08001e7c       0x80 Drivers\STM32F3xx_HAL_Driver\Src\stm32f3xx_hal_i2c.o
 .text.I2C_RequestMemoryRead
                0x08001efc       0x7c Drivers\STM32F3xx_HAL_Driver\Src\stm32f3xx_hal_i2c.o
 .text.I2C_WaitOnSTOPFlagUntilTimeout
                0x08001f78       0x54 Drivers\STM32F3xx_HAL_Driver\Src\stm32f3xx_hal_i2c.o
 .text.HAL_I2C_Init
                0x08001fcc       0xac Drivers\STM32F3xx_HAL_Driver\Src\stm32f3xx_hal_i2c.o
                0x08001fcc                HAL_I2C_Init
 .text.HAL_I2C_Mem_Write
                0x08002078      0x1c4 Drivers\STM32F3xx_HAL_Driver\Src\stm32f3xx_hal_i2c.o
                0x08002078                HAL_I2C_Mem_Write
 .text.HAL_I2C_Mem_Read
                0x0800223c      0x1cc Drivers\STM32F3xx_HAL_Driver\Src\stm32f3xx_hal_i2c.o
                0x0800223c                HAL_I2C_Mem_Read
 .text.HAL_I2C_Master_Sequential_Transmit_IT
                0x08002408       0x9c Drivers\STM32F3xx_HAL_Driver\Src\stm32f3xx_hal_i2c.o
                0x08002408                HAL_I2C_Master_Sequential_Transmit_IT
 .text.HAL_I2C_Master_Sequential_Receive_IT
                0x080024a4       0x9c Drivers\STM32F3xx_HAL_Driver\Src\stm32f3xx_hal_i2c.o
                0x080024a4                HAL_I2C_Master_Sequential_Receive_IT
 .text.HAL_I2C_EV_IRQHandler
                0x08002540       0x1c Drivers\STM32F3xx_HAL_Driver\Src\stm32f3xx_hal_i2c.o
                0x08002540                HAL_I2C_EV_IRQHandler
 .text.HAL_I2C_MasterTxCpltCallback
                0x0800255c        0x4 Drivers\STM32F3xx_HAL_Driver\Src\stm32f3xx_hal_i2c.o
                0x0800255c                HAL_I2C_MasterTxCpltCallback
 .text.I2C_ITMasterSequentialCplt
                0x08002560       0x50 Drivers\STM32F3xx_HAL_Driver\Src\stm32f3xx_hal_i2c.o
 .text.HAL_I2C_SlaveTxCpltCallback
                0x080025b0        0x4 Drivers\STM32F3xx_HAL_Driver\Src\stm32f3xx_hal_i2c.o
                0x080025b0                HAL_I2C_SlaveTxCpltCallback
 .text.HAL_I2C_SlaveRxCpltCallback
                0x080025b4        0x4 Drivers\STM32F3xx_HAL_Driver\Src\stm32f3xx_hal_i2c.o
                0x080025b4                HAL_I2C_SlaveRxCpltCallback
 .text.I2C_ITSlaveSequentialCplt
                0x080025b8       0x54 Drivers\STM32F3xx_HAL_Driver\Src\stm32f3xx_hal_i2c.o
 .text.HAL_I2C_AddrCallback
                0x0800260c        0x4 Drivers\STM32F3xx_HAL_Driver\Src\stm32f3xx_hal_i2c.o
                0x0800260c                HAL_I2C_AddrCallback
 .text.HAL_I2C_ListenCpltCallback
                0x08002610        0x4 Drivers\STM32F3xx_HAL_Driver\Src\stm32f3xx_hal_i2c.o
                0x08002610                HAL_I2C_ListenCpltCallback
 .text.I2C_ITListenCplt
                0x08002614       0x60 Drivers\STM32F3xx_HAL_Driver\Src\stm32f3xx_hal_i2c.o
 .text.HAL_I2C_ErrorCallback
                0x08002674        0x4 Drivers\STM32F3xx_HAL_Driver\Src\stm32f3xx_hal_i2c.o
                0x08002674                HAL_I2C_ErrorCallback
 .text.HAL_I2C_AbortCpltCallback
                0x08002678        0x4 Drivers\STM32F3xx_HAL_Driver\Src\stm32f3xx_hal_i2c.o
                0x08002678                HAL_I2C_AbortCpltCallback
 .text.I2C_ITError
                0x0800267c       0xf8 Drivers\STM32F3xx_HAL_Driver\Src\stm32f3xx_hal_i2c.o
 .text.I2C_ITSlaveCplt
                0x08002774      0x10c Drivers\STM32F3xx_HAL_Driver\Src\stm32f3xx_hal_i2c.o
 .text.I2C_Slave_ISR_IT
                0x08002880      0x1d8 Drivers\STM32F3xx_HAL_Driver\Src\stm32f3xx_hal_i2c.o
 .text.I2C_ITMasterCplt
                0x08002a58       0xc8 Drivers\STM32F3xx_HAL_Driver\Src\stm32f3xx_hal_i2c.o
 .text.I2C_Master_ISR_IT
                0x08002b20      0x164 Drivers\STM32F3xx_HAL_Driver\Src\stm32f3xx_hal_i2c.o
 .text.HAL_I2C_ER_IRQHandler
                0x08002c84       0x80 Drivers\STM32F3xx_HAL_Driver\Src\stm32f3xx_hal_i2c.o
                0x08002c84                HAL_I2C_ER_IRQHandler
 .text.I2C_DMAAbort
                0x08002d04       0x34 Drivers\STM32F3xx_HAL_Driver\Src\stm32f3xx_hal_i2c.o
 .text.HAL_I2C_GetState
                0x08002d38        0x8 Drivers\STM32F3xx_HAL_Driver\Src\stm32f3xx_hal_i2c.o
                0x08002d38                HAL_I2C_GetState
 .text.HAL_I2CEx_ConfigAnalogFilter
                0x08002d40       0x54 Drivers\STM32F3xx_HAL_Driver\Src\stm32f3xx_hal_i2c_ex.o
                0x08002d40                HAL_I2CEx_ConfigAnalogFilter
 .text.HAL_I2CEx_ConfigDigitalFilter
                0x08002d94       0x50 Drivers\STM32F3xx_HAL_Driver\Src\stm32f3xx_hal_i2c_ex.o
                0x08002d94                HAL_I2CEx_ConfigDigitalFilter
 .text.HAL_PWR_EnableBkUpAccess
                0x08002de4       0x10 Drivers\STM32F3xx_HAL_Driver\Src\stm32f3xx_hal_pwr.o
                0x08002de4                HAL_PWR_EnableBkUpAccess
 .text.HAL_RCC_OscConfig
                0x08002df4      0x59c Drivers\STM32F3xx_HAL_Driver\Src\stm32f3xx_hal_rcc.o
                0x08002df4                HAL_RCC_OscConfig
 .text.HAL_RCC_GetSysClockFreq
                0x08003390       0x68 Drivers\STM32F3xx_HAL_Driver\Src\stm32f3xx_hal_rcc.o
                0x08003390                HAL_RCC_GetSysClockFreq
 .text.HAL_RCC_ClockConfig
                0x080033f8      0x190 Drivers\STM32F3xx_HAL_Driver\Src\stm32f3xx_hal_rcc.o
                0x080033f8                HAL_RCC_ClockConfig
 .text.HAL_RCC_GetHCLKFreq
                0x08003588        0xc Drivers\STM32F3xx_HAL_Driver\Src\stm32f3xx_hal_rcc.o
                0x08003588                HAL_RCC_GetHCLKFreq
 .text.HAL_RCC_GetPCLK1Freq
                0x08003594       0x30 Drivers\STM32F3xx_HAL_Driver\Src\stm32f3xx_hal_rcc.o
                0x08003594                HAL_RCC_GetPCLK1Freq
 .text.HAL_RCC_GetPCLK2Freq
                0x080035c4       0x30 Drivers\STM32F3xx_HAL_Driver\Src\stm32f3xx_hal_rcc.o
                0x080035c4                HAL_RCC_GetPCLK2Freq
 .text.HAL_RCCEx_PeriphCLKConfig
                0x080035f4      0x184 Drivers\STM32F3xx_HAL_Driver\Src\stm32f3xx_hal_rcc_ex.o
                0x080035f4                HAL_RCCEx_PeriphCLKConfig
 .text.HAL_RTC_GetTime
                0x08003778       0x6c Drivers\STM32F3xx_HAL_Driver\Src\stm32f3xx_hal_rtc.o
                0x08003778                HAL_RTC_GetTime
 .text.HAL_RTC_GetDate
                0x080037e4       0x60 Drivers\STM32F3xx_HAL_Driver\Src\stm32f3xx_hal_rtc.o
                0x080037e4                HAL_RTC_GetDate
 .text.HAL_RTC_WaitForSynchro
                0x08003844       0x34 Drivers\STM32F3xx_HAL_Driver\Src\stm32f3xx_hal_rtc.o
                0x08003844                HAL_RTC_WaitForSynchro
 .text.RTC_EnterInitMode
                0x08003878       0x34 Drivers\STM32F3xx_HAL_Driver\Src\stm32f3xx_hal_rtc.o
                0x08003878                RTC_EnterInitMode
 .text.HAL_RTC_Init
                0x080038ac       0xb0 Drivers\STM32F3xx_HAL_Driver\Src\stm32f3xx_hal_rtc.o
                0x080038ac                HAL_RTC_Init
 .text.HAL_RTC_SetTime
                0x0800395c      0x140 Drivers\STM32F3xx_HAL_Driver\Src\stm32f3xx_hal_rtc.o
                0x0800395c                HAL_RTC_SetTime
 .text.HAL_RTC_SetDate
                0x08003a9c      0x11c Drivers\STM32F3xx_HAL_Driver\Src\stm32f3xx_hal_rtc.o
                0x08003a9c                HAL_RTC_SetDate
 .text.HAL_RTCEx_SetWakeUpTimer_IT
                0x08003bb8       0xec Drivers\STM32F3xx_HAL_Driver\Src\stm32f3xx_hal_rtc_ex.o
                0x08003bb8                HAL_RTCEx_SetWakeUpTimer_IT
 .text.HAL_RTCEx_WakeUpTimerIRQHandler
                0x08003ca4       0x30 Drivers\STM32F3xx_HAL_Driver\Src\stm32f3xx_hal_rtc_ex.o
                0x08003ca4                HAL_RTCEx_WakeUpTimerIRQHandler
 .text.HAL_RTCEx_BKUPWrite
                0x08003cd4        0xc Drivers\STM32F3xx_HAL_Driver\Src\stm32f3xx_hal_rtc_ex.o
                0x08003cd4                HAL_RTCEx_BKUPWrite
 .text.HAL_RTCEx_BKUPRead
                0x08003ce0        0xc Drivers\STM32F3xx_HAL_Driver\Src\stm32f3xx_hal_rtc_ex.o
                0x08003ce0                HAL_RTCEx_BKUPRead
 .text.HAL_TIM_Base_Start_IT
                0x08003cec       0x18 Drivers\STM32F3xx_HAL_Driver\Src\stm32f3xx_hal_tim.o
                0x08003cec                HAL_TIM_Base_Start_IT
 .text.HAL_TIM_ConfigClockSource
                0x08003d04      0x190 Drivers\STM32F3xx_HAL_Driver\Src\stm32f3xx_hal_tim.o
                0x08003d04                HAL_TIM_ConfigClockSource
 .text.HAL_TIM_OC_DelayElapsedCallback
                0x08003e94        0x4 Drivers\STM32F3xx_HAL_Driver\Src\stm32f3xx_hal_tim.o
                0x08003e94                HAL_TIM_OC_DelayElapsedCallback
 .text.HAL_TIM_PWM_PulseFinishedCallback
                0x08003e98        0x4 Drivers\STM32F3xx_HAL_Driver\Src\stm32f3xx_hal_tim.o
                0x08003e98                HAL_TIM_PWM_PulseFinishedCallback
 .text.HAL_TIM_TriggerCallback
                0x08003e9c        0x4 Drivers\STM32F3xx_HAL_Driver\Src\stm32f3xx_hal_tim.o
                0x08003e9c                HAL_TIM_TriggerCallback
 .text.HAL_TIM_IRQHandler
                0x08003ea0      0x170 Drivers\STM32F3xx_HAL_Driver\Src\stm32f3xx_hal_tim.o
                0x08003ea0                HAL_TIM_IRQHandler
 .text.TIM_Base_SetConfig
                0x08004010       0xc0 Drivers\STM32F3xx_HAL_Driver\Src\stm32f3xx_hal_tim.o
                0x08004010                TIM_Base_SetConfig
 .text.HAL_TIM_Base_Init
                0x080040d0       0x38 Drivers\STM32F3xx_HAL_Driver\Src\stm32f3xx_hal_tim.o
                0x080040d0                HAL_TIM_Base_Init
 .text.HAL_TIMEx_MasterConfigSynchronization
                0x08004108       0x4c Drivers\STM32F3xx_HAL_Driver\Src\stm32f3xx_hal_tim_ex.o
                0x08004108                HAL_TIMEx_MasterConfigSynchronization
 .text.HAL_TIMEx_CommutationCallback
                0x08004154        0x4 Drivers\STM32F3xx_HAL_Driver\Src\stm32f3xx_hal_tim_ex.o
                0x08004154                HAL_TIMEx_CommutationCallback
 .text.HAL_TIMEx_BreakCallback
                0x08004158        0x4 Drivers\STM32F3xx_HAL_Driver\Src\stm32f3xx_hal_tim_ex.o
                0x08004158                HAL_TIMEx_BreakCallback
 .text.HAL_TIMEx_Break2Callback
                0x0800415c        0x4 Drivers\STM32F3xx_HAL_Driver\Src\stm32f3xx_hal_tim_ex.o
                0x0800415c                HAL_TIMEx_Break2Callback
 .text.HAL_UART_Transmit_IT
                0x08004160       0x48 Drivers\STM32F3xx_HAL_Driver\Src\stm32f3xx_hal_uart.o
                0x08004160                HAL_UART_Transmit_IT
 .text.HAL_UART_Receive_IT
                0x080041a8       0x94 Drivers\STM32F3xx_HAL_Driver\Src\stm32f3xx_hal_uart.o
                0x080041a8                HAL_UART_Receive_IT
 .text.HAL_UART_TxCpltCallback
                0x0800423c        0x4 Drivers\STM32F3xx_HAL_Driver\Src\stm32f3xx_hal_uart.o
                0x0800423c                HAL_UART_TxCpltCallback
 .text.HAL_UART_ErrorCallback
                0x08004240        0x4 Drivers\STM32F3xx_HAL_Driver\Src\stm32f3xx_hal_uart.o
                0x08004240                HAL_UART_ErrorCallback
 .text.UART_DMAAbortOnError
                0x08004244       0x18 Drivers\STM32F3xx_HAL_Driver\Src\stm32f3xx_hal_uart.o
 .text.UART_SetConfig
                0x0800425c      0x1ac Drivers\STM32F3xx_HAL_Driver\Src\stm32f3xx_hal_uart.o
                0x0800425c                UART_SetConfig
 .text.UART_AdvFeatureConfig
                0x08004408       0xb0 Drivers\STM32F3xx_HAL_Driver\Src\stm32f3xx_hal_uart.o
                0x08004408                UART_AdvFeatureConfig
 .text.UART_WaitOnFlagUntilTimeout
                0x080044b8       0x68 Drivers\STM32F3xx_HAL_Driver\Src\stm32f3xx_hal_uart.o
                0x080044b8                UART_WaitOnFlagUntilTimeout
 .text.UART_CheckIdleState
                0x08004520       0x70 Drivers\STM32F3xx_HAL_Driver\Src\stm32f3xx_hal_uart.o
                0x08004520                UART_CheckIdleState
 .text.HAL_UART_Init
                0x08004590       0x6c Drivers\STM32F3xx_HAL_Driver\Src\stm32f3xx_hal_uart.o
                0x08004590                HAL_UART_Init
 .text.UART_Transmit_IT
                0x080045fc       0x68 Drivers\STM32F3xx_HAL_Driver\Src\stm32f3xx_hal_uart.o
                0x080045fc                UART_Transmit_IT
 .text.UART_Receive_IT
                0x08004664       0x78 Drivers\STM32F3xx_HAL_Driver\Src\stm32f3xx_hal_uart.o
                0x08004664                UART_Receive_IT
 .text.HAL_UART_IRQHandler
                0x080046dc      0x160 Drivers\STM32F3xx_HAL_Driver\Src\stm32f3xx_hal_uart.o
                0x080046dc                HAL_UART_IRQHandler
 .text.HAL_UARTEx_WakeupCallback
                0x0800483c        0x4 Drivers\STM32F3xx_HAL_Driver\Src\stm32f3xx_hal_uart_ex.o
                0x0800483c                HAL_UARTEx_WakeupCallback
 .text.adc_comms
                0x08004840      0x244 Src\adc_comms.o
                0x08004840                adc_comms
 .text.write2Flash
                0x08004a84      0x458 Src\flash_memory.o
                0x08004a84                write2Flash
 .text.logPosition
                0x08004edc       0x38 Src\flash_memory.o
                0x08004edc                logPosition
 .text.HAL_UART_RxCpltCallback
                0x08004f14       0x20 Src\functions.o
                0x08004f14                HAL_UART_RxCpltCallback
 .text.HAL_ADC_ConvCpltCallback
                0x08004f34        0x2 Src\functions.o
                0x08004f34                HAL_ADC_ConvCpltCallback
 *fill*         0x08004f36        0x2 
 .text.HAL_TIM_IC_CaptureCallback
                0x08004f38        0xc Src\functions.o
                0x08004f38                HAL_TIM_IC_CaptureCallback
 .text.HAL_RTCEx_WakeUpTimerEventCallback
                0x08004f44        0xc Src\functions.o
                0x08004f44                HAL_RTCEx_WakeUpTimerEventCallback
 .text.HAL_I2C_MemTxCpltCallback
                0x08004f50        0xc Src\functions.o
                0x08004f50                HAL_I2C_MemTxCpltCallback
 .text.HAL_I2C_MemRxCpltCallback
                0x08004f5c        0xc Src\functions.o
                0x08004f5c                HAL_I2C_MemRxCpltCallback
 .text.HAL_I2C_MasterRxCpltCallback
                0x08004f68        0xc Src\functions.o
                0x08004f68                HAL_I2C_MasterRxCpltCallback
 .text.heating_control
                0x08004f74       0x74 Src\heating_schedule.o
                0x08004f74                heating_control
 .text.heating_scheduling
                0x08004fe8      0x1c4 Src\heating_schedule.o
                0x08004fe8                heating_scheduling
 .text.init_iqs263
                0x080051ac      0x388 Src\init_iqs263.o
                0x080051ac                init_iqs263
 .text.handleEvents
                0x08005534      0x14c Src\init_iqs263.o
                0x08005534                handleEvents
 .text.init_peripherals
                0x08005680      0x318 Src\initilize_peripherals.o
                0x08005680                init_peripherals
 .text.MX_GPIO_Init
                0x08005998      0x174 Src\main.o
 .text.MX_DMA_Init
                0x08005b0c       0x34 Src\main.o
 .text.HAL_TIM_PeriodElapsedCallback
                0x08005b40        0x2 Src\main.o
                0x08005b40                HAL_TIM_PeriodElapsedCallback
 .text._Error_Handler
                0x08005b42        0x2 Src\main.o
                0x08005b42                _Error_Handler
 .text.MX_TIM2_Init
                0x08005b44       0x74 Src\main.o
 .text.MX_USART1_UART_Init
                0x08005bb8       0x40 Src\main.o
 .text.MX_ADC2_Init
                0x08005bf8       0xc8 Src\main.o
 .text.MX_RTC_Init
                0x08005cc0       0xc4 Src\main.o
 .text.MX_I2C1_Init
                0x08005d84       0x68 Src\main.o
 .text.SystemClock_Config
                0x08005dec       0xc0 Src\main.o
                0x08005dec                SystemClock_Config
 .text.main     0x08005eac       0x98 Src\main.o
                0x08005eac                main
 .text.seven_segment
                0x08005f44       0xf8 Src\seven_segment.o
                0x08005f44                seven_segment
 .text.seven_segment_display
                0x0800603c      0x3e0 Src\seven_segment_display.o
                0x0800603c                seven_segment_display
 .text.HAL_MspInit
                0x0800641c       0x7c Src\stm32f3xx_hal_msp.o
                0x0800641c                HAL_MspInit
 .text.HAL_ADC_MspInit
                0x08006498       0xa4 Src\stm32f3xx_hal_msp.o
                0x08006498                HAL_ADC_MspInit
 .text.HAL_I2C_MspInit
                0x0800653c       0x74 Src\stm32f3xx_hal_msp.o
                0x0800653c                HAL_I2C_MspInit
 .text.HAL_RTC_MspInit
                0x080065b0       0x40 Src\stm32f3xx_hal_msp.o
                0x080065b0                HAL_RTC_MspInit
 .text.HAL_TIM_Base_MspInit
                0x080065f0       0x3c Src\stm32f3xx_hal_msp.o
                0x080065f0                HAL_TIM_Base_MspInit
 .text.HAL_UART_MspInit
                0x0800662c       0x5c Src\stm32f3xx_hal_msp.o
                0x0800662c                HAL_UART_MspInit
 .text.SVC_Handler
                0x08006688        0x4 Src\stm32f3xx_it.o
                0x08006688                SVC_Handler
 .text.PendSV_Handler
                0x0800668c        0x4 Src\stm32f3xx_it.o
                0x0800668c                PendSV_Handler
 .text.SysTick_Handler
                0x08006690       0x30 Src\stm32f3xx_it.o
                0x08006690                SysTick_Handler
 .text.RTC_WKUP_IRQHandler
                0x080066c0        0xc Src\stm32f3xx_it.o
                0x080066c0                RTC_WKUP_IRQHandler
 .text.EXTI0_IRQHandler
                0x080066cc       0x14 Src\stm32f3xx_it.o
                0x080066cc                EXTI0_IRQHandler
 .text.DMA1_Channel2_IRQHandler
                0x080066e0        0xc Src\stm32f3xx_it.o
                0x080066e0                DMA1_Channel2_IRQHandler
 .text.EXTI9_5_IRQHandler
                0x080066ec       0x14 Src\stm32f3xx_it.o
                0x080066ec                EXTI9_5_IRQHandler
 .text.TIM2_IRQHandler
                0x08006700       0x18 Src\stm32f3xx_it.o
                0x08006700                TIM2_IRQHandler
 .text.I2C1_EV_IRQHandler
                0x08006718        0xc Src\stm32f3xx_it.o
                0x08006718                I2C1_EV_IRQHandler
 .text.I2C1_ER_IRQHandler
                0x08006724        0xc Src\stm32f3xx_it.o
                0x08006724                I2C1_ER_IRQHandler
 .text.USART1_IRQHandler
                0x08006730        0xc Src\stm32f3xx_it.o
                0x08006730                USART1_IRQHandler
 .text.SystemInit
                0x0800673c       0x70 Src\system_stm32f3xx.o
                0x0800673c                SystemInit
 .text.uart_comms
                0x080067ac      0x93c Src\uart_comms.o
                0x080067ac                uart_comms
 .text.mainLoop
                0x080070e8       0xe8 Src\user_main.o
                0x080070e8                mainLoop
 .text.Reset_Handler
                0x080071d0       0x50 startup\startup_stm32f334x8.o
                0x080071d0                Reset_Handler
 .text.Default_Handler
                0x08007220        0x2 startup\startup_stm32f334x8.o
                0x08007220                RTC_Alarm_IRQHandler
                0x08007220                HRTIM1_Master_IRQHandler
                0x08007220                DebugMon_Handler
                0x08007220                TIM1_CC_IRQHandler
                0x08007220                HardFault_Handler
                0x08007220                HRTIM1_FLT_IRQHandler
                0x08007220                PVD_IRQHandler
                0x08007220                HRTIM1_TIMD_IRQHandler
                0x08007220                TAMP_STAMP_IRQHandler
                0x08007220                NMI_Handler
                0x08007220                EXTI3_IRQHandler
                0x08007220                FPU_IRQHandler
                0x08007220                CAN_TX_IRQHandler
                0x08007220                TIM1_UP_TIM16_IRQHandler
                0x08007220                UsageFault_Handler
                0x08007220                ADC1_2_IRQHandler
                0x08007220                HRTIM1_TIME_IRQHandler
                0x08007220                SPI1_IRQHandler
                0x08007220                CAN_SCE_IRQHandler
                0x08007220                HRTIM1_TIMC_IRQHandler
                0x08007220                DMA1_Channel4_IRQHandler
                0x08007220                USART3_IRQHandler
                0x08007220                DMA1_Channel7_IRQHandler
                0x08007220                TIM7_DAC2_IRQHandler
                0x08007220                CAN_RX1_IRQHandler
                0x08007220                DMA1_Channel6_IRQHandler
                0x08007220                TIM3_IRQHandler
                0x08007220                RCC_IRQHandler
                0x08007220                DMA1_Channel1_IRQHandler
                0x08007220                Default_Handler
                0x08007220                EXTI15_10_IRQHandler
                0x08007220                COMP2_IRQHandler
                0x08007220                HRTIM1_TIMA_IRQHandler
                0x08007220                TIM6_DAC1_IRQHandler
                0x08007220                MemManage_Handler
                0x08007220                DMA1_Channel5_IRQHandler
                0x08007220                EXTI4_IRQHandler
                0x08007220                HRTIM1_TIMB_IRQHandler
                0x08007220                TIM1_TRG_COM_TIM17_IRQHandler
                0x08007220                DMA1_Channel3_IRQHandler
                0x08007220                WWDG_IRQHandler
                0x08007220                EXTI1_IRQHandler
                0x08007220                COMP4_6_IRQHandler
                0x08007220                USART2_IRQHandler
                0x08007220                FLASH_IRQHandler
                0x08007220                BusFault_Handler
                0x08007220                CAN_RX0_IRQHandler
                0x08007220                EXTI2_TSC_IRQHandler
                0x08007220                TIM1_BRK_TIM15_IRQHandler
 *fill*         0x08007222        0x2 
 .text.__libc_init_array
                0x08007224       0x48 c:/program files (x86)/atollic/truestudio for arm 8.0.0/armtools/bin/../lib/gcc/arm-atollic-eabi/6.3.1/../../../../arm-atollic-eabi/lib/armv7e-m/fpu\libc_nano.a(lib_a-init.o)
                0x08007224                __libc_init_array
 .text.__itoa   0x0800726c       0x30 c:/program files (x86)/atollic/truestudio for arm 8.0.0/armtools/bin/../lib/gcc/arm-atollic-eabi/6.3.1/../../../../arm-atollic-eabi/lib/armv7e-m/fpu\libc_nano.a(lib_a-itoa.o)
                0x0800726c                __itoa
 .text.itoa     0x0800729c        0x4 c:/program files (x86)/atollic/truestudio for arm 8.0.0/armtools/bin/../lib/gcc/arm-atollic-eabi/6.3.1/../../../../arm-atollic-eabi/lib/armv7e-m/fpu\libc_nano.a(lib_a-itoa.o)
                0x0800729c                itoa
 .text.malloc   0x080072a0       0x10 c:/program files (x86)/atollic/truestudio for arm 8.0.0/armtools/bin/../lib/gcc/arm-atollic-eabi/6.3.1/../../../../arm-atollic-eabi/lib/armv7e-m/fpu\libc_nano.a(lib_a-malloc.o)
                0x080072a0                malloc
 .text.memcpy   0x080072b0       0x16 c:/program files (x86)/atollic/truestudio for arm 8.0.0/armtools/bin/../lib/gcc/arm-atollic-eabi/6.3.1/../../../../arm-atollic-eabi/lib/armv7e-m/fpu\libc_nano.a(lib_a-memcpy-stub.o)
                0x080072b0                memcpy
 .text.memset   0x080072c6       0x10 c:/program files (x86)/atollic/truestudio for arm 8.0.0/armtools/bin/../lib/gcc/arm-atollic-eabi/6.3.1/../../../../arm-atollic-eabi/lib/armv7e-m/fpu\libc_nano.a(lib_a-memset.o)
                0x080072c6                memset
 *fill*         0x080072d6        0x2 
 .text._free_r  0x080072d8       0x9c c:/program files (x86)/atollic/truestudio for arm 8.0.0/armtools/bin/../lib/gcc/arm-atollic-eabi/6.3.1/../../../../arm-atollic-eabi/lib/armv7e-m/fpu\libc_nano.a(lib_a-nano-freer.o)
                0x080072d8                _free_r
 .text._malloc_r
                0x08007374       0xbc c:/program files (x86)/atollic/truestudio for arm 8.0.0/armtools/bin/../lib/gcc/arm-atollic-eabi/6.3.1/../../../../arm-atollic-eabi/lib/armv7e-m/fpu\libc_nano.a(lib_a-nano-mallocr.o)
                0x08007374                _malloc_r
 .text._sbrk_r  0x08007430       0x20 c:/program files (x86)/atollic/truestudio for arm 8.0.0/armtools/bin/../lib/gcc/arm-atollic-eabi/6.3.1/../../../../arm-atollic-eabi/lib/armv7e-m/fpu\libc_nano.a(lib_a-sbrkr.o)
                0x08007430                _sbrk_r
 .text.sprintf  0x08007450       0x48 c:/program files (x86)/atollic/truestudio for arm 8.0.0/armtools/bin/../lib/gcc/arm-atollic-eabi/6.3.1/../../../../arm-atollic-eabi/lib/armv7e-m/fpu\libc_nano.a(lib_a-sprintf.o)
                0x08007450                siprintf
                0x08007450                sprintf
 .text.strtok   0x08007498       0x54 c:/program files (x86)/atollic/truestudio for arm 8.0.0/armtools/bin/../lib/gcc/arm-atollic-eabi/6.3.1/../../../../arm-atollic-eabi/lib/armv7e-m/fpu\libc_nano.a(lib_a-strtok.o)
                0x08007498                strtok
 .text.__strtok_r
                0x080074ec       0x52 c:/program files (x86)/atollic/truestudio for arm 8.0.0/armtools/bin/../lib/gcc/arm-atollic-eabi/6.3.1/../../../../arm-atollic-eabi/lib/armv7e-m/fpu\libc_nano.a(lib_a-strtok_r.o)
                0x080074ec                __strtok_r
 .text._strtol_l.isra.0
                0x0800753e      0x100 c:/program files (x86)/atollic/truestudio for arm 8.0.0/armtools/bin/../lib/gcc/arm-atollic-eabi/6.3.1/../../../../arm-atollic-eabi/lib/armv7e-m/fpu\libc_nano.a(lib_a-strtol.o)
 *fill*         0x0800763e        0x2 
 .text.strtol   0x08007640       0x2c c:/program files (x86)/atollic/truestudio for arm 8.0.0/armtools/bin/../lib/gcc/arm-atollic-eabi/6.3.1/../../../../arm-atollic-eabi/lib/armv7e-m/fpu\libc_nano.a(lib_a-strtol.o)
                0x08007640                strtol
 .text.__utoa   0x0800766c       0x80 c:/program files (x86)/atollic/truestudio for arm 8.0.0/armtools/bin/../lib/gcc/arm-atollic-eabi/6.3.1/../../../../arm-atollic-eabi/lib/armv7e-m/fpu\libc_nano.a(lib_a-utoa.o)
                0x0800766c                __utoa
 .text.__locale_ctype_ptr_l
                0x080076ec        0x6 c:/program files (x86)/atollic/truestudio for arm 8.0.0/armtools/bin/../lib/gcc/arm-atollic-eabi/6.3.1/../../../../arm-atollic-eabi/lib/armv7e-m/fpu\libc_nano.a(lib_a-locale.o)
                0x080076ec                __locale_ctype_ptr_l
 .text.__ascii_mbtowc
                0x080076f2       0x24 c:/program files (x86)/atollic/truestudio for arm 8.0.0/armtools/bin/../lib/gcc/arm-atollic-eabi/6.3.1/../../../../arm-atollic-eabi/lib/armv7e-m/fpu\libc_nano.a(lib_a-mbtowc_r.o)
                0x080076f2                __ascii_mbtowc
 .text.__malloc_lock
                0x08007716        0x2 c:/program files (x86)/atollic/truestudio for arm 8.0.0/armtools/bin/../lib/gcc/arm-atollic-eabi/6.3.1/../../../../arm-atollic-eabi/lib/armv7e-m/fpu\libc_nano.a(lib_a-mlock.o)
                0x08007716                __malloc_lock
 .text.__malloc_unlock
                0x08007718        0x2 c:/program files (x86)/atollic/truestudio for arm 8.0.0/armtools/bin/../lib/gcc/arm-atollic-eabi/6.3.1/../../../../arm-atollic-eabi/lib/armv7e-m/fpu\libc_nano.a(lib_a-mlock.o)
                0x08007718                __malloc_unlock
 .text.__ssputs_r
                0x0800771a       0xb6 c:/program files (x86)/atollic/truestudio for arm 8.0.0/armtools/bin/../lib/gcc/arm-atollic-eabi/6.3.1/../../../../arm-atollic-eabi/lib/armv7e-m/fpu\libc_nano.a(lib_a-nano-svfprintf.o)
                0x0800771a                __ssputs_r
 .text._svfprintf_r
                0x080077d0      0x1e8 c:/program files (x86)/atollic/truestudio for arm 8.0.0/armtools/bin/../lib/gcc/arm-atollic-eabi/6.3.1/../../../../arm-atollic-eabi/lib/armv7e-m/fpu\libc_nano.a(lib_a-nano-svfprintf.o)
                0x080077d0                _svfiprintf_r
                0x080077d0                _svfprintf_r
 .text._printf_common
                0x080079b8       0xec c:/program files (x86)/atollic/truestudio for arm 8.0.0/armtools/bin/../lib/gcc/arm-atollic-eabi/6.3.1/../../../../arm-atollic-eabi/lib/armv7e-m/fpu\libc_nano.a(lib_a-nano-vfprintf_i.o)
                0x080079b8                _printf_common
 .text._printf_i
                0x08007aa4      0x240 c:/program files (x86)/atollic/truestudio for arm 8.0.0/armtools/bin/../lib/gcc/arm-atollic-eabi/6.3.1/../../../../arm-atollic-eabi/lib/armv7e-m/fpu\libc_nano.a(lib_a-nano-vfprintf_i.o)
                0x08007aa4                _printf_i
 .text.__ascii_wctomb
                0x08007ce4       0x1a c:/program files (x86)/atollic/truestudio for arm 8.0.0/armtools/bin/../lib/gcc/arm-atollic-eabi/6.3.1/../../../../arm-atollic-eabi/lib/armv7e-m/fpu\libc_nano.a(lib_a-wctomb_r.o)
                0x08007ce4                __ascii_wctomb
 .text.memmove  0x08007cfe       0x34 c:/program files (x86)/atollic/truestudio for arm 8.0.0/armtools/bin/../lib/gcc/arm-atollic-eabi/6.3.1/../../../../arm-atollic-eabi/lib/armv7e-m/fpu\libc_nano.a(lib_a-memmove.o)
                0x08007cfe                memmove
 .text._realloc_r
                0x08007d32       0x4c c:/program files (x86)/atollic/truestudio for arm 8.0.0/armtools/bin/../lib/gcc/arm-atollic-eabi/6.3.1/../../../../arm-atollic-eabi/lib/armv7e-m/fpu\libc_nano.a(lib_a-nano-reallocr.o)
                0x08007d32                _realloc_r
 .text._malloc_usable_size_r
                0x08007d7e       0x12 c:/program files (x86)/atollic/truestudio for arm 8.0.0/armtools/bin/../lib/gcc/arm-atollic-eabi/6.3.1/../../../../arm-atollic-eabi/lib/armv7e-m/fpu\libc_nano.a(lib_a-nano-msizer.o)
                0x08007d7e                _malloc_usable_size_r
 .text.sqrt     0x08007d90       0xb4 c:/program files (x86)/atollic/truestudio for arm 8.0.0/armtools/bin/../lib/gcc/arm-atollic-eabi/6.3.1/../../../../arm-atollic-eabi/lib/armv7e-m/fpu\libm.a(lib_a-w_sqrt.o)
                0x08007d90                sqrt
 .text.__ieee754_sqrt
                0x08007e44      0x160 c:/program files (x86)/atollic/truestudio for arm 8.0.0/armtools/bin/../lib/gcc/arm-atollic-eabi/6.3.1/../../../../arm-atollic-eabi/lib/armv7e-m/fpu\libm.a(lib_a-e_sqrt.o)
                0x08007e44                __ieee754_sqrt
 .text.matherr  0x08007fa4        0x4 c:/program files (x86)/atollic/truestudio for arm 8.0.0/armtools/bin/../lib/gcc/arm-atollic-eabi/6.3.1/../../../../arm-atollic-eabi/lib/armv7e-m/fpu\libm.a(lib_a-s_matherr.o)
                0x08007fa4                matherr
 .text.__errno  0x08007fa8        0xc c:/program files (x86)/atollic/truestudio for arm 8.0.0/armtools/bin/../lib/gcc/arm-atollic-eabi/6.3.1/../../../../arm-atollic-eabi/lib/armv7e-m/fpu\libc_nano.a(lib_a-errno.o)
                0x08007fa8                __errno
 .text._sbrk    0x08007fb4       0x1c c:/program files (x86)/atollic/truestudio for arm 8.0.0/armtools/bin/../lib/gcc/arm-atollic-eabi/6.3.1/../../../../arm-atollic-eabi/lib/armv7e-m/fpu\libnosys.a(sbrk.o)
                0x08007fb4                _sbrk
 *(.glue_7)
 .glue_7        0x08007fd0        0x0 linker stubs
 *(.glue_7t)
 .glue_7t       0x08007fd0        0x0 linker stubs
 *(.eh_frame)
 .eh_frame      0x08007fd0        0x0 c:/program files (x86)/atollic/truestudio for arm 8.0.0/armtools/bin/../lib/gcc/arm-atollic-eabi/6.3.1/armv7e-m/fpu/crtbegin.o
 *(.init)
 .init          0x08007fd0        0x4 c:/program files (x86)/atollic/truestudio for arm 8.0.0/armtools/bin/../lib/gcc/arm-atollic-eabi/6.3.1/armv7e-m/fpu/crti.o
                0x08007fd0                _init
 .init          0x08007fd4        0x8 c:/program files (x86)/atollic/truestudio for arm 8.0.0/armtools/bin/../lib/gcc/arm-atollic-eabi/6.3.1/armv7e-m/fpu/crtn.o
 *(.fini)
 .fini          0x08007fdc        0x4 c:/program files (x86)/atollic/truestudio for arm 8.0.0/armtools/bin/../lib/gcc/arm-atollic-eabi/6.3.1/armv7e-m/fpu/crti.o
                0x08007fdc                _fini
 .fini          0x08007fe0        0x8 c:/program files (x86)/atollic/truestudio for arm 8.0.0/armtools/bin/../lib/gcc/arm-atollic-eabi/6.3.1/armv7e-m/fpu/crtn.o
                0x08007fe8                . = ALIGN (0x4)
                0x08007fe8                _etext = .

.vfp11_veneer   0x08007fe8        0x0
 .vfp11_veneer  0x08007fe8        0x0 linker stubs

.v4_bx          0x08007fe8        0x0
 .v4_bx         0x08007fe8        0x0 linker stubs

.iplt           0x08007fe8        0x0
 .iplt          0x08007fe8        0x0 c:/program files (x86)/atollic/truestudio for arm 8.0.0/armtools/bin/../lib/gcc/arm-atollic-eabi/6.3.1/armv7e-m/fpu/crtbegin.o

.rodata         0x08007fe8      0x1ec
                0x08007fe8                . = ALIGN (0x4)
 *(.rodata)
 *(.rodata*)
 .rodata.aPLLMULFactorTable
                0x08007fe8       0x10 Drivers\STM32F3xx_HAL_Driver\Src\stm32f3xx_hal_rcc.o
                0x08007fe8                aPLLMULFactorTable
 .rodata.aPredivFactorTable
                0x08007ff8       0x10 Drivers\STM32F3xx_HAL_Driver\Src\stm32f3xx_hal_rcc.o
                0x08007ff8                aPredivFactorTable
 .rodata.CSWTCH.45
                0x08008008        0x4 Drivers\STM32F3xx_HAL_Driver\Src\stm32f3xx_hal_uart.o
 .rodata.adc_comms.str1.4
                0x0800800c        0x8 Src\adc_comms.o
 .rodata.init_peripherals.str1.4
                0x08008014        0x4 Src\initilize_peripherals.o
 .rodata.MX_TIM2_Init.str1.4
                0x08008014        0xe Src\main.o
 *fill*         0x08008022        0x2 
 .rodata.seven_segment.str1.4
                0x08008024        0x3 Src\seven_segment.o
 *fill*         0x08008027        0x1 
 .rodata.HAL_ADC_MspInit.str1.4
                0x08008028       0x1b Src\stm32f3xx_hal_msp.o
 *fill*         0x08008043        0x1 
 .rodata.AHBPrescTable
                0x08008044       0x10 Src\system_stm32f3xx.o
                0x08008044                AHBPrescTable
 .rodata.APBPrescTable
                0x08008054        0x8 Src\system_stm32f3xx.o
                0x08008054                APBPrescTable
 .rodata.uart_comms.str1.4
                0x0800805c       0x10 Src\uart_comms.o
                                 0x13 (size before relaxing)
 .rodata.__utoa.str1.1
                0x0800806c       0x25 c:/program files (x86)/atollic/truestudio for arm 8.0.0/armtools/bin/../lib/gcc/arm-atollic-eabi/6.3.1/../../../../arm-atollic-eabi/lib/armv7e-m/fpu\libc_nano.a(lib_a-utoa.o)
 .rodata._setlocale_r.str1.1
                0x08008091        0x8 c:/program files (x86)/atollic/truestudio for arm 8.0.0/armtools/bin/../lib/gcc/arm-atollic-eabi/6.3.1/../../../../arm-atollic-eabi/lib/armv7e-m/fpu\libc_nano.a(lib_a-locale.o)
                                  0x9 (size before relaxing)
 .rodata.str1.1
                0x08008099        0x2 c:/program files (x86)/atollic/truestudio for arm 8.0.0/armtools/bin/../lib/gcc/arm-atollic-eabi/6.3.1/../../../../arm-atollic-eabi/lib/armv7e-m/fpu\libc_nano.a(lib_a-locale.o)
 .rodata._svfprintf_r.str1.1
                0x0800809b       0x11 c:/program files (x86)/atollic/truestudio for arm 8.0.0/armtools/bin/../lib/gcc/arm-atollic-eabi/6.3.1/../../../../arm-atollic-eabi/lib/armv7e-m/fpu\libc_nano.a(lib_a-nano-svfprintf.o)
 .rodata._printf_i.str1.1
                0x080080ac       0x22 c:/program files (x86)/atollic/truestudio for arm 8.0.0/armtools/bin/../lib/gcc/arm-atollic-eabi/6.3.1/../../../../arm-atollic-eabi/lib/armv7e-m/fpu\libc_nano.a(lib_a-nano-vfprintf_i.o)
 .rodata._ctype_
                0x080080ce      0x101 c:/program files (x86)/atollic/truestudio for arm 8.0.0/armtools/bin/../lib/gcc/arm-atollic-eabi/6.3.1/../../../../arm-atollic-eabi/lib/armv7e-m/fpu\libc_nano.a(lib_a-ctype_.o)
                0x080080ce                _ctype_
 .rodata.sqrt.str1.1
                0x080081cf        0x5 c:/program files (x86)/atollic/truestudio for arm 8.0.0/armtools/bin/../lib/gcc/arm-atollic-eabi/6.3.1/../../../../arm-atollic-eabi/lib/armv7e-m/fpu\libm.a(lib_a-w_sqrt.o)
                0x080081d4                . = ALIGN (0x4)

.rel.dyn        0x080081d4        0x0
 .rel.iplt      0x080081d4        0x0 c:/program files (x86)/atollic/truestudio for arm 8.0.0/armtools/bin/../lib/gcc/arm-atollic-eabi/6.3.1/armv7e-m/fpu/crtbegin.o

.ARM.extab
 *(.ARM.extab* .gnu.linkonce.armextab.*)

.ARM            0x080081d4        0x0
                0x080081d4                __exidx_start = .
 *(.ARM.exidx*)
                0x080081d4                __exidx_end = .

.preinit_array  0x080081d4        0x0
                0x080081d4                PROVIDE (__preinit_array_start, .)
 *(.preinit_array*)
                0x080081d4                PROVIDE (__preinit_array_end, .)

.init_array     0x080081d4        0x4
                0x080081d4                PROVIDE (__init_array_start, .)
 *(SORT(.init_array.*))
 *(.init_array*)
 .init_array    0x080081d4        0x4 c:/program files (x86)/atollic/truestudio for arm 8.0.0/armtools/bin/../lib/gcc/arm-atollic-eabi/6.3.1/armv7e-m/fpu/crtbegin.o
                0x080081d8                PROVIDE (__init_array_end, .)

.fini_array     0x080081d8        0x4
                [!provide]                PROVIDE (__fini_array_start, .)
 *(SORT(.fini_array.*))
 *(.fini_array*)
 .fini_array    0x080081d8        0x4 c:/program files (x86)/atollic/truestudio for arm 8.0.0/armtools/bin/../lib/gcc/arm-atollic-eabi/6.3.1/armv7e-m/fpu/crtbegin.o
                [!provide]                PROVIDE (__fini_array_end, .)
                0x080081dc                _sidata = LOADADDR (.data)

.data           0x20000000      0x22c load address 0x080081dc
                0x20000000                . = ALIGN (0x4)
                0x20000000                _sdata = .
 *(.data)
 *(.data*)
 .data.SystemCoreClock
                0x20000000        0x4 Src\system_stm32f3xx.o
                0x20000000                SystemCoreClock
 .data.comma    0x20000004        0x2 Src\variables.o
                0x20000004                comma
 *fill*         0x20000006        0x2 
 .data.endSimbol
                0x20000008        0x8 Src\variables.o
                0x20000008                endSimbol
 .data.flash_mem_start
                0x20000010        0x4 Src\variables.o
                0x20000010                flash_mem_start
 .data.heater_OFF
                0x20000014        0x3 Src\variables.o
                0x20000014                heater_OFF
 *fill*         0x20000017        0x1 
 .data.heater_ON
                0x20000018        0x2 Src\variables.o
                0x20000018                heater_ON
 .data.log_empty
                0x2000001a        0x1 Src\variables.o
                0x2000001a                log_empty
 *fill*         0x2000001b        0x1 
 .data.loggingIdentifier
                0x2000001c        0x2 Src\variables.o
                0x2000001c                loggingIdentifier
 *fill*         0x2000001e        0x2 
 .data.noLoggingData
                0x20000020       0x20 Src\variables.o
                0x20000020                noLoggingData
 .data.studentnumber1
                0x20000040        0x8 Src\variables.o
                0x20000040                studentnumber1
 .data.touch_bytes_buffer
                0x20000048        0x2 Src\variables.o
                0x20000048                touch_bytes_buffer
 *fill*         0x2000004a        0x2 
 .data.valve_CLOSE
                0x2000004c        0x6 Src\variables.o
                0x2000004c                valve_CLOSE
 *fill*         0x20000052        0x2 
 .data.valve_OPEN
                0x20000054        0x4 Src\variables.o
                0x20000054                valve_OPEN
 .data._impure_ptr
                0x20000058        0x4 c:/program files (x86)/atollic/truestudio for arm 8.0.0/armtools/bin/../lib/gcc/arm-atollic-eabi/6.3.1/../../../../arm-atollic-eabi/lib/armv7e-m/fpu\libc_nano.a(lib_a-impure.o)
                0x20000058                _impure_ptr
 .data.impure_data
                0x2000005c       0x60 c:/program files (x86)/atollic/truestudio for arm 8.0.0/armtools/bin/../lib/gcc/arm-atollic-eabi/6.3.1/../../../../arm-atollic-eabi/lib/armv7e-m/fpu\libc_nano.a(lib_a-impure.o)
 .data.__global_locale
                0x200000bc      0x16c c:/program files (x86)/atollic/truestudio for arm 8.0.0/armtools/bin/../lib/gcc/arm-atollic-eabi/6.3.1/../../../../arm-atollic-eabi/lib/armv7e-m/fpu\libc_nano.a(lib_a-locale.o)
                0x200000bc                __global_locale
 .data.__fdlib_version
                0x20000228        0x1 c:/program files (x86)/atollic/truestudio for arm 8.0.0/armtools/bin/../lib/gcc/arm-atollic-eabi/6.3.1/../../../../arm-atollic-eabi/lib/armv7e-m/fpu\libm.a(lib_a-s_lib_ver.o)
                0x20000228                __fdlib_version
                0x2000022c                . = ALIGN (0x4)
 *fill*         0x20000229        0x3 
                0x2000022c                _edata = .
                0x08008408                _siccmram = LOADADDR (.ccmram)

.igot.plt       0x2000022c        0x0 load address 0x08008408
 .igot.plt      0x2000022c        0x0 c:/program files (x86)/atollic/truestudio for arm 8.0.0/armtools/bin/../lib/gcc/arm-atollic-eabi/6.3.1/armv7e-m/fpu/crtbegin.o

.ccmram         0x10000000        0x0 load address 0x08008408
                0x10000000                . = ALIGN (0x4)
                0x10000000                _sccmram = .
 *(.ccmram)
 *(.ccmram*)
                0x10000000                . = ALIGN (0x4)
                0x10000000                _eccmram = .
                0x10000000                . = ALIGN (0x4)

.bss            0x20000230      0x3fc
                0x20000230                _sbss = .
                0x20000230                __bss_start__ = _sbss
 *(.bss)
 .bss           0x20000230       0x1c c:/program files (x86)/atollic/truestudio for arm 8.0.0/armtools/bin/../lib/gcc/arm-atollic-eabi/6.3.1/armv7e-m/fpu/crtbegin.o
 *(.bss*)
 .bss.ADC1_buffer
                0x2000024c        0x4 Src\variables.o
                0x2000024c                ADC1_buffer
 .bss.ADC2_buffer
                0x20000250        0x4 Src\variables.o
                0x20000250                ADC2_buffer
 .bss.RTC_timer_flag
                0x20000254        0x1 Src\variables.o
                0x20000254                RTC_timer_flag
 *fill*         0x20000255        0x3 
 .bss.adc_buffer_current
                0x20000258        0x8 Src\variables.o
                0x20000258                adc_buffer_current
 .bss.adc_buffer_voltage
                0x20000260        0x8 Src\variables.o
                0x20000260                adc_buffer_voltage
 .bss.adc_counter
                0x20000268        0x2 Src\variables.o
                0x20000268                adc_counter
 .bss.adc_flag  0x2000026a        0x1 Src\variables.o
                0x2000026a                adc_flag
 *fill*         0x2000026b        0x1 
 .bss.adc_raw_current
                0x2000026c        0x4 Src\variables.o
                0x2000026c                adc_raw_current
 .bss.adc_raw_voltage
                0x20000270        0x4 Src\variables.o
                0x20000270                adc_raw_voltage
 .bss.ambient_temp
                0x20000274        0x4 Src\variables.o
                0x20000274                ambient_temp
 .bss.auto_heating
                0x20000278        0x1 Src\variables.o
                0x20000278                auto_heating
 *fill*         0x20000279        0x3 
 .bss.current_int_rms
                0x2000027c        0x4 Src\variables.o
                0x2000027c                current_int_rms
 .bss.current_rms
                0x20000280        0x4 Src\variables.o
                0x20000280                current_rms
 .bss.date      0x20000284        0x4 Src\variables.o
                0x20000284                date
 .bss.display_set_temp
                0x20000288        0x1 Src\variables.o
                0x20000288                display_set_temp
 .bss.enableFlashLogging
                0x20000289        0x1 Src\variables.o
                0x20000289                enableFlashLogging
 .bss.fake_RTC_timer
                0x2000028a        0x2 Src\variables.o
                0x2000028a                fake_RTC_timer
 .bss.flash_counter
                0x2000028c        0x4 Src\variables.o
                0x2000028c                flash_counter
 .bss.flash_error
                0x20000290        0x4 Src\variables.o
                0x20000290                flash_error
 .bss.flash_flag
                0x20000294        0x1 Src\variables.o
                0x20000294                flash_flag
 *fill*         0x20000295        0x3 
 .bss.flash_stored
                0x20000298        0x4 Src\variables.o
                0x20000298                flash_stored
 .bss.geyser_temp
                0x2000029c        0x4 Src\variables.o
                0x2000029c                geyser_temp
 .bss.geyser_temp_int
                0x200002a0        0x1 Src\variables.o
                0x200002a0                geyser_temp_int
 *fill*         0x200002a1        0x3 
 .bss.heat_schedule1
                0x200002a4        0x4 Src\variables.o
                0x200002a4                heat_schedule1
 .bss.heat_schedule2
                0x200002a8        0x4 Src\variables.o
                0x200002a8                heat_schedule2
 .bss.heat_schedule3
                0x200002ac        0x4 Src\variables.o
                0x200002ac                heat_schedule3
 .bss.heater_state
                0x200002b0        0x4 Src\variables.o
                0x200002b0                heater_state
 .bss.heating_info
                0x200002b4        0x4 Src\variables.o
                0x200002b4                heating_info
 .bss.i2c_counter
                0x200002b8        0x4 Src\variables.o
                0x200002b8                i2c_counter
 .bss.log_counter
                0x200002bc        0x1 Src\variables.o
                0x200002bc                log_counter
 *fill*         0x200002bd        0x3 
 .bss.log_receiced_num
                0x200002c0        0x4 Src\variables.o
                0x200002c0                log_receiced_num
 .bss.new_time  0x200002c4        0x4 Src\variables.o
                0x200002c4                new_time
 .bss.pEraseInit
                0x200002c8        0x4 Src\variables.o
                0x200002c8                pEraseInit
 .bss.raw_ambient_temp
                0x200002cc        0x4 Src\variables.o
                0x200002cc                raw_ambient_temp
 .bss.raw_geyser_temp
                0x200002d0        0x4 Src\variables.o
                0x200002d0                raw_geyser_temp
 .bss.return_value
                0x200002d4        0x4 Src\variables.o
                0x200002d4                return_value
 .bss.rtcSecFlag
                0x200002d8        0x1 Src\variables.o
                0x200002d8                rtcSecFlag
 .bss.rx_flag   0x200002d9        0x1 Src\variables.o
                0x200002d9                rx_flag
 .bss.segment_counter
                0x200002da        0x1 Src\variables.o
                0x200002da                segment_counter
 *fill*         0x200002db        0x1 
 .bss.segment_val
                0x200002dc        0x4 Src\variables.o
                0x200002dc                segment_val
 .bss.set_temp  0x200002e0        0x4 Src\variables.o
                0x200002e0                set_temp
 .bss.sizeOfTemp
                0x200002e4        0x1 Src\variables.o
                0x200002e4                sizeOfTemp
 .bss.systick_flag
                0x200002e5        0x1 Src\variables.o
                0x200002e5                systick_flag
 *fill*         0x200002e6        0x2 
 .bss.temp_time_var
                0x200002e8        0x4 Src\variables.o
                0x200002e8                temp_time_var
 .bss.temp_val  0x200002ec        0x4 Src\variables.o
                0x200002ec                temp_val
 .bss.tim2_flag
                0x200002f0        0x1 Src\variables.o
                0x200002f0                tim2_flag
 .bss.tim3_flag
                0x200002f1        0x1 Src\variables.o
                0x200002f1                tim3_flag
 *fill*         0x200002f2        0x2 
 .bss.time      0x200002f4        0x4 Src\variables.o
                0x200002f4                time
 .bss.total_water
                0x200002f8        0x4 Src\variables.o
                0x200002f8                total_water
 .bss.touch_flag
                0x200002fc        0x1 Src\variables.o
                0x200002fc                touch_flag
 *fill*         0x200002fd        0x3 
 .bss.uart_command
                0x20000300        0x4 Src\variables.o
                0x20000300                uart_command
 .bss.uart_command_copy
                0x20000304        0x4 Src\variables.o
                0x20000304                uart_command_copy
 .bss.uart_counter
                0x20000308        0x1 Src\variables.o
                0x20000308                uart_counter
 *fill*         0x20000309        0x3 
 .bss.valve_state
                0x2000030c        0x4 Src\variables.o
                0x2000030c                valve_state
 .bss.voltage_int_rms
                0x20000310        0x4 Src\variables.o
                0x20000310                voltage_int_rms
 .bss.voltage_rms
                0x20000314        0x4 Src\variables.o
                0x20000314                voltage_rms
 .bss.water_acc
                0x20000318        0x4 Src\variables.o
                0x20000318                water_acc
 .bss.__malloc_free_list
                0x2000031c        0x4 c:/program files (x86)/atollic/truestudio for arm 8.0.0/armtools/bin/../lib/gcc/arm-atollic-eabi/6.3.1/../../../../arm-atollic-eabi/lib/armv7e-m/fpu\libc_nano.a(lib_a-nano-mallocr.o)
                0x2000031c                __malloc_free_list
 .bss.__malloc_sbrk_start
                0x20000320        0x4 c:/program files (x86)/atollic/truestudio for arm 8.0.0/armtools/bin/../lib/gcc/arm-atollic-eabi/6.3.1/../../../../arm-atollic-eabi/lib/armv7e-m/fpu\libc_nano.a(lib_a-nano-mallocr.o)
                0x20000320                __malloc_sbrk_start
 .bss.heap_end.5239
                0x20000324        0x4 c:/program files (x86)/atollic/truestudio for arm 8.0.0/armtools/bin/../lib/gcc/arm-atollic-eabi/6.3.1/../../../../arm-atollic-eabi/lib/armv7e-m/fpu\libnosys.a(sbrk.o)
 *(COMMON)
 COMMON         0x20000328        0x4 Drivers\STM32F3xx_HAL_Driver\Src\stm32f3xx_hal.o
                0x20000328                uwTick
 *fill*         0x2000032c        0x4 
 COMMON         0x20000330       0x20 Drivers\STM32F3xx_HAL_Driver\Src\stm32f3xx_hal_flash.o
                0x20000330                pFlash
 COMMON         0x20000350      0x214 Src\main.o
                0x20000350                hadc2
                0x200003a4                hi2c1
                0x200003f0                Channel_3
                0x20000408                Channel_1
                0x20000420                Channel_4
                0x20000438                huart1
                0x200004a8                hrtc
                0x200004c8                Channel_2
                0x200004e0                htim2
                0x20000520                hdma_adc2
 COMMON         0x20000564       0xc4 Src\variables.o
                0x20000564                sliderCoords
                0x20000568                heating_schedule
                0x200005e0                studentnumber
                0x200005e4                rx_buffer
                0x200005e8                recv_buffer
                0x200005f8                heating_time_size
                0x200005fc                data_buffer
                0x2000061c                heating_schedule_info
 COMMON         0x20000628        0x4 c:/program files (x86)/atollic/truestudio for arm 8.0.0/armtools/bin/../lib/gcc/arm-atollic-eabi/6.3.1/../../../../arm-atollic-eabi/lib/armv7e-m/fpu\libc_nano.a(lib_a-reent.o)
                0x20000628                errno
                0x2000062c                . = ALIGN (0x4)
                0x2000062c                _ebss = .
                0x2000062c                __bss_end__ = _ebss

._user_heap_stack
                0x2000062c      0x600
                0x2000062c                . = ALIGN (0x4)
                0x2000062c                PROVIDE (end, .)
                [!provide]                PROVIDE (_end, .)
                0x2000082c                . = (. + _Min_Heap_Size)
 *fill*         0x2000062c      0x200 
                0x20000c2c                . = (. + _Min_Stack_Size)
 *fill*         0x2000082c      0x400 
                0x20000c2c                . = ALIGN (0x4)

/DISCARD/
 libc.a(*)
 libm.a(*)
 libgcc.a(*)

.ARM.attributes
                0x00000000       0x30
 *(.ARM.attributes)
 .ARM.attributes
                0x00000000       0x22 c:/program files (x86)/atollic/truestudio for arm 8.0.0/armtools/bin/../lib/gcc/arm-atollic-eabi/6.3.1/armv7e-m/fpu/crti.o
 .ARM.attributes
                0x00000022       0x34 c:/program files (x86)/atollic/truestudio for arm 8.0.0/armtools/bin/../lib/gcc/arm-atollic-eabi/6.3.1/armv7e-m/fpu/crtbegin.o
 .ARM.attributes
                0x00000056       0x39 Drivers\STM32F3xx_HAL_Driver\Src\stm32f3xx_hal.o
 .ARM.attributes
                0x0000008f       0x39 Drivers\STM32F3xx_HAL_Driver\Src\stm32f3xx_hal_adc.o
 .ARM.attributes
                0x000000c8       0x39 Drivers\STM32F3xx_HAL_Driver\Src\stm32f3xx_hal_adc_ex.o
 .ARM.attributes
                0x00000101       0x39 Drivers\STM32F3xx_HAL_Driver\Src\stm32f3xx_hal_cortex.o
 .ARM.attributes
                0x0000013a       0x39 Drivers\STM32F3xx_HAL_Driver\Src\stm32f3xx_hal_dma.o
 .ARM.attributes
                0x00000173       0x39 Drivers\STM32F3xx_HAL_Driver\Src\stm32f3xx_hal_flash.o
 .ARM.attributes
                0x000001ac       0x39 Drivers\STM32F3xx_HAL_Driver\Src\stm32f3xx_hal_gpio.o
 .ARM.attributes
                0x000001e5       0x39 Drivers\STM32F3xx_HAL_Driver\Src\stm32f3xx_hal_i2c.o
 .ARM.attributes
                0x0000021e       0x39 Drivers\STM32F3xx_HAL_Driver\Src\stm32f3xx_hal_i2c_ex.o
 .ARM.attributes
                0x00000257       0x39 Drivers\STM32F3xx_HAL_Driver\Src\stm32f3xx_hal_pwr.o
 .ARM.attributes
                0x00000290       0x39 Drivers\STM32F3xx_HAL_Driver\Src\stm32f3xx_hal_rcc.o
 .ARM.attributes
                0x000002c9       0x39 Drivers\STM32F3xx_HAL_Driver\Src\stm32f3xx_hal_rcc_ex.o
 .ARM.attributes
                0x00000302       0x39 Drivers\STM32F3xx_HAL_Driver\Src\stm32f3xx_hal_rtc.o
 .ARM.attributes
                0x0000033b       0x39 Drivers\STM32F3xx_HAL_Driver\Src\stm32f3xx_hal_rtc_ex.o
 .ARM.attributes
                0x00000374       0x39 Drivers\STM32F3xx_HAL_Driver\Src\stm32f3xx_hal_tim.o
 .ARM.attributes
                0x000003ad       0x39 Drivers\STM32F3xx_HAL_Driver\Src\stm32f3xx_hal_tim_ex.o
 .ARM.attributes
                0x000003e6       0x39 Drivers\STM32F3xx_HAL_Driver\Src\stm32f3xx_hal_uart.o
 .ARM.attributes
                0x0000041f       0x39 Drivers\STM32F3xx_HAL_Driver\Src\stm32f3xx_hal_uart_ex.o
 .ARM.attributes
                0x00000458       0x39 Src\adc_comms.o
 .ARM.attributes
                0x00000491       0x39 Src\flash_memory.o
 .ARM.attributes
                0x000004ca       0x39 Src\functions.o
 .ARM.attributes
                0x00000503       0x39 Src\heating_schedule.o
 .ARM.attributes
                0x0000053c       0x39 Src\init_iqs263.o
 .ARM.attributes
                0x00000575       0x39 Src\initilize_peripherals.o
 .ARM.attributes
                0x000005ae       0x39 Src\main.o
 .ARM.attributes
                0x000005e7       0x39 Src\seven_segment.o
 .ARM.attributes
                0x00000620       0x39 Src\seven_segment_display.o
 .ARM.attributes
                0x00000659       0x39 Src\stm32f3xx_hal_msp.o
 .ARM.attributes
                0x00000692       0x39 Src\stm32f3xx_it.o
 .ARM.attributes
                0x000006cb       0x39 Src\system_stm32f3xx.o
 .ARM.attributes
                0x00000704       0x35 Src\uart_comms.o
 .ARM.attributes
                0x00000739       0x39 Src\user_main.o
 .ARM.attributes
                0x00000772       0x39 Src\variables.o
 .ARM.attributes
                0x000007ab       0x21 startup\startup_stm32f334x8.o
 .ARM.attributes
                0x000007cc       0x34 c:/program files (x86)/atollic/truestudio for arm 8.0.0/armtools/bin/../lib/gcc/arm-atollic-eabi/6.3.1/../../../../arm-atollic-eabi/lib/armv7e-m/fpu\libc_nano.a(lib_a-init.o)
 .ARM.attributes
                0x00000800       0x34 c:/program files (x86)/atollic/truestudio for arm 8.0.0/armtools/bin/../lib/gcc/arm-atollic-eabi/6.3.1/../../../../arm-atollic-eabi/lib/armv7e-m/fpu\libc_nano.a(lib_a-itoa.o)
 .ARM.attributes
                0x00000834       0x34 c:/program files (x86)/atollic/truestudio for arm 8.0.0/armtools/bin/../lib/gcc/arm-atollic-eabi/6.3.1/../../../../arm-atollic-eabi/lib/armv7e-m/fpu\libc_nano.a(lib_a-malloc.o)
 .ARM.attributes
                0x00000868       0x34 c:/program files (x86)/atollic/truestudio for arm 8.0.0/armtools/bin/../lib/gcc/arm-atollic-eabi/6.3.1/../../../../arm-atollic-eabi/lib/armv7e-m/fpu\libc_nano.a(lib_a-memcpy-stub.o)
 .ARM.attributes
                0x0000089c       0x34 c:/program files (x86)/atollic/truestudio for arm 8.0.0/armtools/bin/../lib/gcc/arm-atollic-eabi/6.3.1/../../../../arm-atollic-eabi/lib/armv7e-m/fpu\libc_nano.a(lib_a-memset.o)
 .ARM.attributes
                0x000008d0       0x34 c:/program files (x86)/atollic/truestudio for arm 8.0.0/armtools/bin/../lib/gcc/arm-atollic-eabi/6.3.1/../../../../arm-atollic-eabi/lib/armv7e-m/fpu\libc_nano.a(lib_a-nano-freer.o)
 .ARM.attributes
                0x00000904       0x34 c:/program files (x86)/atollic/truestudio for arm 8.0.0/armtools/bin/../lib/gcc/arm-atollic-eabi/6.3.1/../../../../arm-atollic-eabi/lib/armv7e-m/fpu\libc_nano.a(lib_a-nano-mallocr.o)
 .ARM.attributes
                0x00000938       0x34 c:/program files (x86)/atollic/truestudio for arm 8.0.0/armtools/bin/../lib/gcc/arm-atollic-eabi/6.3.1/../../../../arm-atollic-eabi/lib/armv7e-m/fpu\libc_nano.a(lib_a-sbrkr.o)
 .ARM.attributes
                0x0000096c       0x34 c:/program files (x86)/atollic/truestudio for arm 8.0.0/armtools/bin/../lib/gcc/arm-atollic-eabi/6.3.1/../../../../arm-atollic-eabi/lib/armv7e-m/fpu\libc_nano.a(lib_a-sprintf.o)
 .ARM.attributes
                0x000009a0       0x1b c:/program files (x86)/atollic/truestudio for arm 8.0.0/armtools/bin/../lib/gcc/arm-atollic-eabi/6.3.1/../../../../arm-atollic-eabi/lib/armv7e-m/fpu\libc_nano.a(lib_a-strlen.o)
 .ARM.attributes
                0x000009bb       0x34 c:/program files (x86)/atollic/truestudio for arm 8.0.0/armtools/bin/../lib/gcc/arm-atollic-eabi/6.3.1/../../../../arm-atollic-eabi/lib/armv7e-m/fpu\libc_nano.a(lib_a-strtok.o)
 .ARM.attributes
                0x000009ef       0x34 c:/program files (x86)/atollic/truestudio for arm 8.0.0/armtools/bin/../lib/gcc/arm-atollic-eabi/6.3.1/../../../../arm-atollic-eabi/lib/armv7e-m/fpu\libc_nano.a(lib_a-strtok_r.o)
 .ARM.attributes
                0x00000a23       0x34 c:/program files (x86)/atollic/truestudio for arm 8.0.0/armtools/bin/../lib/gcc/arm-atollic-eabi/6.3.1/../../../../arm-atollic-eabi/lib/armv7e-m/fpu\libc_nano.a(lib_a-strtol.o)
 .ARM.attributes
                0x00000a57       0x34 c:/program files (x86)/atollic/truestudio for arm 8.0.0/armtools/bin/../lib/gcc/arm-atollic-eabi/6.3.1/../../../../arm-atollic-eabi/lib/armv7e-m/fpu\libc_nano.a(lib_a-utoa.o)
 .ARM.attributes
                0x00000a8b       0x34 c:/program files (x86)/atollic/truestudio for arm 8.0.0/armtools/bin/../lib/gcc/arm-atollic-eabi/6.3.1/../../../../arm-atollic-eabi/lib/armv7e-m/fpu\libc_nano.a(lib_a-impure.o)
 .ARM.attributes
                0x00000abf       0x34 c:/program files (x86)/atollic/truestudio for arm 8.0.0/armtools/bin/../lib/gcc/arm-atollic-eabi/6.3.1/../../../../arm-atollic-eabi/lib/armv7e-m/fpu\libc_nano.a(lib_a-locale.o)
 .ARM.attributes
                0x00000af3       0x34 c:/program files (x86)/atollic/truestudio for arm 8.0.0/armtools/bin/../lib/gcc/arm-atollic-eabi/6.3.1/../../../../arm-atollic-eabi/lib/armv7e-m/fpu\libc_nano.a(lib_a-mbtowc_r.o)
 .ARM.attributes
                0x00000b27       0x34 c:/program files (x86)/atollic/truestudio for arm 8.0.0/armtools/bin/../lib/gcc/arm-atollic-eabi/6.3.1/../../../../arm-atollic-eabi/lib/armv7e-m/fpu\libc_nano.a(lib_a-mlock.o)
 .ARM.attributes
                0x00000b5b       0x34 c:/program files (x86)/atollic/truestudio for arm 8.0.0/armtools/bin/../lib/gcc/arm-atollic-eabi/6.3.1/../../../../arm-atollic-eabi/lib/armv7e-m/fpu\libc_nano.a(lib_a-nano-svfprintf.o)
 .ARM.attributes
                0x00000b8f       0x34 c:/program files (x86)/atollic/truestudio for arm 8.0.0/armtools/bin/../lib/gcc/arm-atollic-eabi/6.3.1/../../../../arm-atollic-eabi/lib/armv7e-m/fpu\libc_nano.a(lib_a-nano-vfprintf_i.o)
 .ARM.attributes
                0x00000bc3       0x34 c:/program files (x86)/atollic/truestudio for arm 8.0.0/armtools/bin/../lib/gcc/arm-atollic-eabi/6.3.1/../../../../arm-atollic-eabi/lib/armv7e-m/fpu\libc_nano.a(lib_a-reent.o)
 .ARM.attributes
                0x00000bf7       0x34 c:/program files (x86)/atollic/truestudio for arm 8.0.0/armtools/bin/../lib/gcc/arm-atollic-eabi/6.3.1/../../../../arm-atollic-eabi/lib/armv7e-m/fpu\libc_nano.a(lib_a-wctomb_r.o)
 .ARM.attributes
                0x00000c2b       0x34 c:/program files (x86)/atollic/truestudio for arm 8.0.0/armtools/bin/../lib/gcc/arm-atollic-eabi/6.3.1/../../../../arm-atollic-eabi/lib/armv7e-m/fpu\libc_nano.a(lib_a-ctype_.o)
 .ARM.attributes
                0x00000c5f       0x20 c:/program files (x86)/atollic/truestudio for arm 8.0.0/armtools/bin/../lib/gcc/arm-atollic-eabi/6.3.1/../../../../arm-atollic-eabi/lib/armv7e-m/fpu\libc_nano.a(lib_a-memchr.o)
 .ARM.attributes
                0x00000c7f       0x34 c:/program files (x86)/atollic/truestudio for arm 8.0.0/armtools/bin/../lib/gcc/arm-atollic-eabi/6.3.1/../../../../arm-atollic-eabi/lib/armv7e-m/fpu\libc_nano.a(lib_a-memmove.o)
 .ARM.attributes
                0x00000cb3       0x34 c:/program files (x86)/atollic/truestudio for arm 8.0.0/armtools/bin/../lib/gcc/arm-atollic-eabi/6.3.1/../../../../arm-atollic-eabi/lib/armv7e-m/fpu\libc_nano.a(lib_a-nano-reallocr.o)
 .ARM.attributes
                0x00000ce7       0x34 c:/program files (x86)/atollic/truestudio for arm 8.0.0/armtools/bin/../lib/gcc/arm-atollic-eabi/6.3.1/../../../../arm-atollic-eabi/lib/armv7e-m/fpu\libc_nano.a(lib_a-nano-msizer.o)
 .ARM.attributes
                0x00000d1b       0x34 c:/program files (x86)/atollic/truestudio for arm 8.0.0/armtools/bin/../lib/gcc/arm-atollic-eabi/6.3.1/../../../../arm-atollic-eabi/lib/armv7e-m/fpu\libm.a(lib_a-w_sqrt.o)
 .ARM.attributes
                0x00000d4f       0x34 c:/program files (x86)/atollic/truestudio for arm 8.0.0/armtools/bin/../lib/gcc/arm-atollic-eabi/6.3.1/../../../../arm-atollic-eabi/lib/armv7e-m/fpu\libm.a(lib_a-e_sqrt.o)
 .ARM.attributes
                0x00000d83       0x34 c:/program files (x86)/atollic/truestudio for arm 8.0.0/armtools/bin/../lib/gcc/arm-atollic-eabi/6.3.1/../../../../arm-atollic-eabi/lib/armv7e-m/fpu\libm.a(lib_a-s_lib_ver.o)
 .ARM.attributes
                0x00000db7       0x34 c:/program files (x86)/atollic/truestudio for arm 8.0.0/armtools/bin/../lib/gcc/arm-atollic-eabi/6.3.1/../../../../arm-atollic-eabi/lib/armv7e-m/fpu\libm.a(lib_a-s_matherr.o)
 .ARM.attributes
                0x00000deb       0x34 c:/program files (x86)/atollic/truestudio for arm 8.0.0/armtools/bin/../lib/gcc/arm-atollic-eabi/6.3.1/../../../../arm-atollic-eabi/lib/armv7e-m/fpu\libc_nano.a(lib_a-errno.o)
 .ARM.attributes
                0x00000e1f       0x22 c:/program files (x86)/atollic/truestudio for arm 8.0.0/armtools/bin/../lib/gcc/arm-atollic-eabi/6.3.1/armv7e-m/fpu\libgcc.a(_arm_addsubdf3.o)
 .ARM.attributes
                0x00000e41       0x22 c:/program files (x86)/atollic/truestudio for arm 8.0.0/armtools/bin/../lib/gcc/arm-atollic-eabi/6.3.1/armv7e-m/fpu\libgcc.a(_arm_muldivdf3.o)
 .ARM.attributes
                0x00000e63       0x22 c:/program files (x86)/atollic/truestudio for arm 8.0.0/armtools/bin/../lib/gcc/arm-atollic-eabi/6.3.1/armv7e-m/fpu\libgcc.a(_arm_cmpdf2.o)
 .ARM.attributes
                0x00000e85       0x22 c:/program files (x86)/atollic/truestudio for arm 8.0.0/armtools/bin/../lib/gcc/arm-atollic-eabi/6.3.1/armv7e-m/fpu\libgcc.a(_arm_unorddf2.o)
 .ARM.attributes
                0x00000ea7       0x22 c:/program files (x86)/atollic/truestudio for arm 8.0.0/armtools/bin/../lib/gcc/arm-atollic-eabi/6.3.1/armv7e-m/fpu\libgcc.a(_arm_fixunsdfsi.o)
 .ARM.attributes
                0x00000ec9       0x22 c:/program files (x86)/atollic/truestudio for arm 8.0.0/armtools/bin/../lib/gcc/arm-atollic-eabi/6.3.1/armv7e-m/fpu\libgcc.a(_arm_addsubsf3.o)
 .ARM.attributes
                0x00000eeb       0x34 c:/program files (x86)/atollic/truestudio for arm 8.0.0/armtools/bin/../lib/gcc/arm-atollic-eabi/6.3.1/armv7e-m/fpu\libgcc.a(_fixunssfdi.o)
 .ARM.attributes
                0x00000f1f       0x34 c:/program files (x86)/atollic/truestudio for arm 8.0.0/armtools/bin/../lib/gcc/arm-atollic-eabi/6.3.1/../../../../arm-atollic-eabi/lib/armv7e-m/fpu\libnosys.a(sbrk.o)
 .ARM.attributes
                0x00000f53       0x22 c:/program files (x86)/atollic/truestudio for arm 8.0.0/armtools/bin/../lib/gcc/arm-atollic-eabi/6.3.1/armv7e-m/fpu/crtn.o
OUTPUT(edesign19231865.elf elf32-littlearm)

.debug_info     0x00000000    0x3bab2
 .debug_info    0x00000000      0xf54 Drivers\STM32F3xx_HAL_Driver\Src\stm32f3xx_hal.o
 .debug_info    0x00000f54     0x12f2 Drivers\STM32F3xx_HAL_Driver\Src\stm32f3xx_hal_adc.o
 .debug_info    0x00002246     0x2291 Drivers\STM32F3xx_HAL_Driver\Src\stm32f3xx_hal_adc_ex.o
 .debug_info    0x000044d7     0x149c Drivers\STM32F3xx_HAL_Driver\Src\stm32f3xx_hal_cortex.o
 .debug_info    0x00005973     0x1046 Drivers\STM32F3xx_HAL_Driver\Src\stm32f3xx_hal_dma.o
 .debug_info    0x000069b9      0xe92 Drivers\STM32F3xx_HAL_Driver\Src\stm32f3xx_hal_flash.o
 .debug_info    0x0000784b      0xf9e Drivers\STM32F3xx_HAL_Driver\Src\stm32f3xx_hal_gpio.o
 .debug_info    0x000087e9     0x44aa Drivers\STM32F3xx_HAL_Driver\Src\stm32f3xx_hal_i2c.o
 .debug_info    0x0000cc93     0x1152 Drivers\STM32F3xx_HAL_Driver\Src\stm32f3xx_hal_i2c_ex.o
 .debug_info    0x0000dde5      0xdcc Drivers\STM32F3xx_HAL_Driver\Src\stm32f3xx_hal_pwr.o
 .debug_info    0x0000ebb1     0x1b46 Drivers\STM32F3xx_HAL_Driver\Src\stm32f3xx_hal_rcc.o
 .debug_info    0x000106f7      0xe93 Drivers\STM32F3xx_HAL_Driver\Src\stm32f3xx_hal_rcc_ex.o
 .debug_info    0x0001158a     0x18f6 Drivers\STM32F3xx_HAL_Driver\Src\stm32f3xx_hal_rtc.o
 .debug_info    0x00012e80     0x17ad Drivers\STM32F3xx_HAL_Driver\Src\stm32f3xx_hal_rtc_ex.o
 .debug_info    0x0001462d     0x4055 Drivers\STM32F3xx_HAL_Driver\Src\stm32f3xx_hal_tim.o
 .debug_info    0x00018682     0x1f1c Drivers\STM32F3xx_HAL_Driver\Src\stm32f3xx_hal_tim_ex.o
 .debug_info    0x0001a59e     0x227f Drivers\STM32F3xx_HAL_Driver\Src\stm32f3xx_hal_uart.o
 .debug_info    0x0001c81d     0x1137 Drivers\STM32F3xx_HAL_Driver\Src\stm32f3xx_hal_uart_ex.o
 .debug_info    0x0001d954     0x1ab1 Src\adc_comms.o
 .debug_info    0x0001f405     0x22d7 Src\flash_memory.o
 .debug_info    0x000216dc     0x2023 Src\functions.o
 .debug_info    0x000236ff     0x1dfd Src\heating_schedule.o
 .debug_info    0x000254fc     0x28bf Src\init_iqs263.o
 .debug_info    0x00027dbb     0x217b Src\initilize_peripherals.o
 .debug_info    0x00029f36     0x30d1 Src\main.o
 .debug_info    0x0002d007     0x1c76 Src\seven_segment.o
 .debug_info    0x0002ec7d     0x240f Src\seven_segment_display.o
 .debug_info    0x0003108c     0x22f5 Src\stm32f3xx_hal_msp.o
 .debug_info    0x00033381     0x1d79 Src\stm32f3xx_it.o
 .debug_info    0x000350fa      0xc24 Src\system_stm32f3xx.o
 .debug_info    0x00035d1e     0x2981 Src\uart_comms.o
 .debug_info    0x0003869f     0x2066 Src\user_main.o
 .debug_info    0x0003a705     0x1324 Src\variables.o
 .debug_info    0x0003ba29       0x89 startup\startup_stm32f334x8.o

.debug_abbrev   0x00000000     0x57ac
 .debug_abbrev  0x00000000      0x2b6 Drivers\STM32F3xx_HAL_Driver\Src\stm32f3xx_hal.o
 .debug_abbrev  0x000002b6      0x24f Drivers\STM32F3xx_HAL_Driver\Src\stm32f3xx_hal_adc.o
 .debug_abbrev  0x00000505      0x369 Drivers\STM32F3xx_HAL_Driver\Src\stm32f3xx_hal_adc_ex.o
 .debug_abbrev  0x0000086e      0x377 Drivers\STM32F3xx_HAL_Driver\Src\stm32f3xx_hal_cortex.o
 .debug_abbrev  0x00000be5      0x2b7 Drivers\STM32F3xx_HAL_Driver\Src\stm32f3xx_hal_dma.o
 .debug_abbrev  0x00000e9c      0x376 Drivers\STM32F3xx_HAL_Driver\Src\stm32f3xx_hal_flash.o
 .debug_abbrev  0x00001212      0x27a Drivers\STM32F3xx_HAL_Driver\Src\stm32f3xx_hal_gpio.o
 .debug_abbrev  0x0000148c      0x3ed Drivers\STM32F3xx_HAL_Driver\Src\stm32f3xx_hal_i2c.o
 .debug_abbrev  0x00001879      0x21b Drivers\STM32F3xx_HAL_Driver\Src\stm32f3xx_hal_i2c_ex.o
 .debug_abbrev  0x00001a94      0x205 Drivers\STM32F3xx_HAL_Driver\Src\stm32f3xx_hal_pwr.o
 .debug_abbrev  0x00001c99      0x357 Drivers\STM32F3xx_HAL_Driver\Src\stm32f3xx_hal_rcc.o
 .debug_abbrev  0x00001ff0      0x319 Drivers\STM32F3xx_HAL_Driver\Src\stm32f3xx_hal_rcc_ex.o
 .debug_abbrev  0x00002309      0x34a Drivers\STM32F3xx_HAL_Driver\Src\stm32f3xx_hal_rtc.o
 .debug_abbrev  0x00002653      0x2d8 Drivers\STM32F3xx_HAL_Driver\Src\stm32f3xx_hal_rtc_ex.o
 .debug_abbrev  0x0000292b      0x3c6 Drivers\STM32F3xx_HAL_Driver\Src\stm32f3xx_hal_tim.o
 .debug_abbrev  0x00002cf1      0x35a Drivers\STM32F3xx_HAL_Driver\Src\stm32f3xx_hal_tim_ex.o
 .debug_abbrev  0x0000304b      0x3b5 Drivers\STM32F3xx_HAL_Driver\Src\stm32f3xx_hal_uart.o
 .debug_abbrev  0x00003400      0x28c Drivers\STM32F3xx_HAL_Driver\Src\stm32f3xx_hal_uart_ex.o
 .debug_abbrev  0x0000368c      0x20e Src\adc_comms.o
 .debug_abbrev  0x0000389a      0x23b Src\flash_memory.o
 .debug_abbrev  0x00003ad5      0x216 Src\functions.o
 .debug_abbrev  0x00003ceb      0x245 Src\heating_schedule.o
 .debug_abbrev  0x00003f30      0x22e Src\init_iqs263.o
 .debug_abbrev  0x0000415e      0x221 Src\initilize_peripherals.o
 .debug_abbrev  0x0000437f      0x2ee Src\main.o
 .debug_abbrev  0x0000466d      0x21f Src\seven_segment.o
 .debug_abbrev  0x0000488c      0x22f Src\seven_segment_display.o
 .debug_abbrev  0x00004abb      0x2d2 Src\stm32f3xx_hal_msp.o
 .debug_abbrev  0x00004d8d      0x241 Src\stm32f3xx_it.o
 .debug_abbrev  0x00004fce      0x1cd Src\system_stm32f3xx.o
 .debug_abbrev  0x0000519b      0x246 Src\uart_comms.o
 .debug_abbrev  0x000053e1      0x209 Src\user_main.o
 .debug_abbrev  0x000055ea      0x1b0 Src\variables.o
 .debug_abbrev  0x0000579a       0x12 startup\startup_stm32f334x8.o

.debug_loc      0x00000000    0x13058
 .debug_loc     0x00000000       0x69 Drivers\STM32F3xx_HAL_Driver\Src\stm32f3xx_hal.o
 .debug_loc     0x00000069      0x108 Drivers\STM32F3xx_HAL_Driver\Src\stm32f3xx_hal_adc.o
 .debug_loc     0x00000171     0x1c3c Drivers\STM32F3xx_HAL_Driver\Src\stm32f3xx_hal_adc_ex.o
 .debug_loc     0x00001dad      0x619 Drivers\STM32F3xx_HAL_Driver\Src\stm32f3xx_hal_cortex.o
 .debug_loc     0x000023c6      0x65a Drivers\STM32F3xx_HAL_Driver\Src\stm32f3xx_hal_dma.o
 .debug_loc     0x00002a20      0x2ed Drivers\STM32F3xx_HAL_Driver\Src\stm32f3xx_hal_flash.o
 .debug_loc     0x00002d0d      0x3ba Drivers\STM32F3xx_HAL_Driver\Src\stm32f3xx_hal_gpio.o
 .debug_loc     0x000030c7     0x533b Drivers\STM32F3xx_HAL_Driver\Src\stm32f3xx_hal_i2c.o
 .debug_loc     0x00008402      0x196 Drivers\STM32F3xx_HAL_Driver\Src\stm32f3xx_hal_i2c_ex.o
 .debug_loc     0x00008598       0x8d Drivers\STM32F3xx_HAL_Driver\Src\stm32f3xx_hal_pwr.o
 .debug_loc     0x00008625      0x908 Drivers\STM32F3xx_HAL_Driver\Src\stm32f3xx_hal_rcc.o
 .debug_loc     0x00008f2d      0x4dd Drivers\STM32F3xx_HAL_Driver\Src\stm32f3xx_hal_rcc_ex.o
 .debug_loc     0x0000940a     0x1095 Drivers\STM32F3xx_HAL_Driver\Src\stm32f3xx_hal_rtc.o
 .debug_loc     0x0000a49f      0xd39 Drivers\STM32F3xx_HAL_Driver\Src\stm32f3xx_hal_rtc_ex.o
 .debug_loc     0x0000b1d8     0x491c Drivers\STM32F3xx_HAL_Driver\Src\stm32f3xx_hal_tim.o
 .debug_loc     0x0000faf4     0x164c Drivers\STM32F3xx_HAL_Driver\Src\stm32f3xx_hal_tim_ex.o
 .debug_loc     0x00011140     0x1770 Drivers\STM32F3xx_HAL_Driver\Src\stm32f3xx_hal_uart.o
 .debug_loc     0x000128b0      0x360 Drivers\STM32F3xx_HAL_Driver\Src\stm32f3xx_hal_uart_ex.o
 .debug_loc     0x00012c10       0x48 Src\flash_memory.o
 .debug_loc     0x00012c58       0x21 Src\functions.o
 .debug_loc     0x00012c79       0x1e Src\main.o
 .debug_loc     0x00012c97      0x11b Src\seven_segment_display.o
 .debug_loc     0x00012db2      0x17e Src\stm32f3xx_hal_msp.o
 .debug_loc     0x00012f30      0x109 Src\system_stm32f3xx.o
 .debug_loc     0x00013039       0x1f Src\uart_comms.o

.debug_aranges  0x00000000     0x11e8
 .debug_aranges
                0x00000000       0xc0 Drivers\STM32F3xx_HAL_Driver\Src\stm32f3xx_hal.o
 .debug_aranges
                0x000000c0       0x60 Drivers\STM32F3xx_HAL_Driver\Src\stm32f3xx_hal_adc.o
 .debug_aranges
                0x00000120      0x150 Drivers\STM32F3xx_HAL_Driver\Src\stm32f3xx_hal_adc_ex.o
 .debug_aranges
                0x00000270       0x90 Drivers\STM32F3xx_HAL_Driver\Src\stm32f3xx_hal_cortex.o
 .debug_aranges
                0x00000300       0x78 Drivers\STM32F3xx_HAL_Driver\Src\stm32f3xx_hal_dma.o
 .debug_aranges
                0x00000378       0x78 Drivers\STM32F3xx_HAL_Driver\Src\stm32f3xx_hal_flash.o
 .debug_aranges
                0x000003f0       0x58 Drivers\STM32F3xx_HAL_Driver\Src\stm32f3xx_hal_gpio.o
 .debug_aranges
                0x00000448      0x1e8 Drivers\STM32F3xx_HAL_Driver\Src\stm32f3xx_hal_i2c.o
 .debug_aranges
                0x00000630       0x48 Drivers\STM32F3xx_HAL_Driver\Src\stm32f3xx_hal_i2c_ex.o
 .debug_aranges
                0x00000678       0x78 Drivers\STM32F3xx_HAL_Driver\Src\stm32f3xx_hal_pwr.o
 .debug_aranges
                0x000006f0       0x88 Drivers\STM32F3xx_HAL_Driver\Src\stm32f3xx_hal_rcc.o
 .debug_aranges
                0x00000778       0x30 Drivers\STM32F3xx_HAL_Driver\Src\stm32f3xx_hal_rcc_ex.o
 .debug_aranges
                0x000007a8       0xa8 Drivers\STM32F3xx_HAL_Driver\Src\stm32f3xx_hal_rtc.o
 .debug_aranges
                0x00000850      0x100 Drivers\STM32F3xx_HAL_Driver\Src\stm32f3xx_hal_rtc_ex.o
 .debug_aranges
                0x00000950      0x268 Drivers\STM32F3xx_HAL_Driver\Src\stm32f3xx_hal_tim.o
 .debug_aranges
                0x00000bb8      0x118 Drivers\STM32F3xx_HAL_Driver\Src\stm32f3xx_hal_tim_ex.o
 .debug_aranges
                0x00000cd0      0x198 Drivers\STM32F3xx_HAL_Driver\Src\stm32f3xx_hal_uart.o
 .debug_aranges
                0x00000e68       0x48 Drivers\STM32F3xx_HAL_Driver\Src\stm32f3xx_hal_uart_ex.o
 .debug_aranges
                0x00000eb0       0x20 Src\adc_comms.o
 .debug_aranges
                0x00000ed0       0x28 Src\flash_memory.o
 .debug_aranges
                0x00000ef8       0x50 Src\functions.o
 .debug_aranges
                0x00000f48       0x28 Src\heating_schedule.o
 .debug_aranges
                0x00000f70       0x28 Src\init_iqs263.o
 .debug_aranges
                0x00000f98       0x20 Src\initilize_peripherals.o
 .debug_aranges
                0x00000fb8       0x70 Src\main.o
 .debug_aranges
                0x00001028       0x20 Src\seven_segment.o
 .debug_aranges
                0x00001048       0x20 Src\seven_segment_display.o
 .debug_aranges
                0x00001068       0x70 Src\stm32f3xx_hal_msp.o
 .debug_aranges
                0x000010d8       0x68 Src\stm32f3xx_it.o
 .debug_aranges
                0x00001140       0x28 Src\system_stm32f3xx.o
 .debug_aranges
                0x00001168       0x20 Src\uart_comms.o
 .debug_aranges
                0x00001188       0x20 Src\user_main.o
 .debug_aranges
                0x000011a8       0x18 Src\variables.o
 .debug_aranges
                0x000011c0       0x28 startup\startup_stm32f334x8.o

.debug_ranges   0x00000000     0x2368
 .debug_ranges  0x00000000       0xb0 Drivers\STM32F3xx_HAL_Driver\Src\stm32f3xx_hal.o
 .debug_ranges  0x000000b0       0x50 Drivers\STM32F3xx_HAL_Driver\Src\stm32f3xx_hal_adc.o
 .debug_ranges  0x00000100      0x140 Drivers\STM32F3xx_HAL_Driver\Src\stm32f3xx_hal_adc_ex.o
 .debug_ranges  0x00000240      0x148 Drivers\STM32F3xx_HAL_Driver\Src\stm32f3xx_hal_cortex.o