stm32f3xx_hal_rtc.c:431:13:HAL_RTC_MspInit	0	static
stm32f3xx_hal_rtc.c:446:13:HAL_RTC_MspDeInit	0	static
stm32f3xx_hal_rtc.c:614:19:HAL_RTC_GetTime	20	static
stm32f3xx_hal_rtc.c:766:19:HAL_RTC_GetDate	16	static
stm32f3xx_hal_rtc.c:820:19:HAL_RTC_SetAlarm	24	static
stm32f3xx_hal_rtc.c:1004:19:HAL_RTC_SetAlarm_IT	24	static
stm32f3xx_hal_rtc.c:1189:19:HAL_RTC_DeactivateAlarm	16	static
stm32f3xx_hal_rtc.c:1283:19:HAL_RTC_GetAlarm	32	static
stm32f3xx_hal_rtc.c:1375:13:HAL_RTC_AlarmAEventCallback	0	static
stm32f3xx_hal_rtc.c:1333:6:HAL_RTC_AlarmIRQHandler	8	static
stm32f3xx_hal_rtc.c:1391:19:HAL_RTC_PollForAlarmAEvent	16	static
stm32f3xx_hal_rtc.c:1450:19:HAL_RTC_WaitForSynchro	16	static
stm32f3xx_hal_rtc.c:1494:21:HAL_RTC_GetState	0	static
stm32f3xx_hal_rtc.c:1521:19:RTC_EnterInitMode	16	static
stm32f3xx_hal_rtc.c:241:19:HAL_RTC_Init	24	static
stm32f3xx_hal_rtc.c:331:19:HAL_RTC_DeInit	16	static
stm32f3xx_hal_rtc.c:484:19:HAL_RTC_SetTime	24	static
stm32f3xx_hal_rtc.c:658:19:HAL_RTC_SetDate	16	static
stm32f3xx_hal_rtc.c:1551:9:RTC_ByteToBcd2	0	static
stm32f3xx_hal_rtc.c:1569:9:RTC_Bcd2ToByte	0	static
