stm32f3xx_it.c:62:6:SVC_Handler	0	static
stm32f3xx_it.c:75:6:PendSV_Handler	0	static
stm32f3xx_it.c:88:6:SysTick_Handler	16	static
stm32f3xx_it.c:117:6:RTC_WKUP_IRQHandler	0	static
stm32f3xx_it.c:131:6:EXTI0_IRQHandler	0	static
stm32f3xx_it.c:145:6:DMA1_Channel2_IRQHandler	0	static
stm32f3xx_it.c:159:6:DMA1_Channel3_IRQHandler	0	static
stm32f3xx_it.c:173:6:DMA1_Channel4_IRQHandler	0	static
stm32f3xx_it.c:187:6:EXTI9_5_IRQHandler	8	static
stm32f3xx_it.c:201:6:I2C1_EV_IRQHandler	0	static
stm32f3xx_it.c:215:6:I2C1_ER_IRQHandler	0	static
stm32f3xx_it.c:229:6:USART1_IRQHandler	0	static
