stm32f3xx_it.c:63:6:SVC_Handler	0	static
stm32f3xx_it.c:76:6:PendSV_Handler	0	static
stm32f3xx_it.c:89:6:SysTick_Handler	8	static
stm32f3xx_it.c:114:6:RTC_WKUP_IRQHandler	0	static
stm32f3xx_it.c:128:6:EXTI0_IRQHandler	8	static
stm32f3xx_it.c:142:6:DMA1_Channel2_IRQHandler	0	static
stm32f3xx_it.c:156:6:EXTI9_5_IRQHandler	8	static
stm32f3xx_it.c:170:6:TIM2_IRQHandler	8	static
stm32f3xx_it.c:186:6:I2C1_EV_IRQHandler	0	static
stm32f3xx_it.c:200:6:I2C1_ER_IRQHandler	0	static
stm32f3xx_it.c:214:6:USART1_IRQHandler	0	static
