stm32f3xx_hal_msp.c:51:6:HAL_MspInit	16	static
stm32f3xx_hal_msp.c:82:6:HAL_ADC_MspInit	40	static
stm32f3xx_hal_msp.c:134:6:HAL_ADC_MspDeInit	8	static
stm32f3xx_hal_msp.c:164:6:HAL_I2C_MspInit	32	static
stm32f3xx_hal_msp.c:197:6:HAL_I2C_MspDeInit	8	static
stm32f3xx_hal_msp.c:223:6:HAL_RTC_MspInit	8	static
stm32f3xx_hal_msp.c:243:6:HAL_RTC_MspDeInit	8	static
stm32f3xx_hal_msp.c:263:6:HAL_TIM_Base_MspInit	16	static
stm32f3xx_hal_msp.c:283:6:HAL_TIM_Base_MspDeInit	8	static
stm32f3xx_hal_msp.c:303:6:HAL_UART_MspInit	32	static
stm32f3xx_hal_msp.c:336:6:HAL_UART_MspDeInit	8	static
