stm32f3xx_ll_rcc.c:242:13:LL_RCC_DeInit	0	static
stm32f3xx_ll_rcc.c:1035:10:RCC_GetHCLKClockFreq	0	static
stm32f3xx_ll_rcc.c:1046:10:RCC_GetPCLK1ClockFreq	0	static
stm32f3xx_ll_rcc.c:1057:10:RCC_GetPCLK2ClockFreq	0	static
stm32f3xx_ll_rcc.c:1067:10:RCC_PLL_GetFreqDomain_SYS	0	static
stm32f3xx_ll_rcc.c:1003:10:RCC_GetSystemClockFreq	0	static
stm32f3xx_ll_rcc.c:315:6:LL_RCC_GetSystemClocksFreq	8	static
stm32f3xx_ll_rcc.c:341:10:LL_RCC_GetUSARTClockFreq	8	static
stm32f3xx_ll_rcc.c:547:10:LL_RCC_GetI2CClockFreq	0	static
stm32f3xx_ll_rcc.c:699:10:LL_RCC_GetADCClockFreq	16	static
stm32f3xx_ll_rcc.c:964:10:LL_RCC_GetHRTIMClockFreq	8	static
stm32f3xx_ll_rcc.c:812:10:LL_RCC_GetTIMClockFreq	8	static
